RIG-LOCK-TAKEN <rig>\.parfast-rig.lock round=full pid=14012 started=2026-09-11T04:03:53.0653146Z
FULL-START 2026-09-11T04:03:53.0758427Z
BOX host=intel-core-ultra-9-386h cpu=Intel(R) Core(TM) Ultra 9 386H caption=Intel64 Family 6 Model 204 Stepping 2 cores=16 threads=16 ram_gb=31.4 os=Microsoft Windows 11 Home build=10.0.26200 Cfree_gb=429.5
BIN parfast sha256=cae5a6f368af74f1eb31afa483eb935c663ea976ddd0eecb5b76e6c4487360e9 bytes=2596864 version=parfast version 1.5.0-beta.1 built from 8b0b67ec4d15
BIN par2turbo sha256=36ce11d92c895a552485ba8cb1ad4b92ca62a00333f1aa6308daafbc371e69e9 bytes=1653248 version=par2cmdline-turbo version 1.5.0 built from ?
BIN par2j64 sha256=8e75c2a3f256094cc0313f477b6e56e492cc7d258f9cb6b755bee98cf289620a bytes=416768 version=Parchive 2.0 client version 1.3.3.5 by Yutaka Sawada built from ?
PROTOCOL slice=768000 recovery_blocks=32177 source_blocks=32177 redundancy_pct=100.0 damage=scattered-seeded-slice-overwrite reps=2 gate=sha256-all-members prewarm=full-read-of-work-dir
ARGV parfast='r -q -t16 -T16 f.par2' par2turbo='r -q -t16 -T16 f.par2' par2j64='r f.par2'
PAYLOAD-READY members=23 bytes=24696061952
FIXTURE members=23 distinct_member_sha=23/23 bytes=24696061952
SLICE-PROBE index=5 unique=23/23
GOLD p00.bin 784E10F9FE8A6DF557891FE77D7463B3C3EC30668A6E9190413ACE883929E8A2
GOLD p01.bin 427580D39068340A1A4683391B5CE621B61465BE3CCE59467D2B595464DBA289
GOLD p02.bin 9C874271C023166E4C8A149CB58F5151E16801FCB5A96D0ED67F135CCAF561A4
GOLD p03.bin 9794E8FBA5C555A7CFF08AF380DCFEA93CABA07C84E54789B0AB2D2E5F2B3CF2
GOLD p04.bin 0A795B0471940005BDCF32E1B12905DDD37070A3B7367939A6D24AD09EBBF8AA
GOLD p05.bin 76E334DC68D8592D2D62E73FC7EA708E74B1BF783C55176C6ABA016B6523BE51
GOLD p06.bin A963DD4BA69AE9E161CF038564A70FE83141EA0DA27DA99052C006F4602979C6
GOLD p07.bin 146457BF02A6CA615C0BF84542D678CF2C74159D6CE14A67DDF229AA86605779
GOLD p08.bin 4D87BF03C8D6333BD0D88C9E2BC54F2296F96772DD225640CB0FFE4208B20E81
GOLD p09.bin 6FEE4A4D667FC5B45997910871CBC94FD36EE62DC9D26B46859A45072BB2DDF8
GOLD p10.bin 14BD165DB1161265A83001147D1C7C8A86AF5300F6DB3917B0D50F6D8AFF214E
GOLD p11.bin AA31F3773520065442D0EC29B3E55B2F509AE591BF5B5F7BB46CE73F12685109
GOLD p12.bin E9228B437C64D080E149CF09B8D00CDD387A89164C8A2CD409853ECCBD8ADDEE
GOLD p13.bin E390A6F96F4868F3B26E0A3D2D62BCDC42C19BE7E6E21D5A4147BC5E32DF0EA8
GOLD p14.bin 01BE71BCFC634AD4B6FD4A358874182440EF0E77314A2028DF22952DC46B7F92
GOLD p15.bin F1771965D0FD456AA39B46EE937F1C8E518C49A95D91551F8BAB5A4A57E89054
GOLD p16.bin 1D79F26326077191BFA4CEF9CA8E75883CAE4DD2DBF07F39BD9C9668239EAB60
GOLD p17.bin D480BDF8783830E3069A6A5E00966CC11A2A588993429571AADF20BDABACAF5D
GOLD p18.bin 7AD762B39592AF1723C5533015A80DE87BB3C05DAA1B7120D81E58E4EA25E7FA
GOLD p19.bin 1D16C63E08CFCAA332CA4BFC75AFE5465BAAC9F8CA767FFDE9628B159B7B1BBC
GOLD p20.bin 40C3D618D5DD1ECDBB6D2B359D4DC1E6828C9C7D1CA530D3DEC0B220F27C3203
GOLD p21.bin 4C04B5AF321A220EEBFD3B768C69B8090CB61176E721004BF5E2946A7258E59E
GOLD p22.bin 103935C6C759C0F1C8D4CAA043E90AB8387C8A481AF58E1D9D8C44493E23E839
CREATE tool=parfast rc=0 wall=115.897 cpu=409.062 peak_mb=24827.5 par2files=19 par2mb=23665.7 errlen=0
WARMUP-START 2026-09-11T04:08:21.4833357Z
LEG round=zenfull rep=0 m=1 tool=parfast argv='r -q -t16 -T16 f.par2' wall=17.455 cpu=130.781 cpu_over_wall=7.49 peak_mb=10494.2 rc=0 restored=23/23 damaged_members=1 touched_members=1 blocks_written=1 strays=1 seed=20260917 foreign_cpu=15.6 foreign_after=23.4 errlen=0 ts=2026-09-11T04:09:01.5056918Z
LEG round=zenfull rep=0 m=1 tool=par2turbo argv='r -q -t16 -T16 f.par2' wall=86.268 cpu=117.719 cpu_over_wall=1.36 peak_mb=37.3 rc=0 restored=23/23 damaged_members=1 touched_members=1 blocks_written=1 strays=1 seed=20260917 foreign_cpu=17.2 foreign_after=21.9 errlen=0 ts=2026-09-11T04:11:52.7823649Z
LEG round=zenfull rep=0 m=1 tool=par2j64 argv='r f.par2' wall=114.651 cpu=123.25 cpu_over_wall=1.08 peak_mb=11793.7 rc=16 restored=23/23 damaged_members=1 touched_members=1 blocks_written=1 strays=0 seed=20260917 foreign_cpu=67.2 foreign_after=39.1 errlen=0 ts=2026-09-11T04:14:50.2459888Z
LEG round=zenfull rep=0 m=64 tool=parfast argv='r -q -t16 -T16 f.par2' wall=55.505 cpu=201.719 cpu_over_wall=3.63 peak_mb=8918 rc=0 restored=23/23 damaged_members=21 touched_members=21 blocks_written=64 strays=21 seed=20261358 foreign_cpu=34.4 foreign_after=90.6 errlen=0 ts=2026-09-11T04:17:27.5928018Z
LEG round=zenfull rep=0 m=64 tool=par2turbo argv='r -q -t16 -T16 f.par2' wall=115.717 cpu=214.734 cpu_over_wall=1.86 peak_mb=87.4 rc=0 restored=23/23 damaged_members=21 touched_members=21 blocks_written=64 strays=21 seed=20261358 foreign_cpu=10.9 foreign_after=75 errlen=0 ts=2026-09-11T04:21:02.9565999Z
LEG round=zenfull rep=0 m=64 tool=par2j64 argv='r f.par2' wall=228.297 cpu=315.172 cpu_over_wall=1.38 peak_mb=11820.6 rc=16 restored=23/23 damaged_members=21 touched_members=21 blocks_written=64 strays=0 seed=20261358 foreign_cpu=20.3 foreign_after=35.9 errlen=0 ts=2026-09-11T04:26:10.2787894Z
WARMUP-END 2026-09-11T04:26:58.1215333Z
VERIFY round=zenfull rep=1 tool=parfast argv='v -q -t16 -T16 f.par2' wall=7.074 cpu=37.5 cpu_over_wall=5.3 peak_mb=108.1 rc=0 intact=23/23 foreign_cpu=57.8 foreign_after=23.4 errlen=0 ts=2026-09-11T04:27:28.7658664Z
VERIFY round=zenfull rep=1 tool=par2turbo argv='v -q -t16 -T16 f.par2' wall=65.693 cpu=92.328 cpu_over_wall=1.41 peak_mb=29 rc=0 intact=23/23 foreign_cpu=9.4 foreign_after=92.2 errlen=0 ts=2026-09-11T04:29:00.7393893Z
VERIFY round=zenfull rep=1 tool=par2j64 argv='v f.par2' wall=75.194 cpu=94.094 cpu_over_wall=1.25 peak_mb=14.5 rc=0 intact=23/23 foreign_cpu=6.2 foreign_after=25 errlen=0 ts=2026-09-11T04:30:44.6022724Z
LEG round=zenfull rep=1 m=1 tool=parfast argv='r -q -t16 -T16 f.par2' wall=17.824 cpu=132.75 cpu_over_wall=7.45 peak_mb=10644.1 rc=0 restored=23/23 damaged_members=1 touched_members=1 blocks_written=1 strays=1 seed=20260918 foreign_cpu=40.6 foreign_after=34.4 errlen=0 ts=2026-09-11T04:31:19.7628866Z
LEG round=zenfull rep=1 m=1 tool=par2turbo argv='r -q -t16 -T16 f.par2' wall=76.399 cpu=116.781 cpu_over_wall=1.53 peak_mb=37.4 rc=0 restored=23/23 damaged_members=1 touched_members=1 blocks_written=1 strays=1 seed=20260918 foreign_cpu=18.8 foreign_after=21.9 errlen=0 ts=2026-09-11T04:33:29.8280545Z
LEG round=zenfull rep=1 m=1 tool=par2j64 argv='r f.par2' wall=114.502 cpu=123.078 cpu_over_wall=1.07 peak_mb=11793.7 rc=16 restored=23/23 damaged_members=1 touched_members=1 blocks_written=1 strays=0 seed=20260918 foreign_cpu=20.3 foreign_after=126.6 errlen=0 ts=2026-09-11T04:36:20.7594599Z
LEG round=zenfull rep=1 m=4 tool=parfast argv='r -q -t16 -T16 f.par2' wall=20.651 cpu=136.828 cpu_over_wall=6.63 peak_mb=10311.9 rc=0 restored=23/23 damaged_members=4 touched_members=4 blocks_written=4 strays=4 seed=20260939 foreign_cpu=21.9 foreign_after=9.4 errlen=0 ts=2026-09-11T04:37:59.8204669Z
LEG round=zenfull rep=1 m=4 tool=par2turbo argv='r -q -t16 -T16 f.par2' wall=90.269 cpu=126.656 cpu_over_wall=1.4 peak_mb=39.7 rc=0 restored=23/23 damaged_members=4 touched_members=4 blocks_written=4 strays=4 seed=20260939 foreign_cpu=21.9 foreign_after=45.3 errlen=0 ts=2026-09-11T04:41:09.1992746Z
LEG round=zenfull rep=1 m=4 tool=par2j64 argv='r f.par2' wall=127.12 cpu=149.578 cpu_over_wall=1.18 peak_mb=11795 rc=16 restored=23/23 damaged_members=4 touched_members=4 blocks_written=4 strays=0 seed=20260939 foreign_cpu=10.9 foreign_after=15.6 errlen=0 ts=2026-09-11T04:44:41.2875982Z
LEG round=zenfull rep=1 m=16 tool=parfast argv='r -q -t16 -T16 f.par2' wall=40.274 cpu=154.125 cpu_over_wall=3.83 peak_mb=8459.1 rc=0 restored=23/23 damaged_members=11 touched_members=11 blocks_written=16 strays=11 seed=20261023 foreign_cpu=40.6 foreign_after=68.8 errlen=0 ts=2026-09-11T04:46:56.3884017Z
LEG round=zenfull rep=1 m=16 tool=par2turbo argv='r -q -t16 -T16 f.par2' wall=104.478 cpu=153.375 cpu_over_wall=1.47 peak_mb=49.3 rc=0 restored=23/23 damaged_members=11 touched_members=11 blocks_written=16 strays=11 seed=20261023 foreign_cpu=29.7 foreign_after=20.3 errlen=0 ts=2026-09-11T04:50:31.3726932Z
LEG round=zenfull rep=1 m=16 tool=par2j64 argv='r f.par2' wall=171.157 cpu=197.375 cpu_over_wall=1.15 peak_mb=11800.1 rc=16 restored=23/23 damaged_members=11 touched_members=11 blocks_written=16 strays=0 seed=20261023 foreign_cpu=40.6 foreign_after=10.9 errlen=0 ts=2026-09-11T04:55:13.6576640Z
LEG round=zenfull rep=1 m=64 tool=parfast argv='r -q -t16 -T16 f.par2' wall=78.191 cpu=197.484 cpu_over_wall=2.53 peak_mb=9810.1 rc=0 restored=23/23 damaged_members=23 touched_members=23 blocks_written=64 strays=23 seed=20261359 foreign_cpu=31.2 foreign_after=89.1 errlen=0 ts=2026-09-11T04:58:19.5784928Z
LEG round=zenfull rep=1 m=64 tool=par2turbo argv='r -q -t16 -T16 f.par2' wall=136.759 cpu=225.438 cpu_over_wall=1.65 peak_mb=87.5 rc=0 restored=23/23 damaged_members=23 touched_members=23 blocks_written=64 strays=23 seed=20261359 foreign_cpu=9.4 foreign_after=15.6 errlen=0 ts=2026-09-11T05:02:11.5080518Z
LEG round=zenfull rep=1 m=64 tool=par2j64 argv='r f.par2' wall=246.243 cpu=329.547 cpu_over_wall=1.34 peak_mb=11820.6 rc=16 restored=23/23 damaged_members=23 touched_members=23 blocks_written=64 strays=0 seed=20261359 foreign_cpu=10.9 foreign_after=21.9 errlen=0 ts=2026-09-11T05:07:53.7629455Z
LEG round=zenfull rep=1 m=256 tool=parfast argv='r -q -t16 -T16 f.par2' wall=65.359 cpu=392.312 cpu_over_wall=6 peak_mb=8977.1 rc=0 restored=23/23 damaged_members=23 touched_members=23 blocks_written=256 strays=23 seed=20262703 foreign_cpu=29.7 foreign_after=39.1 errlen=0 ts=2026-09-11T05:10:21.8664793Z
LEG round=zenfull rep=1 m=256 tool=par2turbo argv='r -q -t16 -T16 f.par2' wall=121.35 cpu=343.219 cpu_over_wall=2.83 peak_mb=239.9 rc=0 restored=23/23 damaged_members=23 touched_members=23 blocks_written=256 strays=23 seed=20262703 foreign_cpu=17.2 foreign_after=28.1 errlen=0 ts=2026-09-11T05:14:14.7196788Z
LEG round=zenfull rep=1 m=256 tool=par2j64 argv='r f.par2' wall=274.879 cpu=703.281 cpu_over_wall=2.56 peak_mb=11902.7 rc=16 restored=23/23 damaged_members=23 touched_members=23 blocks_written=256 strays=0 seed=20262703 foreign_cpu=4.7 foreign_after=45.3 errlen=0 ts=2026-09-11T05:20:34.9106918Z
LEG round=zenfull rep=1 m=1024 tool=parfast argv='r -q -t16 -T16 f.par2' wall=56.888 cpu=505.141 cpu_over_wall=8.88 peak_mb=9760.9 rc=0 restored=23/23 damaged_members=23 touched_members=23 blocks_written=1024 strays=23 seed=20268079 foreign_cpu=42.2 foreign_after=39.1 errlen=0 ts=2026-09-11T05:22:48.6275108Z
LEG round=zenfull rep=1 m=1024 tool=par2turbo argv='r -q -t16 -T16 f.par2' wall=131.851 cpu=1016.922 cpu_over_wall=7.71 peak_mb=849.7 rc=0 restored=23/23 damaged_members=23 touched_members=23 blocks_written=1024 strays=23 seed=20268079 foreign_cpu=37.5 foreign_after=42.2 errlen=0 ts=2026-09-11T05:26:09.3251367Z
LEG round=zenfull rep=1 m=1024 tool=par2j64 argv='r f.par2' wall=351.157 cpu=2166.484 cpu_over_wall=6.17 peak_mb=12231.1 rc=16 restored=23/23 damaged_members=23 touched_members=23 blocks_written=1024 strays=0 seed=20268079 foreign_cpu=28.1 foreign_after=51.6 errlen=0 ts=2026-09-11T05:33:11.0692148Z
LEG round=zenfull rep=1 m=2048 tool=parfast argv='r -q -t16 -T16 f.par2' wall=58.216 cpu=561.516 cpu_over_wall=9.65 peak_mb=10284.5 rc=0 restored=23/23 damaged_members=23 touched_members=23 blocks_written=2048 strays=23 seed=20275247 foreign_cpu=73.4 foreign_after=14.1 errlen=0 ts=2026-09-11T05:35:18.9417959Z
LEG round=zenfull rep=1 m=2048 tool=par2turbo argv='r -q -t16 -T16 f.par2' wall=191.737 cpu=1873.906 cpu_over_wall=9.77 peak_mb=1662.8 rc=0 restored=23/23 damaged_members=23 touched_members=23 blocks_written=2048 strays=23 seed=20275247 foreign_cpu=17.2 foreign_after=29.7 errlen=0 ts=2026-09-11T05:39:43.5266564Z
LEG round=zenfull rep=1 m=2048 tool=par2j64 argv='r f.par2' wall=507.911 cpu=4147.812 cpu_over_wall=8.17 peak_mb=12669.2 rc=16 restored=23/23 damaged_members=23 touched_members=23 blocks_written=2048 strays=0 seed=20275247 foreign_cpu=26.6 foreign_after=45.3 errlen=0 ts=2026-09-11T05:49:26.5658048Z
LEG round=zenfull rep=1 m=4096 tool=parfast argv='r -q -t16 -T16 f.par2' wall=66.312 cpu=620.312 cpu_over_wall=9.35 peak_mb=11147.6 rc=0 restored=23/23 damaged_members=23 touched_members=23 blocks_written=4096 strays=23 seed=20289583 foreign_cpu=9.4 foreign_after=14.1 errlen=0 ts=2026-09-11T05:51:54.9568361Z
LEG round=zenfull rep=1 m=4096 tool=par2turbo argv='r -q -t16 -T16 f.par2' wall=310.844 cpu=3597.719 cpu_over_wall=11.57 peak_mb=3289.1 rc=0 restored=23/23 damaged_members=23 touched_members=23 blocks_written=4096 strays=23 seed=20289583 foreign_cpu=26.6 foreign_after=48.4 errlen=0 ts=2026-09-11T05:58:31.3906455Z
LEG round=zenfull rep=1 m=4096 tool=par2j64 argv='r f.par2' wall=827.903 cpu=8138.906 cpu_over_wall=9.83 peak_mb=13545 rc=16 restored=23/23 damaged_members=23 touched_members=23 blocks_written=4096 strays=0 seed=20289583 foreign_cpu=7.8 foreign_after=12.5 errlen=0 ts=2026-09-11T06:13:46.8593858Z
LEG round=zenfull rep=1 m=8192 tool=parfast argv='r -q -t16 -T16 f.par2' wall=85.721 cpu=565.75 cpu_over_wall=6.6 peak_mb=11112 rc=0 restored=23/23 damaged_members=23 touched_members=23 blocks_written=8192 strays=23 seed=20318255 foreign_cpu=35.9 foreign_after=78.1 errlen=0 ts=2026-09-11T06:17:03.1037326Z
LEG round=zenfull rep=1 m=8192 tool=par2turbo argv='r -q -t16 -T16 f.par2' wall=560.14 cpu=7065.859 cpu_over_wall=12.61 peak_mb=4540.5 rc=0 restored=23/23 damaged_members=23 touched_members=23 blocks_written=8192 strays=23 seed=20318255 foreign_cpu=48.4 foreign_after=37.5 errlen=0 ts=2026-09-11T06:28:23.0207323Z
LEG round=zenfull rep=1 m=8192 tool=par2j64 argv='r f.par2' wall=1523.881 cpu=16403.734 cpu_over_wall=10.76 peak_mb=15296.6 rc=16 restored=23/23 damaged_members=23 touched_members=23 blocks_written=8192 strays=0 seed=20318255 foreign_cpu=14.1 foreign_after=56.2 errlen=0 ts=2026-09-11T06:55:48.9306900Z
LEG round=zenfull rep=1 m=16384 tool=parfast argv='r -q -t16 -T16 f.par2' wall=226.581 cpu=1800.141 cpu_over_wall=7.94 peak_mb=10945.4 rc=0 restored=23/23 damaged_members=23 touched_members=23 blocks_written=16384 strays=23 seed=20375599 foreign_cpu=18.8 foreign_after=21.9 errlen=0 ts=2026-09-11T07:02:24.7565158Z
LEG round=zenfull rep=1 m=16384 tool=par2turbo argv='r -q -t16 -T16 f.par2' wall=1065.651 cpu=14189.328 cpu_over_wall=13.32 peak_mb=5051.5 rc=0 restored=23/23 damaged_members=23 touched_members=23 blocks_written=16384 strays=23 seed=20375599 foreign_cpu=32.8 foreign_after=168.8 errlen=0 ts=2026-09-11T07:23:16.6091098Z
LEG round=zenfull rep=1 m=16384 tool=par2j64 argv='r f.par2' wall=3142.642 cpu=34029.297 cpu_over_wall=10.83 peak_mb=18799.7 rc=16 restored=23/23 damaged_members=23 touched_members=23 blocks_written=16384 strays=0 seed=20375599 foreign_cpu=59.4 foreign_after=51.6 errlen=0 ts=2026-09-11T08:18:48.2200124Z
LEG round=zenfull rep=1 m=24576 tool=parfast argv='r -q -t16 -T16 f.par2' wall=343.792 cpu=1459.75 cpu_over_wall=4.25 peak_mb=16017.3 rc=0 restored=23/23 damaged_members=23 touched_members=23 blocks_written=24576 strays=23 seed=20432943 foreign_cpu=54.7 foreign_after=32.8 errlen=0 ts=2026-09-11T08:28:20.1234288Z
LEG round=zenfull rep=1 m=24576 tool=par2turbo argv='r -q -t16 -T16 f.par2' wall=1583.986 cpu=21469.266 cpu_over_wall=13.55 peak_mb=5559.2 rc=0 restored=23/23 damaged_members=23 touched_members=23 blocks_written=24576 strays=23 seed=20432943 foreign_cpu=18.8 foreign_after=62.5 errlen=0 ts=2026-09-11T08:59:03.8467541Z
LEG round=zenfull rep=1 m=24576 tool=par2j64 argv='r f.par2' wall=5054.684 cpu=53115.594 cpu_over_wall=10.51 peak_mb=17808.4 rc=16 restored=23/23 damaged_members=23 touched_members=23 blocks_written=24576 strays=0 seed=20432943 foreign_cpu=12.5 foreign_after=65.6 errlen=0 ts=2026-09-11T10:27:29.3099293Z
LEG round=zenfull rep=1 m=32177 tool=parfast argv='r -q -t16 -T16 f.par2' wall=610.629 cpu=3077.141 cpu_over_wall=5.04 peak_mb=22915.9 rc=0 restored=23/23 damaged_members=23 touched_members=23 blocks_written=32177 strays=23 seed=20486150 foreign_cpu=100 foreign_after=48.4 errlen=0 ts=2026-09-11T10:42:39.4037304Z
LEG round=zenfull rep=1 m=32177 tool=par2turbo argv='r -q -t16 -T16 f.par2' wall=2089.875 cpu=28708.156 cpu_over_wall=13.74 peak_mb=6027.9 rc=0 restored=23/23 damaged_members=23 touched_members=23 blocks_written=32177 strays=23 seed=20486150 foreign_cpu=59.4 foreign_after=26.6 errlen=0 ts=2026-09-11T11:22:11.4872862Z
LEG round=zenfull rep=1 m=32177 tool=par2j64 argv='r f.par2' wall=7024.868 cpu=71955.328 cpu_over_wall=10.24 peak_mb=19663.6 rc=16 restored=23/23 damaged_members=23 touched_members=23 blocks_written=32177 strays=0 seed=20486150 foreign_cpu=67.2 foreign_after=32.8 errlen=0 ts=2026-09-11T13:23:46.6178848Z
FULL-REP-END rep=1 2026-09-11T13:25:03.6740497Z
VERIFY round=zenfull rep=2 tool=parfast argv='v -q -t16 -T16 f.par2' wall=8.206 cpu=41.469 cpu_over_wall=5.05 peak_mb=108.2 rc=0 intact=23/23 foreign_cpu=40.6 foreign_after=21.9 errlen=0 ts=2026-09-11T13:25:39.2249781Z
VERIFY round=zenfull rep=2 tool=par2turbo argv='v -q -t16 -T16 f.par2' wall=65.388 cpu=106.719 cpu_over_wall=1.63 peak_mb=28.9 rc=0 intact=23/23 foreign_cpu=60.9 foreign_after=35.9 errlen=0 ts=2026-09-11T13:27:09.8975278Z
VERIFY round=zenfull rep=2 tool=par2j64 argv='v f.par2' wall=75.968 cpu=94.984 cpu_over_wall=1.25 peak_mb=14.5 rc=0 intact=23/23 foreign_cpu=26.6 foreign_after=32.8 errlen=0 ts=2026-09-11T13:28:54.9263973Z
LEG round=zenfull rep=2 m=1 tool=parfast argv='r -q -t16 -T16 f.par2' wall=19.436 cpu=154.359 cpu_over_wall=7.94 peak_mb=10230.3 rc=0 restored=23/23 damaged_members=1 touched_members=1 blocks_written=1 strays=1 seed=20260919 foreign_cpu=20.3 foreign_after=48.4 errlen=0 ts=2026-09-11T13:29:35.3061266Z
LEG round=zenfull rep=2 m=1 tool=par2turbo argv='r -q -t16 -T16 f.par2' wall=75.753 cpu=123.641 cpu_over_wall=1.63 peak_mb=37.3 rc=0 restored=23/23 damaged_members=1 touched_members=1 blocks_written=1 strays=1 seed=20260919 foreign_cpu=18.8 foreign_after=56.2 errlen=0 ts=2026-09-11T13:31:50.9318731Z
LEG round=zenfull rep=2 m=1 tool=par2j64 argv='r f.par2' wall=104.707 cpu=123.625 cpu_over_wall=1.18 peak_mb=11793.7 rc=16 restored=23/23 damaged_members=1 touched_members=1 blocks_written=1 strays=0 seed=20260919 foreign_cpu=23.4 foreign_after=56.2 errlen=0 ts=2026-09-11T13:34:37.3790520Z
LEG round=zenfull rep=2 m=4 tool=parfast argv='r -q -t16 -T16 f.par2' wall=20.344 cpu=157.234 cpu_over_wall=7.73 peak_mb=10232.9 rc=0 restored=23/23 damaged_members=3 touched_members=3 blocks_written=4 strays=3 seed=20260940 foreign_cpu=17.2 foreign_after=96.9 errlen=0 ts=2026-09-11T13:35:57.9657655Z
LEG round=zenfull rep=2 m=4 tool=par2turbo argv='r -q -t16 -T16 f.par2' wall=77.265 cpu=132.453 cpu_over_wall=1.71 peak_mb=39.8 rc=0 restored=23/23 damaged_members=3 touched_members=3 blocks_written=4 strays=3 seed=20260940 foreign_cpu=7.8 foreign_after=75 errlen=0 ts=2026-09-11T13:38:14.8655242Z
LEG round=zenfull rep=2 m=4 tool=par2j64 argv='r f.par2' wall=112.637 cpu=140.516 cpu_over_wall=1.25 peak_mb=11795 rc=16 restored=23/23 damaged_members=3 touched_members=3 blocks_written=4 strays=0 seed=20260940 foreign_cpu=60.9 foreign_after=18.8 errlen=0 ts=2026-09-11T13:41:08.0947582Z
LEG round=zenfull rep=2 m=16 tool=parfast argv='r -q -t16 -T16 f.par2' wall=27.325 cpu=168.766 cpu_over_wall=6.18 peak_mb=10407.1 rc=0 restored=23/23 damaged_members=11 touched_members=11 blocks_written=16 strays=11 seed=20261024 foreign_cpu=6.2 foreign_after=28.1 errlen=0 ts=2026-09-11T13:42:38.1719960Z
LEG round=zenfull rep=2 m=16 tool=par2turbo argv='r -q -t16 -T16 f.par2' wall=87.555 cpu=160 cpu_over_wall=1.83 peak_mb=49.3 rc=0 restored=23/23 damaged_members=11 touched_members=11 blocks_written=16 strays=11 seed=20261024 foreign_cpu=10.9 foreign_after=57.8 errlen=0 ts=2026-09-11T13:45:28.6471532Z
LEG round=zenfull rep=2 m=16 tool=par2j64 argv='r f.par2' wall=160.415 cpu=199.547 cpu_over_wall=1.24 peak_mb=11800.1 rc=16 restored=23/23 damaged_members=11 touched_members=11 blocks_written=16 strays=0 seed=20261024 foreign_cpu=18.8 foreign_after=10.9 errlen=0 ts=2026-09-11T13:49:37.4039692Z
LEG round=zenfull rep=2 m=64 tool=parfast argv='r -q -t16 -T16 f.par2' wall=59.335 cpu=203.719 cpu_over_wall=3.43 peak_mb=11516.5 rc=0 restored=23/23 damaged_members=23 touched_members=23 blocks_written=64 strays=23 seed=20261360 foreign_cpu=76.6 foreign_after=82.8 errlen=0 ts=2026-09-11T13:51:49.6196717Z
LEG round=zenfull rep=2 m=64 tool=par2turbo argv='r -q -t16 -T16 f.par2' wall=109.975 cpu=221.562 cpu_over_wall=2.01 peak_mb=87.4 rc=0 restored=23/23 damaged_members=23 touched_members=23 blocks_written=64 strays=23 seed=20261360 foreign_cpu=73.4 foreign_after=35.9 errlen=0 ts=2026-09-11T13:55:05.6675192Z
LEG round=zenfull rep=2 m=64 tool=par2j64 argv='r f.par2' wall=221.318 cpu=332.297 cpu_over_wall=1.5 peak_mb=11820.6 rc=16 restored=23/23 damaged_members=23 touched_members=23 blocks_written=64 strays=0 seed=20261360 foreign_cpu=32.8 foreign_after=53.1 errlen=0 ts=2026-09-11T14:00:02.0742573Z
LEG round=zenfull rep=2 m=256 tool=parfast argv='r -q -t16 -T16 f.par2' wall=40.362 cpu=403.047 cpu_over_wall=9.99 peak_mb=10166.9 rc=0 restored=23/23 damaged_members=23 touched_members=23 blocks_written=256 strays=23 seed=20262704 foreign_cpu=23.4 foreign_after=21.9 errlen=0 ts=2026-09-11T14:01:44.2967266Z
LEG round=zenfull rep=2 m=256 tool=par2turbo argv='r -q -t16 -T16 f.par2' wall=98.945 cpu=364.375 cpu_over_wall=3.68 peak_mb=239.9 rc=0 restored=23/23 damaged_members=23 touched_members=23 blocks_written=256 strays=23 seed=20262704 foreign_cpu=90.6 foreign_after=40.6 errlen=0 ts=2026-09-11T14:04:32.4027802Z
LEG round=zenfull rep=2 m=256 tool=par2j64 argv='r f.par2' wall=243.494 cpu=699.766 cpu_over_wall=2.87 peak_mb=11902.7 rc=16 restored=23/23 damaged_members=23 touched_members=23 blocks_written=256 strays=0 seed=20262704 foreign_cpu=39.1 foreign_after=64.1 errlen=0 ts=2026-09-11T14:09:42.9949432Z
LEG round=zenfull rep=2 m=1024 tool=parfast argv='r -q -t16 -T16 f.par2' wall=54.737 cpu=534.797 cpu_over_wall=9.77 peak_mb=8985.1 rc=0 restored=23/23 damaged_members=23 touched_members=23 blocks_written=1024 strays=23 seed=20268080 foreign_cpu=25 foreign_after=56.2 errlen=0 ts=2026-09-11T14:11:40.6762764Z
LEG round=zenfull rep=2 m=1024 tool=par2turbo argv='r -q -t16 -T16 f.par2' wall=132.385 cpu=1018.359 cpu_over_wall=7.69 peak_mb=849.6 rc=0 restored=23/23 damaged_members=23 touched_members=23 blocks_written=1024 strays=23 seed=20268080 foreign_cpu=21.9 foreign_after=57.8 errlen=0 ts=2026-09-11T14:14:57.2131331Z
LEG round=zenfull rep=2 m=1024 tool=par2j64 argv='r f.par2' wall=351.689 cpu=2162.125 cpu_over_wall=6.15 peak_mb=12231.1 rc=16 restored=23/23 damaged_members=23 touched_members=23 blocks_written=1024 strays=0 seed=20268080 foreign_cpu=31.2 foreign_after=65.6 errlen=0 ts=2026-09-11T14:21:53.3079014Z
LEG round=zenfull rep=2 m=2048 tool=parfast argv='r -q -t16 -T16 f.par2' wall=57.717 cpu=562.062 cpu_over_wall=9.74 peak_mb=9710.7 rc=0 restored=23/23 damaged_members=23 touched_members=23 blocks_written=2048 strays=23 seed=20275248 foreign_cpu=65.6 foreign_after=17.2 errlen=0 ts=2026-09-11T14:23:57.9895054Z
LEG round=zenfull rep=2 m=2048 tool=par2turbo argv='r -q -t16 -T16 f.par2' wall=192.084 cpu=1877.047 cpu_over_wall=9.77 peak_mb=1662.8 rc=0 restored=23/23 damaged_members=23 touched_members=23 blocks_written=2048 strays=23 seed=20275248 foreign_cpu=31.2 foreign_after=40.6 errlen=0 ts=2026-09-11T14:28:20.1376089Z
LEG round=zenfull rep=2 m=2048 tool=par2j64 argv='r f.par2' wall=507.009 cpu=4134.5 cpu_over_wall=8.15 peak_mb=12669.2 rc=16 restored=23/23 damaged_members=23 touched_members=23 blocks_written=2048 strays=0 seed=20275248 foreign_cpu=28.1 foreign_after=46.9 errlen=0 ts=2026-09-11T14:37:56.9166824Z
LEG round=zenfull rep=2 m=4096 tool=parfast argv='r -q -t16 -T16 f.par2' wall=67.917 cpu=634.438 cpu_over_wall=9.34 peak_mb=11146.4 rc=0 restored=23/23 damaged_members=23 touched_members=23 blocks_written=4096 strays=23 seed=20289584 foreign_cpu=28.1 foreign_after=28.1 errlen=0 ts=2026-09-11T14:40:28.2049961Z
LEG round=zenfull rep=2 m=4096 tool=par2turbo argv='r -q -t16 -T16 f.par2' wall=310.929 cpu=3597.125 cpu_over_wall=11.57 peak_mb=3289.1 rc=0 restored=23/23 damaged_members=23 touched_members=23 blocks_written=4096 strays=23 seed=20289584 foreign_cpu=46.9 foreign_after=31.2 errlen=0 ts=2026-09-11T14:47:07.3319484Z
LEG round=zenfull rep=2 m=4096 tool=par2j64 argv='r f.par2' wall=823.814 cpu=8106.812 cpu_over_wall=9.84 peak_mb=13545 rc=16 restored=23/23 damaged_members=23 touched_members=23 blocks_written=4096 strays=0 seed=20289584 foreign_cpu=6.2 foreign_after=82.8 errlen=0 ts=2026-09-11T15:02:23.1111956Z
LEG round=zenfull rep=2 m=8192 tool=parfast argv='r -q -t16 -T16 f.par2' wall=86.34 cpu=564.938 cpu_over_wall=6.54 peak_mb=11111 rc=0 restored=23/23 damaged_members=23 touched_members=23 blocks_written=8192 strays=23 seed=20318256 foreign_cpu=48.4 foreign_after=64.1 errlen=0 ts=2026-09-11T15:05:45.5827371Z
LEG round=zenfull rep=2 m=8192 tool=par2turbo argv='r -q -t16 -T16 f.par2' wall=559.225 cpu=7043.688 cpu_over_wall=12.6 peak_mb=4540.5 rc=0 restored=23/23 damaged_members=23 touched_members=23 blocks_written=8192 strays=23 seed=20318256 foreign_cpu=23.4 foreign_after=85.9 errlen=0 ts=2026-09-11T15:17:12.1496928Z
LEG round=zenfull rep=2 m=8192 tool=par2j64 argv='r f.par2' wall=1522.856 cpu=16376.938 cpu_over_wall=10.75 peak_mb=15296.6 rc=16 restored=23/23 damaged_members=23 touched_members=23 blocks_written=8192 strays=0 seed=20318256 foreign_cpu=42.2 foreign_after=28.1 errlen=0 ts=2026-09-11T15:44:38.3730482Z
LEG round=zenfull rep=2 m=16384 tool=parfast argv='r -q -t16 -T16 f.par2' wall=235.771 cpu=1766.312 cpu_over_wall=7.49 peak_mb=11035.6 rc=0 restored=23/23 damaged_members=23 touched_members=23 blocks_written=16384 strays=23 seed=20375600 foreign_cpu=50 foreign_after=42.2 errlen=0 ts=2026-09-11T15:51:23.7222307Z
LEG round=zenfull rep=2 m=16384 tool=par2turbo argv='r -q -t16 -T16 f.par2' wall=1057.217 cpu=14208.891 cpu_over_wall=13.44 peak_mb=5051.3 rc=0 restored=23/23 damaged_members=23 touched_members=23 blocks_written=16384 strays=23 seed=20375600 foreign_cpu=20.3 foreign_after=46.9 errlen=0 ts=2026-09-11T16:12:29.2338579Z
LEG round=zenfull rep=2 m=16384 tool=par2j64 argv='r f.par2' wall=3157.354 cpu=34006 cpu_over_wall=10.77 peak_mb=18799.7 rc=16 restored=23/23 damaged_members=23 touched_members=23 blocks_written=16384 strays=0 seed=20375600 foreign_cpu=17.2 foreign_after=28.1 errlen=0 ts=2026-09-11T17:08:19.2568797Z
LEG round=zenfull rep=2 m=24576 tool=parfast argv='r -q -t16 -T16 f.par2' wall=347.399 cpu=1454.75 cpu_over_wall=4.19 peak_mb=15498.2 rc=0 restored=23/23 damaged_members=23 touched_members=23 blocks_written=24576 strays=23 seed=20432944 foreign_cpu=20.3 foreign_after=20.3 errlen=0 ts=2026-09-11T17:18:09.3469304Z
LEG round=zenfull rep=2 m=24576 tool=par2turbo argv='r -q -t16 -T16 f.par2' wall=1585.918 cpu=21465.281 cpu_over_wall=13.53 peak_mb=5559.2 rc=0 restored=23/23 damaged_members=23 touched_members=23 blocks_written=24576 strays=23 seed=20432944 foreign_cpu=65.6 foreign_after=189.1 errlen=0 ts=2026-09-11T17:49:13.5490135Z
LEG round=zenfull rep=2 m=24576 tool=par2j64 argv='r f.par2' wall=5194.365 cpu=52863.344 cpu_over_wall=10.18 peak_mb=17808.3 rc=16 restored=23/23 damaged_members=23 touched_members=23 blocks_written=24576 strays=0 seed=20432944 foreign_cpu=28.1 foreign_after=35.9 errlen=0 ts=2026-09-11T19:19:57.8070458Z
LEG round=zenfull rep=2 m=32177 tool=parfast argv='r -q -t16 -T16 f.par2' wall=613.979 cpu=3088.672 cpu_over_wall=5.03 peak_mb=22927.3 rc=0 restored=23/23 damaged_members=23 touched_members=23 blocks_written=32177 strays=23 seed=20486151 foreign_cpu=18.8 foreign_after=21.9 errlen=0 ts=2026-09-11T19:35:15.4019626Z
LEG round=zenfull rep=2 m=32177 tool=par2turbo argv='r -q -t16 -T16 f.par2' wall=2102.209 cpu=28729.422 cpu_over_wall=13.67 peak_mb=6027.8 rc=0 restored=23/23 damaged_members=23 touched_members=23 blocks_written=32177 strays=23 seed=20486151 foreign_cpu=15.6 foreign_after=56.2 errlen=0 ts=2026-09-11T20:15:35.8790874Z
LEG round=zenfull rep=2 m=32177 tool=par2j64 argv='r f.par2' wall=7029.872 cpu=71935.406 cpu_over_wall=10.23 peak_mb=19663.6 rc=16 restored=23/23 damaged_members=23 touched_members=23 blocks_written=32177 strays=0 seed=20486151 foreign_cpu=18.8 foreign_after=28.1 errlen=0 ts=2026-09-11T22:17:21.7986860Z
FULL-REP-END rep=2 2026-09-11T22:18:34.7974863Z
NOISE-ESCALATE rep=3 rungs=4,16,64,256 2026-09-11T22:18:34.8366894Z
LEG round=zenfull rep=3 m=4 tool=parfast argv='r -q -t16 -T16 f.par2' wall=23.962 cpu=159.359 cpu_over_wall=6.65 peak_mb=8849.6 rc=0 restored=23/23 damaged_members=4 touched_members=4 blocks_written=4 strays=4 seed=20260941 foreign_cpu=96.9 foreign_after=15.6 errlen=0 ts=2026-09-11T22:19:24.5194221Z
LEG round=zenfull rep=3 m=4 tool=par2turbo argv='r -q -t16 -T16 f.par2' wall=78.147 cpu=131.922 cpu_over_wall=1.69 peak_mb=39.7 rc=0 restored=23/23 damaged_members=4 touched_members=4 blocks_written=4 strays=4 seed=20260941 foreign_cpu=21.9 foreign_after=18.8 errlen=0 ts=2026-09-11T22:21:40.9370774Z
LEG round=zenfull rep=3 m=4 tool=par2j64 argv='r f.par2' wall=118.268 cpu=143.516 cpu_over_wall=1.21 peak_mb=11795 rc=16 restored=23/23 damaged_members=4 touched_members=4 blocks_written=4 strays=0 seed=20260941 foreign_cpu=14.1 foreign_after=3.1 errlen=0 ts=2026-09-11T22:24:36.1534130Z
LEG round=zenfull rep=3 m=16 tool=parfast argv='r -q -t16 -T16 f.par2' wall=28.036 cpu=181.562 cpu_over_wall=6.48 peak_mb=11472.2 rc=0 restored=23/23 damaged_members=11 touched_members=11 blocks_written=16 strays=11 seed=20261025 foreign_cpu=29.7 foreign_after=15.6 errlen=0 ts=2026-09-11T22:26:02.0113531Z
LEG round=zenfull rep=3 m=16 tool=par2turbo argv='r -q -t16 -T16 f.par2' wall=83.969 cpu=154.359 cpu_over_wall=1.84 peak_mb=49.3 rc=0 restored=23/23 damaged_members=11 touched_members=11 blocks_written=16 strays=11 seed=20261025 foreign_cpu=56.2 foreign_after=46.9 errlen=0 ts=2026-09-11T22:28:32.9468897Z
LEG round=zenfull rep=3 m=16 tool=par2j64 argv='r f.par2' wall=149.327 cpu=193.031 cpu_over_wall=1.29 peak_mb=11800.1 rc=16 restored=23/23 damaged_members=11 touched_members=11 blocks_written=16 strays=0 seed=20261025 foreign_cpu=9.4 foreign_after=9.4 errlen=0 ts=2026-09-11T22:31:58.7210995Z
LEG round=zenfull rep=3 m=64 tool=parfast argv='r -q -t16 -T16 f.par2' wall=53.475 cpu=207.75 cpu_over_wall=3.88 peak_mb=8840.7 rc=0 restored=23/23 damaged_members=21 touched_members=21 blocks_written=64 strays=21 seed=20261361 foreign_cpu=17.2 foreign_after=75 errlen=0 ts=2026-09-11T22:34:09.1656393Z
LEG round=zenfull rep=3 m=64 tool=par2turbo argv='r -q -t16 -T16 f.par2' wall=102.057 cpu=212.797 cpu_over_wall=2.09 peak_mb=87.5 rc=0 restored=23/23 damaged_members=21 touched_members=21 blocks_written=64 strays=21 seed=20261361 foreign_cpu=23.4 foreign_after=51.6 errlen=0 ts=2026-09-11T22:37:31.3321161Z
LEG round=zenfull rep=3 m=64 tool=par2j64 argv='r f.par2' wall=220.19 cpu=326 cpu_over_wall=1.48 peak_mb=11820.6 rc=16 restored=23/23 damaged_members=21 touched_members=21 blocks_written=64 strays=0 seed=20261361 foreign_cpu=18.8 foreign_after=10.9 errlen=0 ts=2026-09-11T22:42:19.6347415Z
LEG round=zenfull rep=3 m=256 tool=parfast argv='r -q -t16 -T16 f.par2' wall=50.206 cpu=403.438 cpu_over_wall=8.04 peak_mb=9832.4 rc=0 restored=23/23 damaged_members=23 touched_members=23 blocks_written=256 strays=23 seed=20262705 foreign_cpu=98.4 foreign_after=31.2 errlen=0 ts=2026-09-11T22:44:09.7721538Z
LEG round=zenfull rep=3 m=256 tool=par2turbo argv='r -q -t16 -T16 f.par2' wall=99.938 cpu=364.812 cpu_over_wall=3.65 peak_mb=240 rc=0 restored=23/23 damaged_members=23 touched_members=23 blocks_written=256 strays=23 seed=20262705 foreign_cpu=29.7 foreign_after=34.4 errlen=0 ts=2026-09-11T22:47:03.3886042Z
LEG round=zenfull rep=3 m=256 tool=par2j64 argv='r f.par2' wall=245.199 cpu=701.516 cpu_over_wall=2.86 peak_mb=11902.7 rc=16 restored=23/23 damaged_members=23 touched_members=23 blocks_written=256 strays=0 seed=20262705 foreign_cpu=29.7 foreign_after=51.6 errlen=0 ts=2026-09-11T22:52:10.9375950Z
NOISE-ESCALATE rep=4 rungs=4,16,64,256 2026-09-11T22:52:46.4107322Z
LEG round=zenfull rep=4 m=4 tool=parfast argv='r -q -t16 -T16 f.par2' wall=21.611 cpu=155.047 cpu_over_wall=7.17 peak_mb=8565.8 rc=0 restored=23/23 damaged_members=4 touched_members=4 blocks_written=4 strays=4 seed=20260942 foreign_cpu=26.6 foreign_after=43.8 errlen=0 ts=2026-09-11T22:53:26.5167463Z
LEG round=zenfull rep=4 m=4 tool=par2turbo argv='r -q -t16 -T16 f.par2' wall=75.926 cpu=129.688 cpu_over_wall=1.71 peak_mb=39.7 rc=0 restored=23/23 damaged_members=4 touched_members=4 blocks_written=4 strays=4 seed=20260942 foreign_cpu=31.2 foreign_after=26.6 errlen=0 ts=2026-09-11T22:55:40.7512535Z
LEG round=zenfull rep=4 m=4 tool=par2j64 argv='r f.par2' wall=119.271 cpu=145.562 cpu_over_wall=1.22 peak_mb=11795 rc=16 restored=23/23 damaged_members=4 touched_members=4 blocks_written=4 strays=0 seed=20260942 foreign_cpu=32.8 foreign_after=17.2 errlen=0 ts=2026-09-11T22:58:38.9333045Z
LEG round=zenfull rep=4 m=16 tool=parfast argv='r -q -t16 -T16 f.par2' wall=25.458 cpu=182.531 cpu_over_wall=7.17 peak_mb=9841.9 rc=0 restored=23/23 damaged_members=11 touched_members=11 blocks_written=16 strays=11 seed=20261026 foreign_cpu=31.2 foreign_after=50 errlen=0 ts=2026-09-11T23:00:03.3658832Z
LEG round=zenfull rep=4 m=16 tool=par2turbo argv='r -q -t16 -T16 f.par2' wall=82.24 cpu=155.984 cpu_over_wall=1.9 peak_mb=49.3 rc=0 restored=23/23 damaged_members=11 touched_members=11 blocks_written=16 strays=11 seed=20261026 foreign_cpu=34.4 foreign_after=21.9 errlen=0 ts=2026-09-11T23:02:26.6437224Z
LEG round=zenfull rep=4 m=16 tool=par2j64 argv='r f.par2' wall=159.036 cpu=196.203 cpu_over_wall=1.23 peak_mb=11800.1 rc=16 restored=23/23 damaged_members=11 touched_members=11 blocks_written=16 strays=0 seed=20261026 foreign_cpu=25 foreign_after=51.6 errlen=0 ts=2026-09-11T23:06:14.5255210Z
LEG round=zenfull rep=4 m=64 tool=parfast argv='r -q -t16 -T16 f.par2' wall=65.082 cpu=206.469 cpu_over_wall=3.17 peak_mb=10678.4 rc=0 restored=23/23 damaged_members=23 touched_members=23 blocks_written=64 strays=23 seed=20261362 foreign_cpu=10.9 foreign_after=23.4 errlen=0 ts=2026-09-11T23:08:42.1464745Z
LEG round=zenfull rep=4 m=64 tool=par2turbo argv='r -q -t16 -T16 f.par2' wall=97.513 cpu=216.766 cpu_over_wall=2.22 peak_mb=87.4 rc=0 restored=23/23 damaged_members=23 touched_members=23 blocks_written=64 strays=23 seed=20261362 foreign_cpu=40.6 foreign_after=18.8 errlen=0 ts=2026-09-11T23:11:39.1790755Z
LEG round=zenfull rep=4 m=64 tool=par2j64 argv='r f.par2' wall=233.79 cpu=330.969 cpu_over_wall=1.42 peak_mb=11820.7 rc=16 restored=23/23 damaged_members=23 touched_members=23 blocks_written=64 strays=0 seed=20261362 foreign_cpu=81.2 foreign_after=3.1 errlen=0 ts=2026-09-11T23:16:44.5601116Z
LEG round=zenfull rep=4 m=256 tool=parfast argv='r -q -t16 -T16 f.par2' wall=44.829 cpu=394.641 cpu_over_wall=8.8 peak_mb=10514.7 rc=0 restored=23/23 damaged_members=23 touched_members=23 blocks_written=256 strays=23 seed=20262706 foreign_cpu=14.1 foreign_after=15.6 errlen=0 ts=2026-09-11T23:18:28.4074333Z
LEG round=zenfull rep=4 m=256 tool=par2turbo argv='r -q -t16 -T16 f.par2' wall=95.337 cpu=367.469 cpu_over_wall=3.85 peak_mb=239.9 rc=0 restored=23/23 damaged_members=23 touched_members=23 blocks_written=256 strays=23 seed=20262706 foreign_cpu=21.9 foreign_after=35.9 errlen=0 ts=2026-09-11T23:21:07.3987618Z
LEG round=zenfull rep=4 m=256 tool=par2j64 argv='r f.par2' wall=238.178 cpu=700.219 cpu_over_wall=2.94 peak_mb=11902.7 rc=16 restored=23/23 damaged_members=23 touched_members=23 blocks_written=256 strays=0 seed=20262706 foreign_cpu=15.6 foreign_after=31.2 errlen=0 ts=2026-09-11T23:26:08.7063849Z
NOISE-ESCALATE rep=5 rungs=4,16,64,256 2026-09-11T23:26:47.0343764Z
LEG round=zenfull rep=5 m=4 tool=parfast argv='r -q -t16 -T16 f.par2' wall=20.3 cpu=159.203 cpu_over_wall=7.84 peak_mb=9744.7 rc=0 restored=23/23 damaged_members=2 touched_members=2 blocks_written=4 strays=2 seed=20260943 foreign_cpu=34.4 foreign_after=25 errlen=0 ts=2026-09-11T23:27:25.9006659Z
LEG round=zenfull rep=5 m=4 tool=par2turbo argv='r -q -t16 -T16 f.par2' wall=77.29 cpu=131.094 cpu_over_wall=1.7 peak_mb=39.8 rc=0 restored=23/23 damaged_members=2 touched_members=2 blocks_written=4 strays=2 seed=20260943 foreign_cpu=10.9 foreign_after=51.6 errlen=0 ts=2026-09-11T23:29:42.2513135Z
LEG round=zenfull rep=5 m=4 tool=par2j64 argv='r f.par2' wall=108.022 cpu=136.234 cpu_over_wall=1.26 peak_mb=11795 rc=16 restored=23/23 damaged_members=2 touched_members=2 blocks_written=4 strays=0 seed=20260943 foreign_cpu=25 foreign_after=131.2 errlen=0 ts=2026-09-11T23:32:29.2097533Z
LEG round=zenfull rep=5 m=16 tool=parfast argv='r -q -t16 -T16 f.par2' wall=27.853 cpu=176.141 cpu_over_wall=6.32 peak_mb=8937.3 rc=0 restored=23/23 damaged_members=10 touched_members=10 blocks_written=16 strays=10 seed=20261027 foreign_cpu=12.5 foreign_after=35.9 errlen=0 ts=2026-09-11T23:33:56.5600438Z
LEG round=zenfull rep=5 m=16 tool=par2turbo argv='r -q -t16 -T16 f.par2' wall=81.981 cpu=150.656 cpu_over_wall=1.84 peak_mb=49.3 rc=0 restored=23/23 damaged_members=10 touched_members=10 blocks_written=16 strays=10 seed=20261027 foreign_cpu=46.9 foreign_after=50 errlen=0 ts=2026-09-11T23:36:23.1062389Z
LEG round=zenfull rep=5 m=16 tool=par2j64 argv='r f.par2' wall=147.852 cpu=187.359 cpu_over_wall=1.27 peak_mb=11800.1 rc=16 restored=23/23 damaged_members=10 touched_members=10 blocks_written=16 strays=0 seed=20261027 foreign_cpu=21.9 foreign_after=48.4 errlen=0 ts=2026-09-11T23:40:06.2456779Z
LEG round=zenfull rep=5 m=64 tool=parfast argv='r -q -t16 -T16 f.par2' wall=63.987 cpu=208.922 cpu_over_wall=3.27 peak_mb=9028.7 rc=0 restored=23/23 damaged_members=23 touched_members=23 blocks_written=64 strays=23 seed=20261363 foreign_cpu=26.6 foreign_after=78.1 errlen=0 ts=2026-09-11T23:42:43.6639411Z
LEG round=zenfull rep=5 m=64 tool=par2turbo argv='r -q -t16 -T16 f.par2' wall=110.856 cpu=218.344 cpu_over_wall=1.97 peak_mb=87.4 rc=0 restored=23/23 damaged_members=23 touched_members=23 blocks_written=64 strays=23 seed=20261363 foreign_cpu=29.7 foreign_after=51.6 errlen=0 ts=2026-09-11T23:46:13.0258585Z
LEG round=zenfull rep=5 m=64 tool=par2j64 argv='r f.par2' wall=218.813 cpu=332.312 cpu_over_wall=1.52 peak_mb=11820.6 rc=16 restored=23/23 damaged_members=23 touched_members=23 blocks_written=64 strays=0 seed=20261363 foreign_cpu=18.8 foreign_after=18.8 errlen=0 ts=2026-09-11T23:51:04.3445965Z
LEG round=zenfull rep=5 m=256 tool=parfast argv='r -q -t16 -T16 f.par2' wall=47.191 cpu=395.484 cpu_over_wall=8.38 peak_mb=8185.7 rc=0 restored=23/23 damaged_members=23 touched_members=23 blocks_written=256 strays=23 seed=20262707 foreign_cpu=18.8 foreign_after=89.1 errlen=0 ts=2026-09-11T23:52:59.0432946Z
LEG round=zenfull rep=5 m=256 tool=par2turbo argv='r -q -t16 -T16 f.par2' wall=95.969 cpu=367.609 cpu_over_wall=3.83 peak_mb=239.9 rc=0 restored=23/23 damaged_members=23 touched_members=23 blocks_written=256 strays=23 seed=20262707 foreign_cpu=71.9 foreign_after=34.4 errlen=0 ts=2026-09-11T23:55:41.0477113Z
LEG round=zenfull rep=5 m=256 tool=par2j64 argv='r f.par2' wall=255.334 cpu=704.953 cpu_over_wall=2.76 peak_mb=11902.7 rc=16 restored=23/23 damaged_members=23 touched_members=23 blocks_written=256 strays=0 seed=20262707 foreign_cpu=23.4 foreign_after=40.6 errlen=0 ts=2026-09-12T00:01:03.9257055Z
FULL-END 2026-09-12T00:01:40.2350763Z
RIG-LOCK-RELEASED <rig>\.parfast-rig.lock
