RIG-LOCK-TAKEN <rig>\.parfast-rig.lock round=.parfast-rig pid=10976 started=2026-09-15T20:15:16.2045747Z
ROUND tag=nibask-gate64 phase=validate root=<rig>\nibask-15sep bin=<rig>\nibask-15sep\src\target\release\parfast.exe reps=1 gf16force= start=2026-09-15T20:15:16.2148786Z
BOX host=intel-i5-10600kf cpu=Intel(R) Core(TM) i5-10600KF CPU @ 4.10GHz caption=Intel64 Family 6 Model 165 Stepping 5 cores=6 threads=12 ram_gb=63.9 os=Microsoft Windows 11 Pro build=10.0.26200 Dfree_gb=6982.2
HARNESS plib.ps1 sha256=4464b815a1587d6b2d81030f843e0ae9e66385cf88749b1764b7b982d75072ec bytes=32781
HARNESS wcomb.ps1 sha256=ea9ca53e5d10a6b715fee5b6c9eca932853d55dc60d01e4441b331a678d9fbc7 bytes=18797
HARNESS-RIG plib.ps1:4464b815a1587d6b+wcomb.ps1:ea9ca53e5d10a6b7
BUILD rc=0 secs=134.2 log=<rig>\nibask-15sep\build-nibask-gate64.log
BIN parfast sha256=42e2ca0099fd7e15b19d89a8af2c6ae66afc30ececf627b528ebeafdfe78f468 bytes=4153856 version=parfast version 1.5.0-beta.3 built from unknown
CREATE rc=0 wall=2.178 cpu=20.984 peak_mb=1621
FIXTURE fix=<rig>\nibask-15sep\fix members=16 slice=65536 n=16384 parfiles=14
LEG round=m320-128-auto-t4-r1 label= slice=65536 n=16384 phase=validate rep=1 m=320 budget=128 arm=auto ntt_budget= threads=4 prof=0 rc=0 restored=16/16 wall=4.28 cpu=18.953 peak_mb=192.9 path=ntt ntt_w=512 ntt_calls=11 ntt_n=1600/1600/1600 windows=10 win_slices=1600/1600/1600 slabs=1 slab_width=65536 prof_lines=0 depth0_sum=0 leaves_sum=0 combine_sum=0 combine_mean= combine_list= forney_s=0 ffs_s=3.66 unbuildable=0 blocks_written=320 strays=16 gf16force= foreign_cpu=93.8 foreign_after=92.2 load_before=6 load_after=20 errlen=3578 rig=plib.ps1:4464b815a1587d6b+wcomb.ps1:ea9ca53e5d10a6b7 ts=2026-09-15T20:17:50.4233835Z
LEG round=m320-128-inb-t4-r1 label= slice=65536 n=16384 phase=validate rep=1 m=320 budget=128 arm=inb ntt_budget=101376000 threads=4 prof=0 rc=0 restored=16/16 wall=4.351 cpu=19.172 peak_mb=193 path=ntt ntt_w=512 ntt_calls=11 ntt_n=1600/1600/1600 windows=10 win_slices=1600/1600/1600 slabs=1 slab_width=65536 prof_lines=0 depth0_sum=0 leaves_sum=0 combine_sum=0 combine_mean= combine_list= forney_s=0 ffs_s=3.66 unbuildable=0 blocks_written=320 strays=16 gf16force= foreign_cpu=75 foreign_after=68.8 load_before=12 load_after=20 errlen=3572 rig=plib.ps1:4464b815a1587d6b+wcomb.ps1:ea9ca53e5d10a6b7 ts=2026-09-15T20:18:00.4915018Z
LEG round=m336-128-auto-t4-r1 label= slice=65536 n=16384 phase=validate rep=1 m=336 budget=128 arm=auto ntt_budget= threads=4 prof=0 rc=0 restored=16/16 wall=4.48 cpu=19.859 peak_mb=194.3 path=ntt ntt_w=512 ntt_calls=11 ntt_n=1600/1600/1600 windows=10 win_slices=1600/1600/1600 slabs=1 slab_width=65536 prof_lines=0 depth0_sum=0 leaves_sum=0 combine_sum=0 combine_mean= combine_list= forney_s=0 ffs_s=3.86 unbuildable=0 blocks_written=336 strays=16 gf16force= foreign_cpu=65.6 foreign_after=71.9 load_before=12 load_after=5 errlen=3581 rig=plib.ps1:4464b815a1587d6b+wcomb.ps1:ea9ca53e5d10a6b7 ts=2026-09-15T20:18:10.6880998Z
LEG round=m336-128-inb-t4-r1 label= slice=65536 n=16384 phase=validate rep=1 m=336 budget=128 arm=inb ntt_budget=100786176 threads=4 prof=0 rc=0 restored=16/16 wall=4.549 cpu=20.016 peak_mb=194.7 path=ntt ntt_w=512 ntt_calls=11 ntt_n=1600/1600/1600 windows=10 win_slices=1600/1600/1600 slabs=1 slab_width=65536 prof_lines=0 depth0_sum=0 leaves_sum=0 combine_sum=0 combine_mean= combine_list= forney_s=0 ffs_s=3.92 unbuildable=0 blocks_written=336 strays=16 gf16force= foreign_cpu=78.1 foreign_after=98.4 load_before=14 load_after=6 errlen=3580 rig=plib.ps1:4464b815a1587d6b+wcomb.ps1:ea9ca53e5d10a6b7 ts=2026-09-15T20:18:20.8241163Z
ALL DONE end=2026-09-15T20:18:21.4084278Z
RIG-LOCK-RELEASED <rig>\.parfast-rig.lock
RIG-LOCK-TAKEN <rig>\.parfast-rig.lock round=.parfast-rig pid=10036 started=2026-09-15T20:22:36.8756384Z
ROUND tag=nibask-gate64 phase=validate root=<rig>\nibask-15sep bin=<rig>\nibask-15sep\src\target\release\parfast.exe reps=1 gf16force= start=2026-09-15T20:22:36.8861177Z
BOX host=intel-i5-10600kf cpu=Intel(R) Core(TM) i5-10600KF CPU @ 4.10GHz caption=Intel64 Family 6 Model 165 Stepping 5 cores=6 threads=12 ram_gb=63.9 os=Microsoft Windows 11 Pro build=10.0.26200 Dfree_gb=6982.2
HARNESS plib.ps1 sha256=4464b815a1587d6b2d81030f843e0ae9e66385cf88749b1764b7b982d75072ec bytes=32781
HARNESS wcomb.ps1 sha256=ea9ca53e5d10a6b715fee5b6c9eca932853d55dc60d01e4441b331a678d9fbc7 bytes=18797
HARNESS-RIG plib.ps1:4464b815a1587d6b+wcomb.ps1:ea9ca53e5d10a6b7
BUILD rc=0 secs=0.4 log=<rig>\nibask-15sep\build-nibask-gate64.log
BIN parfast sha256=42e2ca0099fd7e15b19d89a8af2c6ae66afc30ececf627b528ebeafdfe78f468 bytes=4153856 version=parfast version 1.5.0-beta.3 built from unknown
FIXTURE fix=<rig>\nibask-15sep\fix members=16 slice=65536 n=16384 parfiles=14
LEG round=m320-128-auto-t4-r1 label= slice=65536 n=16384 phase=validate rep=1 m=320 budget=128 arm=auto ntt_budget= threads=4 prof=0 rc=0 restored=16/16 wall=4.567 cpu=20.234 peak_mb=193 path=ntt ntt_w=512 ntt_calls=11 ntt_n=1600/1600/1600 windows=10 win_slices=1600/1600/1600 slabs=1 slab_width=65536 prof_lines=0 depth0_sum=0 leaves_sum=0 combine_sum=0 combine_mean= combine_list= forney_s=0 ffs_s=3.96 unbuildable=0 blocks_written=320 strays=16 gf16force= foreign_cpu=64.1 foreign_after=73.4 load_before=16 load_after=18 errlen=3580 rig=plib.ps1:4464b815a1587d6b+wcomb.ps1:ea9ca53e5d10a6b7 ts=2026-09-15T20:22:49.0997542Z
LEG round=m320-128-inb-t4-r1 label= slice=65536 n=16384 phase=validate rep=1 m=320 budget=128 arm=inb ntt_budget=101376000 threads=4 prof=0 rc=0 restored=16/16 wall=4.594 cpu=19.891 peak_mb=193 path=ntt ntt_w=512 ntt_calls=11 ntt_n=1600/1600/1600 windows=10 win_slices=1600/1600/1600 slabs=1 slab_width=65536 prof_lines=0 depth0_sum=0 leaves_sum=0 combine_sum=0 combine_mean= combine_list= forney_s=0 ffs_s=3.95 unbuildable=0 blocks_written=320 strays=16 gf16force= foreign_cpu=68.8 foreign_after=75 load_before=8 load_after=11 errlen=3574 rig=plib.ps1:4464b815a1587d6b+wcomb.ps1:ea9ca53e5d10a6b7 ts=2026-09-15T20:22:59.3047795Z
LEG round=m336-128-auto-t4-r1 label= slice=65536 n=16384 phase=validate rep=1 m=336 budget=128 arm=auto ntt_budget= threads=4 prof=0 rc=0 restored=16/16 wall=4.289 cpu=19.016 peak_mb=194.9 path=ntt ntt_w=512 ntt_calls=11 ntt_n=1600/1600/1600 windows=10 win_slices=1600/1600/1600 slabs=1 slab_width=65536 prof_lines=0 depth0_sum=0 leaves_sum=0 combine_sum=0 combine_mean= combine_list= forney_s=0 ffs_s=3.66 unbuildable=0 blocks_written=336 strays=16 gf16force= foreign_cpu=62.5 foreign_after=84.4 load_before=8 load_after=12 errlen=3580 rig=plib.ps1:4464b815a1587d6b+wcomb.ps1:ea9ca53e5d10a6b7 ts=2026-09-15T20:23:09.2431456Z
LEG round=m336-128-inb-t4-r1 label= slice=65536 n=16384 phase=validate rep=1 m=336 budget=128 arm=inb ntt_budget=100786176 threads=4 prof=0 rc=0 restored=16/16 wall=4.36 cpu=19.375 peak_mb=194.5 path=ntt ntt_w=512 ntt_calls=11 ntt_n=1600/1600/1600 windows=10 win_slices=1600/1600/1600 slabs=1 slab_width=65536 prof_lines=0 depth0_sum=0 leaves_sum=0 combine_sum=0 combine_mean= combine_list= forney_s=0 ffs_s=3.74 unbuildable=0 blocks_written=336 strays=16 gf16force= foreign_cpu=79.7 foreign_after=84.4 load_before=10 load_after=10 errlen=3574 rig=plib.ps1:4464b815a1587d6b+wcomb.ps1:ea9ca53e5d10a6b7 ts=2026-09-15T20:23:19.2480195Z
ALL DONE end=2026-09-15T20:23:19.8352288Z
RIG-LOCK-RELEASED <rig>\.parfast-rig.lock
