RIG-LOCK-TAKEN <rig>\.parfast-rig.lock round=zwarm pid=12024 started=2026-09-18T18:55:07.6244332Z
ROUND tag=zwarm phase=create root=<rig>\zr18sep bin=<rig>\zr18sep\src\target\release\parfast.exe reps=1 gf16force= arm_order=abba-by-rep start=2026-09-18T18:55:07.6465632Z
BOX host=intel-core-ultra-9-386h cpu=Intel(R) Core(TM) Ultra 9 386H caption=Intel64 Family 6 Model 204 Stepping 2 cores=16 threads=16 ram_gb=31.4 os=Microsoft Windows 11 Home build=10.0.26200 Cfree_gb=429.7
HARNESS plib.ps1 sha256=18fa73f0b697b1fb5accef2e1b54d17e9ac8dcaf5091daa88c097355eb92a831 bytes=147589
HARNESS wcomb.ps1 sha256=3d53534cb6a080be02f0a3bbaca88f69a8c490bc8bc4079b7a7ad974c16d2460 bytes=74214
HARNESS-RIG plib.ps1:18fa73f0b697b1fb+wcomb.ps1:3d53534cb6a080be
SRC-NOINDEX-ENTRY rc=0 src=<rig>\zr18sep\src
BIN parfast sha256=b61d98bd6690ad8c94d38814ab120b8579d194349e51bee7ccc9d72fcebcde5f bytes=4173312 version=parfast version 1.5.0-beta.3 built from unknown
CREATE rc=0 wall=20.64 cpu=282.859 peak_mb=19065.9
FIXTURE-NOINDEX rc=0 fix=<rig>\zr18sep\fix-4194304-1024
SRC-NOINDEX rc=0 src=<rig>\zr18sep\src
FIXTURE fix=<rig>\zr18sep\fix-4194304-1024 members=16 slice=4194304 n=4096 parfiles=11
FIXTURE-RECOVERY 640 source=shape.txt
FIXTURE-SETTLE-WAIT foreign_cpu=95.9 thresh=25 waited_s=1 cap_s=1200 at=fixture-zwarm
FIXTURE-SETTLE-WAIT foreign_cpu=98.2 thresh=25 waited_s=123 cap_s=1200 at=fixture-zwarm
FIXTURE-SETTLE-WAIT foreign_cpu=84 thresh=25 waited_s=234 cap_s=1200 at=fixture-zwarm
FIXTURE-SETTLE-WAIT foreign_cpu=107.5 thresh=25 waited_s=334 cap_s=1200 at=fixture-zwarm
FIXTURE-SETTLE-WAIT foreign_cpu=80.5 thresh=25 waited_s=412 cap_s=1200 at=fixture-zwarm
FIXTURE-SETTLE-WAIT foreign_cpu=68 thresh=25 waited_s=523 cap_s=1200 at=fixture-zwarm
FIXTURE-SETTLE-WAIT foreign_cpu=92.8 thresh=25 waited_s=645 cap_s=1200 at=fixture-zwarm
FIXTURE-SETTLE-WAIT foreign_cpu=93.3 thresh=25 waited_s=767 cap_s=1200 at=fixture-zwarm
FIXTURE-SETTLE ok=1 foreign_cpu=6.2 thresh=25 waited_s=900 busy_samples=47 at=fixture-zwarm ts=2026-09-18T19:11:26.2205570Z
LEG round=c-m288-big-fold-t16-r1 label=4mr-warm slice=4194304 payload=random n=4096 phase=create rep=1 m=288 budget=big arm=fold arm_pos=na arm_order=abba-by-rep ntt_budget=21474836480 threads=16 prof=0 rc=0 restored=16/16 match=1 out_files=10 out_bytes=1211659876 wall=12.009 cpu=165.844 peak_mb=1739.8 path=fold route=none windows=0 win_slices=none residency=resident cold_builds=0 gf16force= foreign_cpu=7.7 foreign_after=31 load_before=2 load_after=2 errlen=1354 affinity=none affinity_got=none rig=plib.ps1:18fa73f0b697b1fb+wcomb.ps1:3d53534cb6a080be freq_mhz=1680 freq_after_mhz=1659 perf_pct=80 perf_after_pct=79 temp_c=48.9 temp_after_c=62.9 throttle_pct=100 pkg_w=na ts=2026-09-18T19:11:45.7627653Z
LEG round=c-m288-big-force-t16-r1 label=4mr-warm slice=4194304 payload=random n=4096 phase=create rep=1 m=288 budget=big arm=force arm_pos=na arm_order=abba-by-rep ntt_budget=21474836480 threads=16 prof=0 rc=0 restored=16/16 match=1 out_files=10 out_bytes=1211659876 wall=18.932 cpu=267.562 peak_mb=17623.2 path=ntt route=mapped windows=1 win_slices=mapped residency=resident cold_builds=1 gf16force= foreign_cpu=10.7 foreign_after=17 load_before=3 load_after=6 errlen=1325 affinity=none affinity_got=none rig=plib.ps1:18fa73f0b697b1fb+wcomb.ps1:3d53534cb6a080be freq_mhz=1239 freq_after_mhz=3129 perf_pct=59 perf_after_pct=149 temp_c=54.9 temp_after_c=68.9 throttle_pct=100 pkg_w=na ts=2026-09-18T19:12:11.6238516Z
LEG round=c-m288-big-force2-t16-r1 label=4mr-warm slice=4194304 payload=random n=4096 phase=create rep=1 m=288 budget=big arm=force2 arm_pos=na arm_order=abba-by-rep ntt_budget=21474836480 threads=16 prof=0 rc=0 restored=16/16 match=1 out_files=10 out_bytes=1211659876 wall=19.581 cpu=280.062 peak_mb=17632.6 path=ntt route=mapped windows=1 win_slices=mapped residency=resident cold_builds=1 gf16force= foreign_cpu=3.1 foreign_after=18.4 load_before=11 load_after=1 errlen=1325 affinity=none affinity_got=none rig=plib.ps1:18fa73f0b697b1fb+wcomb.ps1:3d53534cb6a080be freq_mhz=1512 freq_after_mhz=1785 perf_pct=72 perf_after_pct=85 temp_c=60.9 temp_after_c=68.9 throttle_pct=100 pkg_w=na ts=2026-09-18T19:12:38.0499973Z
LEG round=c-m288-big-fold2-t16-r1 label=4mr-warm slice=4194304 payload=random n=4096 phase=create rep=1 m=288 budget=big arm=fold2 arm_pos=na arm_order=abba-by-rep ntt_budget=21474836480 threads=16 prof=0 rc=0 restored=16/16 match=1 out_files=10 out_bytes=1211659876 wall=14.746 cpu=217.594 peak_mb=1739.8 path=fold route=none windows=0 win_slices=none residency=resident cold_builds=0 gf16force= foreign_cpu=13.8 foreign_after=32 load_before=4 load_after=1 errlen=1354 affinity=none affinity_got=none rig=plib.ps1:18fa73f0b697b1fb+wcomb.ps1:3d53534cb6a080be freq_mhz=1302 freq_after_mhz=1491 perf_pct=62 perf_after_pct=71 temp_c=61.9 temp_after_c=65.9 throttle_pct=100 pkg_w=na ts=2026-09-18T19:12:59.6019911Z
ALL DONE end=2026-09-18T19:12:59.6019911Z
RIG-LOCK-RELEASED <rig>\.parfast-rig.lock
