ROUND tag=cwinmin what=the-create-over-budget-route-probe start=2026-09-16T17:27:06Z
BOX host=apple-m3-ultra-512gb cpu=Apple M3 Ultra ram_gb=512.0 os=macOS-27.0 arch=arm64
BIN parfast sha256=62e04b7677a5e3178976143bcf6df0ad587b2bd27a979a1b07500bddb469737b version=parfast version 1.5.0-beta.3 tree=be495f9f1
GATES aarch64: create_ntt_min_rows=ntt_min_missing=NTT_MIN_MISSING_NEON=192 create_ntt_min_present=CREATE_NTT_MIN_PRESENT_NEON=1024 NTT_WINDOW_MIN=1024slices
ARMS every leg NZBFAST_CREATE_NTT_MIN_ROWS=0 (row gate out of the way) + NZBFAST_REPAIR_TIMING=1; map=1 is the shipped default, map=0 is NZBFAST_PAR2GEN_MAP=0
ROUTE copied='create ntt rows ... W window(s) of S'; mapped='create ntt rows ... mapped'; band='create stripe-first: R rows in C chunk(s)'; fold=no success line. passes = W, 1, C, 0 respectively. CLASSIFIER validated against one known line of each of the four shapes before this round ran.
(eval):12: no matches found: cr*.par2
LEG n=2048 corpus_mib=128 map=1 budget_mib=64 rows=384 rc=0 route=fold passes=0 cold_builds=0 shape=[none]
LEG n=2048 corpus_mib=128 map=1 budget_mib=80 rows=384 rc=0 route=fold passes=0 cold_builds=0 shape=[none]
LEG n=2048 corpus_mib=128 map=1 budget_mib=96 rows=384 rc=0 route=fold passes=0 cold_builds=0 shape=[none]
LEG n=2048 corpus_mib=128 map=1 budget_mib=100 rows=384 rc=0 route=mapped passes=1 cold_builds=1 shape=[create ntt rows 0+384 (n=2048, mapped, 0 tail(s) padded, W=512, 64 stripe(s), threads=4, probe ok)]
LEG n=2048 corpus_mib=128 map=1 budget_mib=112 rows=384 rc=0 route=mapped passes=1 cold_builds=1 shape=[create ntt rows 0+384 (n=2048, mapped, 0 tail(s) padded, W=512, 64 stripe(s), threads=4, probe ok)]
LEG n=2048 corpus_mib=128 map=1 budget_mib=128 rows=384 rc=0 route=mapped passes=1 cold_builds=1 shape=[create ntt rows 0+384 (n=2048, mapped, 0 tail(s) padded, W=512, 64 stripe(s), threads=4, probe ok)]
LEG n=2048 corpus_mib=128 map=1 budget_mib=160 rows=384 rc=0 route=mapped passes=1 cold_builds=1 shape=[create ntt rows 0+384 (n=2048, mapped, 0 tail(s) padded, W=512, 64 stripe(s), threads=4, probe ok)]
LEG n=2048 corpus_mib=128 map=1 budget_mib=161 rows=384 rc=0 route=mapped passes=1 cold_builds=1 shape=[create ntt rows 0+384 (n=2048, mapped, 0 tail(s) padded, W=512, 64 stripe(s), threads=4, probe ok)]
LEG n=2048 corpus_mib=128 map=1 budget_mib=162 rows=384 rc=0 route=mapped passes=1 cold_builds=1 shape=[create ntt rows 0+384 (n=2048, mapped, 0 tail(s) padded, W=512, 64 stripe(s), threads=4, probe ok)]
LEG n=2048 corpus_mib=128 map=1 budget_mib=192 rows=384 rc=0 route=mapped passes=1 cold_builds=1 shape=[create ntt rows 0+384 (n=2048, mapped, 0 tail(s) padded, W=512, 64 stripe(s), threads=4, probe ok)]
LEG n=2048 corpus_mib=128 map=1 budget_mib=256 rows=384 rc=0 route=mapped passes=1 cold_builds=1 shape=[create ntt rows 0+384 (n=2048, mapped, 0 tail(s) padded, W=512, 64 stripe(s), threads=4, probe ok)]
LEG n=2048 corpus_mib=128 map=1 budget_mib=384 rows=384 rc=0 route=mapped passes=1 cold_builds=1 shape=[create ntt rows 0+384 (n=2048, mapped, 0 tail(s) padded, W=512, 64 stripe(s), threads=4, probe ok)]
LEG n=2048 corpus_mib=128 map=1 budget_mib=480 rows=384 rc=0 route=mapped passes=1 cold_builds=1 shape=[create ntt rows 0+384 (n=2048, mapped, 0 tail(s) padded, W=512, 64 stripe(s), threads=4, probe ok)]
LEG n=2048 corpus_mib=128 map=1 budget_mib=512 rows=384 rc=0 route=mapped passes=1 cold_builds=1 shape=[create ntt rows 0+384 (n=2048, mapped, 0 tail(s) padded, W=512, 64 stripe(s), threads=4, probe ok)]
LEG n=2048 corpus_mib=128 map=1 budget_mib=520 rows=384 rc=0 route=mapped passes=1 cold_builds=1 shape=[create ntt rows 0+384 (n=2048, mapped, 0 tail(s) padded, W=512, 64 stripe(s), threads=4, probe ok)]
LEG n=2048 corpus_mib=128 map=1 budget_mib=540 rows=384 rc=0 route=mapped passes=1 cold_builds=1 shape=[create ntt rows 0+384 (n=2048, mapped, 0 tail(s) padded, W=512, 64 stripe(s), threads=4, probe ok)]
LEG n=2048 corpus_mib=128 map=1 budget_mib=550 rows=384 rc=0 route=mapped passes=1 cold_builds=1 shape=[create ntt rows 0+384 (n=2048, mapped, 0 tail(s) padded, W=512, 64 stripe(s), threads=4, probe ok)]
LEG n=2048 corpus_mib=128 map=1 budget_mib=560 rows=384 rc=0 route=mapped passes=1 cold_builds=1 shape=[create ntt rows 0+384 (n=2048, mapped, 0 tail(s) padded, W=512, 64 stripe(s), threads=4, probe ok)]
LEG n=2048 corpus_mib=128 map=1 budget_mib=576 rows=384 rc=0 route=mapped passes=1 cold_builds=1 shape=[create ntt rows 0+384 (n=2048, mapped, 0 tail(s) padded, W=512, 64 stripe(s), threads=4, probe ok)]
LEG n=2048 corpus_mib=128 map=1 budget_mib=640 rows=384 rc=0 route=mapped passes=1 cold_builds=1 shape=[create ntt rows 0+384 (n=2048, mapped, 0 tail(s) padded, W=512, 64 stripe(s), threads=4, probe ok)]
LEG n=2048 corpus_mib=128 map=0 budget_mib=64 rows=384 rc=0 route=fold passes=0 cold_builds=0 shape=[none]
LEG n=2048 corpus_mib=128 map=0 budget_mib=80 rows=384 rc=0 route=fold passes=0 cold_builds=0 shape=[none]
LEG n=2048 corpus_mib=128 map=0 budget_mib=96 rows=384 rc=0 route=fold passes=0 cold_builds=0 shape=[none]
LEG n=2048 corpus_mib=128 map=0 budget_mib=100 rows=384 rc=0 route=band passes=2 cold_builds=1 shape=[create stripe-first: 384 rows in 2 chunk(s) of 33 stripes (n=2048, bands of 69206016 B over copies, read 12.40ms, probe 5.23ms, 4 reader(s), W=512, threads=4, probe ok)]
LEG n=2048 corpus_mib=128 map=0 budget_mib=112 rows=384 rc=0 route=band passes=2 cold_builds=1 shape=[create stripe-first: 384 rows in 2 chunk(s) of 39 stripes (n=2048, bands of 81788928 B over copies, read 24.36ms, probe 5.05ms, 4 reader(s), W=512, threads=4, probe ok)]
LEG n=2048 corpus_mib=128 map=0 budget_mib=128 rows=384 rc=0 route=band passes=2 cold_builds=1 shape=[create stripe-first: 384 rows in 2 chunk(s) of 47 stripes (n=2048, bands of 98566144 B over copies, read 13.82ms, probe 2.94ms, 4 reader(s), W=512, threads=4, probe ok)]
LEG n=2048 corpus_mib=128 map=0 budget_mib=160 rows=384 rc=0 route=band passes=2 cold_builds=1 shape=[create stripe-first: 384 rows in 2 chunk(s) of 63 stripes (n=2048, bands of 132120576 B over copies, read 14.26ms, probe 8.71ms, 4 reader(s), W=512, threads=4, probe ok)]
LEG n=2048 corpus_mib=128 map=0 budget_mib=161 rows=384 rc=0 route=band passes=2 cold_builds=1 shape=[create stripe-first: 384 rows in 2 chunk(s) of 63 stripes (n=2048, bands of 132120576 B over copies, read 16.96ms, probe 10.20ms, 4 reader(s), W=512, threads=4, probe ok)]
LEG n=2048 corpus_mib=128 map=0 budget_mib=162 rows=384 rc=0 route=copied passes=1 cold_builds=1 shape=[create ntt rows 0+384 (n=2048, 1 window(s) of 2048, W=512, 64 stripe(s), threads=4, probe ok)]
LEG n=2048 corpus_mib=128 map=0 budget_mib=192 rows=384 rc=0 route=copied passes=1 cold_builds=1 shape=[create ntt rows 0+384 (n=2048, 1 window(s) of 2048, W=512, 64 stripe(s), threads=4, probe ok)]
LEG n=2048 corpus_mib=128 map=0 budget_mib=256 rows=384 rc=0 route=copied passes=1 cold_builds=1 shape=[create ntt rows 0+384 (n=2048, 1 window(s) of 2048, W=512, 64 stripe(s), threads=4, probe ok)]
LEG n=2048 corpus_mib=128 map=0 budget_mib=384 rows=384 rc=0 route=copied passes=1 cold_builds=1 shape=[create ntt rows 0+384 (n=2048, 1 window(s) of 2048, W=512, 64 stripe(s), threads=4, probe ok)]
LEG n=2048 corpus_mib=128 map=0 budget_mib=480 rows=384 rc=0 route=copied passes=1 cold_builds=1 shape=[create ntt rows 0+384 (n=2048, 1 window(s) of 2048, W=512, 64 stripe(s), threads=4, probe ok)]
LEG n=2048 corpus_mib=128 map=0 budget_mib=512 rows=384 rc=0 route=copied passes=1 cold_builds=1 shape=[create ntt rows 0+384 (n=2048, 1 window(s) of 2048, W=512, 64 stripe(s), threads=4, probe ok)]
LEG n=2048 corpus_mib=128 map=0 budget_mib=520 rows=384 rc=0 route=copied passes=1 cold_builds=1 shape=[create ntt rows 0+384 (n=2048, 1 window(s) of 2048, W=512, 64 stripe(s), threads=4, probe ok)]
LEG n=2048 corpus_mib=128 map=0 budget_mib=540 rows=384 rc=0 route=copied passes=1 cold_builds=1 shape=[create ntt rows 0+384 (n=2048, 1 window(s) of 2048, W=512, 64 stripe(s), threads=4, probe ok)]
LEG n=2048 corpus_mib=128 map=0 budget_mib=550 rows=384 rc=0 route=copied passes=1 cold_builds=1 shape=[create ntt rows 0+384 (n=2048, 1 window(s) of 2048, W=512, 64 stripe(s), threads=4, probe ok)]
LEG n=2048 corpus_mib=128 map=0 budget_mib=560 rows=384 rc=0 route=copied passes=1 cold_builds=1 shape=[create ntt rows 0+384 (n=2048, 1 window(s) of 2048, W=512, 64 stripe(s), threads=4, probe ok)]
LEG n=2048 corpus_mib=128 map=0 budget_mib=576 rows=384 rc=0 route=copied passes=1 cold_builds=1 shape=[create ntt rows 0+384 (n=2048, 1 window(s) of 2048, W=512, 64 stripe(s), threads=4, probe ok)]
LEG n=2048 corpus_mib=128 map=0 budget_mib=640 rows=384 rc=0 route=copied passes=1 cold_builds=1 shape=[create ntt rows 0+384 (n=2048, 1 window(s) of 2048, W=512, 64 stripe(s), threads=4, probe ok)]
(eval):12: no matches found: cr*.par2
LEG n=8192 corpus_mib=512 map=1 budget_mib=64 rows=384 rc=0 route=fold passes=0 cold_builds=0 shape=[none]
LEG n=8192 corpus_mib=512 map=1 budget_mib=80 rows=384 rc=0 route=fold passes=0 cold_builds=0 shape=[none]
LEG n=8192 corpus_mib=512 map=1 budget_mib=96 rows=384 rc=0 route=fold passes=0 cold_builds=0 shape=[none]
LEG n=8192 corpus_mib=512 map=1 budget_mib=100 rows=384 rc=0 route=mapped passes=1 cold_builds=1 shape=[create ntt rows 0+384 (n=8192, mapped, 0 tail(s) padded, W=512, 64 stripe(s), threads=4, probe ok)]
LEG n=8192 corpus_mib=512 map=1 budget_mib=112 rows=384 rc=0 route=mapped passes=1 cold_builds=1 shape=[create ntt rows 0+384 (n=8192, mapped, 0 tail(s) padded, W=512, 64 stripe(s), threads=4, probe ok)]
LEG n=8192 corpus_mib=512 map=1 budget_mib=128 rows=384 rc=0 route=mapped passes=1 cold_builds=1 shape=[create ntt rows 0+384 (n=8192, mapped, 0 tail(s) padded, W=512, 64 stripe(s), threads=4, probe ok)]
LEG n=8192 corpus_mib=512 map=1 budget_mib=160 rows=384 rc=0 route=mapped passes=1 cold_builds=1 shape=[create ntt rows 0+384 (n=8192, mapped, 0 tail(s) padded, W=512, 64 stripe(s), threads=4, probe ok)]
LEG n=8192 corpus_mib=512 map=1 budget_mib=161 rows=384 rc=0 route=mapped passes=1 cold_builds=1 shape=[create ntt rows 0+384 (n=8192, mapped, 0 tail(s) padded, W=512, 64 stripe(s), threads=4, probe ok)]
LEG n=8192 corpus_mib=512 map=1 budget_mib=162 rows=384 rc=0 route=mapped passes=1 cold_builds=1 shape=[create ntt rows 0+384 (n=8192, mapped, 0 tail(s) padded, W=512, 64 stripe(s), threads=4, probe ok)]
LEG n=8192 corpus_mib=512 map=1 budget_mib=192 rows=384 rc=0 route=mapped passes=1 cold_builds=1 shape=[create ntt rows 0+384 (n=8192, mapped, 0 tail(s) padded, W=512, 64 stripe(s), threads=4, probe ok)]
LEG n=8192 corpus_mib=512 map=1 budget_mib=256 rows=384 rc=0 route=mapped passes=1 cold_builds=1 shape=[create ntt rows 0+384 (n=8192, mapped, 0 tail(s) padded, W=512, 64 stripe(s), threads=4, probe ok)]
LEG n=8192 corpus_mib=512 map=1 budget_mib=384 rows=384 rc=0 route=mapped passes=1 cold_builds=1 shape=[create ntt rows 0+384 (n=8192, mapped, 0 tail(s) padded, W=512, 64 stripe(s), threads=4, probe ok)]
LEG n=8192 corpus_mib=512 map=1 budget_mib=480 rows=384 rc=0 route=mapped passes=1 cold_builds=1 shape=[create ntt rows 0+384 (n=8192, mapped, 0 tail(s) padded, W=512, 64 stripe(s), threads=4, probe ok)]
LEG n=8192 corpus_mib=512 map=1 budget_mib=512 rows=384 rc=0 route=mapped passes=1 cold_builds=1 shape=[create ntt rows 0+384 (n=8192, mapped, 0 tail(s) padded, W=512, 64 stripe(s), threads=4, probe ok)]
LEG n=8192 corpus_mib=512 map=1 budget_mib=520 rows=384 rc=0 route=mapped passes=1 cold_builds=1 shape=[create ntt rows 0+384 (n=8192, mapped, 0 tail(s) padded, W=512, 64 stripe(s), threads=4, probe ok)]
LEG n=8192 corpus_mib=512 map=1 budget_mib=540 rows=384 rc=0 route=mapped passes=1 cold_builds=1 shape=[create ntt rows 0+384 (n=8192, mapped, 0 tail(s) padded, W=512, 64 stripe(s), threads=4, probe ok)]
LEG n=8192 corpus_mib=512 map=1 budget_mib=550 rows=384 rc=0 route=mapped passes=1 cold_builds=1 shape=[create ntt rows 0+384 (n=8192, mapped, 0 tail(s) padded, W=512, 64 stripe(s), threads=4, probe ok)]
LEG n=8192 corpus_mib=512 map=1 budget_mib=560 rows=384 rc=0 route=mapped passes=1 cold_builds=1 shape=[create ntt rows 0+384 (n=8192, mapped, 0 tail(s) padded, W=512, 64 stripe(s), threads=4, probe ok)]
LEG n=8192 corpus_mib=512 map=1 budget_mib=576 rows=384 rc=0 route=mapped passes=1 cold_builds=1 shape=[create ntt rows 0+384 (n=8192, mapped, 0 tail(s) padded, W=512, 64 stripe(s), threads=4, probe ok)]
LEG n=8192 corpus_mib=512 map=1 budget_mib=640 rows=384 rc=0 route=mapped passes=1 cold_builds=1 shape=[create ntt rows 0+384 (n=8192, mapped, 0 tail(s) padded, W=512, 64 stripe(s), threads=4, probe ok)]
LEG n=8192 corpus_mib=512 map=0 budget_mib=64 rows=384 rc=0 route=fold passes=0 cold_builds=0 shape=[none]
LEG n=8192 corpus_mib=512 map=0 budget_mib=80 rows=384 rc=0 route=fold passes=0 cold_builds=0 shape=[none]
LEG n=8192 corpus_mib=512 map=0 budget_mib=96 rows=384 rc=0 route=fold passes=0 cold_builds=0 shape=[none]
LEG n=8192 corpus_mib=512 map=0 budget_mib=100 rows=384 rc=0 route=band passes=8 cold_builds=1 shape=[create stripe-first: 384 rows in 8 chunk(s) of 8 stripes (n=8192, bands of 67108864 B over copies, read 71.95ms, probe 18.94ms, 4 reader(s), W=512, threads=4, probe ok)]
LEG n=8192 corpus_mib=512 map=0 budget_mib=112 rows=384 rc=0 route=band passes=8 cold_builds=1 shape=[create stripe-first: 384 rows in 8 chunk(s) of 9 stripes (n=8192, bands of 75497472 B over copies, read 66.21ms, probe 15.95ms, 4 reader(s), W=512, threads=4, probe ok)]
LEG n=8192 corpus_mib=512 map=0 budget_mib=128 rows=384 rc=0 route=band passes=6 cold_builds=1 shape=[create stripe-first: 384 rows in 6 chunk(s) of 11 stripes (n=8192, bands of 92274688 B over copies, read 67.47ms, probe 23.90ms, 4 reader(s), W=512, threads=4, probe ok)]
LEG n=8192 corpus_mib=512 map=0 budget_mib=160 rows=384 rc=0 route=band passes=5 cold_builds=1 shape=[create stripe-first: 384 rows in 5 chunk(s) of 15 stripes (n=8192, bands of 125829120 B over copies, read 57.48ms, probe 18.72ms, 4 reader(s), W=512, threads=4, probe ok)]
LEG n=8192 corpus_mib=512 map=0 budget_mib=161 rows=384 rc=0 route=band passes=5 cold_builds=1 shape=[create stripe-first: 384 rows in 5 chunk(s) of 15 stripes (n=8192, bands of 125829120 B over copies, read 62.12ms, probe 19.93ms, 4 reader(s), W=512, threads=4, probe ok)]
LEG n=8192 corpus_mib=512 map=0 budget_mib=162 rows=384 rc=0 route=band passes=4 cold_builds=1 shape=[create stripe-first: 384 rows in 4 chunk(s) of 16 stripes (n=8192, bands of 134217728 B over copies, read 39.69ms, probe 10.33ms, 4 reader(s), W=512, threads=4, probe ok)]
LEG n=8192 corpus_mib=512 map=0 budget_mib=192 rows=384 rc=0 route=band passes=4 cold_builds=1 shape=[create stripe-first: 384 rows in 4 chunk(s) of 19 stripes (n=8192, bands of 159383552 B over copies, read 49.15ms, probe 15.47ms, 4 reader(s), W=512, threads=4, probe ok)]
LEG n=8192 corpus_mib=512 map=0 budget_mib=256 rows=384 rc=0 route=band passes=3 cold_builds=1 shape=[create stripe-first: 384 rows in 3 chunk(s) of 27 stripes (n=8192, bands of 226492416 B over copies, read 37.77ms, probe 9.74ms, 4 reader(s), W=512, threads=4, probe ok)]
LEG n=8192 corpus_mib=512 map=0 budget_mib=384 rows=384 rc=0 route=band passes=2 cold_builds=1 shape=[create stripe-first: 384 rows in 2 chunk(s) of 43 stripes (n=8192, bands of 360710144 B over copies, read 32.69ms, probe 10.23ms, 4 reader(s), W=512, threads=4, probe ok)]
LEG n=8192 corpus_mib=512 map=0 budget_mib=480 rows=384 rc=0 route=band passes=2 cold_builds=1 shape=[create stripe-first: 384 rows in 2 chunk(s) of 55 stripes (n=8192, bands of 461373440 B over copies, read 29.32ms, probe 9.51ms, 4 reader(s), W=512, threads=4, probe ok)]
LEG n=8192 corpus_mib=512 map=0 budget_mib=512 rows=384 rc=0 route=band passes=2 cold_builds=1 shape=[create stripe-first: 384 rows in 2 chunk(s) of 59 stripes (n=8192, bands of 494927872 B over copies, read 27.75ms, probe 8.47ms, 4 reader(s), W=512, threads=4, probe ok)]
LEG n=8192 corpus_mib=512 map=0 budget_mib=520 rows=384 rc=0 route=band passes=2 cold_builds=1 shape=[create stripe-first: 384 rows in 2 chunk(s) of 60 stripes (n=8192, bands of 503316480 B over copies, read 28.97ms, probe 9.00ms, 4 reader(s), W=512, threads=4, probe ok)]
LEG n=8192 corpus_mib=512 map=0 budget_mib=540 rows=384 rc=0 route=band passes=2 cold_builds=1 shape=[create stripe-first: 384 rows in 2 chunk(s) of 63 stripes (n=8192, bands of 528482304 B over copies, read 28.80ms, probe 8.70ms, 4 reader(s), W=512, threads=4, probe ok)]
LEG n=8192 corpus_mib=512 map=0 budget_mib=550 rows=384 rc=0 route=copied passes=1 cold_builds=1 shape=[create ntt rows 0+384 (n=8192, 1 window(s) of 8192, W=512, 64 stripe(s), threads=4, probe ok)]
LEG n=8192 corpus_mib=512 map=0 budget_mib=560 rows=384 rc=0 route=copied passes=1 cold_builds=1 shape=[create ntt rows 0+384 (n=8192, 1 window(s) of 8192, W=512, 64 stripe(s), threads=4, probe ok)]
LEG n=8192 corpus_mib=512 map=0 budget_mib=576 rows=384 rc=0 route=copied passes=1 cold_builds=1 shape=[create ntt rows 0+384 (n=8192, 1 window(s) of 8192, W=512, 64 stripe(s), threads=4, probe ok)]
LEG n=8192 corpus_mib=512 map=0 budget_mib=640 rows=384 rc=0 route=copied passes=1 cold_builds=1 shape=[create ntt rows 0+384 (n=8192, 1 window(s) of 8192, W=512, 64 stripe(s), threads=4, probe ok)]
ALL DONE end=2026-09-16T17:29:49Z
