RIG-LOCK-TAKEN <rig>\.parfast-rig.lock round=.parfast-rig pid=7256 started=2026-09-16T12:29:48.0666096Z
ROUND tag=t4m4res2 phase=rowgate root=<rig>\t4m4-16sep bin=<rig>\t4m4-16sep\src\target\release\parfast.exe reps=1 gf16force= start=2026-09-16T12:29:48.0726267Z
BOX host=intel-core-ultra-9-386h cpu=Intel(R) Core(TM) Ultra 9 386H caption=Intel64 Family 6 Model 204 Stepping 2 cores=16 threads=16 ram_gb=31.4 os=Microsoft Windows 11 Home build=10.0.26200 Cfree_gb=566.6
HARNESS plib.ps1 sha256=3eade0f569c667d818d3efb6b86f156dd7e36ab0c55d2a2f8d34cb9a2dfead78 bytes=38546
HARNESS wcomb.ps1 sha256=d56c541cfd7d9fb35795122912aef63d148745e874c4168a925b7c703ad196c0 bytes=37856
HARNESS-RIG plib.ps1:3eade0f569c667d8+wcomb.ps1:d56c541cfd7d9fb3
BIN parfast sha256=79747be21ab42c679824b958eb3870368f135d55e4c8862eb527b3ca58d74f95 bytes=4173312 version=parfast version 1.5.0-beta.3 built from unknown
FIXTURE-NOINDEX rc=0 fix=<rig>\t4m4-16sep\fix-4194304-1024
SRC-NOINDEX rc=0 src=<rig>\t4m4-16sep\src
FIXTURE fix=<rig>\t4m4-16sep\fix-4194304-1024 members=16 slice=4194304 n=4096 parfiles=11
FIXTURE-RECOVERY 640 source=shape.txt
RUNG-BOUND ok max_m=352 <= recovery=640
LEG round=m320-big-fold-t4-r1 label=4m-t4-res slice=4194304 n=4096 phase=rowgate rep=1 m=320 budget=big arm=fold ntt_budget=21474836480 threads=4 prof=0 rc=0 restored=16/16 wall=37.329 cpu=175.484 peak_mb=2843.2 path=fold ntt_w= ntt_calls=0 ntt_n= windows=0 residency=resident win_slices= slabs=1 slab_width=4194304 prof_lines=0 depth0_sum=0 leaves_sum=0 combine_sum=0 combine_mean= combine_list= forney_s=0 ffs_s=29.8 unbuildable=0 blocks_written=320 strays=16 gf16force= foreign_cpu=6.2 foreign_after=193.8 load_before=42 load_after=100 errlen=1462 rig=plib.ps1:3eade0f569c667d8+wcomb.ps1:d56c541cfd7d9fb3 ts=2026-09-16T12:30:47.0651796Z
LEG round=m320-big-force-t4-r1 label=4m-t4-res slice=4194304 n=4096 phase=rowgate rep=1 m=320 budget=big arm=force ntt_budget=21474836480 threads=4 prof=0 rc=0 restored=16/16 wall=49.695 cpu=213.875 peak_mb=16426.2 path=ntt ntt_w=512 ntt_calls=1 ntt_n=3776 windows=0 residency=resident win_slices= slabs=1 slab_width=4194304 prof_lines=0 depth0_sum=0 leaves_sum=0 combine_sum=0 combine_mean= combine_list= forney_s=0 ffs_s=40.99 unbuildable=0 blocks_written=320 strays=16 gf16force= foreign_cpu=6.2 foreign_after=132.8 load_before=6 load_after=93 errlen=1558 rig=plib.ps1:3eade0f569c667d8+wcomb.ps1:d56c541cfd7d9fb3 ts=2026-09-16T12:31:57.0644857Z
LEG round=m320-big-force2-t4-r1 label=4m-t4-res slice=4194304 n=4096 phase=rowgate rep=1 m=320 budget=big arm=force2 ntt_budget=21474836480 threads=4 prof=0 rc=0 restored=16/16 wall=54.221 cpu=199 peak_mb=16426.2 path=ntt ntt_w=512 ntt_calls=1 ntt_n=3776 windows=0 residency=resident win_slices= slabs=1 slab_width=4194304 prof_lines=0 depth0_sum=0 leaves_sum=0 combine_sum=0 combine_mean= combine_list= forney_s=0 ffs_s=42.34 unbuildable=0 blocks_written=320 strays=16 gf16force= foreign_cpu=110.9 foreign_after=226.6 load_before=97 load_after=96 errlen=1555 rig=plib.ps1:3eade0f569c667d8+wcomb.ps1:d56c541cfd7d9fb3 ts=2026-09-16T12:33:11.4121245Z
LEG round=m320-big-fold2-t4-r1 label=4m-t4-res slice=4194304 n=4096 phase=rowgate rep=1 m=320 budget=big arm=fold2 ntt_budget=21474836480 threads=4 prof=0 rc=0 restored=16/16 wall=62.756 cpu=182.953 peak_mb=2843.4 path=fold ntt_w= ntt_calls=0 ntt_n= windows=0 residency=resident win_slices= slabs=1 slab_width=4194304 prof_lines=0 depth0_sum=0 leaves_sum=0 combine_sum=0 combine_mean= combine_list= forney_s=0 ffs_s=32.74 unbuildable=0 blocks_written=320 strays=16 gf16force= foreign_cpu=57.8 foreign_after=29.7 load_before=87 load_after=88 errlen=1460 rig=plib.ps1:3eade0f569c667d8+wcomb.ps1:d56c541cfd7d9fb3 ts=2026-09-16T12:34:36.0757916Z
LEG round=m352-big-fold-t4-r1 label=4m-t4-res slice=4194304 n=4096 phase=rowgate rep=1 m=352 budget=big arm=fold ntt_budget=21474836480 threads=4 prof=0 rc=0 restored=16/16 wall=41.083 cpu=192.156 peak_mb=3102.6 path=fold ntt_w= ntt_calls=0 ntt_n= windows=0 residency=resident win_slices= slabs=1 slab_width=4194304 prof_lines=0 depth0_sum=0 leaves_sum=0 combine_sum=0 combine_mean= combine_list= forney_s=0 ffs_s=33.3 unbuildable=0 blocks_written=352 strays=16 gf16force= foreign_cpu=89.1 foreign_after=9.4 load_before=100 load_after=62 errlen=1459 rig=plib.ps1:3eade0f569c667d8+wcomb.ps1:d56c541cfd7d9fb3 ts=2026-09-16T12:35:37.8904738Z
LEG round=m352-big-force-t4-r1 label=4m-t4-res slice=4194304 n=4096 phase=rowgate rep=1 m=352 budget=big arm=force ntt_budget=21474836480 threads=4 prof=0 rc=0 restored=16/16 wall=49.539 cpu=215.578 peak_mb=16426.1 path=ntt ntt_w=512 ntt_calls=1 ntt_n=3744 windows=0 residency=resident win_slices= slabs=1 slab_width=4194304 prof_lines=0 depth0_sum=0 leaves_sum=0 combine_sum=0 combine_mean= combine_list= forney_s=0 ffs_s=40.88 unbuildable=0 blocks_written=352 strays=16 gf16force= foreign_cpu=85.9 foreign_after=148.4 load_before=84 load_after=4 errlen=1558 rig=plib.ps1:3eade0f569c667d8+wcomb.ps1:d56c541cfd7d9fb3 ts=2026-09-16T12:36:48.4562611Z
LEG round=m352-big-force2-t4-r1 label=4m-t4-res slice=4194304 n=4096 phase=rowgate rep=1 m=352 budget=big arm=force2 ntt_budget=21474836480 threads=4 prof=0 rc=0 restored=16/16 wall=49.934 cpu=217.75 peak_mb=16426.1 path=ntt ntt_w=512 ntt_calls=1 ntt_n=3744 windows=0 residency=resident win_slices= slabs=1 slab_width=4194304 prof_lines=0 depth0_sum=0 leaves_sum=0 combine_sum=0 combine_mean= combine_list= forney_s=0 ffs_s=41.74 unbuildable=0 blocks_written=352 strays=16 gf16force= foreign_cpu=43.8 foreign_after=196.9 load_before=2 load_after=77 errlen=1561 rig=plib.ps1:3eade0f569c667d8+wcomb.ps1:d56c541cfd7d9fb3 ts=2026-09-16T12:37:59.6672525Z
LEG round=m352-big-fold2-t4-r1 label=4m-t4-res slice=4194304 n=4096 phase=rowgate rep=1 m=352 budget=big arm=fold2 ntt_budget=21474836480 threads=4 prof=0 rc=0 restored=16/16 wall=43.217 cpu=201.812 peak_mb=3102.6 path=fold ntt_w= ntt_calls=0 ntt_n= windows=0 residency=resident win_slices= slabs=1 slab_width=4194304 prof_lines=0 depth0_sum=0 leaves_sum=0 combine_sum=0 combine_mean= combine_list= forney_s=0 ffs_s=34.98 unbuildable=0 blocks_written=352 strays=16 gf16force= foreign_cpu=117.2 foreign_after=181.2 load_before=94 load_after=94 errlen=1459 rig=plib.ps1:3eade0f569c667d8+wcomb.ps1:d56c541cfd7d9fb3 ts=2026-09-16T12:39:04.4390999Z
ALL DONE end=2026-09-16T12:39:07.3465219Z
RIG-LOCK-RELEASED <rig>\.parfast-rig.lock
