RIG-LOCK-TAKEN <rig>\.parfast-rig.lock round=.parfast-rig pid=5848 started=2026-09-16T12:39:07.8705236Z
ROUND tag=t4m4w8192b phase=rowgate root=<rig>\t4m4-16sep bin=<rig>\t4m4-16sep\src\target\release\parfast.exe reps=1 gf16force= start=2026-09-16T12:39:07.8800723Z
BOX host=intel-core-ultra-9-386h cpu=Intel(R) Core(TM) Ultra 9 386H caption=Intel64 Family 6 Model 204 Stepping 2 cores=16 threads=16 ram_gb=31.4 os=Microsoft Windows 11 Home build=10.0.26200 Cfree_gb=566.8
HARNESS plib.ps1 sha256=3eade0f569c667d818d3efb6b86f156dd7e36ab0c55d2a2f8d34cb9a2dfead78 bytes=38546
HARNESS wcomb.ps1 sha256=d56c541cfd7d9fb35795122912aef63d148745e874c4168a925b7c703ad196c0 bytes=37856
HARNESS-RIG plib.ps1:3eade0f569c667d8+wcomb.ps1:d56c541cfd7d9fb3
BIN parfast sha256=79747be21ab42c679824b958eb3870368f135d55e4c8862eb527b3ca58d74f95 bytes=4173312 version=parfast version 1.5.0-beta.3 built from unknown
FIXTURE-NOINDEX rc=0 fix=<rig>\t4m4-16sep\fix-4194304-1024
SRC-NOINDEX rc=0 src=<rig>\t4m4-16sep\src
FIXTURE fix=<rig>\t4m4-16sep\fix-4194304-1024 members=16 slice=4194304 n=4096 parfiles=11
FIXTURE-RECOVERY 640 source=shape.txt
RUNG-BOUND ok max_m=384 <= recovery=640
LEG round=m352-8192-fold-t4-r1 label=4m-t4-w8192 slice=4194304 n=4096 phase=rowgate rep=1 m=352 budget=8192 arm=fold ntt_budget= threads=4 prof=0 rc=0 restored=16/16 wall=42.476 cpu=198.141 peak_mb=3102.6 path=fold ntt_w= ntt_calls=0 ntt_n= windows=0 residency=windowed win_slices= slabs=1 slab_width=4194304 prof_lines=0 depth0_sum=0 leaves_sum=0 combine_sum=0 combine_mean= combine_list= forney_s=0 ffs_s=34.34 unbuildable=0 blocks_written=352 strays=16 gf16force= foreign_cpu=32.8 foreign_after=125 load_before=85 load_after=91 errlen=1459 rig=plib.ps1:3eade0f569c667d8+wcomb.ps1:d56c541cfd7d9fb3 ts=2026-09-16T12:40:12.9415694Z
LEG round=m352-8192-force-t4-r1 label=4m-t4-w8192 slice=4194304 n=4096 phase=rowgate rep=1 m=352 budget=8192 arm=force ntt_budget= threads=4 prof=0 rc=0 restored=16/16 wall=49 cpu=215.422 peak_mb=9688.6 path=ntt ntt_w=512 ntt_calls=2 ntt_n=2012/1732 windows=1 residency=windowed win_slices=2012 slabs=1 slab_width=4194304 prof_lines=0 depth0_sum=0 leaves_sum=0 combine_sum=0 combine_mean= combine_list= forney_s=0 ffs_s=40.7 unbuildable=0 blocks_written=352 strays=16 gf16force= foreign_cpu=31.2 foreign_after=160.9 load_before=94 load_after=91 errlen=1822 rig=plib.ps1:3eade0f569c667d8+wcomb.ps1:d56c541cfd7d9fb3 ts=2026-09-16T12:41:22.5035742Z
LEG round=m352-8192-force2-t4-r1 label=4m-t4-w8192 slice=4194304 n=4096 phase=rowgate rep=1 m=352 budget=8192 arm=force2 ntt_budget= threads=4 prof=0 rc=0 restored=16/16 wall=44.983 cpu=201.531 peak_mb=9688.4 path=ntt ntt_w=512 ntt_calls=2 ntt_n=2012/1732 windows=1 residency=windowed win_slices=2012 slabs=1 slab_width=4194304 prof_lines=0 depth0_sum=0 leaves_sum=0 combine_sum=0 combine_mean= combine_list= forney_s=0 ffs_s=36.94 unbuildable=0 blocks_written=352 strays=16 gf16force= foreign_cpu=120.3 foreign_after=120.3 load_before=96 load_after=6 errlen=1825 rig=plib.ps1:3eade0f569c667d8+wcomb.ps1:d56c541cfd7d9fb3 ts=2026-09-16T12:42:28.7739440Z
LEG round=m352-8192-fold2-t4-r1 label=4m-t4-w8192 slice=4194304 n=4096 phase=rowgate rep=1 m=352 budget=8192 arm=fold2 ntt_budget= threads=4 prof=0 rc=0 restored=16/16 wall=36.878 cpu=177 peak_mb=3103.5 path=fold ntt_w= ntt_calls=0 ntt_n= windows=0 residency=windowed win_slices= slabs=1 slab_width=4194304 prof_lines=0 depth0_sum=0 leaves_sum=0 combine_sum=0 combine_mean= combine_list= forney_s=0 ffs_s=29.18 unbuildable=0 blocks_written=352 strays=16 gf16force= foreign_cpu=6.2 foreign_after=21.9 load_before=7 load_after=6 errlen=1459 rig=plib.ps1:3eade0f569c667d8+wcomb.ps1:d56c541cfd7d9fb3 ts=2026-09-16T12:43:27.3380394Z
LEG round=m384-8192-fold-t4-r1 label=4m-t4-w8192 slice=4194304 n=4096 phase=rowgate rep=1 m=384 budget=8192 arm=fold ntt_budget= threads=4 prof=0 rc=0 restored=16/16 wall=41.333 cpu=194.031 peak_mb=3362.7 path=fold ntt_w= ntt_calls=0 ntt_n= windows=0 residency=windowed win_slices= slabs=1 slab_width=4194304 prof_lines=0 depth0_sum=0 leaves_sum=0 combine_sum=0 combine_mean= combine_list= forney_s=0 ffs_s=33.74 unbuildable=0 blocks_written=384 strays=16 gf16force= foreign_cpu=9.4 foreign_after=29.7 load_before=6 load_after=6 errlen=1462 rig=plib.ps1:3eade0f569c667d8+wcomb.ps1:d56c541cfd7d9fb3 ts=2026-09-16T12:44:30.3449983Z
LEG round=m384-8192-force-t4-r1 label=4m-t4-w8192 slice=4194304 n=4096 phase=rowgate rep=1 m=384 budget=8192 arm=force ntt_budget= threads=4 prof=0 rc=0 restored=16/16 wall=44.774 cpu=199.172 peak_mb=9817.5 path=ntt ntt_w=512 ntt_calls=2 ntt_n=2012/1700 windows=1 residency=windowed win_slices=2012 slabs=1 slab_width=4194304 prof_lines=0 depth0_sum=0 leaves_sum=0 combine_sum=0 combine_mean= combine_list= forney_s=0 ffs_s=36.95 unbuildable=0 blocks_written=384 strays=16 gf16force= foreign_cpu=12.5 foreign_after=104.7 load_before=4 load_after=4 errlen=1825 rig=plib.ps1:3eade0f569c667d8+wcomb.ps1:d56c541cfd7d9fb3 ts=2026-09-16T12:45:37.6481202Z
LEG round=m384-8192-force2-t4-r1 label=4m-t4-w8192 slice=4194304 n=4096 phase=rowgate rep=1 m=384 budget=8192 arm=force2 ntt_budget= threads=4 prof=0 rc=0 restored=16/16 wall=45.037 cpu=201.406 peak_mb=9817.3 path=ntt ntt_w=512 ntt_calls=2 ntt_n=2012/1700 windows=1 residency=windowed win_slices=2012 slabs=1 slab_width=4194304 prof_lines=0 depth0_sum=0 leaves_sum=0 combine_sum=0 combine_mean= combine_list= forney_s=0 ffs_s=37.24 unbuildable=0 blocks_written=384 strays=16 gf16force= foreign_cpu=3.1 foreign_after=106.2 load_before=7 load_after=5 errlen=1825 rig=plib.ps1:3eade0f569c667d8+wcomb.ps1:d56c541cfd7d9fb3 ts=2026-09-16T12:46:45.2125432Z
LEG round=m384-8192-fold2-t4-r1 label=4m-t4-w8192 slice=4194304 n=4096 phase=rowgate rep=1 m=384 budget=8192 arm=fold2 ntt_budget= threads=4 prof=0 rc=0 restored=16/16 wall=41.134 cpu=193.578 peak_mb=3362.7 path=fold ntt_w= ntt_calls=0 ntt_n= windows=0 residency=windowed win_slices= slabs=1 slab_width=4194304 prof_lines=0 depth0_sum=0 leaves_sum=0 combine_sum=0 combine_mean= combine_list= forney_s=0 ffs_s=33.4 unbuildable=0 blocks_written=384 strays=16 gf16force= foreign_cpu=26.6 foreign_after=40.6 load_before=4 load_after=0 errlen=1462 rig=plib.ps1:3eade0f569c667d8+wcomb.ps1:d56c541cfd7d9fb3 ts=2026-09-16T12:47:49.1776874Z
ALL DONE end=2026-09-16T12:47:52.1580985Z
RIG-LOCK-RELEASED <rig>\.parfast-rig.lock
