RIG-LOCK-TAKEN <rig>\.parfast-rig.lock round=.parfast-rig pid=9808 started=2026-09-16T12:58:34.0174380Z
ROUND tag=t4m4res3 phase=rowgate root=<rig>\t4m4-16sep bin=<rig>\t4m4-16sep\src\target\release\parfast.exe reps=1 gf16force= start=2026-09-16T12:58:34.0334923Z
BOX host=intel-core-ultra-9-386h cpu=Intel(R) Core(TM) Ultra 9 386H caption=Intel64 Family 6 Model 204 Stepping 2 cores=16 threads=16 ram_gb=31.4 os=Microsoft Windows 11 Home build=10.0.26200 Cfree_gb=566.9
HARNESS plib.ps1 sha256=3eade0f569c667d818d3efb6b86f156dd7e36ab0c55d2a2f8d34cb9a2dfead78 bytes=38546
HARNESS wcomb.ps1 sha256=d56c541cfd7d9fb35795122912aef63d148745e874c4168a925b7c703ad196c0 bytes=37856
HARNESS-RIG plib.ps1:3eade0f569c667d8+wcomb.ps1:d56c541cfd7d9fb3
BIN parfast sha256=79747be21ab42c679824b958eb3870368f135d55e4c8862eb527b3ca58d74f95 bytes=4173312 version=parfast version 1.5.0-beta.3 built from unknown
FIXTURE-NOINDEX rc=0 fix=<rig>\t4m4-16sep\fix-4194304-1024
SRC-NOINDEX rc=0 src=<rig>\t4m4-16sep\src
FIXTURE fix=<rig>\t4m4-16sep\fix-4194304-1024 members=16 slice=4194304 n=4096 parfiles=11
FIXTURE-RECOVERY 640 source=shape.txt
RUNG-BOUND ok max_m=352 <= recovery=640
LEG round=m320-big-fold-t4-r1 label=4m-t4-res slice=4194304 n=4096 phase=rowgate rep=1 m=320 budget=big arm=fold ntt_budget=21474836480 threads=4 prof=0 rc=0 restored=16/16 wall=34.167 cpu=164.766 peak_mb=2843.4 path=fold ntt_w= ntt_calls=0 ntt_n= windows=0 residency=resident win_slices= slabs=1 slab_width=4194304 prof_lines=0 depth0_sum=0 leaves_sum=0 combine_sum=0 combine_mean= combine_list= forney_s=0 ffs_s=26.83 unbuildable=0 blocks_written=320 strays=16 gf16force= foreign_cpu=3.1 foreign_after=26.6 load_before=6 load_after=0 errlen=1462 rig=plib.ps1:3eade0f569c667d8+wcomb.ps1:d56c541cfd7d9fb3 ts=2026-09-16T12:59:29.4961863Z
LEG round=m320-big-force-t4-r1 label=4m-t4-res slice=4194304 n=4096 phase=rowgate rep=1 m=320 budget=big arm=force ntt_budget=21474836480 threads=4 prof=0 rc=0 restored=16/16 wall=44.621 cpu=190.188 peak_mb=16426.3 path=ntt ntt_w=512 ntt_calls=1 ntt_n=3776 windows=0 residency=resident win_slices= slabs=1 slab_width=4194304 prof_lines=0 depth0_sum=0 leaves_sum=0 combine_sum=0 combine_mean= combine_list= forney_s=0 ffs_s=36.28 unbuildable=0 blocks_written=320 strays=16 gf16force= foreign_cpu=15.6 foreign_after=134.4 load_before=10 load_after=7 errlen=1561 rig=plib.ps1:3eade0f569c667d8+wcomb.ps1:d56c541cfd7d9fb3 ts=2026-09-16T13:00:34.2768453Z
LEG round=m320-big-force2-t4-r1 label=4m-t4-res slice=4194304 n=4096 phase=rowgate rep=1 m=320 budget=big arm=force2 ntt_budget=21474836480 threads=4 prof=0 rc=0 restored=16/16 wall=45.362 cpu=197.578 peak_mb=16426.3 path=ntt ntt_w=512 ntt_calls=1 ntt_n=3776 windows=0 residency=resident win_slices= slabs=1 slab_width=4194304 prof_lines=0 depth0_sum=0 leaves_sum=0 combine_sum=0 combine_mean= combine_list= forney_s=0 ffs_s=37.31 unbuildable=0 blocks_written=320 strays=16 gf16force= foreign_cpu=4.7 foreign_after=125 load_before=2 load_after=16 errlen=1561 rig=plib.ps1:3eade0f569c667d8+wcomb.ps1:d56c541cfd7d9fb3 ts=2026-09-16T13:01:39.6338283Z
LEG round=m320-big-fold2-t4-r1 label=4m-t4-res slice=4194304 n=4096 phase=rowgate rep=1 m=320 budget=big arm=fold2 ntt_budget=21474836480 threads=4 prof=0 rc=0 restored=16/16 wall=35.316 cpu=170.234 peak_mb=2843.3 path=fold ntt_w= ntt_calls=0 ntt_n= windows=0 residency=resident win_slices= slabs=1 slab_width=4194304 prof_lines=0 depth0_sum=0 leaves_sum=0 combine_sum=0 combine_mean= combine_list= forney_s=0 ffs_s=27.71 unbuildable=0 blocks_written=320 strays=16 gf16force= foreign_cpu=9.4 foreign_after=17.2 load_before=1 load_after=4 errlen=1462 rig=plib.ps1:3eade0f569c667d8+wcomb.ps1:d56c541cfd7d9fb3 ts=2026-09-16T13:02:35.6307589Z
LEG round=m352-big-fold-t4-r1 label=4m-t4-res slice=4194304 n=4096 phase=rowgate rep=1 m=352 budget=big arm=fold ntt_budget=21474836480 threads=4 prof=0 rc=0 restored=16/16 wall=36.953 cpu=176.719 peak_mb=3102.7 path=fold ntt_w= ntt_calls=0 ntt_n= windows=0 residency=resident win_slices= slabs=1 slab_width=4194304 prof_lines=0 depth0_sum=0 leaves_sum=0 combine_sum=0 combine_mean= combine_list= forney_s=0 ffs_s=29.42 unbuildable=0 blocks_written=352 strays=16 gf16force= foreign_cpu=82.8 foreign_after=23.4 load_before=0 load_after=4 errlen=1459 rig=plib.ps1:3eade0f569c667d8+wcomb.ps1:d56c541cfd7d9fb3 ts=2026-09-16T13:03:33.1494292Z
LEG round=m352-big-force-t4-r1 label=4m-t4-res slice=4194304 n=4096 phase=rowgate rep=1 m=352 budget=big arm=force ntt_budget=21474836480 threads=4 prof=0 rc=0 restored=16/16 wall=44.752 cpu=195.203 peak_mb=16425.9 path=ntt ntt_w=512 ntt_calls=1 ntt_n=3744 windows=0 residency=resident win_slices= slabs=1 slab_width=4194304 prof_lines=0 depth0_sum=0 leaves_sum=0 combine_sum=0 combine_mean= combine_list= forney_s=0 ffs_s=36.39 unbuildable=0 blocks_written=352 strays=16 gf16force= foreign_cpu=6.2 foreign_after=109.4 load_before=1 load_after=4 errlen=1561 rig=plib.ps1:3eade0f569c667d8+wcomb.ps1:d56c541cfd7d9fb3 ts=2026-09-16T13:04:39.1354204Z
LEG round=m352-big-force2-t4-r1 label=4m-t4-res slice=4194304 n=4096 phase=rowgate rep=1 m=352 budget=big arm=force2 ntt_budget=21474836480 threads=4 prof=0 rc=0 restored=16/16 wall=45.563 cpu=199.141 peak_mb=16425.9 path=ntt ntt_w=512 ntt_calls=1 ntt_n=3744 windows=0 residency=resident win_slices= slabs=1 slab_width=4194304 prof_lines=0 depth0_sum=0 leaves_sum=0 combine_sum=0 combine_mean= combine_list= forney_s=0 ffs_s=37.29 unbuildable=0 blocks_written=352 strays=16 gf16force= foreign_cpu=9.4 foreign_after=126.6 load_before=3 load_after=6 errlen=1561 rig=plib.ps1:3eade0f569c667d8+wcomb.ps1:d56c541cfd7d9fb3 ts=2026-09-16T13:05:46.0993159Z
LEG round=m352-big-fold2-t4-r1 label=4m-t4-res slice=4194304 n=4096 phase=rowgate rep=1 m=352 budget=big arm=fold2 ntt_budget=21474836480 threads=4 prof=0 rc=0 restored=16/16 wall=36.498 cpu=175.469 peak_mb=3102.6 path=fold ntt_w= ntt_calls=0 ntt_n= windows=0 residency=resident win_slices= slabs=1 slab_width=4194304 prof_lines=0 depth0_sum=0 leaves_sum=0 combine_sum=0 combine_mean= combine_list= forney_s=0 ffs_s=28.85 unbuildable=0 blocks_written=352 strays=16 gf16force= foreign_cpu=40.6 foreign_after=35.9 load_before=4 load_after=2 errlen=1462 rig=plib.ps1:3eade0f569c667d8+wcomb.ps1:d56c541cfd7d9fb3 ts=2026-09-16T13:06:44.3558780Z
ALL DONE end=2026-09-16T13:06:47.1604908Z
RIG-LOCK-RELEASED <rig>\.parfast-rig.lock
