RIG-LOCK-TAKEN <rig>\.parfast-rig.lock round=.parfast-rig pid=9988 started=2026-09-16T12:47:52.5753911Z
ROUND tag=t4m4w4096b phase=rowgate root=<rig>\t4m4-16sep bin=<rig>\t4m4-16sep\src\target\release\parfast.exe reps=1 gf16force= start=2026-09-16T12:47:52.5835771Z
BOX host=intel-core-ultra-9-386h cpu=Intel(R) Core(TM) Ultra 9 386H caption=Intel64 Family 6 Model 204 Stepping 2 cores=16 threads=16 ram_gb=31.4 os=Microsoft Windows 11 Home build=10.0.26200 Cfree_gb=566.9
HARNESS plib.ps1 sha256=3eade0f569c667d818d3efb6b86f156dd7e36ab0c55d2a2f8d34cb9a2dfead78 bytes=38546
HARNESS wcomb.ps1 sha256=d56c541cfd7d9fb35795122912aef63d148745e874c4168a925b7c703ad196c0 bytes=37856
HARNESS-RIG plib.ps1:3eade0f569c667d8+wcomb.ps1:d56c541cfd7d9fb3
BIN parfast sha256=79747be21ab42c679824b958eb3870368f135d55e4c8862eb527b3ca58d74f95 bytes=4173312 version=parfast version 1.5.0-beta.3 built from unknown
FIXTURE-NOINDEX rc=0 fix=<rig>\t4m4-16sep\fix-4194304-1024
SRC-NOINDEX rc=0 src=<rig>\t4m4-16sep\src
FIXTURE fix=<rig>\t4m4-16sep\fix-4194304-1024 members=16 slice=4194304 n=4096 parfiles=11
FIXTURE-RECOVERY 640 source=shape.txt
RUNG-BOUND ok max_m=416 <= recovery=640
LEG round=m384-4096-fold-t4-r1 label=4m-t4-w4096 slice=4194304 n=4096 phase=rowgate rep=1 m=384 budget=4096 arm=fold ntt_budget= threads=4 prof=0 rc=0 restored=16/16 wall=41.207 cpu=193.438 peak_mb=3362.8 path=fold ntt_w= ntt_calls=0 ntt_n= windows=0 residency=windowed win_slices= slabs=1 slab_width=4194304 prof_lines=0 depth0_sum=0 leaves_sum=0 combine_sum=0 combine_mean= combine_list= forney_s=0 ffs_s=33.55 unbuildable=0 blocks_written=384 strays=16 gf16force= foreign_cpu=21.9 foreign_after=17.2 load_before=1 load_after=3 errlen=1459 rig=plib.ps1:3eade0f569c667d8+wcomb.ps1:d56c541cfd7d9fb3 ts=2026-09-16T12:48:57.2195231Z
LEG round=m384-4096-force-t4-r1 label=4m-t4-w4096 slice=4194304 n=4096 phase=rowgate rep=1 m=384 budget=4096 arm=force ntt_budget= threads=4 prof=0 rc=0 restored=16/16 wall=46.33 cpu=208.047 peak_mb=5880.5 path=ntt ntt_w=512 ntt_calls=4 ntt_n=1028/1028/1028 windows=3 residency=windowed win_slices=1028/1028/1028 slabs=1 slab_width=4194304 prof_lines=0 depth0_sum=0 leaves_sum=0 combine_sum=0 combine_mean= combine_list= forney_s=0 ffs_s=38.59 unbuildable=0 blocks_written=384 strays=16 gf16force= foreign_cpu=20.3 foreign_after=9.4 load_before=5 load_after=7 errlen=2152 rig=plib.ps1:3eade0f569c667d8+wcomb.ps1:d56c541cfd7d9fb3 ts=2026-09-16T12:50:05.0544053Z
LEG round=m384-4096-force2-t4-r1 label=4m-t4-w4096 slice=4194304 n=4096 phase=rowgate rep=1 m=384 budget=4096 arm=force2 ntt_budget= threads=4 prof=0 rc=0 restored=16/16 wall=46.831 cpu=210.609 peak_mb=5880.4 path=ntt ntt_w=512 ntt_calls=4 ntt_n=1028/1028/1028 windows=3 residency=windowed win_slices=1028/1028/1028 slabs=1 slab_width=4194304 prof_lines=0 depth0_sum=0 leaves_sum=0 combine_sum=0 combine_mean= combine_list= forney_s=0 ffs_s=39.17 unbuildable=0 blocks_written=384 strays=16 gf16force= foreign_cpu=12.5 foreign_after=15.6 load_before=4 load_after=7 errlen=2152 rig=plib.ps1:3eade0f569c667d8+wcomb.ps1:d56c541cfd7d9fb3 ts=2026-09-16T12:51:13.5839291Z
LEG round=m384-4096-fold2-t4-r1 label=4m-t4-w4096 slice=4194304 n=4096 phase=rowgate rep=1 m=384 budget=4096 arm=fold2 ntt_budget= threads=4 prof=0 rc=0 restored=16/16 wall=41.127 cpu=193.438 peak_mb=3362.7 path=fold ntt_w= ntt_calls=0 ntt_n= windows=0 residency=windowed win_slices= slabs=1 slab_width=4194304 prof_lines=0 depth0_sum=0 leaves_sum=0 combine_sum=0 combine_mean= combine_list= forney_s=0 ffs_s=33.52 unbuildable=0 blocks_written=384 strays=16 gf16force= foreign_cpu=29.7 foreign_after=18.8 load_before=1 load_after=3 errlen=1462 rig=plib.ps1:3eade0f569c667d8+wcomb.ps1:d56c541cfd7d9fb3 ts=2026-09-16T12:52:16.3992631Z
LEG round=m416-4096-fold-t4-r1 label=4m-t4-w4096 slice=4194304 n=4096 phase=rowgate rep=1 m=416 budget=4096 arm=fold ntt_budget= threads=4 prof=0 rc=0 restored=16/16 wall=44.425 cpu=205.719 peak_mb=3623.2 path=fold ntt_w= ntt_calls=0 ntt_n= windows=0 residency=windowed win_slices= slabs=1 slab_width=4194304 prof_lines=0 depth0_sum=0 leaves_sum=0 combine_sum=0 combine_mean= combine_list= forney_s=0 ffs_s=36.72 unbuildable=0 blocks_written=416 strays=16 gf16force= foreign_cpu=23.4 foreign_after=35.9 load_before=1 load_after=4 errlen=1459 rig=plib.ps1:3eade0f569c667d8+wcomb.ps1:d56c541cfd7d9fb3 ts=2026-09-16T12:53:23.4897177Z
LEG round=m416-4096-force-t4-r1 label=4m-t4-w4096 slice=4194304 n=4096 phase=rowgate rep=1 m=416 budget=4096 arm=force ntt_budget= threads=4 prof=0 rc=0 restored=16/16 wall=48.33 cpu=213.922 peak_mb=6009.6 path=ntt ntt_w=512 ntt_calls=4 ntt_n=1028/1028/1028 windows=3 residency=windowed win_slices=1028/1028/1028 slabs=1 slab_width=4194304 prof_lines=0 depth0_sum=0 leaves_sum=0 combine_sum=0 combine_mean= combine_list= forney_s=0 ffs_s=40.57 unbuildable=0 blocks_written=416 strays=16 gf16force= foreign_cpu=9.4 foreign_after=26.6 load_before=6 load_after=2 errlen=2152 rig=plib.ps1:3eade0f569c667d8+wcomb.ps1:d56c541cfd7d9fb3 ts=2026-09-16T12:54:35.5788818Z
LEG round=m416-4096-force2-t4-r1 label=4m-t4-w4096 slice=4194304 n=4096 phase=rowgate rep=1 m=416 budget=4096 arm=force2 ntt_budget= threads=4 prof=0 rc=0 restored=16/16 wall=47.798 cpu=212.531 peak_mb=6009.7 path=ntt ntt_w=512 ntt_calls=4 ntt_n=1028/1028/1028 windows=3 residency=windowed win_slices=1028/1028/1028 slabs=1 slab_width=4194304 prof_lines=0 depth0_sum=0 leaves_sum=0 combine_sum=0 combine_mean= combine_list= forney_s=0 ffs_s=40.15 unbuildable=0 blocks_written=416 strays=16 gf16force= foreign_cpu=14.1 foreign_after=18.8 load_before=2 load_after=2 errlen=2152 rig=plib.ps1:3eade0f569c667d8+wcomb.ps1:d56c541cfd7d9fb3 ts=2026-09-16T12:55:46.0131305Z
LEG round=m416-4096-fold2-t4-r1 label=4m-t4-w4096 slice=4194304 n=4096 phase=rowgate rep=1 m=416 budget=4096 arm=fold2 ntt_budget= threads=4 prof=0 rc=0 restored=16/16 wall=44.402 cpu=204.078 peak_mb=3624.2 path=fold ntt_w= ntt_calls=0 ntt_n= windows=0 residency=windowed win_slices= slabs=1 slab_width=4194304 prof_lines=0 depth0_sum=0 leaves_sum=0 combine_sum=0 combine_mean= combine_list= forney_s=0 ffs_s=36.68 unbuildable=0 blocks_written=416 strays=16 gf16force= foreign_cpu=12.5 foreign_after=28.1 load_before=7 load_after=11 errlen=1459 rig=plib.ps1:3eade0f569c667d8+wcomb.ps1:d56c541cfd7d9fb3 ts=2026-09-16T12:56:53.0856946Z
ALL DONE end=2026-09-16T12:56:56.2471532Z
RIG-LOCK-RELEASED <rig>\.parfast-rig.lock
