WAIT foreign_cpu=84% ceiling=200% top=/System/Library/PrivateFrameworks/SkyLight.framework/Resources/WindowServer(188)=41% ts=2026-09-12T05:29:27Z
WAIT foreign_cpu=70% ceiling=200% top=/System/Library/PrivateFrameworks/SkyLight.framework/Resources/WindowServer(188)=44% ts=2026-09-12T05:30:27Z
BOX-QUIET foreign_cpu=60% starting <rig>/pubrun/nband.py at 2026-09-12T05:31:27Z
NBAND-START rungs=2048,2560,3072,3584,4096,4608,5120,5632,6144
RIG-LOCK-TAKEN <rig>/.parfast-rig.lock pid=18347
JCROSS-START 2026-09-12T05:31:27Z tag=nband
BOX host=apple-m1-ultra-64gb cpu=Apple M1 Ultra cores=20 ram_gb=64.0 os=macOS 26.6 free_gb=154.1
BIN parfast-jx sha256=f7c2b5230df7e3e579df5fb6cd4a97a8d6e12e78eac13fe96809eb6e7ef5e51b bytes=2806720 version=parfast version 1.5.0-beta.1 built from 8c3da7d70d2d
PROTOCOL slice=262144 recovery_blocks=16384 source_blocks=16384 redundancy_pct=100.0 damage=scattered-seeded-slice-overwrite reps=3 arms=off/fast/aa gate=sha256-all-members prewarm=full-read-of-work-dir arm_order=alternating-by-rep
ARGV off repair='r -q -t20 -T20 f.par2' env=NZBFAST_FORNEY_JOINT=0
ARGV fast repair='r -q -t20 -T20 --fast f.par2' env=-
ARGV aa repair='r -q -t20 -T20 f.par2' env=NZBFAST_FORNEY_JOINT=0
FIXTURE members=32 distinct_member_sha=32/32 bytes=4294967296 source_blocks=16384
SLICE-PROBE index=5 unique=32/32
GOLD p00.bin a498e22e545c0233ec13fe006a0ba656d2895ad57253e8e67dc7aafacde665e7
GOLD p01.bin cf2a9dcb3286d9e4c3c549871ca1f19d30140d4d224d92b13a152c8d67f9bbec
GOLD p02.bin f6bdde8d933182f1cbc47e1f65d1d36fa02f585188faed648ade4beb4de5127c
GOLD p03.bin fabe3ac63459816c0dc794db429a2112037fb2cea2c1ef6a030f3ff5d937384c
GOLD p04.bin dd4552268c863d32051823aee9c829b5384a226f5d5c7af7d2c9049cf198c7fa
GOLD p05.bin 09e8aec50a4a5494e5da4c8abb0b73b0d75074cc3e5012cc5957edda4f72f4ac
GOLD p06.bin a00665465d2f180c299a6d51000cfd69e942e2462c95a498296db7372c157264
GOLD p07.bin 2586fcb295a44dd1378c07a6ae4c602cacda65eacd13395a5be46d833d050506
GOLD p08.bin b9204350136a8e97eecd25addcaa97c6e468fa52ed4f5efa2a62e102e366e8f4
GOLD p09.bin bba0e3a59979f16693d2003b413d82861e515a37e5c771c530c355d08ae7d5e9
GOLD p10.bin 0f66298e02cc7694e2b6b15c0162f1accb94a41fcd63d04cd36ecdd99300f114
GOLD p11.bin db0d1ae4bec0f7834a48109113f79f83e9c7e97d587cff04cc048841c94b0c24
GOLD p12.bin 1fab369d2656a1e89218817fbcf5c2cfa8c965700bcfeaf854adee580b33b7e4
GOLD p13.bin 4775ab04b465e47c0d5c1cb7aec22da0e21a4e77cc3b2aa8571de44ed1793e69
GOLD p14.bin a611fc51b1b50861f3a17515764ef4964f882c25669771d631c7ad1f599c6410
GOLD p15.bin 8302e6eb6e1a38f841490dd8b6735107bf4d75c73c00dac37ea05b4cfe872999
GOLD p16.bin 701ef2e6b32bc0070fdd8046e471aa97f9f2cbdde6cc3dbd3bbed7964b5a5ef5
GOLD p17.bin f18acc505354d29b24dbaa94f840fe40d0025380fa7fde2fcb5a3fd80d66708c
GOLD p18.bin 04db4b5a88ade5975aaf0598a2f2b72e854817cf2f917e06a7d61c237e9d5809
GOLD p19.bin b3cb1a953f2723bb4ed9c5293f6ebb5f71ec0818f7df9f7220f63d78b3a4b0de
GOLD p20.bin 5640bf6693b65ca09308222a1ecbc07aebb1fa89764f0b6e3175a7b81334e386
GOLD p21.bin 57680d8b2f30396ec42a8445665a351ec6f4a7f3558eb5fea564d7dd557e9e95
GOLD p22.bin d3452e1c46603344bf56d633787bd4b34a86d77ff4b4b076120545abb767f571
GOLD p23.bin 2f4578a237d912206ffddcfa06e2b2ac4a6a8bd56e36f0ab3523a4585ccb85b4
GOLD p24.bin 266acc7648b30195df36035fb39fb0ef5d42b4bec46f0663e8531e046d05b159
GOLD p25.bin f05bf415ae78149a08a5a94395be039af26a6683feacc0099ad5f3e7f5d5e1de
GOLD p26.bin 50aeb1fd132cbde315806c12d6db2ad1307fccb4a44e97dbf3e0f7fb1ada155c
GOLD p27.bin a84f486e10908bfaf9c112cafe69ee2d397eb42bfbbe76b15f9a94341111b661
GOLD p28.bin 4739f855a0327157cf5c28a5176f9dace77a735a955c67cd93a5c692ed6d5766
GOLD p29.bin 1b0866022f6eb1156f8f958a0d7056faf0b58f4b73a2cd81be418503389eb9d8
GOLD p30.bin de554f2d2cf82754cfcc21ab33eb0f477fec74a3002c02b7e2a0b17ca5492941
GOLD p31.bin f3ddd162904f43a0aedc58c24531757b32b485b136d0630ca5acfadef60c220d
CREATE reused par2files=16
WARMUP-START 2026-09-12T05:31:32Z
WARN-FOREIGN-CPU at=warm-off foreign_cpu=193% ceiling=200% top=[/usr/sbin/spindump(687)=95% /System/Library/DriverExtensions/com.apple.DriverKit-AppleBCMWLAN.dext/com.apple.DriverKit-AppleBCMWLAN(374)=46% /System/Library/PrivateFrameworks/SkyLight.framework/Resources/WindowServer(188)=38% /System/Library/ExtensionKit/Extensions/Monterey.appex/Contents/MacOS/Monterey(17666)=12%]
LEG round=nband rep=0 m=64 arm=off wall=2.028 cpu=31.129 cpu_over_wall=15.35 peak_mb=4222.0 rc=0 restored=32/32 damaged_members=25 blocks_written=64 strays=25 seed=20260911 stage1=no-label stage2=no-label foreign_cpu=213.0 errlen=936 ts=2026-09-12T05:31:36Z
LEG round=nband rep=0 m=64 arm=fast wall=2.002 cpu=31.109 cpu_over_wall=15.54 peak_mb=4222.1 rc=0 restored=32/32 damaged_members=25 blocks_written=64 strays=25 seed=20260911 stage1=no-label stage2=no-label foreign_cpu=49.8 errlen=1074 ts=2026-09-12T05:31:46Z
LEG round=nband rep=0 m=64 arm=aa wall=1.994 cpu=31.211 cpu_over_wall=15.65 peak_mb=4212.0 rc=0 restored=32/32 damaged_members=25 blocks_written=64 strays=25 seed=20260911 stage1=no-label stage2=no-label foreign_cpu=50.1 errlen=936 ts=2026-09-12T05:31:56Z
WARMUP-END 2026-09-12T05:32:02Z
LEG round=nband rep=1 m=2048 arm=off wall=3.798 cpu=60.704 cpu_over_wall=15.98 peak_mb=6121.0 rc=0 restored=32/32 damaged_members=32 blocks_written=2048 strays=32 seed=20275248 stage1=no-label stage2=evaluate, 128 group(s) in tiles of 31, stripe 512w foreign_cpu=53.6 errlen=1161 ts=2026-09-12T05:32:08Z
LEG round=nband rep=1 m=2048 arm=fast wall=3.815 cpu=60.406 cpu_over_wall=15.83 peak_mb=6050.3 rc=0 restored=32/32 damaged_members=32 blocks_written=2048 strays=32 seed=20275248 stage1=whole/demand, stripe 512w stage2=FALLBACK foreign_cpu=54.4 errlen=1395 ts=2026-09-12T05:32:22Z
LEG round=nband rep=1 m=2048 arm=aa wall=3.787 cpu=60.913 cpu_over_wall=16.08 peak_mb=6126.8 rc=0 restored=32/32 damaged_members=32 blocks_written=2048 strays=32 seed=20275248 stage1=no-label stage2=evaluate, 128 group(s) in tiles of 31, stripe 512w foreign_cpu=49.1 errlen=1161 ts=2026-09-12T05:32:34Z
LEG round=nband rep=1 m=2560 arm=off wall=4.126 cpu=66.117 cpu_over_wall=16.02 peak_mb=6263.1 rc=0 restored=32/32 damaged_members=32 blocks_written=2560 strays=32 seed=20278832 stage1=no-label stage2=evaluate, 128 group(s) in tiles of 31, stripe 512w foreign_cpu=49.7 errlen=1155 ts=2026-09-12T05:32:48Z
LEG round=nband rep=1 m=2560 arm=fast wall=4.225 cpu=67.361 cpu_over_wall=15.94 peak_mb=6261.3 rc=0 restored=32/32 damaged_members=32 blocks_written=2560 strays=32 seed=20278832 stage1=whole/demand, stripe 256w stage2=FALLBACK foreign_cpu=53.6 errlen=1383 ts=2026-09-12T05:33:02Z
LEG round=nband rep=1 m=2560 arm=aa wall=4.196 cpu=66.696 cpu_over_wall=15.9 peak_mb=6263.6 rc=0 restored=32/32 damaged_members=32 blocks_written=2560 strays=32 seed=20278832 stage1=no-label stage2=evaluate, 128 group(s) in tiles of 31, stripe 512w foreign_cpu=48.3 errlen=1155 ts=2026-09-12T05:33:16Z
LEG round=nband rep=1 m=3072 arm=off wall=4.442 cpu=70.084 cpu_over_wall=15.78 peak_mb=5482.3 rc=0 restored=32/32 damaged_members=32 blocks_written=3072 strays=32 seed=20282416 stage1=no-label stage2=evaluate, 128 group(s) in tiles of 31, stripe 512w foreign_cpu=51.9 errlen=1155 ts=2026-09-12T05:33:30Z
LEG round=nband rep=1 m=3072 arm=fast wall=4.463 cpu=70.493 cpu_over_wall=15.79 peak_mb=5521.9 rc=0 restored=32/32 damaged_members=32 blocks_written=3072 strays=32 seed=20282416 stage1=whole/demand, stripe 256w stage2=FALLBACK foreign_cpu=54.8 errlen=1383 ts=2026-09-12T05:33:45Z
LEG round=nband rep=1 m=3072 arm=aa wall=4.515 cpu=70.398 cpu_over_wall=15.59 peak_mb=5491.7 rc=0 restored=32/32 damaged_members=32 blocks_written=3072 strays=32 seed=20282416 stage1=no-label stage2=evaluate, 128 group(s) in tiles of 31, stripe 512w foreign_cpu=47.6 errlen=1155 ts=2026-09-12T05:33:59Z
WARN-FOREIGN-CPU at=r1-m3584-off foreign_cpu=79% ceiling=200% top=[/System/Library/PrivateFrameworks/SkyLight.framework/Resources/WindowServer(188)=36% com.macpaw.CleanMyMac4.HealthMonitor(769)=17% com.macpaw.CleanMyMac4.Menu(779)=11% /System/Library/ExtensionKit/Extensions/Monterey.appex/Contents/MacOS/Monterey(17666)=10%]
LEG round=nband rep=1 m=3584 arm=off wall=4.771 cpu=74.322 cpu_over_wall=15.58 peak_mb=5685.0 rc=0 restored=32/32 damaged_members=32 blocks_written=3584 strays=32 seed=20286000 stage1=no-label stage2=evaluate, 128 group(s) in tiles of 31, stripe 512w foreign_cpu=79.2 errlen=1151 ts=2026-09-12T05:34:14Z
LEG round=nband rep=1 m=3584 arm=fast wall=4.7 cpu=73.653 cpu_over_wall=15.67 peak_mb=5683.5 rc=0 restored=32/32 damaged_members=32 blocks_written=3584 strays=32 seed=20286000 stage1=whole/demand, stripe 256w stage2=FALLBACK foreign_cpu=45.5 errlen=1377 ts=2026-09-12T05:34:29Z
WARN-FOREIGN-CPU at=r1-m3584-aa foreign_cpu=77% ceiling=200% top=[/System/Library/PrivateFrameworks/SkyLight.framework/Resources/WindowServer(188)=36% com.macpaw.CleanMyMac4.HealthMonitor(769)=15% /System/Library/ExtensionKit/Extensions/Monterey.appex/Contents/MacOS/Monterey(17666)=10% com.macpaw.CleanMyMac4.Menu(779)=8%]
LEG round=nband rep=1 m=3584 arm=aa wall=4.878 cpu=74.647 cpu_over_wall=15.3 peak_mb=5688.2 rc=0 restored=32/32 damaged_members=32 blocks_written=3584 strays=32 seed=20286000 stage1=no-label stage2=evaluate, 128 group(s) in tiles of 31, stripe 512w foreign_cpu=69.2 errlen=1151 ts=2026-09-12T05:34:45Z
LEG round=nband rep=1 m=4096 arm=off wall=5.166 cpu=79.11 cpu_over_wall=15.31 peak_mb=5882.4 rc=0 restored=32/32 damaged_members=32 blocks_written=4096 strays=32 seed=20289584 stage1=no-label stage2=evaluate, 128 group(s) in tiles of 31, stripe 512w foreign_cpu=46.5 errlen=1151 ts=2026-09-12T05:35:00Z
LEG round=nband rep=1 m=4096 arm=fast wall=4.901 cpu=76.153 cpu_over_wall=15.54 peak_mb=5882.8 rc=0 restored=32/32 damaged_members=32 blocks_written=4096 strays=32 seed=20289584 stage1=whole/demand, stripe 512w stage2=FALLBACK foreign_cpu=46.9 errlen=1377 ts=2026-09-12T05:35:16Z
LEG round=nband rep=1 m=4096 arm=aa wall=5.196 cpu=79.338 cpu_over_wall=15.27 peak_mb=5882.6 rc=0 restored=32/32 damaged_members=32 blocks_written=4096 strays=32 seed=20289584 stage1=no-label stage2=evaluate, 128 group(s) in tiles of 31, stripe 512w foreign_cpu=48.9 errlen=1151 ts=2026-09-12T05:35:32Z
LEG round=nband rep=1 m=4608 arm=off wall=5.46 cpu=83.855 cpu_over_wall=15.36 peak_mb=6120.5 rc=0 restored=32/32 damaged_members=32 blocks_written=4608 strays=32 seed=20293168 stage1=no-label stage2=evaluate, 128 group(s) in tiles of 31, stripe 512w foreign_cpu=48.4 errlen=1151 ts=2026-09-12T05:35:49Z
LEG round=nband rep=1 m=4608 arm=fast wall=5.496 cpu=85.457 cpu_over_wall=15.55 peak_mb=6062.9 rc=0 restored=32/32 damaged_members=32 blocks_written=4608 strays=32 seed=20293168 stage1=whole/demand, stripe 256w stage2=FALLBACK foreign_cpu=50.9 errlen=1377 ts=2026-09-12T05:36:05Z
LEG round=nband rep=1 m=4608 arm=aa wall=5.453 cpu=83.83 cpu_over_wall=15.37 peak_mb=6130.4 rc=0 restored=32/32 damaged_members=32 blocks_written=4608 strays=32 seed=20293168 stage1=no-label stage2=evaluate, 128 group(s) in tiles of 31, stripe 512w foreign_cpu=52.6 errlen=1151 ts=2026-09-12T05:36:22Z
LEG round=nband rep=1 m=5120 arm=off wall=5.734 cpu=86.299 cpu_over_wall=15.05 peak_mb=6219.3 rc=0 restored=32/32 damaged_members=32 blocks_written=5120 strays=32 seed=20296752 stage1=no-label stage2=evaluate, 128 group(s) in tiles of 31, stripe 512w foreign_cpu=50.4 errlen=1151 ts=2026-09-12T05:36:39Z
LEG round=nband rep=1 m=5120 arm=fast wall=5.606 cpu=87.266 cpu_over_wall=15.57 peak_mb=6222.6 rc=0 restored=32/32 damaged_members=32 blocks_written=5120 strays=32 seed=20296752 stage1=whole/demand, stripe 256w stage2=FALLBACK foreign_cpu=55.5 errlen=1377 ts=2026-09-12T05:36:56Z
LEG round=nband rep=1 m=5120 arm=aa wall=5.721 cpu=86.021 cpu_over_wall=15.04 peak_mb=6220.5 rc=0 restored=32/32 damaged_members=32 blocks_written=5120 strays=32 seed=20296752 stage1=no-label stage2=evaluate, 128 group(s) in tiles of 31, stripe 512w foreign_cpu=50.2 errlen=1151 ts=2026-09-12T05:37:13Z
LEG round=nband rep=1 m=5632 arm=off wall=5.899 cpu=89.599 cpu_over_wall=15.19 peak_mb=6379.2 rc=0 restored=32/32 damaged_members=32 blocks_written=5632 strays=32 seed=20300336 stage1=no-label stage2=evaluate, 128 group(s) in tiles of 31, stripe 512w foreign_cpu=52.8 errlen=1151 ts=2026-09-12T05:37:31Z
LEG round=nband rep=1 m=5632 arm=fast wall=5.781 cpu=89.266 cpu_over_wall=15.44 peak_mb=6381.7 rc=0 restored=32/32 damaged_members=32 blocks_written=5632 strays=32 seed=20300336 stage1=whole/demand, stripe 256w stage2=FALLBACK foreign_cpu=48.3 errlen=1377 ts=2026-09-12T05:37:48Z
LEG round=nband rep=1 m=5632 arm=aa wall=5.91 cpu=89.283 cpu_over_wall=15.11 peak_mb=6436.3 rc=0 restored=32/32 damaged_members=32 blocks_written=5632 strays=32 seed=20300336 stage1=no-label stage2=evaluate, 128 group(s) in tiles of 31, stripe 512w foreign_cpu=48.1 errlen=1151 ts=2026-09-12T05:38:06Z
LEG round=nband rep=1 m=6144 arm=off wall=6.104 cpu=93.251 cpu_over_wall=15.28 peak_mb=6546.1 rc=0 restored=32/32 damaged_members=32 blocks_written=6144 strays=32 seed=20303920 stage1=no-label stage2=evaluate, 128 group(s) in tiles of 31, stripe 512w foreign_cpu=48.0 errlen=1151 ts=2026-09-12T05:38:24Z
LEG round=nband rep=1 m=6144 arm=fast wall=5.912 cpu=91.39 cpu_over_wall=15.46 peak_mb=6538.3 rc=0 restored=32/32 damaged_members=32 blocks_written=6144 strays=32 seed=20303920 stage1=whole/demand, stripe 256w stage2=FALLBACK foreign_cpu=50.9 errlen=1377 ts=2026-09-12T05:38:42Z
LEG round=nband rep=1 m=6144 arm=aa wall=6.123 cpu=92.997 cpu_over_wall=15.19 peak_mb=6611.3 rc=0 restored=32/32 damaged_members=32 blocks_written=6144 strays=32 seed=20303920 stage1=no-label stage2=evaluate, 128 group(s) in tiles of 31, stripe 512w foreign_cpu=49.2 errlen=1151 ts=2026-09-12T05:39:00Z
JCROSS-REP-END rep=1 2026-09-12T05:39:07Z
WARN-FOREIGN-CPU at=r2-m2048-aa foreign_cpu=75% ceiling=200% top=[/System/Library/PrivateFrameworks/SkyLight.framework/Resources/WindowServer(188)=36% com.macpaw.CleanMyMac4.HealthMonitor(769)=16% /System/Library/ExtensionKit/Extensions/Monterey.appex/Contents/MacOS/Monterey(17666)=11% com.macpaw.CleanMyMac4.Menu(779)=10%]
LEG round=nband rep=2 m=2048 arm=aa wall=4.11 cpu=62.809 cpu_over_wall=15.28 peak_mb=6123.4 rc=0 restored=32/32 damaged_members=32 blocks_written=2048 strays=32 seed=20275249 stage1=no-label stage2=evaluate, 128 group(s) in tiles of 31, stripe 512w foreign_cpu=75.1 errlen=1161 ts=2026-09-12T05:39:14Z
WARN-FOREIGN-CPU at=r2-m2048-fast foreign_cpu=68% ceiling=200% top=[/System/Library/PrivateFrameworks/SkyLight.framework/Resources/WindowServer(188)=37% <app> Creative Cloud Experience/CCXProcess/CCXProcess.app/Contents/MacOS/../libs/Creative Cloud Content Manager.node(823)=17% /System/Library/ExtensionKit/Extensions/Monterey.appex/Contents/MacOS/Monterey(17666)=12% /System/Cryptexes/App/usr/libexec/SafariBookmarksSyncAgent(731)=2%]
LEG round=nband rep=2 m=2048 arm=fast wall=4.035 cpu=62.382 cpu_over_wall=15.46 peak_mb=6053.8 rc=0 restored=32/32 damaged_members=32 blocks_written=2048 strays=32 seed=20275249 stage1=whole/demand, stripe 512w stage2=FALLBACK foreign_cpu=61.3 errlen=1393 ts=2026-09-12T05:39:27Z
LEG round=nband rep=2 m=2048 arm=off wall=4.114 cpu=62.708 cpu_over_wall=15.24 peak_mb=6043.6 rc=0 restored=32/32 damaged_members=32 blocks_written=2048 strays=32 seed=20275249 stage1=no-label stage2=evaluate, 128 group(s) in tiles of 31, stripe 512w foreign_cpu=52.8 errlen=1161 ts=2026-09-12T05:39:41Z
LEG round=nband rep=2 m=2560 arm=aa wall=4.461 cpu=67.782 cpu_over_wall=15.19 peak_mb=6261.7 rc=0 restored=32/32 damaged_members=32 blocks_written=2560 strays=32 seed=20278833 stage1=no-label stage2=evaluate, 128 group(s) in tiles of 31, stripe 512w foreign_cpu=54.3 errlen=1155 ts=2026-09-12T05:39:55Z
LEG round=nband rep=2 m=2560 arm=fast wall=4.43 cpu=68.994 cpu_over_wall=15.57 peak_mb=6263.5 rc=0 restored=32/32 damaged_members=32 blocks_written=2560 strays=32 seed=20278833 stage1=whole/demand, stripe 256w stage2=FALLBACK foreign_cpu=50.0 errlen=1383 ts=2026-09-12T05:40:09Z
LEG round=nband rep=2 m=2560 arm=off wall=4.381 cpu=67.819 cpu_over_wall=15.48 peak_mb=6260.8 rc=0 restored=32/32 damaged_members=32 blocks_written=2560 strays=32 seed=20278833 stage1=no-label stage2=evaluate, 128 group(s) in tiles of 31, stripe 512w foreign_cpu=48.8 errlen=1155 ts=2026-09-12T05:40:23Z
LEG round=nband rep=2 m=3072 arm=aa wall=4.682 cpu=71.318 cpu_over_wall=15.23 peak_mb=5483.4 rc=0 restored=32/32 damaged_members=32 blocks_written=3072 strays=32 seed=20282417 stage1=no-label stage2=evaluate, 128 group(s) in tiles of 31, stripe 512w foreign_cpu=52.1 errlen=1155 ts=2026-09-12T05:40:38Z
LEG round=nband rep=2 m=3072 arm=fast wall=4.58 cpu=71.364 cpu_over_wall=15.58 peak_mb=5482.8 rc=0 restored=32/32 damaged_members=32 blocks_written=3072 strays=32 seed=20282417 stage1=whole/demand, stripe 256w stage2=FALLBACK foreign_cpu=48.6 errlen=1383 ts=2026-09-12T05:40:52Z
LEG round=nband rep=2 m=3072 arm=off wall=4.639 cpu=71.48 cpu_over_wall=15.41 peak_mb=5522.6 rc=0 restored=32/32 damaged_members=32 blocks_written=3072 strays=32 seed=20282417 stage1=no-label stage2=evaluate, 128 group(s) in tiles of 31, stripe 512w foreign_cpu=63.7 errlen=1155 ts=2026-09-12T05:41:07Z
LEG round=nband rep=2 m=3584 arm=aa wall=4.914 cpu=75.199 cpu_over_wall=15.3 peak_mb=5684.8 rc=0 restored=32/32 damaged_members=32 blocks_written=3584 strays=32 seed=20286001 stage1=no-label stage2=evaluate, 128 group(s) in tiles of 31, stripe 512w foreign_cpu=50.2 errlen=1151 ts=2026-09-12T05:41:22Z
LEG round=nband rep=2 m=3584 arm=fast wall=4.78 cpu=74.177 cpu_over_wall=15.52 peak_mb=5683.1 rc=0 restored=32/32 damaged_members=32 blocks_written=3584 strays=32 seed=20286001 stage1=whole/demand, stripe 256w stage2=FALLBACK foreign_cpu=48.8 errlen=1377 ts=2026-09-12T05:41:37Z
LEG round=nband rep=2 m=3584 arm=off wall=4.984 cpu=75.211 cpu_over_wall=15.09 peak_mb=5682.4 rc=0 restored=32/32 damaged_members=32 blocks_written=3584 strays=32 seed=20286001 stage1=no-label stage2=evaluate, 128 group(s) in tiles of 31, stripe 512w foreign_cpu=50.1 errlen=1151 ts=2026-09-12T05:41:53Z
LEG round=nband rep=2 m=4096 arm=aa wall=5.258 cpu=79.706 cpu_over_wall=15.16 peak_mb=5881.3 rc=0 restored=32/32 damaged_members=32 blocks_written=4096 strays=32 seed=20289585 stage1=no-label stage2=evaluate, 128 group(s) in tiles of 31, stripe 512w foreign_cpu=51.2 errlen=1151 ts=2026-09-12T05:42:09Z
LEG round=nband rep=2 m=4096 arm=fast wall=4.924 cpu=76.285 cpu_over_wall=15.49 peak_mb=5881.7 rc=0 restored=32/32 damaged_members=32 blocks_written=4096 strays=32 seed=20289585 stage1=whole/demand, stripe 512w stage2=FALLBACK foreign_cpu=55.7 errlen=1377 ts=2026-09-12T05:42:25Z
LEG round=nband rep=2 m=4096 arm=off wall=5.202 cpu=79.32 cpu_over_wall=15.25 peak_mb=5881.8 rc=0 restored=32/32 damaged_members=32 blocks_written=4096 strays=32 seed=20289585 stage1=no-label stage2=evaluate, 128 group(s) in tiles of 31, stripe 512w foreign_cpu=61.0 errlen=1151 ts=2026-09-12T05:42:41Z
LEG round=nband rep=2 m=4608 arm=aa wall=5.457 cpu=83.796 cpu_over_wall=15.36 peak_mb=6064.6 rc=0 restored=32/32 damaged_members=32 blocks_written=4608 strays=32 seed=20293169 stage1=no-label stage2=evaluate, 128 group(s) in tiles of 31, stripe 512w foreign_cpu=48.7 errlen=1151 ts=2026-09-12T05:42:57Z
WARN-FOREIGN-CPU at=r2-m4608-fast foreign_cpu=162% ceiling=200% top=[/usr/bin/top(19610)=71% /System/Library/PrivateFrameworks/SkyLight.framework/Resources/WindowServer(188)=36% /sbin/launchd(1)=16% com.macpaw.CleanMyMac4.HealthMonitor(769)=15%]
LEG round=nband rep=2 m=4608 arm=fast wall=5.497 cpu=85.675 cpu_over_wall=15.59 peak_mb=6065.7 rc=0 restored=32/32 damaged_members=32 blocks_written=4608 strays=32 seed=20293169 stage1=whole/demand, stripe 256w stage2=FALLBACK foreign_cpu=161.8 errlen=1377 ts=2026-09-12T05:43:14Z
LEG round=nband rep=2 m=4608 arm=off wall=5.45 cpu=83.958 cpu_over_wall=15.41 peak_mb=6086.5 rc=0 restored=32/32 damaged_members=32 blocks_written=4608 strays=32 seed=20293169 stage1=no-label stage2=evaluate, 128 group(s) in tiles of 31, stripe 512w foreign_cpu=65.4 errlen=1151 ts=2026-09-12T05:43:30Z
LEG round=nband rep=2 m=5120 arm=aa wall=5.711 cpu=86.346 cpu_over_wall=15.12 peak_mb=6222.0 rc=0 restored=32/32 damaged_members=32 blocks_written=5120 strays=32 seed=20296753 stage1=no-label stage2=evaluate, 128 group(s) in tiles of 31, stripe 512w foreign_cpu=56.8 errlen=1151 ts=2026-09-12T05:43:47Z
LEG round=nband rep=2 m=5120 arm=fast wall=5.649 cpu=86.934 cpu_over_wall=15.39 peak_mb=6223.6 rc=0 restored=32/32 damaged_members=32 blocks_written=5120 strays=32 seed=20296753 stage1=whole/demand, stripe 256w stage2=FALLBACK foreign_cpu=48.2 errlen=1377 ts=2026-09-12T05:44:04Z
LEG round=nband rep=2 m=5120 arm=off wall=5.634 cpu=86.279 cpu_over_wall=15.31 peak_mb=6223.4 rc=0 restored=32/32 damaged_members=32 blocks_written=5120 strays=32 seed=20296753 stage1=no-label stage2=evaluate, 128 group(s) in tiles of 31, stripe 512w foreign_cpu=47.8 errlen=1151 ts=2026-09-12T05:44:22Z
LEG round=nband rep=2 m=5632 arm=aa wall=5.916 cpu=89.358 cpu_over_wall=15.1 peak_mb=6480.5 rc=0 restored=32/32 damaged_members=32 blocks_written=5632 strays=32 seed=20300337 stage1=no-label stage2=evaluate, 128 group(s) in tiles of 31, stripe 512w foreign_cpu=54.6 errlen=1151 ts=2026-09-12T05:44:39Z
LEG round=nband rep=2 m=5632 arm=fast wall=5.762 cpu=88.882 cpu_over_wall=15.43 peak_mb=6379.9 rc=0 restored=32/32 damaged_members=32 blocks_written=5632 strays=32 seed=20300337 stage1=whole/demand, stripe 256w stage2=FALLBACK foreign_cpu=48.3 errlen=1377 ts=2026-09-12T05:44:57Z
WARN-FOREIGN-CPU at=r2-m5632-off foreign_cpu=67% ceiling=200% top=[/System/Library/PrivateFrameworks/SkyLight.framework/Resources/WindowServer(188)=35% /System/Library/ExtensionKit/Extensions/Monterey.appex/Contents/MacOS/Monterey(17666)=11% /usr/bin/top(19785)=11% com.macpaw.CleanMyMac4.HealthMonitor(769)=5%]
LEG round=nband rep=2 m=5632 arm=off wall=5.836 cpu=89.119 cpu_over_wall=15.27 peak_mb=6381.5 rc=0 restored=32/32 damaged_members=32 blocks_written=5632 strays=32 seed=20300337 stage1=no-label stage2=evaluate, 128 group(s) in tiles of 31, stripe 512w foreign_cpu=66.8 errlen=1151 ts=2026-09-12T05:45:14Z
LEG round=nband rep=2 m=6144 arm=aa wall=6.219 cpu=92.973 cpu_over_wall=14.95 peak_mb=6610.9 rc=0 restored=32/32 damaged_members=32 blocks_written=6144 strays=32 seed=20303921 stage1=no-label stage2=evaluate, 128 group(s) in tiles of 31, stripe 512w foreign_cpu=47.0 errlen=1151 ts=2026-09-12T05:45:33Z
LEG round=nband rep=2 m=6144 arm=fast wall=5.854 cpu=91.337 cpu_over_wall=15.6 peak_mb=6538.2 rc=0 restored=32/32 damaged_members=32 blocks_written=6144 strays=32 seed=20303921 stage1=whole/demand, stripe 256w stage2=FALLBACK foreign_cpu=46.7 errlen=1377 ts=2026-09-12T05:45:51Z
WARN-FOREIGN-CPU at=r2-m6144-off foreign_cpu=117% ceiling=200% top=[/System/Library/DriverExtensions/com.apple.DriverKit-AppleBCMWLAN.dext/com.apple.DriverKit-AppleBCMWLAN(374)=47% /System/Library/PrivateFrameworks/SkyLight.framework/Resources/WindowServer(188)=35% /System/Library/ExtensionKit/Extensions/Monterey.appex/Contents/MacOS/Monterey(17666)=12% /usr/libexec/mdmclient(19889)=8%]
LEG round=nband rep=2 m=6144 arm=off wall=6.126 cpu=93.008 cpu_over_wall=15.18 peak_mb=6540.7 rc=0 restored=32/32 damaged_members=32 blocks_written=6144 strays=32 seed=20303921 stage1=no-label stage2=evaluate, 128 group(s) in tiles of 31, stripe 512w foreign_cpu=137.6 errlen=1151 ts=2026-09-12T05:46:10Z
JCROSS-REP-END rep=2 2026-09-12T05:46:17Z
LEG round=nband rep=3 m=2048 arm=off wall=4.134 cpu=62.76 cpu_over_wall=15.18 peak_mb=6046.0 rc=0 restored=32/32 damaged_members=32 blocks_written=2048 strays=32 seed=20275250 stage1=no-label stage2=evaluate, 128 group(s) in tiles of 31, stripe 512w foreign_cpu=47.2 errlen=1161 ts=2026-09-12T05:46:24Z
LEG round=nband rep=3 m=2048 arm=fast wall=4.068 cpu=62.448 cpu_over_wall=15.35 peak_mb=6052.3 rc=0 restored=32/32 damaged_members=32 blocks_written=2048 strays=32 seed=20275250 stage1=whole/demand, stripe 512w stage2=FALLBACK foreign_cpu=49.9 errlen=1393 ts=2026-09-12T05:46:37Z
LEG round=nband rep=3 m=2048 arm=aa wall=4.089 cpu=62.854 cpu_over_wall=15.37 peak_mb=6049.0 rc=0 restored=32/32 damaged_members=32 blocks_written=2048 strays=32 seed=20275250 stage1=no-label stage2=evaluate, 128 group(s) in tiles of 31, stripe 512w foreign_cpu=56.8 errlen=1161 ts=2026-09-12T05:46:51Z
WARN-FOREIGN-CPU at=r3-m2560-off foreign_cpu=73% ceiling=200% top=[/System/Library/PrivateFrameworks/SkyLight.framework/Resources/WindowServer(188)=43% /System/Library/CoreServices/loginwindow.app/Contents/MacOS/loginwindow(191)=20% /System/Library/ExtensionKit/Extensions/Monterey.appex/Contents/MacOS/Monterey(17666)=10%]
LEG round=nband rep=3 m=2560 arm=off wall=4.459 cpu=67.9 cpu_over_wall=15.23 peak_mb=6261.2 rc=0 restored=32/32 damaged_members=32 blocks_written=2560 strays=32 seed=20278834 stage1=no-label stage2=evaluate, 128 group(s) in tiles of 31, stripe 512w foreign_cpu=73.1 errlen=1155 ts=2026-09-12T05:47:05Z
LEG round=nband rep=3 m=2560 arm=fast wall=4.408 cpu=69.033 cpu_over_wall=15.66 peak_mb=6262.1 rc=0 restored=32/32 damaged_members=32 blocks_written=2560 strays=32 seed=20278834 stage1=whole/demand, stripe 256w stage2=FALLBACK foreign_cpu=49.3 errlen=1383 ts=2026-09-12T05:47:19Z
LEG round=nband rep=3 m=2560 arm=aa wall=4.491 cpu=67.987 cpu_over_wall=15.14 peak_mb=6260.2 rc=0 restored=32/32 damaged_members=32 blocks_written=2560 strays=32 seed=20278834 stage1=no-label stage2=evaluate, 128 group(s) in tiles of 31, stripe 512w foreign_cpu=48.9 errlen=1155 ts=2026-09-12T05:47:33Z
LEG round=nband rep=3 m=3072 arm=off wall=4.637 cpu=71.428 cpu_over_wall=15.4 peak_mb=5485.6 rc=0 restored=32/32 damaged_members=32 blocks_written=3072 strays=32 seed=20282418 stage1=no-label stage2=evaluate, 128 group(s) in tiles of 31, stripe 512w foreign_cpu=52.6 errlen=1155 ts=2026-09-12T05:47:48Z
LEG round=nband rep=3 m=3072 arm=fast wall=4.616 cpu=70.962 cpu_over_wall=15.37 peak_mb=5532.6 rc=0 restored=32/32 damaged_members=32 blocks_written=3072 strays=32 seed=20282418 stage1=whole/demand, stripe 256w stage2=FALLBACK foreign_cpu=49.3 errlen=1383 ts=2026-09-12T05:48:02Z
LEG round=nband rep=3 m=3072 arm=aa wall=4.65 cpu=71.392 cpu_over_wall=15.35 peak_mb=5483.8 rc=0 restored=32/32 damaged_members=32 blocks_written=3072 strays=32 seed=20282418 stage1=no-label stage2=evaluate, 128 group(s) in tiles of 31, stripe 512w foreign_cpu=51.9 errlen=1155 ts=2026-09-12T05:48:17Z
LEG round=nband rep=3 m=3584 arm=off wall=4.977 cpu=75.291 cpu_over_wall=15.13 peak_mb=5682.8 rc=0 restored=32/32 damaged_members=32 blocks_written=3584 strays=32 seed=20286002 stage1=no-label stage2=evaluate, 128 group(s) in tiles of 31, stripe 512w foreign_cpu=53.5 errlen=1151 ts=2026-09-12T05:48:32Z
LEG round=nband rep=3 m=3584 arm=fast wall=4.737 cpu=74.158 cpu_over_wall=15.66 peak_mb=5684.1 rc=0 restored=32/32 damaged_members=32 blocks_written=3584 strays=32 seed=20286002 stage1=whole/demand, stripe 256w stage2=FALLBACK foreign_cpu=57.7 errlen=1377 ts=2026-09-12T05:48:48Z
LEG round=nband rep=3 m=3584 arm=aa wall=4.911 cpu=75.036 cpu_over_wall=15.28 peak_mb=5682.0 rc=0 restored=32/32 damaged_members=32 blocks_written=3584 strays=32 seed=20286002 stage1=no-label stage2=evaluate, 128 group(s) in tiles of 31, stripe 512w foreign_cpu=47.7 errlen=1151 ts=2026-09-12T05:49:03Z
LEG round=nband rep=3 m=4096 arm=off wall=5.234 cpu=79.204 cpu_over_wall=15.13 peak_mb=5883.9 rc=0 restored=32/32 damaged_members=32 blocks_written=4096 strays=32 seed=20289586 stage1=no-label stage2=evaluate, 128 group(s) in tiles of 31, stripe 512w foreign_cpu=49.9 errlen=1151 ts=2026-09-12T05:49:19Z
LEG round=nband rep=3 m=4096 arm=fast wall=4.96 cpu=76.502 cpu_over_wall=15.42 peak_mb=5883.1 rc=0 restored=32/32 damaged_members=32 blocks_written=4096 strays=32 seed=20289586 stage1=whole/demand, stripe 512w stage2=FALLBACK foreign_cpu=47.8 errlen=1377 ts=2026-09-12T05:49:34Z
LEG round=nband rep=3 m=4096 arm=aa wall=5.305 cpu=79.566 cpu_over_wall=15.0 peak_mb=5884.4 rc=0 restored=32/32 damaged_members=32 blocks_written=4096 strays=32 seed=20289586 stage1=no-label stage2=evaluate, 128 group(s) in tiles of 31, stripe 512w foreign_cpu=51.6 errlen=1151 ts=2026-09-12T05:49:50Z
WARN-FOREIGN-CPU at=r3-m4608-off foreign_cpu=82% ceiling=200% top=[/System/Library/PrivateFrameworks/SkyLight.framework/Resources/WindowServer(188)=43% /System/Library/CoreServices/loginwindow.app/Contents/MacOS/loginwindow(191)=27% /System/Library/ExtensionKit/Extensions/Monterey.appex/Contents/MacOS/Monterey(17666)=9% /System/Cryptexes/App/usr/libexec/SafariBookmarksSyncAgent(731)=2%]
LEG round=nband rep=3 m=4608 arm=off wall=5.55 cpu=83.648 cpu_over_wall=15.07 peak_mb=6060.9 rc=0 restored=32/32 damaged_members=32 blocks_written=4608 strays=32 seed=20293170 stage1=no-label stage2=evaluate, 128 group(s) in tiles of 31, stripe 512w foreign_cpu=82.1 errlen=1151 ts=2026-09-12T05:50:07Z
LEG round=nband rep=3 m=4608 arm=fast wall=5.49 cpu=85.463 cpu_over_wall=15.57 peak_mb=6066.6 rc=0 restored=32/32 damaged_members=32 blocks_written=4608 strays=32 seed=20293170 stage1=whole/demand, stripe 256w stage2=FALLBACK foreign_cpu=49.9 errlen=1377 ts=2026-09-12T05:50:24Z
LEG round=nband rep=3 m=4608 arm=aa wall=5.536 cpu=84.067 cpu_over_wall=15.19 peak_mb=6062.7 rc=0 restored=32/32 damaged_members=32 blocks_written=4608 strays=32 seed=20293170 stage1=no-label stage2=evaluate, 128 group(s) in tiles of 31, stripe 512w foreign_cpu=50.7 errlen=1151 ts=2026-09-12T05:50:40Z
LEG round=nband rep=3 m=5120 arm=off wall=5.696 cpu=86.447 cpu_over_wall=15.18 peak_mb=6277.3 rc=0 restored=32/32 damaged_members=32 blocks_written=5120 strays=32 seed=20296754 stage1=no-label stage2=evaluate, 128 group(s) in tiles of 31, stripe 512w foreign_cpu=57.9 errlen=1151 ts=2026-09-12T05:50:57Z
LEG round=nband rep=3 m=5120 arm=fast wall=5.793 cpu=87.353 cpu_over_wall=15.08 peak_mb=6223.5 rc=0 restored=32/32 damaged_members=32 blocks_written=5120 strays=32 seed=20296754 stage1=whole/demand, stripe 256w stage2=FALLBACK foreign_cpu=63.1 errlen=1377 ts=2026-09-12T05:51:15Z
LEG round=nband rep=3 m=5120 arm=aa wall=5.628 cpu=86.137 cpu_over_wall=15.31 peak_mb=6298.1 rc=0 restored=32/32 damaged_members=32 blocks_written=5120 strays=32 seed=20296754 stage1=no-label stage2=evaluate, 128 group(s) in tiles of 31, stripe 512w foreign_cpu=49.0 errlen=1151 ts=2026-09-12T05:51:33Z
LEG round=nband rep=3 m=5632 arm=off wall=5.737 cpu=88.944 cpu_over_wall=15.5 peak_mb=6457.8 rc=0 restored=32/32 damaged_members=32 blocks_written=5632 strays=32 seed=20300338 stage1=no-label stage2=evaluate, 128 group(s) in tiles of 31, stripe 512w foreign_cpu=55.0 errlen=1151 ts=2026-09-12T05:51:51Z
LEG round=nband rep=3 m=5632 arm=fast wall=5.716 cpu=89.294 cpu_over_wall=15.62 peak_mb=6380.1 rc=0 restored=32/32 damaged_members=32 blocks_written=5632 strays=32 seed=20300338 stage1=whole/demand, stripe 256w stage2=FALLBACK foreign_cpu=59.0 errlen=1377 ts=2026-09-12T05:52:08Z
LEG round=nband rep=3 m=5632 arm=aa wall=5.956 cpu=89.197 cpu_over_wall=14.98 peak_mb=6380.4 rc=0 restored=32/32 damaged_members=32 blocks_written=5632 strays=32 seed=20300338 stage1=no-label stage2=evaluate, 128 group(s) in tiles of 31, stripe 512w foreign_cpu=49.6 errlen=1151 ts=2026-09-12T05:52:26Z
WARN-FOREIGN-CPU at=r3-m6144-off foreign_cpu=77% ceiling=200% top=[/System/Library/PrivateFrameworks/SkyLight.framework/Resources/WindowServer(188)=33% /System/Library/CoreServices/SystemUIServer.app/Contents/MacOS/SystemUIServer(495)=15% /System/Library/ExtensionKit/Extensions/Monterey.appex/Contents/MacOS/Monterey(17666)=12% /System/Library/Frameworks/Security.framework/Versions/A/XPCServices/authd.xpc/Contents/MacOS/authd(238)=10%]
LEG round=nband rep=3 m=6144 arm=off wall=6.264 cpu=93.543 cpu_over_wall=14.93 peak_mb=6538.5 rc=0 restored=32/32 damaged_members=32 blocks_written=6144 strays=32 seed=20303922 stage1=no-label stage2=evaluate, 128 group(s) in tiles of 31, stripe 512w foreign_cpu=76.1 errlen=1151 ts=2026-09-12T05:52:44Z
LEG round=nband rep=3 m=6144 arm=fast wall=5.967 cpu=91.583 cpu_over_wall=15.35 peak_mb=6540.8 rc=0 restored=32/32 damaged_members=32 blocks_written=6144 strays=32 seed=20303922 stage1=whole/demand, stripe 256w stage2=FALLBACK foreign_cpu=53.1 errlen=1377 ts=2026-09-12T05:53:03Z
LEG round=nband rep=3 m=6144 arm=aa wall=6.172 cpu=93.498 cpu_over_wall=15.15 peak_mb=6539.0 rc=0 restored=32/32 damaged_members=32 blocks_written=6144 strays=32 seed=20303922 stage1=no-label stage2=evaluate, 128 group(s) in tiles of 31, stripe 512w foreign_cpu=53.2 errlen=1151 ts=2026-09-12T05:53:21Z
JCROSS-REP-END rep=3 2026-09-12T05:53:27Z
JCROSS-END 2026-09-12T05:53:27Z
RIG-LOCK-RELEASED <rig>/.parfast-rig.lock
