2026-09-17T23:17:17.2973134+01:00 CRPOOL-ROUND start root=<rig>\crpool-17sep bin=<rig>\crpool-17sep\src\target\release\parfast.exe rungs=288,320,352,384,416,448,480,512 budget=21474836480 arms=5
2026-09-17T23:18:19.4800363+01:00 LOAD-GATE ok at=prebuild loads=0/1 waited_s=0
2026-09-17T23:18:27.2173016+01:00 CLASS-PROBE P-core0 mask=0x1 got=0x1 wall_s=7.68 cpu_s=7.641 SPIN ms=7524 x=72000065999996.6 
2026-09-17T23:18:40.3976414+01:00 CLASS-PROBE E-core4 mask=0x10 got=0x10 wall_s=13.177 cpu_s=13.141 SPIN ms=12980 x=72000065999996.6 
2026-09-17T23:18:53.6348062+01:00 CLASS-PROBE E-core8 mask=0x100 got=0x100 wall_s=13.231 cpu_s=13.156 SPIN ms=13027 x=72000065999996.6 
2026-09-17T23:19:06.8638719+01:00 CLASS-PROBE E-core11 mask=0x800 got=0x800 wall_s=13.227 cpu_s=13.219 SPIN ms=13025 x=72000065999996.6 
2026-09-17T23:19:22.9407975+01:00 CLASS-PROBE LPE-core12 mask=0x1000 got=0x1000 wall_s=16.069 cpu_s=15.969 SPIN ms=15836 x=72000065999996.6 
2026-09-17T23:19:28.5659729+01:00 EXTRACT rc=0 secs=5.6 into=<rig>\crpool-17sep\src
2026-09-17T23:21:26.6992303+01:00 BUILD rc=0 secs=118.1 log=<rig>\crpool-17sep\build-crpool.log
2026-09-17T23:21:26.7991051+01:00 BIN bytes=4173312 want_bytes=4173312 sha256=CEDEFE20B867F6A0C9FC9674011BEB0DC89483447166D1D60EEE93EAB22D7EE5 (a sha that matches no other round is EXPECTED and not a fault - the build embeds its own path; the byte count is the invariant across every build of 06d5734b7 on this fleet)
2026-09-17T23:21:26.7991051+01:00 FIXTURE ABSENT - ladder 1 builds it, then waits out the settle <rig>\crpool-17sep\fix-4194304-1024
2026-09-17T23:22:23.6216183+01:00 LOAD-GATE ok at=crt16 loads=2 waited_s=0
2026-09-17T23:22:23.6279079+01:00 ARM crt16 label=4mc-t16 aff=none threads=16 log=<rig>\crpool-17sep\harness\logs\crt16.log
2026-09-17T23:22:23.6279079+01:00 ARGV powershell -NoProfile -ExecutionPolicy Bypass -File "<rig>\crpool-17sep\harness\wcomb.ps1" -Root "<rig>\crpool-17sep" -Bin "<rig>\crpool-17sep\src\target\release\parfast.exe" -NoBuild -Phase create -Tag crt16 -Label 4mc-t16 -Slice 4194304 -MemberMiB 1024 -Recovery 640 -Rungs 288,320,352,384,416,448,480,512 -Threads 16 -Reps 1 -Residency resident -NttBudget 21474836480
2026-09-17T23:53:36.8531419+01:00 ARM-DONE crt16 rc=0 legs=32 lock_waits=0
2026-09-17T23:53:37.8922426+01:00 LOAD-GATE ok at=cre4 loads=10 waited_s=0
2026-09-17T23:53:37.8949165+01:00 ARM cre4 label=4mc-e4 aff=0xF0 threads=4 log=<rig>\crpool-17sep\harness\logs\cre4.log
2026-09-17T23:53:37.8949165+01:00 ARGV powershell -NoProfile -ExecutionPolicy Bypass -File "<rig>\crpool-17sep\harness\wcomb.ps1" -Root "<rig>\crpool-17sep" -Bin "<rig>\crpool-17sep\src\target\release\parfast.exe" -NoBuild -Phase create -Tag cre4 -Label 4mc-e4 -Slice 4194304 -MemberMiB 1024 -Recovery 640 -Rungs 288,320,352,384,416,448,480,512 -Threads 4 -Reps 1 -Residency resident -NttBudget 21474836480 -Affinity 0xF0
2026-09-18T00:33:57.1756659+01:00 ARM-DONE cre4 rc=0 legs=32 lock_waits=0
2026-09-18T00:33:58.2180171+01:00 LOAD-GATE ok at=cre8 loads=1 waited_s=0
2026-09-18T00:33:58.2299294+01:00 ARM cre8 label=4mc-e8 aff=0xFF0 threads=8 log=<rig>\crpool-17sep\harness\logs\cre8.log
2026-09-18T00:33:58.2299294+01:00 ARGV powershell -NoProfile -ExecutionPolicy Bypass -File "<rig>\crpool-17sep\harness\wcomb.ps1" -Root "<rig>\crpool-17sep" -Bin "<rig>\crpool-17sep\src\target\release\parfast.exe" -NoBuild -Phase create -Tag cre8 -Label 4mc-e8 -Slice 4194304 -MemberMiB 1024 -Recovery 640 -Rungs 288,320,352,384,416,448,480,512 -Threads 8 -Reps 1 -Residency resident -NttBudget 21474836480 -Affinity 0xFF0
2026-09-18T00:57:41.5815642+01:00 ARM-DONE cre8 rc=0 legs=32 lock_waits=0
2026-09-18T00:57:42.6300092+01:00 LOAD-GATE ok at=crp4 loads=5 waited_s=0
2026-09-18T00:57:42.6474730+01:00 ARM crp4 label=4mc-p4 aff=0xF threads=4 log=<rig>\crpool-17sep\harness\logs\crp4.log
2026-09-18T00:57:42.6474730+01:00 ARGV powershell -NoProfile -ExecutionPolicy Bypass -File "<rig>\crpool-17sep\harness\wcomb.ps1" -Root "<rig>\crpool-17sep" -Bin "<rig>\crpool-17sep\src\target\release\parfast.exe" -NoBuild -Phase create -Tag crp4 -Label 4mc-p4 -Slice 4194304 -MemberMiB 1024 -Recovery 640 -Rungs 288,320,352,384,416,448,480,512 -Threads 4 -Reps 1 -Residency resident -NttBudget 21474836480 -Affinity 0xF
2026-09-18T01:22:59.0865138+01:00 ARM-DONE crp4 rc=0 legs=32 lock_waits=0
2026-09-18T01:23:00.1193177+01:00 LOAD-GATE ok at=crm12 loads=4 waited_s=0
2026-09-18T01:23:00.1304395+01:00 ARM crm12 label=4mc-m12 aff=0xFFF threads=12 log=<rig>\crpool-17sep\harness\logs\crm12.log
2026-09-18T01:23:00.1304395+01:00 ARGV powershell -NoProfile -ExecutionPolicy Bypass -File "<rig>\crpool-17sep\harness\wcomb.ps1" -Root "<rig>\crpool-17sep" -Bin "<rig>\crpool-17sep\src\target\release\parfast.exe" -NoBuild -Phase create -Tag crm12 -Label 4mc-m12 -Slice 4194304 -MemberMiB 1024 -Recovery 640 -Rungs 288,320,352,384,416,448,480,512 -Threads 12 -Reps 1 -Residency resident -NttBudget 21474836480 -Affinity 0xFFF
2026-09-18T01:39:38.7674840+01:00 ARM-DONE crm12 rc=0 legs=32 lock_waits=0
2026-09-18T01:39:38.7674840+01:00 CRPOOL-ROUND end rc=0
