 INFO repair-timing: packet scan (critical): +992.59µs (total 992.59µs)
 INFO repair-timing: verify targets + volume scan: +572.68ms (total 573.67ms)
 INFO repair: repair ahead: 2048 block(s) to rebuild, structured solve
 INFO repair-timing: adoption: +5.37ms (total 579.04ms)
 INFO nzbkit_base::par2repair: solve window over budget: 2048 block(s) at 65536 B in 2 slab(s) of 32768 B,              output Spill - the payload is swept once per slab
 INFO repair-timing: load recovery: +39.92ms (total 618.96ms)
 INFO repair-timing:   forney joint plan: 1041 KB of kernel tables, locator tree held <= 44 KB (20 KB of it cached transforms)
 INFO repair-timing: back-substitution setup (2048x2048, forney): 30.45ms
 INFO repair-timing: fold unit dst budget 128 KiB (L2 per core 256 KiB)
 INFO repair-timing: fold tile budget 32 KiB (L2 per core 256 KiB)
 INFO repair-timing:   forney stage 1 (joint whole/demand, stripe 512w, FALLBACK arithmetic below the kernel gate 16384): 224.00ms of 1.39s wall (attributed by worker share)
 INFO repair-timing:   forney stage 2 (joint scheduler, m=2048, gate 8192, FALLBACK arithmetic, stripe 512w): 1.17s of 1.39s wall (attributed by worker share)
 INFO repair-timing: back-substitution (forney-joint): 1.39s
 INFO repair-timing: feed+fold+solve: +27.69s (total 28.31s)
 INFO repair-timing:   forney joint plan: 1041 KB of kernel tables, locator tree held <= 44 KB (20 KB of it cached transforms)
 INFO repair-timing: back-substitution setup (2048x2048, forney): 23.32ms
 INFO repair-timing:   forney stage 1 (joint whole/demand, stripe 512w, FALLBACK arithmetic below the kernel gate 16384): 218.49ms of 1.39s wall (attributed by worker share)
 INFO repair-timing:   forney stage 2 (joint scheduler, m=2048, gate 8192, FALLBACK arithmetic, stripe 512w): 1.17s of 1.39s wall (attributed by worker share)
 INFO repair-timing: back-substitution (forney-joint): 1.39s
 INFO repair-timing: feed+fold+solve: +28.32s (total 56.63s)
 INFO repair-timing: patch: +24.43ms (total 56.65s)
 INFO repair-timing: final verify: +271.58ms (total 56.93s)
 INFO repair-timing: plan prep: 53.69ms over 2 cold build(s), 64 stripe use(s) - 0.094% of the 56.93s repair
 INFO repair-timing: forney solve: 2.78s over 2 solve(s) (stage 1 442.49ms, stage 2 2.34s) - 4.890% of the 56.93s repair
mem-floor: live high-water · ru_maxrss 553 MB · rss 553 MB · footprint 553 MB · rss over footprint 0 MB · repair work 218 MB (own peak 419) · scan reads 0 MB (own peak 34) · verifier tables 0 MB · unattributed 335 MB
mem-floor: sampled peak rss · ru_maxrss 553 MB · rss 553 MB · footprint 553 MB · rss over footprint 0 MB · repair work 218 MB (own peak 419) · scan reads 0 MB (own peak 34) · verifier tables 0 MB · unattributed 335 MB
