 INFO repair-timing: packet scan (critical): +1.08ms (total 1.08ms)
 INFO repair-timing: verify targets + volume scan: +576.72ms (total 577.80ms)
 INFO repair: repair ahead: 2048 block(s) to rebuild, structured solve
 INFO repair-timing: adoption: +5.43ms (total 583.23ms)
 INFO nzbkit_base::par2repair: solve window over budget: 2048 block(s) at 65536 B in 2 slab(s) of 32768 B,              output Spill - the payload is swept once per slab
 INFO repair-timing: load recovery: +36.51ms (total 619.74ms)
 INFO repair-timing:   forney joint plan: 1041 KB of kernel tables, locator tree held <= 44 KB (20 KB of it cached transforms)
 INFO repair-timing: back-substitution setup (2048x2048, forney): 44.39ms
 INFO repair-timing: feed shape under the published budget: batch 16.8 MB, channel 4, merge cap 16.8 MB
 INFO repair-timing: ntt syndromes (m=2048, needed=2048, n=2688, W=256, threads=4): 778.38ms
 INFO repair-timing: ntt window (88080384 bytes, 2688 slices, transformed): 778.45ms
 INFO repair-timing: ntt syndromes (m=2048, needed=2048, n=2688, W=256, threads=4): 764.52ms
 INFO repair-timing: ntt window (88080384 bytes, 2688 slices, transformed): 764.58ms
 INFO repair-timing: ntt syndromes (m=2048, needed=2048, n=2688, W=256, threads=4): 800.76ms
 INFO repair-timing: ntt window (88080384 bytes, 2688 slices, transformed): 800.85ms
 INFO repair-timing: ntt syndromes (m=2048, needed=2048, n=2688, W=256, threads=4): 776.12ms
 INFO repair-timing: ntt window (88080384 bytes, 2688 slices, transformed): 776.20ms
 INFO repair-timing: ntt syndromes (m=2048, needed=2048, n=2688, W=256, threads=4): 794.22ms
 INFO repair-timing: ntt window (88080384 bytes, 2688 slices, transformed): 794.27ms
 INFO repair-timing: ntt syndromes (m=2048, needed=2048, n=896, W=256, threads=4): 569.47ms
 INFO repair-timing: ntt: 5 window(s) transformed before the tail, tail transformed above
 INFO repair-timing:   forney stage 1 (joint whole/demand, stripe 512w, FALLBACK arithmetic below the kernel gate 16384): 212.91ms of 1.37s wall (attributed by worker share)
 INFO repair-timing:   forney stage 2 (joint scheduler, m=2048, gate 8192, FALLBACK arithmetic, stripe 512w): 1.16s of 1.37s wall (attributed by worker share)
 INFO repair-timing: back-substitution (forney-joint): 1.37s
 INFO repair-timing: feed+fold+solve: +6.03s (total 6.65s)
 INFO repair-timing:   forney joint plan: 1041 KB of kernel tables, locator tree held <= 44 KB (20 KB of it cached transforms)
 INFO repair-timing: back-substitution setup (2048x2048, forney): 22.40ms
 INFO repair-timing: feed shape under the published budget: batch 16.8 MB, channel 4, merge cap 16.8 MB
 INFO repair-timing: ntt syndromes (m=2048, needed=2048, n=2688, W=256, threads=4): 763.57ms
 INFO repair-timing: ntt window (88080384 bytes, 2688 slices, transformed): 763.65ms
 INFO repair-timing: ntt syndromes (m=2048, needed=2048, n=2688, W=256, threads=4): 795.43ms
 INFO repair-timing: ntt window (88080384 bytes, 2688 slices, transformed): 795.49ms
 INFO repair-timing: ntt syndromes (m=2048, needed=2048, n=2688, W=256, threads=4): 798.94ms
 INFO repair-timing: ntt window (88080384 bytes, 2688 slices, transformed): 799.00ms
 INFO repair-timing: ntt syndromes (m=2048, needed=2048, n=2688, W=256, threads=4): 741.47ms
 INFO repair-timing: ntt window (88080384 bytes, 2688 slices, transformed): 741.51ms
 INFO repair-timing: ntt syndromes (m=2048, needed=2048, n=2688, W=256, threads=4): 731.16ms
 INFO repair-timing: ntt window (88080384 bytes, 2688 slices, transformed): 731.21ms
 INFO repair-timing: ntt syndromes (m=2048, needed=2048, n=896, W=256, threads=4): 614.35ms
 INFO repair-timing: ntt: 5 window(s) transformed before the tail, tail transformed above
 INFO repair-timing:   forney stage 1 (joint whole/demand, stripe 512w, FALLBACK arithmetic below the kernel gate 16384): 223.14ms of 1.40s wall (attributed by worker share)
 INFO repair-timing:   forney stage 2 (joint scheduler, m=2048, gate 8192, FALLBACK arithmetic, stripe 512w): 1.17s of 1.40s wall (attributed by worker share)
 INFO repair-timing: back-substitution (forney-joint): 1.40s
 INFO repair-timing: feed+fold+solve: +6.01s (total 12.65s)
 INFO repair-timing: patch: +24.72ms (total 12.68s)
 INFO repair-timing: final verify: +274.93ms (total 12.95s)
 INFO repair-timing: plan prep: 66.70ms over 2 cold build(s), 64 stripe use(s) - 0.515% of the 12.95s repair
 INFO repair-timing: forney solve: 2.76s over 2 solve(s) (stage 1 436.05ms, stage 2 2.33s) - 21.337% of the 12.95s repair
mem-floor: live high-water · ru_maxrss 347 MB · rss 347 MB · footprint 347 MB · rss over footprint 0 MB · repair work 96 MB (own peak 189) · scan reads 0 MB (own peak 34) · verifier tables 0 MB · unattributed 251 MB
mem-floor: sampled peak rss · ru_maxrss 347 MB · rss 347 MB · footprint 347 MB · rss over footprint 0 MB · repair work 96 MB (own peak 189) · scan reads 0 MB (own peak 34) · verifier tables 0 MB · unattributed 251 MB
