 INFO repair-timing: packet scan (critical): +1.02ms (total 1.02ms)
 INFO repair-timing: verify targets + volume scan: +556.53ms (total 557.55ms)
 INFO repair: repair ahead: 2048 block(s) to rebuild, structured solve
 INFO repair-timing: adoption: +7.14ms (total 564.68ms)
 INFO repair-timing: load recovery: +44.45ms (total 609.14ms)
 INFO repair-timing:   forney joint plan: 1041 KB of kernel tables, locator tree held <= 44 KB (20 KB of it cached transforms)
 INFO repair-timing: back-substitution setup (2048x2048, forney): 45.15ms
 INFO repair-timing: retained from the verify pass: 0 block(s), 0.0 MB
 INFO repair-timing: ntt syndromes (m=2048, needed=2048, n=768, W=256, threads=4): 1.16s
 INFO repair-timing: ntt window (50331648 bytes, 768 slices, transformed): 1.16s
 INFO repair-timing: ntt syndromes (m=2048, needed=2048, n=768, W=256, threads=4): 1.19s
 INFO repair-timing: ntt window (50331648 bytes, 768 slices, transformed): 1.19s
 INFO repair-timing: ntt syndromes (m=2048, needed=2048, n=768, W=256, threads=4): 1.21s
 INFO repair-timing: ntt window (50331648 bytes, 768 slices, transformed): 1.21s
 INFO repair-timing: ntt syndromes (m=2048, needed=2048, n=768, W=256, threads=4): 1.21s
 INFO repair-timing: ntt window (50331648 bytes, 768 slices, transformed): 1.21s
 INFO repair-timing: ntt syndromes (m=2048, needed=2048, n=768, W=256, threads=4): 1.21s
 INFO repair-timing: ntt window (50331648 bytes, 768 slices, transformed): 1.21s
 INFO repair-timing: ntt syndromes (m=2048, needed=2048, n=768, W=256, threads=4): 1.17s
 INFO repair-timing: ntt window (50331648 bytes, 768 slices, transformed): 1.17s
 INFO repair-timing: ntt syndromes (m=2048, needed=2048, n=768, W=256, threads=4): 1.17s
 INFO repair-timing: ntt window (50331648 bytes, 768 slices, transformed): 1.17s
 INFO repair-timing: ntt syndromes (m=2048, needed=2048, n=768, W=256, threads=4): 1.23s
 INFO repair-timing: ntt window (50331648 bytes, 768 slices, transformed): 1.23s
 INFO repair-timing: ntt syndromes (m=2048, needed=2048, n=768, W=256, threads=4): 1.19s
 INFO repair-timing: ntt window (50331648 bytes, 768 slices, transformed): 1.19s
 INFO repair-timing: ntt syndromes (m=2048, needed=2048, n=768, W=256, threads=4): 1.18s
 INFO repair-timing: ntt window (50331648 bytes, 768 slices, transformed): 1.18s
 INFO repair-timing: ntt syndromes (m=2048, needed=2048, n=768, W=256, threads=4): 1.15s
 INFO repair-timing: ntt window (50331648 bytes, 768 slices, transformed): 1.15s
 INFO repair-timing: ntt syndromes (m=2048, needed=2048, n=768, W=256, threads=4): 1.23s
 INFO repair-timing: ntt window (50331648 bytes, 768 slices, transformed): 1.23s
 INFO repair-timing: ntt syndromes (m=2048, needed=2048, n=768, W=256, threads=4): 1.32s
 INFO repair-timing: ntt window (50331648 bytes, 768 slices, transformed): 1.32s
 INFO repair-timing: ntt syndromes (m=2048, needed=2048, n=768, W=256, threads=4): 1.19s
 INFO repair-timing: ntt window (50331648 bytes, 768 slices, transformed): 1.19s
 INFO repair-timing: ntt syndromes (m=2048, needed=2048, n=768, W=256, threads=4): 1.15s
 INFO repair-timing: ntt window (50331648 bytes, 768 slices, transformed): 1.15s
 INFO repair-timing: ntt syndromes (m=2048, needed=2048, n=768, W=256, threads=4): 1.21s
 INFO repair-timing: ntt window (50331648 bytes, 768 slices, transformed): 1.21s
 INFO repair-timing: ntt syndromes (m=2048, needed=2048, n=768, W=256, threads=4): 1.20s
 INFO repair-timing: ntt window (50331648 bytes, 768 slices, transformed): 1.20s
 INFO repair-timing: ntt syndromes (m=2048, needed=2048, n=768, W=256, threads=4): 1.13s
 INFO repair-timing: ntt window (50331648 bytes, 768 slices, transformed): 1.13s
 INFO repair-timing: ntt syndromes (m=2048, needed=2048, n=512, W=256, threads=4): 1.12s
 INFO repair-timing: ntt: 18 window(s) transformed before the tail, tail transformed above
 INFO repair-timing:   forney stage 1 (joint whole/demand, stripe 512w, FALLBACK arithmetic below the kernel gate 16384): 414.44ms of 2.68s wall (attributed by worker share)
 INFO repair-timing:   forney stage 2 (joint scheduler, m=2048, gate 8192, FALLBACK arithmetic, stripe 512w): 2.26s of 2.68s wall (attributed by worker share)
 INFO repair-timing: back-substitution (forney-joint): 2.68s
 INFO repair-timing: feed+fold+solve: +25.46s (total 26.07s)
 INFO repair-timing: patch: +15.80ms (total 26.09s)
 INFO repair-timing: final verify: +273.24ms (total 26.36s)
 INFO repair-timing: plan prep: 45.10ms over 1 cold build(s), 64 stripe use(s) - 0.171% of the 26.36s repair
 INFO repair-timing: forney solve: 2.68s over 1 solve(s) (stage 1 414.44ms, stage 2 2.26s) - 10.160% of the 26.36s repair
mem-floor: live high-water · ru_maxrss 621 MB · rss 621 MB · footprint 621 MB · rss over footprint 0 MB · repair work 352 MB (own peak 386) · scan reads 0 MB (own peak 34) · verifier tables 0 MB · unattributed 269 MB
mem-floor: sampled peak rss · ru_maxrss 621 MB · rss 621 MB · footprint 621 MB · rss over footprint 0 MB · repair work 352 MB (own peak 386) · scan reads 0 MB (own peak 34) · verifier tables 0 MB · unattributed 269 MB
