 INFO repair-timing: packet scan (critical): +963.59µs (total 963.59µs)
 INFO repair-timing: verify targets + volume scan: +572.31ms (total 573.27ms)
 INFO repair: repair ahead: 2048 block(s) to rebuild, structured solve
 INFO repair-timing: adoption: +6.34ms (total 579.61ms)
 INFO repair-timing: load recovery: +50.83ms (total 630.45ms)
 INFO repair-timing:   forney joint plan: 1041 KB of kernel tables, locator tree held <= 44 KB (20 KB of it cached transforms)
 INFO repair-timing: back-substitution setup (2048x2048, forney): 32.49ms
 INFO repair-timing: feed shape under the published budget: batch 67.1 MB, channel 4, merge cap 67.1 MB
 INFO repair-timing: retained from the verify pass: 0 block(s), 0.0 MB
 INFO repair-timing: ntt syndromes (m=2048, needed=2048, n=6912, W=512, threads=4): 1.96s
 INFO repair-timing: ntt window (452984832 bytes, 6912 slices, transformed): 1.96s
 INFO repair-timing: ntt syndromes (m=2048, needed=2048, n=6912, W=512, threads=4): 2.02s
 INFO repair-timing: ntt window (452984832 bytes, 6912 slices, transformed): 2.02s
 INFO repair-timing: ntt syndromes (m=2048, needed=2048, n=512, W=512, threads=4): 939.39ms
 INFO repair-timing: ntt: 2 window(s) transformed before the tail, tail transformed above
 INFO repair-timing:   forney stage 1 (joint whole/demand, stripe 512w, FALLBACK arithmetic below the kernel gate 16384): 451.96ms of 2.92s wall (attributed by worker share)
 INFO repair-timing:   forney stage 2 (joint scheduler, m=2048, gate 8192, FALLBACK arithmetic, stripe 512w): 2.47s of 2.92s wall (attributed by worker share)
 INFO repair-timing: back-substitution (forney-joint): 2.92s
 INFO repair-timing: feed+fold+solve: +8.10s (total 8.73s)
 INFO repair-timing: patch: +15.01ms (total 8.74s)
 INFO repair-timing: final verify: +263.83ms (total 9.01s)
 INFO repair-timing: plan prep: 32.45ms over 1 cold build(s), 64 stripe use(s) - 0.360% of the 9.01s repair
 INFO repair-timing: forney solve: 2.92s over 1 solve(s) (stage 1 451.96ms, stage 2 2.47s) - 32.415% of the 9.01s repair
mem-floor: live high-water · ru_maxrss 852 MB · rss 852 MB · footprint 852 MB · rss over footprint 0 MB · repair work 621 MB (own peak 721) · scan reads 0 MB (own peak 34) · verifier tables 0 MB · unattributed 231 MB
mem-floor: sampled peak rss · ru_maxrss 852 MB · rss 852 MB · footprint 852 MB · rss over footprint 0 MB · repair work 621 MB (own peak 721) · scan reads 0 MB (own peak 34) · verifier tables 0 MB · unattributed 231 MB
