 INFO repair-timing: packet scan (critical): +1.03ms (total 1.03ms)
 INFO repair-timing: verify targets + volume scan: +2.11s (total 2.11s)
 INFO repair: repair ahead: 2048 block(s) to rebuild, structured solve
 INFO repair-timing: adoption: +7.16ms (total 2.12s)
 INFO repair-timing: load recovery: +54.65ms (total 2.18s)
 INFO repair-timing:   forney joint plan: 1041 KB of kernel tables, locator tree held <= 44 KB (20 KB of it cached transforms)
 INFO repair-timing: back-substitution setup (2048x2048, forney): 51.50ms
 INFO repair-timing: feed shape under the published budget: batch 33.6 MB, channel 1, merge cap 33.6 MB
 INFO repair-timing: retained from the verify pass: 0 block(s), 0.0 MB
 INFO repair-timing: ntt syndromes (m=2048, needed=2048, n=4096, W=512, threads=1): 5.82s
 INFO repair-timing: ntt window (268435456 bytes, 4096 slices, transformed): 5.82s
 INFO repair-timing: ntt syndromes (m=2048, needed=2048, n=4096, W=512, threads=1): 5.65s
 INFO repair-timing: ntt window (268435456 bytes, 4096 slices, transformed): 5.65s
 INFO repair-timing: ntt syndromes (m=2048, needed=2048, n=4096, W=512, threads=1): 5.64s
 INFO repair-timing: ntt window (268435456 bytes, 4096 slices, transformed): 5.64s
 INFO repair-timing: ntt syndromes (m=2048, needed=2048, n=2048, W=512, threads=1): 4.94s
 INFO repair-timing: ntt: 3 window(s) transformed before the tail, tail transformed above
 INFO repair-timing:   forney stage 1 (joint whole/demand, stripe 512w, FALLBACK arithmetic below the kernel gate 16384): 1.56s of 10.10s wall (attributed by worker share)
 INFO repair-timing:   forney stage 2 (joint scheduler, m=2048, gate 8192, FALLBACK arithmetic, stripe 512w): 8.54s of 10.10s wall (attributed by worker share)
 INFO repair-timing: back-substitution (forney-joint): 10.10s
 INFO repair-timing: feed+fold+solve: +32.75s (total 34.93s)
 INFO repair-timing: patch: +44.39ms (total 34.97s)
 INFO repair-timing: final verify: +2.38s (total 37.35s)
 INFO repair-timing: plan prep: 51.45ms over 1 cold build(s), 64 stripe use(s) - 0.138% of the 37.35s repair
 INFO repair-timing: forney solve: 10.10s over 1 solve(s) (stage 1 1.56s, stage 2 8.54s) - 27.042% of the 37.35s repair
mem-floor: live high-water · ru_maxrss 612 MB · rss 612 MB · footprint 612 MB · rss over footprint 0 MB · repair work 470 MB (own peak 470) · scan reads 0 MB (own peak 8) · verifier tables 0 MB · unattributed 142 MB
mem-floor: sampled peak rss · ru_maxrss 612 MB · rss 612 MB · footprint 612 MB · rss over footprint 0 MB · repair work 470 MB (own peak 470) · scan reads 0 MB (own peak 8) · verifier tables 0 MB · unattributed 142 MB
