 INFO repair-timing: packet scan (critical): +1.01ms (total 1.01ms)
 INFO repair-timing: verify targets + volume scan: +577.99ms (total 579.00ms)
 INFO repair: repair ahead: 2048 block(s) to rebuild, structured solve
 INFO repair-timing: adoption: +7.22ms (total 586.23ms)
 INFO repair-timing: load recovery: +48.64ms (total 634.86ms)
 INFO repair-timing:   forney joint plan: 1041 KB of kernel tables, locator tree held <= 44 KB (20 KB of it cached transforms)
 INFO repair-timing: back-substitution setup (2048x2048, forney): 45.27ms
 INFO repair-timing: retained from the verify pass: 0 block(s), 0.0 MB
 INFO repair-timing: ntt syndromes (m=2048, needed=2048, n=2560, W=128, threads=4): 1.88s
 INFO repair-timing: ntt window (167772160 bytes, 2560 slices, transformed): 1.88s
 INFO repair-timing: ntt syndromes (m=2048, needed=2048, n=2560, W=128, threads=4): 1.97s
 INFO repair-timing: ntt window (167772160 bytes, 2560 slices, transformed): 1.97s
 INFO repair-timing: ntt syndromes (m=2048, needed=2048, n=2560, W=128, threads=4): 1.97s
 INFO repair-timing: ntt window (167772160 bytes, 2560 slices, transformed): 1.97s
 INFO repair-timing: ntt syndromes (m=2048, needed=2048, n=2560, W=128, threads=4): 2.00s
 INFO repair-timing: ntt window (167772160 bytes, 2560 slices, transformed): 2.00s
 INFO repair-timing: ntt syndromes (m=2048, needed=2048, n=2560, W=128, threads=4): 1.92s
 INFO repair-timing: ntt window (167772160 bytes, 2560 slices, transformed): 1.92s
 INFO repair-timing: ntt syndromes (m=2048, needed=2048, n=1536, W=128, threads=4): 1.71s
 INFO repair-timing: ntt: 5 window(s) transformed before the tail, tail transformed above
 INFO repair-timing:   forney stage 1 (joint whole/demand, stripe 512w, FALLBACK arithmetic below the kernel gate 16384): 486.39ms of 3.11s wall (attributed by worker share)
 INFO repair-timing:   forney stage 2 (joint scheduler, m=2048, gate 8192, FALLBACK arithmetic, stripe 512w): 2.62s of 3.11s wall (attributed by worker share)
 INFO repair-timing: back-substitution (forney-joint): 3.11s
 INFO repair-timing: feed+fold+solve: +14.75s (total 15.39s)
 INFO repair-timing: patch: +15.50ms (total 15.40s)
 INFO repair-timing: final verify: +267.46ms (total 15.67s)
 INFO repair-timing: plan prep: 45.21ms over 1 cold build(s), 64 stripe use(s) - 0.289% of the 15.67s repair
 INFO repair-timing: forney solve: 3.11s over 1 solve(s) (stage 1 486.39ms, stage 2 2.62s) - 19.819% of the 15.67s repair
mem-floor: live high-water · ru_maxrss 692 MB · rss 692 MB · footprint 692 MB · rss over footprint 0 MB · repair work 403 MB (own peak 503) · scan reads 0 MB (own peak 34) · verifier tables 0 MB · unattributed 289 MB
mem-floor: sampled peak rss · ru_maxrss 692 MB · rss 692 MB · footprint 692 MB · rss over footprint 0 MB · repair work 403 MB (own peak 503) · scan reads 0 MB (own peak 34) · verifier tables 0 MB · unattributed 289 MB
