 INFO repair-timing: packet scan (critical): +1.02ms (total 1.02ms)
 INFO repair-timing: verify targets + volume scan: +560.43ms (total 561.46ms)
 INFO repair: repair ahead: 2048 block(s) to rebuild, structured solve
 INFO repair-timing: adoption: +7.19ms (total 568.64ms)
 INFO nzbkit_base::par2repair: solve window over budget: 2048 block(s) at 65536 B in 2 slab(s) of 32768 B,              output Spill - the payload is swept once per slab
 INFO repair-timing: load recovery: +42.00ms (total 610.64ms)
 INFO repair-timing:   forney joint plan: 1041 KB of kernel tables, locator tree held <= 44 KB (20 KB of it cached transforms)
 INFO repair-timing: back-substitution setup (2048x2048, forney): 27.77ms
 INFO repair-timing: ntt syndromes (m=2048, needed=2048, n=14336, W=512, threads=4): 1.82s
 INFO repair-timing:   forney stage 1 (joint whole/demand, stripe 512w, FALLBACK arithmetic below the kernel gate 16384): 218.25ms of 1.45s wall (attributed by worker share)
 INFO repair-timing:   forney stage 2 (joint scheduler, m=2048, gate 8192, FALLBACK arithmetic, stripe 512w): 1.23s of 1.45s wall (attributed by worker share)
 INFO repair-timing: back-substitution (forney-joint): 1.45s
 INFO repair-timing: feed+fold+solve: +3.48s (total 4.09s)
 INFO repair-timing:   forney joint plan: 1041 KB of kernel tables, locator tree held <= 44 KB (20 KB of it cached transforms)
 INFO repair-timing: back-substitution setup (2048x2048, forney): 22.54ms
 INFO repair-timing: ntt syndromes (m=2048, needed=2048, n=14336, W=512, threads=4): 1.76s
 INFO repair-timing:   forney stage 1 (joint whole/demand, stripe 512w, FALLBACK arithmetic below the kernel gate 16384): 227.30ms of 1.49s wall (attributed by worker share)
 INFO repair-timing:   forney stage 2 (joint scheduler, m=2048, gate 8192, FALLBACK arithmetic, stripe 512w): 1.27s of 1.49s wall (attributed by worker share)
 INFO repair-timing: back-substitution (forney-joint): 1.49s
 INFO repair-timing: feed+fold+solve: +3.44s (total 7.53s)
 INFO repair-timing: patch: +19.55ms (total 7.55s)
 INFO repair-timing: final verify: +272.38ms (total 7.82s)
 INFO repair-timing: plan prep: 50.22ms over 2 cold build(s), 64 stripe use(s) - 0.642% of the 7.82s repair
 INFO repair-timing: forney solve: 2.94s over 2 solve(s) (stage 1 445.55ms, stage 2 2.49s) - 37.575% of the 7.82s repair
mem-floor: live high-water · ru_maxrss 726 MB · rss 726 MB · footprint 726 MB · rss over footprint 0 MB · repair work 537 MB (own peak 537) · scan reads 0 MB (own peak 34) · verifier tables 0 MB · unattributed 190 MB
mem-floor: sampled peak rss · ru_maxrss 726 MB · rss 726 MB · footprint 726 MB · rss over footprint 0 MB · repair work 537 MB (own peak 537) · scan reads 0 MB (own peak 34) · verifier tables 0 MB · unattributed 190 MB
