 INFO repair-timing: packet scan (critical): +1.03ms (total 1.03ms)
 INFO repair-timing: verify targets + volume scan: +563.68ms (total 564.71ms)
 INFO repair: repair ahead: 2048 block(s) to rebuild, structured solve
 INFO repair-timing: adoption: +7.15ms (total 571.86ms)
 INFO repair-timing: load recovery: +50.46ms (total 622.32ms)
 INFO repair-timing:   forney joint plan: 1041 KB of kernel tables, locator tree held <= 44 KB (20 KB of it cached transforms)
 INFO repair-timing: back-substitution setup (2048x2048, forney): 43.93ms
 INFO repair-timing: retained from the verify pass: 0 block(s), 0.0 MB
 INFO repair-timing: ntt syndromes (m=2048, needed=2048, n=2048, W=256, threads=4): 1.44s
 INFO repair-timing: ntt window (134217728 bytes, 2048 slices, transformed): 1.44s
 INFO repair-timing: ntt syndromes (m=2048, needed=2048, n=2048, W=256, threads=4): 1.42s
 INFO repair-timing: ntt window (134217728 bytes, 2048 slices, transformed): 1.42s
 INFO repair-timing: ntt syndromes (m=2048, needed=2048, n=2048, W=256, threads=4): 1.42s
 INFO repair-timing: ntt window (134217728 bytes, 2048 slices, transformed): 1.42s
 INFO repair-timing: ntt syndromes (m=2048, needed=2048, n=2048, W=256, threads=4): 1.42s
 INFO repair-timing: ntt window (134217728 bytes, 2048 slices, transformed): 1.42s
 INFO repair-timing: ntt syndromes (m=2048, needed=2048, n=2048, W=256, threads=4): 1.37s
 INFO repair-timing: ntt window (134217728 bytes, 2048 slices, transformed): 1.37s
 INFO repair-timing: ntt syndromes (m=2048, needed=2048, n=2048, W=256, threads=4): 1.44s
 INFO repair-timing: ntt window (134217728 bytes, 2048 slices, transformed): 1.44s
 INFO repair-timing: ntt syndromes (m=2048, needed=2048, n=2048, W=256, threads=4): 1.45s
 INFO repair-timing: ntt window (134217728 bytes, 2048 slices, transformed): 1.45s
 INFO repair-timing: ntt: 7 window(s) transformed before the tail, tail empty
 INFO repair-timing:   forney stage 1 (joint whole/demand, stripe 512w, FALLBACK arithmetic below the kernel gate 16384): 422.64ms of 2.84s wall (attributed by worker share)
 INFO repair-timing:   forney stage 2 (joint scheduler, m=2048, gate 8192, FALLBACK arithmetic, stripe 512w): 2.42s of 2.84s wall (attributed by worker share)
 INFO repair-timing: back-substitution (forney-joint): 2.84s
 INFO repair-timing: feed+fold+solve: +12.97s (total 13.59s)
 INFO repair-timing: patch: +14.87ms (total 13.61s)
 INFO repair-timing: final verify: +274.63ms (total 13.88s)
 INFO repair-timing: plan prep: 43.88ms over 1 cold build(s), 64 stripe use(s) - 0.316% of the 13.89s repair
 INFO repair-timing: forney solve: 2.84s over 1 solve(s) (stage 1 422.64ms, stage 2 2.42s) - 20.481% of the 13.89s repair
mem-floor: live high-water · ru_maxrss 665 MB · rss 665 MB · footprint 665 MB · rss over footprint 0 MB · repair work 461 MB (own peak 470) · scan reads 0 MB (own peak 34) · verifier tables 0 MB · unattributed 204 MB
mem-floor: sampled peak rss · ru_maxrss 665 MB · rss 665 MB · footprint 665 MB · rss over footprint 0 MB · repair work 461 MB (own peak 470) · scan reads 0 MB (own peak 34) · verifier tables 0 MB · unattributed 204 MB
