 INFO repair-timing: packet scan (critical): +970.65µs (total 970.65µs)
 INFO repair-timing: verify targets + volume scan: +2.13s (total 2.13s)
 INFO repair: repair ahead: 2048 block(s) to rebuild, structured solve
 INFO repair-timing: adoption: +5.43ms (total 2.13s)
 INFO nzbkit_base::par2repair: solve window over budget: 2048 block(s) at 65536 B in 2 slab(s) of 32768 B,              output Spill - the payload is swept once per slab
 INFO repair-timing: load recovery: +45.60ms (total 2.18s)
 INFO repair-timing:   forney joint plan: 1041 KB of kernel tables, locator tree held <= 44 KB (20 KB of it cached transforms)
 INFO repair-timing: back-substitution setup (2048x2048, forney): 48.91ms
 INFO repair-timing: feed shape under the published budget: batch 16.8 MB, channel 1, merge cap 16.8 MB
 INFO repair-timing: ntt syndromes (m=2048, needed=2048, n=3584, W=512, threads=1): 2.63s
 INFO repair-timing: ntt window (117440512 bytes, 3584 slices, transformed): 2.63s
 INFO repair-timing: ntt syndromes (m=2048, needed=2048, n=3584, W=512, threads=1): 2.63s
 INFO repair-timing: ntt window (117440512 bytes, 3584 slices, transformed): 2.63s
 INFO repair-timing: ntt syndromes (m=2048, needed=2048, n=3584, W=512, threads=1): 2.77s
 INFO repair-timing: ntt window (117440512 bytes, 3584 slices, transformed): 2.77s
 INFO repair-timing: ntt syndromes (m=2048, needed=2048, n=3584, W=512, threads=1): 2.65s
 INFO repair-timing: ntt window (117440512 bytes, 3584 slices, transformed): 2.65s
 INFO repair-timing: ntt: 4 window(s) transformed before the tail, tail empty
 INFO repair-timing:   forney stage 1 (joint whole/demand, stripe 512w, FALLBACK arithmetic below the kernel gate 16384): 792.06ms of 5.06s wall (attributed by worker share)
 INFO repair-timing:   forney stage 2 (joint scheduler, m=2048, gate 8192, FALLBACK arithmetic, stripe 512w): 4.27s of 5.06s wall (attributed by worker share)
 INFO repair-timing: back-substitution (forney-joint): 5.06s
 INFO repair-timing: feed+fold+solve: +16.02s (total 18.20s)
 INFO repair-timing:   forney joint plan: 1041 KB of kernel tables, locator tree held <= 44 KB (20 KB of it cached transforms)
 INFO repair-timing: back-substitution setup (2048x2048, forney): 29.33ms
 INFO repair-timing: feed shape under the published budget: batch 16.8 MB, channel 1, merge cap 16.8 MB
 INFO repair-timing: ntt syndromes (m=2048, needed=2048, n=3584, W=512, threads=1): 3.10s
 INFO repair-timing: ntt window (117440512 bytes, 3584 slices, transformed): 3.10s
 INFO repair-timing: ntt syndromes (m=2048, needed=2048, n=3584, W=512, threads=1): 3.07s
 INFO repair-timing: ntt window (117440512 bytes, 3584 slices, transformed): 3.07s
 INFO repair-timing: ntt syndromes (m=2048, needed=2048, n=3584, W=512, threads=1): 3.03s
 INFO repair-timing: ntt window (117440512 bytes, 3584 slices, transformed): 3.03s
 INFO repair-timing: ntt syndromes (m=2048, needed=2048, n=3584, W=512, threads=1): 2.89s
 INFO repair-timing: ntt window (117440512 bytes, 3584 slices, transformed): 2.89s
 INFO repair-timing: ntt: 4 window(s) transformed before the tail, tail empty
 INFO repair-timing:   forney stage 1 (joint whole/demand, stripe 512w, FALLBACK arithmetic below the kernel gate 16384): 942.31ms of 5.62s wall (attributed by worker share)
 INFO repair-timing:   forney stage 2 (joint scheduler, m=2048, gate 8192, FALLBACK arithmetic, stripe 512w): 4.67s of 5.62s wall (attributed by worker share)
 INFO repair-timing: back-substitution (forney-joint): 5.62s
 INFO repair-timing: feed+fold+solve: +17.99s (total 36.20s)
 INFO repair-timing: patch: +76.21ms (total 36.27s)
 INFO repair-timing: final verify: +2.39s (total 38.66s)
 INFO repair-timing: plan prep: 78.15ms over 2 cold build(s), 64 stripe use(s) - 0.202% of the 38.66s repair
 INFO repair-timing: forney solve: 10.67s over 2 solve(s) (stage 1 1.73s, stage 2 8.94s) - 27.604% of the 38.66s repair
mem-floor: live high-water · ru_maxrss 386 MB · rss 386 MB · footprint 386 MB · rss over footprint 0 MB · repair work 125 MB (own peak 218) · scan reads 0 MB (own peak 8) · verifier tables 0 MB · unattributed 262 MB
mem-floor: sampled peak rss · ru_maxrss 386 MB · rss 386 MB · footprint 386 MB · rss over footprint 0 MB · repair work 125 MB (own peak 218) · scan reads 0 MB (own peak 8) · verifier tables 0 MB · unattributed 262 MB
