 INFO repair-timing: packet scan (critical): +969.44µs (total 969.44µs)
 INFO repair-timing: verify targets + volume scan: +559.92ms (total 560.89ms)
 INFO repair: repair ahead: 2048 block(s) to rebuild, structured solve
 INFO repair-timing: adoption: +7.24ms (total 568.14ms)
 INFO repair-timing: load recovery: +51.95ms (total 620.08ms)
 INFO repair-timing:   forney joint plan: 1041 KB of kernel tables, locator tree held <= 44 KB (20 KB of it cached transforms)
 INFO repair-timing: back-substitution setup (2048x2048, forney): 33.35ms
 INFO repair-timing: retained from the verify pass: 0 block(s), 0.0 MB
 INFO repair-timing: ntt syndromes (m=2048, needed=2048, n=1280, W=512, threads=4): 1.06s
 INFO repair-timing: ntt window (83886080 bytes, 1280 slices, transformed): 1.06s
 INFO repair-timing: ntt syndromes (m=2048, needed=2048, n=1280, W=512, threads=4): 1.10s
 INFO repair-timing: ntt window (83886080 bytes, 1280 slices, transformed): 1.10s
 INFO repair-timing: ntt syndromes (m=2048, needed=2048, n=1280, W=512, threads=4): 1.09s
 INFO repair-timing: ntt window (83886080 bytes, 1280 slices, transformed): 1.09s
 INFO repair-timing: ntt syndromes (m=2048, needed=2048, n=1280, W=512, threads=4): 1.08s
 INFO repair-timing: ntt window (83886080 bytes, 1280 slices, transformed): 1.08s
 INFO repair-timing: ntt syndromes (m=2048, needed=2048, n=1280, W=512, threads=4): 1.10s
 INFO repair-timing: ntt window (83886080 bytes, 1280 slices, transformed): 1.10s
 INFO repair-timing: ntt syndromes (m=2048, needed=2048, n=1280, W=512, threads=4): 1.07s
 INFO repair-timing: ntt window (83886080 bytes, 1280 slices, transformed): 1.07s
 INFO repair-timing: ntt syndromes (m=2048, needed=2048, n=1280, W=512, threads=4): 1.04s
 INFO repair-timing: ntt window (83886080 bytes, 1280 slices, transformed): 1.04s
 INFO repair-timing: ntt syndromes (m=2048, needed=2048, n=1280, W=512, threads=4): 1.05s
 INFO repair-timing: ntt window (83886080 bytes, 1280 slices, transformed): 1.05s
 INFO repair-timing: ntt syndromes (m=2048, needed=2048, n=1280, W=512, threads=4): 1.04s
 INFO repair-timing: ntt window (83886080 bytes, 1280 slices, transformed): 1.04s
 INFO repair-timing: ntt syndromes (m=2048, needed=2048, n=1280, W=512, threads=4): 1.11s
 INFO repair-timing: ntt window (83886080 bytes, 1280 slices, transformed): 1.11s
 INFO repair-timing: ntt syndromes (m=2048, needed=2048, n=1280, W=512, threads=4): 1.11s
 INFO repair-timing: ntt window (83886080 bytes, 1280 slices, transformed): 1.11s
 INFO repair-timing: ntt syndromes (m=2048, needed=2048, n=256, W=512, threads=4): 876.08ms
 INFO repair-timing: ntt: 11 window(s) transformed before the tail, tail transformed above
 INFO repair-timing:   forney stage 1 (joint whole/demand, stripe 512w, FALLBACK arithmetic below the kernel gate 16384): 415.71ms of 2.71s wall (attributed by worker share)
 INFO repair-timing:   forney stage 2 (joint scheduler, m=2048, gate 8192, FALLBACK arithmetic, stripe 512w): 2.30s of 2.71s wall (attributed by worker share)
 INFO repair-timing: back-substitution (forney-joint): 2.71s
 INFO repair-timing: feed+fold+solve: +15.58s (total 16.20s)
 INFO repair-timing: patch: +15.13ms (total 16.22s)
 INFO repair-timing: final verify: +272.87ms (total 16.49s)
 INFO repair-timing: plan prep: 33.30ms over 1 cold build(s), 64 stripe use(s) - 0.202% of the 16.50s repair
 INFO repair-timing: forney solve: 2.71s over 1 solve(s) (stage 1 415.71ms, stage 2 2.30s) - 16.444% of the 16.50s repair
mem-floor: live high-water · ru_maxrss 685 MB · rss 685 MB · footprint 685 MB · rss over footprint 0 MB · repair work 419 MB (own peak 419) · scan reads 0 MB (own peak 34) · verifier tables 0 MB · unattributed 266 MB
mem-floor: sampled peak rss · ru_maxrss 685 MB · rss 685 MB · footprint 685 MB · rss over footprint 0 MB · repair work 419 MB (own peak 419) · scan reads 0 MB (own peak 34) · verifier tables 0 MB · unattributed 266 MB
