 INFO repair-timing: packet scan (critical): +995.12µs (total 995.12µs)
 INFO repair-timing: verify targets + volume scan: +570.00ms (total 571.00ms)
 INFO repair: repair ahead: 2048 block(s) to rebuild, structured solve
 INFO repair-timing: adoption: +5.37ms (total 576.37ms)
 INFO nzbkit_base::par2repair: solve window over budget: 2048 block(s) at 65536 B in 2 slab(s) of 32768 B,              output Spill - the payload is swept once per slab
 INFO repair-timing: load recovery: +36.64ms (total 613.01ms)
 INFO repair-timing:   forney joint plan: 1041 KB of kernel tables, locator tree held <= 44 KB (20 KB of it cached transforms)
 INFO repair-timing: back-substitution setup (2048x2048, forney): 30.41ms
 INFO repair-timing: fold unit dst budget 128 KiB (L2 per core 256 KiB)
 INFO repair-timing: fold tile budget 32 KiB (L2 per core 256 KiB)
 INFO repair-timing:   forney stage 1 (joint whole/demand, stripe 512w, FALLBACK arithmetic below the kernel gate 16384): 223.99ms of 1.42s wall (attributed by worker share)
 INFO repair-timing:   forney stage 2 (joint scheduler, m=2048, gate 8192, FALLBACK arithmetic, stripe 512w): 1.19s of 1.42s wall (attributed by worker share)
 INFO repair-timing: back-substitution (forney-joint): 1.42s
 INFO repair-timing: feed+fold+solve: +27.19s (total 27.80s)
 INFO repair-timing:   forney joint plan: 1041 KB of kernel tables, locator tree held <= 44 KB (20 KB of it cached transforms)
 INFO repair-timing: back-substitution setup (2048x2048, forney): 25.10ms
 INFO repair-timing:   forney stage 1 (joint whole/demand, stripe 512w, FALLBACK arithmetic below the kernel gate 16384): 220.01ms of 1.45s wall (attributed by worker share)
 INFO repair-timing:   forney stage 2 (joint scheduler, m=2048, gate 8192, FALLBACK arithmetic, stripe 512w): 1.23s of 1.45s wall (attributed by worker share)
 INFO repair-timing: back-substitution (forney-joint): 1.45s
 INFO repair-timing: feed+fold+solve: +27.75s (total 55.55s)
 INFO repair-timing: patch: +25.90ms (total 55.57s)
 INFO repair-timing: final verify: +277.73ms (total 55.85s)
 INFO repair-timing: plan prep: 55.43ms over 2 cold build(s), 64 stripe use(s) - 0.099% of the 55.85s repair
 INFO repair-timing: forney solve: 2.87s over 2 solve(s) (stage 1 444.00ms, stage 2 2.43s) - 5.137% of the 55.85s repair
mem-floor: live high-water · ru_maxrss 549 MB · rss 549 MB · footprint 549 MB · rss over footprint 0 MB · repair work 319 MB (own peak 436) · scan reads 0 MB (own peak 32) · verifier tables 0 MB · unattributed 230 MB
mem-floor: sampled peak rss · ru_maxrss 549 MB · rss 549 MB · footprint 549 MB · rss over footprint 0 MB · repair work 319 MB (own peak 436) · scan reads 0 MB (own peak 32) · verifier tables 0 MB · unattributed 230 MB
