 INFO repair-timing: packet scan (critical): +965.56µs (total 965.56µs)
 INFO repair-timing: verify targets + volume scan: +2.13s (total 2.13s)
 INFO repair: repair ahead: 2048 block(s) to rebuild, structured solve
 INFO repair-timing: adoption: +5.88ms (total 2.13s)
 INFO repair-timing: load recovery: +53.08ms (total 2.19s)
 INFO repair-timing:   forney joint plan: 1041 KB of kernel tables, locator tree held <= 44 KB (20 KB of it cached transforms)
 INFO repair-timing: back-substitution setup (2048x2048, forney): 37.48ms
 INFO repair-timing: retained from the verify pass: 0 block(s), 0.0 MB
 INFO repair-timing: ntt syndromes (m=2048, needed=2048, n=2048, W=256, threads=1): 5.06s
 INFO repair-timing: ntt window (134217728 bytes, 2048 slices, transformed): 5.06s
 INFO repair-timing: ntt syndromes (m=2048, needed=2048, n=2048, W=256, threads=1): 5.24s
 INFO repair-timing: ntt window (134217728 bytes, 2048 slices, transformed): 5.24s
 INFO repair-timing: ntt syndromes (m=2048, needed=2048, n=2048, W=256, threads=1): 5.06s
 INFO repair-timing: ntt window (134217728 bytes, 2048 slices, transformed): 5.06s
 INFO repair-timing: ntt syndromes (m=2048, needed=2048, n=2048, W=256, threads=1): 5.13s
 INFO repair-timing: ntt window (134217728 bytes, 2048 slices, transformed): 5.13s
 INFO repair-timing: ntt syndromes (m=2048, needed=2048, n=2048, W=256, threads=1): 5.07s
 INFO repair-timing: ntt window (134217728 bytes, 2048 slices, transformed): 5.07s
 INFO repair-timing: ntt syndromes (m=2048, needed=2048, n=2048, W=256, threads=1): 5.35s
 INFO repair-timing: ntt window (134217728 bytes, 2048 slices, transformed): 5.35s
 INFO repair-timing: ntt syndromes (m=2048, needed=2048, n=2048, W=256, threads=1): 5.22s
 INFO repair-timing: ntt window (134217728 bytes, 2048 slices, transformed): 5.22s
 INFO repair-timing: ntt: 7 window(s) transformed before the tail, tail empty
 INFO repair-timing:   forney stage 1 (joint whole/demand, stripe 512w, FALLBACK arithmetic below the kernel gate 16384): 1.55s of 9.52s wall (attributed by worker share)
 INFO repair-timing:   forney stage 2 (joint scheduler, m=2048, gate 8192, FALLBACK arithmetic, stripe 512w): 7.97s of 9.52s wall (attributed by worker share)
 INFO repair-timing: back-substitution (forney-joint): 9.52s
 INFO repair-timing: feed+fold+solve: +45.89s (total 48.08s)
 INFO repair-timing: patch: +46.71ms (total 48.13s)
 INFO repair-timing: final verify: +2.36s (total 50.49s)
 INFO repair-timing: plan prep: 37.43ms over 1 cold build(s), 64 stripe use(s) - 0.074% of the 50.50s repair
 INFO repair-timing: forney solve: 9.52s over 1 solve(s) (stage 1 1.55s, stage 2 7.97s) - 18.859% of the 50.50s repair
mem-floor: live high-water · ru_maxrss 1002 MB · rss 1002 MB · footprint 1002 MB · rss over footprint 0 MB · repair work 872 MB (own peak 872) · scan reads 0 MB (own peak 8) · verifier tables 0 MB · unattributed 130 MB
mem-floor: sampled peak rss · ru_maxrss 1002 MB · rss 1002 MB · footprint 1002 MB · rss over footprint 0 MB · repair work 872 MB (own peak 872) · scan reads 0 MB (own peak 8) · verifier tables 0 MB · unattributed 130 MB
