 INFO repair-timing: packet scan (critical): +1.06ms (total 1.06ms)
 INFO repair-timing: verify targets + volume scan: +573.13ms (total 574.19ms)
 INFO repair: repair ahead: 2048 block(s) to rebuild, structured solve
 INFO repair-timing: adoption: +5.61ms (total 579.80ms)
 INFO repair-timing: load recovery: +55.60ms (total 635.40ms)
 INFO repair-timing:   forney joint plan: 1041 KB of kernel tables, locator tree held <= 44 KB (20 KB of it cached transforms)
 INFO repair-timing: back-substitution setup (2048x2048, forney): 27.35ms
 INFO repair-timing: retained from the verify pass: 0 block(s), 0.0 MB
 INFO repair-timing: ntt syndromes (m=2048, needed=2048, n=2560, W=128, threads=4): 1.91s
 INFO repair-timing: ntt window (167772160 bytes, 2560 slices, transformed): 1.91s
 INFO repair-timing: ntt syndromes (m=2048, needed=2048, n=2560, W=128, threads=4): 1.95s
 INFO repair-timing: ntt window (167772160 bytes, 2560 slices, transformed): 1.95s
 INFO repair-timing: ntt syndromes (m=2048, needed=2048, n=2560, W=128, threads=4): 2.03s
 INFO repair-timing: ntt window (167772160 bytes, 2560 slices, transformed): 2.03s
 INFO repair-timing: ntt syndromes (m=2048, needed=2048, n=2560, W=128, threads=4): 1.91s
 INFO repair-timing: ntt window (167772160 bytes, 2560 slices, transformed): 1.91s
 INFO repair-timing: ntt syndromes (m=2048, needed=2048, n=2560, W=128, threads=4): 2.03s
 INFO repair-timing: ntt window (167772160 bytes, 2560 slices, transformed): 2.03s
 INFO repair-timing: ntt syndromes (m=2048, needed=2048, n=1536, W=128, threads=4): 1.92s
 INFO repair-timing: ntt: 5 window(s) transformed before the tail, tail transformed above
 INFO repair-timing:   forney stage 1 (joint whole/demand, stripe 512w, FALLBACK arithmetic below the kernel gate 16384): 438.35ms of 2.94s wall (attributed by worker share)
 INFO repair-timing:   forney stage 2 (joint scheduler, m=2048, gate 8192, FALLBACK arithmetic, stripe 512w): 2.50s of 2.94s wall (attributed by worker share)
 INFO repair-timing: back-substitution (forney-joint): 2.94s
 INFO repair-timing: feed+fold+solve: +14.85s (total 15.48s)
 INFO repair-timing: patch: +15.55ms (total 15.50s)
 INFO repair-timing: final verify: +272.05ms (total 15.77s)
 INFO repair-timing: plan prep: 27.30ms over 1 cold build(s), 64 stripe use(s) - 0.173% of the 15.77s repair
 INFO repair-timing: forney solve: 2.94s over 1 solve(s) (stage 1 438.35ms, stage 2 2.50s) - 18.612% of the 15.77s repair
mem-floor: live high-water · ru_maxrss 650 MB · rss 650 MB · footprint 650 MB · rss over footprint 0 MB · repair work 459 MB (own peak 503) · scan reads 0 MB (own peak 34) · verifier tables 0 MB · unattributed 191 MB
mem-floor: sampled peak rss · ru_maxrss 650 MB · rss 650 MB · footprint 650 MB · rss over footprint 0 MB · repair work 459 MB (own peak 503) · scan reads 0 MB (own peak 34) · verifier tables 0 MB · unattributed 191 MB
