 INFO repair-timing: packet scan (critical): +1.00ms (total 1.00ms)
 INFO repair-timing: verify targets + volume scan: +566.29ms (total 567.29ms)
 INFO repair: repair ahead: 2048 block(s) to rebuild, structured solve
 INFO repair-timing: adoption: +5.89ms (total 573.18ms)
 INFO nzbkit_base::par2repair: solve window over budget: 2048 block(s) at 65536 B in 2 slab(s) of 32768 B,              output Spill - the payload is swept once per slab
 INFO repair-timing: load recovery: +35.45ms (total 608.63ms)
 INFO repair-timing:   forney joint plan: 1041 KB of kernel tables, locator tree held <= 44 KB (20 KB of it cached transforms)
 INFO repair-timing: back-substitution setup (2048x2048, forney): 26.92ms
 INFO repair-timing: feed shape under the published budget: batch 16.8 MB, channel 4, merge cap 16.8 MB
 INFO repair-timing: ntt syndromes (m=2048, needed=2048, n=2688, W=256, threads=4): 809.52ms
 INFO repair-timing: ntt window (88080384 bytes, 2688 slices, transformed): 809.59ms
 INFO repair-timing: ntt syndromes (m=2048, needed=2048, n=2688, W=256, threads=4): 814.84ms
 INFO repair-timing: ntt window (88080384 bytes, 2688 slices, transformed): 814.91ms
 INFO repair-timing: ntt syndromes (m=2048, needed=2048, n=2688, W=256, threads=4): 763.39ms
 INFO repair-timing: ntt window (88080384 bytes, 2688 slices, transformed): 763.45ms
 INFO repair-timing: ntt syndromes (m=2048, needed=2048, n=2688, W=256, threads=4): 773.69ms
 INFO repair-timing: ntt window (88080384 bytes, 2688 slices, transformed): 773.74ms
 INFO repair-timing: ntt syndromes (m=2048, needed=2048, n=2688, W=256, threads=4): 786.08ms
 INFO repair-timing: ntt window (88080384 bytes, 2688 slices, transformed): 786.14ms
 INFO repair-timing: ntt syndromes (m=2048, needed=2048, n=896, W=256, threads=4): 599.87ms
 INFO repair-timing: ntt: 5 window(s) transformed before the tail, tail transformed above
 INFO repair-timing:   forney stage 1 (joint whole/demand, stripe 512w, FALLBACK arithmetic below the kernel gate 16384): 215.07ms of 1.35s wall (attributed by worker share)
 INFO repair-timing:   forney stage 2 (joint scheduler, m=2048, gate 8192, FALLBACK arithmetic, stripe 512w): 1.13s of 1.35s wall (attributed by worker share)
 INFO repair-timing: back-substitution (forney-joint): 1.35s
 INFO repair-timing: feed+fold+solve: +6.05s (total 6.65s)
 INFO repair-timing:   forney joint plan: 1041 KB of kernel tables, locator tree held <= 44 KB (20 KB of it cached transforms)
 INFO repair-timing: back-substitution setup (2048x2048, forney): 21.53ms
 INFO repair-timing: feed shape under the published budget: batch 16.8 MB, channel 4, merge cap 16.8 MB
 INFO repair-timing: ntt syndromes (m=2048, needed=2048, n=2688, W=256, threads=4): 796.96ms
 INFO repair-timing: ntt window (88080384 bytes, 2688 slices, transformed): 797.01ms
 INFO repair-timing: ntt syndromes (m=2048, needed=2048, n=2688, W=256, threads=4): 784.14ms
 INFO repair-timing: ntt window (88080384 bytes, 2688 slices, transformed): 784.19ms
 INFO repair-timing: ntt syndromes (m=2048, needed=2048, n=2688, W=256, threads=4): 835.20ms
 INFO repair-timing: ntt window (88080384 bytes, 2688 slices, transformed): 835.26ms
 INFO repair-timing: ntt syndromes (m=2048, needed=2048, n=2688, W=256, threads=4): 763.09ms
 INFO repair-timing: ntt window (88080384 bytes, 2688 slices, transformed): 763.19ms
 INFO repair-timing: ntt syndromes (m=2048, needed=2048, n=2688, W=256, threads=4): 770.22ms
 INFO repair-timing: ntt window (88080384 bytes, 2688 slices, transformed): 770.27ms
 INFO repair-timing: ntt syndromes (m=2048, needed=2048, n=896, W=256, threads=4): 599.88ms
 INFO repair-timing: ntt: 5 window(s) transformed before the tail, tail transformed above
 INFO repair-timing:   forney stage 1 (joint whole/demand, stripe 512w, FALLBACK arithmetic below the kernel gate 16384): 232.39ms of 1.49s wall (attributed by worker share)
 INFO repair-timing:   forney stage 2 (joint scheduler, m=2048, gate 8192, FALLBACK arithmetic, stripe 512w): 1.26s of 1.49s wall (attributed by worker share)
 INFO repair-timing: back-substitution (forney-joint): 1.49s
 INFO repair-timing: feed+fold+solve: +6.20s (total 12.85s)
 INFO repair-timing: patch: +21.79ms (total 12.87s)
 INFO repair-timing: final verify: +267.79ms (total 13.14s)
 INFO repair-timing: plan prep: 48.37ms over 2 cold build(s), 64 stripe use(s) - 0.368% of the 13.14s repair
 INFO repair-timing: forney solve: 2.84s over 2 solve(s) (stage 1 447.46ms, stage 2 2.40s) - 21.642% of the 13.14s repair
mem-floor: live high-water · ru_maxrss 340 MB · rss 340 MB · footprint 340 MB · rss over footprint 0 MB · repair work 176 MB (own peak 189) · scan reads 0 MB (own peak 34) · verifier tables 0 MB · unattributed 163 MB
mem-floor: sampled peak rss · ru_maxrss 340 MB · rss 340 MB · footprint 340 MB · rss over footprint 0 MB · repair work 176 MB (own peak 189) · scan reads 0 MB (own peak 34) · verifier tables 0 MB · unattributed 163 MB
