 INFO repair-timing: packet scan (critical): +1.04ms (total 1.04ms)
 INFO repair-timing: verify targets + volume scan: +2.14s (total 2.14s)
 INFO repair: repair ahead: 2048 block(s) to rebuild, structured solve
 INFO repair-timing: adoption: +6.19ms (total 2.15s)
 INFO nzbkit_base::par2repair: solve window over budget: 2048 block(s) at 65536 B in 2 slab(s) of 32768 B,              output Spill - the payload is swept once per slab
 INFO repair-timing: load recovery: +37.95ms (total 2.19s)
 INFO repair-timing:   forney joint plan: 1041 KB of kernel tables, locator tree held <= 44 KB (20 KB of it cached transforms)
 INFO repair-timing: back-substitution setup (2048x2048, forney): 37.17ms
 INFO repair-timing: feed shape under the published budget: batch 16.8 MB, channel 1, merge cap 16.8 MB
 INFO repair-timing: ntt syndromes (m=2048, needed=2048, n=3584, W=512, threads=1): 3.10s
 INFO repair-timing: ntt window (117440512 bytes, 3584 slices, transformed): 3.10s
 INFO repair-timing: ntt syndromes (m=2048, needed=2048, n=3584, W=512, threads=1): 3.32s
 INFO repair-timing: ntt window (117440512 bytes, 3584 slices, transformed): 3.32s
 INFO repair-timing: ntt syndromes (m=2048, needed=2048, n=3584, W=512, threads=1): 3.20s
 INFO repair-timing: ntt window (117440512 bytes, 3584 slices, transformed): 3.20s
 INFO repair-timing: ntt syndromes (m=2048, needed=2048, n=3584, W=512, threads=1): 2.79s
 INFO repair-timing: ntt window (117440512 bytes, 3584 slices, transformed): 2.79s
 INFO repair-timing: ntt: 4 window(s) transformed before the tail, tail empty
 INFO repair-timing:   forney stage 1 (joint whole/demand, stripe 512w, FALLBACK arithmetic below the kernel gate 16384): 795.33ms of 5.04s wall (attributed by worker share)
 INFO repair-timing:   forney stage 2 (joint scheduler, m=2048, gate 8192, FALLBACK arithmetic, stripe 512w): 4.24s of 5.04s wall (attributed by worker share)
 INFO repair-timing: back-substitution (forney-joint): 5.04s
 INFO repair-timing: feed+fold+solve: +17.71s (total 19.90s)
 INFO repair-timing:   forney joint plan: 1041 KB of kernel tables, locator tree held <= 44 KB (20 KB of it cached transforms)
 INFO repair-timing: back-substitution setup (2048x2048, forney): 29.21ms
 INFO repair-timing: feed shape under the published budget: batch 16.8 MB, channel 1, merge cap 16.8 MB
 INFO repair-timing: ntt syndromes (m=2048, needed=2048, n=3584, W=512, threads=1): 2.70s
 INFO repair-timing: ntt window (117440512 bytes, 3584 slices, transformed): 2.70s
 INFO repair-timing: ntt syndromes (m=2048, needed=2048, n=3584, W=512, threads=1): 2.72s
 INFO repair-timing: ntt window (117440512 bytes, 3584 slices, transformed): 2.72s
 INFO repair-timing: ntt syndromes (m=2048, needed=2048, n=3584, W=512, threads=1): 2.72s
 INFO repair-timing: ntt window (117440512 bytes, 3584 slices, transformed): 2.72s
 INFO repair-timing: ntt syndromes (m=2048, needed=2048, n=3584, W=512, threads=1): 2.65s
 INFO repair-timing: ntt window (117440512 bytes, 3584 slices, transformed): 2.65s
 INFO repair-timing: ntt: 4 window(s) transformed before the tail, tail empty
 INFO repair-timing:   forney stage 1 (joint whole/demand, stripe 512w, FALLBACK arithmetic below the kernel gate 16384): 822.50ms of 5.00s wall (attributed by worker share)
 INFO repair-timing:   forney stage 2 (joint scheduler, m=2048, gate 8192, FALLBACK arithmetic, stripe 512w): 4.17s of 5.00s wall (attributed by worker share)
 INFO repair-timing: back-substitution (forney-joint): 5.00s
 INFO repair-timing: feed+fold+solve: +16.07s (total 35.97s)
 INFO repair-timing: patch: +68.43ms (total 36.04s)
 INFO repair-timing: final verify: +2.38s (total 38.42s)
 INFO repair-timing: plan prep: 66.30ms over 2 cold build(s), 64 stripe use(s) - 0.173% of the 38.42s repair
 INFO repair-timing: forney solve: 10.03s over 2 solve(s) (stage 1 1.62s, stage 2 8.42s) - 26.115% of the 38.42s repair
mem-floor: live high-water · ru_maxrss 344 MB · rss 344 MB · footprint 344 MB · rss over footprint 0 MB · repair work 130 MB (own peak 218) · scan reads 0 MB (own peak 8) · verifier tables 0 MB · unattributed 214 MB
mem-floor: sampled peak rss · ru_maxrss 344 MB · rss 344 MB · footprint 344 MB · rss over footprint 0 MB · repair work 130 MB (own peak 218) · scan reads 0 MB (own peak 8) · verifier tables 0 MB · unattributed 214 MB
