 INFO repair-timing: packet scan (critical): +1.02ms (total 1.02ms)
 INFO repair-timing: verify targets + volume scan: +2.13s (total 2.13s)
 INFO repair: repair ahead: 2048 block(s) to rebuild, structured solve
 INFO repair-timing: adoption: +5.39ms (total 2.14s)
 INFO nzbkit_base::par2repair: solve window over budget: 2048 block(s) at 65536 B in 2 slab(s) of 32768 B,              output Spill - the payload is swept once per slab
 INFO repair-timing: load recovery: +41.12ms (total 2.18s)
 INFO repair-timing:   forney joint plan: 1041 KB of kernel tables, locator tree held <= 44 KB (20 KB of it cached transforms)
 INFO repair-timing: back-substitution setup (2048x2048, forney): 37.95ms
 INFO repair-timing: ntt syndromes (m=2048, needed=2048, n=4096, W=256, threads=1): 3.58s
 INFO repair-timing: ntt window (134217728 bytes, 4096 slices, transformed): 3.58s
 INFO repair-timing: ntt syndromes (m=2048, needed=2048, n=4096, W=256, threads=1): 3.60s
 INFO repair-timing: ntt window (134217728 bytes, 4096 slices, transformed): 3.60s
 INFO repair-timing: ntt syndromes (m=2048, needed=2048, n=4096, W=256, threads=1): 3.72s
 INFO repair-timing: ntt window (134217728 bytes, 4096 slices, transformed): 3.72s
 INFO repair-timing: ntt syndromes (m=2048, needed=2048, n=2048, W=256, threads=1): 2.92s
 INFO repair-timing: ntt: 3 window(s) transformed before the tail, tail transformed above
 INFO repair-timing:   forney stage 1 (joint whole/demand, stripe 512w, FALLBACK arithmetic below the kernel gate 16384): 813.44ms of 5.07s wall (attributed by worker share)
 INFO repair-timing:   forney stage 2 (joint scheduler, m=2048, gate 8192, FALLBACK arithmetic, stripe 512w): 4.25s of 5.07s wall (attributed by worker share)
 INFO repair-timing: back-substitution (forney-joint): 5.07s
 INFO repair-timing: feed+fold+solve: +19.11s (total 21.29s)
 INFO repair-timing:   forney joint plan: 1041 KB of kernel tables, locator tree held <= 44 KB (20 KB of it cached transforms)
 INFO repair-timing: back-substitution setup (2048x2048, forney): 29.96ms
 INFO repair-timing: ntt syndromes (m=2048, needed=2048, n=4096, W=256, threads=1): 3.21s
 INFO repair-timing: ntt window (134217728 bytes, 4096 slices, transformed): 3.21s
 INFO repair-timing: ntt syndromes (m=2048, needed=2048, n=4096, W=256, threads=1): 3.29s
 INFO repair-timing: ntt window (134217728 bytes, 4096 slices, transformed): 3.29s
 INFO repair-timing: ntt syndromes (m=2048, needed=2048, n=4096, W=256, threads=1): 3.26s
 INFO repair-timing: ntt window (134217728 bytes, 4096 slices, transformed): 3.26s
 INFO repair-timing: ntt syndromes (m=2048, needed=2048, n=2048, W=256, threads=1): 2.70s
 INFO repair-timing: ntt: 3 window(s) transformed before the tail, tail transformed above
 INFO repair-timing:   forney stage 1 (joint whole/demand, stripe 512w, FALLBACK arithmetic below the kernel gate 16384): 894.06ms of 5.30s wall (attributed by worker share)
 INFO repair-timing:   forney stage 2 (joint scheduler, m=2048, gate 8192, FALLBACK arithmetic, stripe 512w): 4.40s of 5.30s wall (attributed by worker share)
 INFO repair-timing: back-substitution (forney-joint): 5.30s
 INFO repair-timing: feed+fold+solve: +17.97s (total 39.25s)
 INFO repair-timing: patch: +66.24ms (total 39.32s)
 INFO repair-timing: final verify: +2.39s (total 41.70s)
 INFO repair-timing: plan prep: 67.83ms over 2 cold build(s), 64 stripe use(s) - 0.163% of the 41.70s repair
 INFO repair-timing: forney solve: 10.36s over 2 solve(s) (stage 1 1.71s, stage 2 8.65s) - 24.846% of the 41.70s repair
mem-floor: live high-water · ru_maxrss 624 MB · rss 624 MB · footprint 624 MB · rss over footprint 0 MB · repair work 537 MB (own peak 537) · scan reads 0 MB (own peak 8) · verifier tables 0 MB · unattributed 87 MB
mem-floor: sampled peak rss · ru_maxrss 624 MB · rss 624 MB · footprint 624 MB · rss over footprint 0 MB · repair work 537 MB (own peak 537) · scan reads 0 MB (own peak 8) · verifier tables 0 MB · unattributed 87 MB
