 INFO repair-timing: packet scan (critical): +989.00µs (total 989.00µs)
 INFO repair-timing: verify targets + volume scan: +2.12s (total 2.12s)
 INFO repair: repair ahead: 2048 block(s) to rebuild, structured solve
 INFO repair-timing: adoption: +5.37ms (total 2.13s)
 INFO repair-timing: load recovery: +51.51ms (total 2.18s)
 INFO repair-timing:   forney joint plan: 1041 KB of kernel tables, locator tree held <= 44 KB (20 KB of it cached transforms)
 INFO repair-timing: back-substitution setup (2048x2048, forney): 32.12ms
 INFO repair-timing: retained from the verify pass: 0 block(s), 0.0 MB
 INFO repair-timing: ntt syndromes (m=2048, needed=2048, n=3072, W=256, threads=1): 5.86s
 INFO repair-timing: ntt window (201326592 bytes, 3072 slices, transformed): 5.86s
 INFO repair-timing: ntt syndromes (m=2048, needed=2048, n=3072, W=256, threads=1): 6.29s
 INFO repair-timing: ntt window (201326592 bytes, 3072 slices, transformed): 6.29s
 INFO repair-timing: ntt syndromes (m=2048, needed=2048, n=3072, W=256, threads=1): 5.93s
 INFO repair-timing: ntt window (201326592 bytes, 3072 slices, transformed): 5.93s
 INFO repair-timing: ntt syndromes (m=2048, needed=2048, n=3072, W=256, threads=1): 6.22s
 INFO repair-timing: ntt window (201326592 bytes, 3072 slices, transformed): 6.22s
 INFO repair-timing: ntt syndromes (m=2048, needed=2048, n=2048, W=256, threads=1): 5.30s
 INFO repair-timing: ntt: 4 window(s) transformed before the tail, tail transformed above
 INFO repair-timing:   forney stage 1 (joint whole/demand, stripe 512w, FALLBACK arithmetic below the kernel gate 16384): 1.66s of 10.25s wall (attributed by worker share)
 INFO repair-timing:   forney stage 2 (joint scheduler, m=2048, gate 8192, FALLBACK arithmetic, stripe 512w): 8.60s of 10.25s wall (attributed by worker share)
 INFO repair-timing: back-substitution (forney-joint): 10.25s
 INFO repair-timing: feed+fold+solve: +40.12s (total 42.30s)
 INFO repair-timing: patch: +47.42ms (total 42.35s)
 INFO repair-timing: final verify: +2.39s (total 44.74s)
 INFO repair-timing: plan prep: 32.07ms over 1 cold build(s), 64 stripe use(s) - 0.072% of the 44.74s repair
 INFO repair-timing: forney solve: 10.25s over 1 solve(s) (stage 1 1.66s, stage 2 8.60s) - 22.922% of the 44.74s repair
mem-floor: live high-water · ru_maxrss 1067 MB · rss 1067 MB · footprint 1067 MB · rss over footprint 0 MB · repair work 940 MB (own peak 940) · scan reads 0 MB (own peak 8) · verifier tables 0 MB · unattributed 127 MB
mem-floor: sampled peak rss · ru_maxrss 1067 MB · rss 1067 MB · footprint 1067 MB · rss over footprint 0 MB · repair work 940 MB (own peak 940) · scan reads 0 MB (own peak 8) · verifier tables 0 MB · unattributed 127 MB
