 INFO repair-timing: packet scan (critical): +986.86µs (total 986.86µs)
 INFO repair-timing: verify targets + volume scan: +576.74ms (total 577.73ms)
 INFO repair: repair ahead: 2048 block(s) to rebuild, structured solve
 INFO repair-timing: adoption: +5.74ms (total 583.47ms)
 INFO repair-timing: load recovery: +46.17ms (total 629.64ms)
 INFO repair-timing:   forney joint plan: 1041 KB of kernel tables, locator tree held <= 44 KB (20 KB of it cached transforms)
 INFO repair-timing: back-substitution setup (2048x2048, forney): 27.86ms
 INFO repair-timing: retained from the verify pass: 0 block(s), 0.0 MB
 INFO repair-timing: fold unit dst budget 128 KiB (L2 per core 256 KiB)
 INFO repair-timing: fold tile budget 32 KiB (L2 per core 256 KiB)
 INFO repair-timing:   forney stage 1 (joint whole/demand, stripe 512w, FALLBACK arithmetic below the kernel gate 16384): 425.41ms of 2.81s wall (attributed by worker share)
 INFO repair-timing:   forney stage 2 (joint scheduler, m=2048, gate 8192, FALLBACK arithmetic, stripe 512w): 2.38s of 2.81s wall (attributed by worker share)
 INFO repair-timing: back-substitution (forney-joint): 2.81s
 INFO repair-timing: feed+fold+solve: +55.80s (total 56.43s)
 INFO repair-timing: patch: +15.56ms (total 56.45s)
 INFO repair-timing: final verify: +270.07ms (total 56.72s)
 INFO repair-timing: plan prep: 27.81ms over 1 cold build(s), 64 stripe use(s) - 0.049% of the 56.73s repair
 INFO repair-timing: forney solve: 2.81s over 1 solve(s) (stage 1 425.41ms, stage 2 2.38s) - 4.948% of the 56.73s repair
mem-floor: live high-water · ru_maxrss 646 MB · rss 646 MB · footprint 646 MB · rss over footprint 0 MB · repair work 476 MB (own peak 503) · scan reads 0 MB (own peak 34) · verifier tables 0 MB · unattributed 170 MB
mem-floor: sampled peak rss · ru_maxrss 646 MB · rss 646 MB · footprint 646 MB · rss over footprint 0 MB · repair work 476 MB (own peak 503) · scan reads 0 MB (own peak 34) · verifier tables 0 MB · unattributed 170 MB
