 INFO repair-timing: packet scan (critical): +984.20µs (total 984.20µs)
 INFO repair-timing: verify targets + volume scan: +561.48ms (total 562.47ms)
 INFO repair: repair ahead: 2048 block(s) to rebuild, structured solve
 INFO repair-timing: adoption: +7.21ms (total 569.68ms)
 INFO repair-timing: load recovery: +45.26ms (total 614.94ms)
 INFO repair-timing:   forney joint plan: 1041 KB of kernel tables, locator tree held <= 44 KB (20 KB of it cached transforms)
 INFO repair-timing: back-substitution setup (2048x2048, forney): 32.69ms
 INFO repair-timing: feed shape under the published budget: batch 67.1 MB, channel 4, merge cap 67.1 MB
 INFO repair-timing: retained from the verify pass: 0 block(s), 0.0 MB
 INFO repair-timing: ntt syndromes (m=2048, needed=2048, n=6912, W=512, threads=4): 2.08s
 INFO repair-timing: ntt window (452984832 bytes, 6912 slices, transformed): 2.08s
 INFO repair-timing: ntt syndromes (m=2048, needed=2048, n=6912, W=512, threads=4): 2.08s
 INFO repair-timing: ntt window (452984832 bytes, 6912 slices, transformed): 2.08s
 INFO repair-timing: ntt syndromes (m=2048, needed=2048, n=512, W=512, threads=4): 902.06ms
 INFO repair-timing: ntt: 2 window(s) transformed before the tail, tail transformed above
 INFO repair-timing:   forney stage 1 (joint whole/demand, stripe 512w, FALLBACK arithmetic below the kernel gate 16384): 427.72ms of 2.91s wall (attributed by worker share)
 INFO repair-timing:   forney stage 2 (joint scheduler, m=2048, gate 8192, FALLBACK arithmetic, stripe 512w): 2.49s of 2.91s wall (attributed by worker share)
 INFO repair-timing: back-substitution (forney-joint): 2.91s
 INFO repair-timing: feed+fold+solve: +8.23s (total 8.85s)
 INFO repair-timing: patch: +16.11ms (total 8.86s)
 INFO repair-timing: final verify: +306.43ms (total 9.17s)
 INFO repair-timing: plan prep: 32.63ms over 1 cold build(s), 64 stripe use(s) - 0.356% of the 9.17s repair
 INFO repair-timing: forney solve: 2.91s over 1 solve(s) (stage 1 427.72ms, stage 2 2.49s) - 31.767% of the 9.17s repair
mem-floor: live high-water · ru_maxrss 853 MB · rss 853 MB · footprint 853 MB · rss over footprint 0 MB · repair work 621 MB (own peak 721) · scan reads 0 MB (own peak 34) · verifier tables 0 MB · unattributed 232 MB
mem-floor: sampled peak rss · ru_maxrss 853 MB · rss 853 MB · footprint 853 MB · rss over footprint 0 MB · repair work 621 MB (own peak 721) · scan reads 0 MB (own peak 34) · verifier tables 0 MB · unattributed 232 MB
