 INFO repair-timing: packet scan (critical): +998.95µs (total 998.95µs)
 INFO repair-timing: verify targets + volume scan: +566.02ms (total 567.02ms)
 INFO repair: repair ahead: 2048 block(s) to rebuild, structured solve
 INFO repair-timing: adoption: +5.32ms (total 572.33ms)
 INFO repair-timing: load recovery: +45.12ms (total 617.45ms)
 INFO repair-timing:   forney joint plan: 1041 KB of kernel tables, locator tree held <= 44 KB (20 KB of it cached transforms)
 INFO repair-timing: back-substitution setup (2048x2048, forney): 27.45ms
 INFO repair-timing: retained from the verify pass: 0 block(s), 0.0 MB
 INFO repair-timing: ntt syndromes (m=2048, needed=2048, n=1024, W=128, threads=4): 1.67s
 INFO repair-timing: ntt window (67108864 bytes, 1024 slices, transformed): 1.67s
 INFO repair-timing: ntt syndromes (m=2048, needed=2048, n=1024, W=128, threads=4): 1.57s
 INFO repair-timing: ntt window (67108864 bytes, 1024 slices, transformed): 1.57s
 INFO repair-timing: ntt syndromes (m=2048, needed=2048, n=1024, W=128, threads=4): 1.62s
 INFO repair-timing: ntt window (67108864 bytes, 1024 slices, transformed): 1.62s
 INFO repair-timing: ntt syndromes (m=2048, needed=2048, n=1024, W=128, threads=4): 1.59s
 INFO repair-timing: ntt window (67108864 bytes, 1024 slices, transformed): 1.59s
 INFO repair-timing: ntt syndromes (m=2048, needed=2048, n=1024, W=128, threads=4): 1.66s
 INFO repair-timing: ntt window (67108864 bytes, 1024 slices, transformed): 1.66s
 INFO repair-timing: ntt syndromes (m=2048, needed=2048, n=1024, W=128, threads=4): 1.54s
 INFO repair-timing: ntt window (67108864 bytes, 1024 slices, transformed): 1.54s
 INFO repair-timing: ntt syndromes (m=2048, needed=2048, n=1024, W=128, threads=4): 1.60s
 INFO repair-timing: ntt window (67108864 bytes, 1024 slices, transformed): 1.60s
 INFO repair-timing: ntt syndromes (m=2048, needed=2048, n=1024, W=128, threads=4): 1.65s
 INFO repair-timing: ntt window (67108864 bytes, 1024 slices, transformed): 1.65s
 INFO repair-timing: ntt syndromes (m=2048, needed=2048, n=1024, W=128, threads=4): 1.62s
 INFO repair-timing: ntt window (67108864 bytes, 1024 slices, transformed): 1.62s
 INFO repair-timing: ntt syndromes (m=2048, needed=2048, n=1024, W=128, threads=4): 1.57s
 INFO repair-timing: ntt window (67108864 bytes, 1024 slices, transformed): 1.57s
 INFO repair-timing: ntt syndromes (m=2048, needed=2048, n=1024, W=128, threads=4): 1.59s
 INFO repair-timing: ntt window (67108864 bytes, 1024 slices, transformed): 1.59s
 INFO repair-timing: ntt syndromes (m=2048, needed=2048, n=1024, W=128, threads=4): 1.68s
 INFO repair-timing: ntt window (67108864 bytes, 1024 slices, transformed): 1.68s
 INFO repair-timing: ntt syndromes (m=2048, needed=2048, n=1024, W=128, threads=4): 1.60s
 INFO repair-timing: ntt window (67108864 bytes, 1024 slices, transformed): 1.60s
 INFO repair-timing: ntt syndromes (m=2048, needed=2048, n=1024, W=128, threads=4): 1.57s
 INFO repair-timing: ntt window (67108864 bytes, 1024 slices, transformed): 1.57s
 INFO repair-timing: ntt: 14 window(s) transformed before the tail, tail empty
 INFO repair-timing:   forney stage 1 (joint whole/demand, stripe 512w, FALLBACK arithmetic below the kernel gate 16384): 420.32ms of 2.75s wall (attributed by worker share)
 INFO repair-timing:   forney stage 2 (joint scheduler, m=2048, gate 8192, FALLBACK arithmetic, stripe 512w): 2.33s of 2.75s wall (attributed by worker share)
 INFO repair-timing: back-substitution (forney-joint): 2.75s
 INFO repair-timing: feed+fold+solve: +25.41s (total 26.03s)
 INFO repair-timing: patch: +15.05ms (total 26.04s)
 INFO repair-timing: final verify: +286.78ms (total 26.33s)
 INFO repair-timing: plan prep: 27.41ms over 1 cold build(s), 64 stripe use(s) - 0.104% of the 26.34s repair
 INFO repair-timing: forney solve: 2.75s over 1 solve(s) (stage 1 420.32ms, stage 2 2.33s) - 10.458% of the 26.34s repair
mem-floor: live high-water · ru_maxrss 552 MB · rss 552 MB · footprint 552 MB · rss over footprint 0 MB · repair work 403 MB (own peak 403) · scan reads 0 MB (own peak 34) · verifier tables 0 MB · unattributed 149 MB
mem-floor: sampled peak rss · ru_maxrss 552 MB · rss 552 MB · footprint 552 MB · rss over footprint 0 MB · repair work 403 MB (own peak 403) · scan reads 0 MB (own peak 34) · verifier tables 0 MB · unattributed 149 MB
