 INFO repair-timing: packet scan (critical): +967.30µs (total 967.30µs)
 INFO repair-timing: verify targets + volume scan: +2.11s (total 2.11s)
 INFO repair: repair ahead: 2048 block(s) to rebuild, structured solve
 INFO repair-timing: adoption: +7.13ms (total 2.12s)
 INFO repair-timing: load recovery: +56.49ms (total 2.18s)
 INFO repair-timing:   forney joint plan: 1041 KB of kernel tables, locator tree held <= 44 KB (20 KB of it cached transforms)
 INFO repair-timing: back-substitution setup (2048x2048, forney): 56.97ms
 INFO repair-timing: feed shape under the published budget: batch 33.6 MB, channel 1, merge cap 33.6 MB
 INFO repair-timing: retained from the verify pass: 0 block(s), 0.0 MB
 INFO repair-timing: ntt syndromes (m=2048, needed=2048, n=4096, W=512, threads=1): 5.77s
 INFO repair-timing: ntt window (268435456 bytes, 4096 slices, transformed): 5.77s
 INFO repair-timing: ntt syndromes (m=2048, needed=2048, n=4096, W=512, threads=1): 5.88s
 INFO repair-timing: ntt window (268435456 bytes, 4096 slices, transformed): 5.88s
 INFO repair-timing: ntt syndromes (m=2048, needed=2048, n=4096, W=512, threads=1): 5.68s
 INFO repair-timing: ntt window (268435456 bytes, 4096 slices, transformed): 5.69s
 INFO repair-timing: ntt syndromes (m=2048, needed=2048, n=2048, W=512, threads=1): 4.24s
 INFO repair-timing: ntt: 3 window(s) transformed before the tail, tail transformed above
 INFO repair-timing:   forney stage 1 (joint whole/demand, stripe 512w, FALLBACK arithmetic below the kernel gate 16384): 1.58s of 10.80s wall (attributed by worker share)
 INFO repair-timing:   forney stage 2 (joint scheduler, m=2048, gate 8192, FALLBACK arithmetic, stripe 512w): 9.22s of 10.80s wall (attributed by worker share)
 INFO repair-timing: back-substitution (forney-joint): 10.80s
 INFO repair-timing: feed+fold+solve: +32.99s (total 35.17s)
 INFO repair-timing: patch: +43.82ms (total 35.21s)
 INFO repair-timing: final verify: +2.40s (total 37.62s)
 INFO repair-timing: plan prep: 56.92ms over 1 cold build(s), 64 stripe use(s) - 0.151% of the 37.62s repair
 INFO repair-timing: forney solve: 10.80s over 1 solve(s) (stage 1 1.58s, stage 2 9.22s) - 28.722% of the 37.62s repair
mem-floor: live high-water · ru_maxrss 612 MB · rss 612 MB · footprint 612 MB · rss over footprint 0 MB · repair work 470 MB (own peak 470) · scan reads 0 MB (own peak 8) · verifier tables 0 MB · unattributed 142 MB
mem-floor: sampled peak rss · ru_maxrss 612 MB · rss 612 MB · footprint 612 MB · rss over footprint 0 MB · repair work 470 MB (own peak 470) · scan reads 0 MB (own peak 8) · verifier tables 0 MB · unattributed 142 MB
