 INFO repair-timing: packet scan (critical): +1.03ms (total 1.03ms)
 INFO repair-timing: verify targets + volume scan: +574.83ms (total 575.86ms)
 INFO repair: repair ahead: 2048 block(s) to rebuild, structured solve
 INFO repair-timing: adoption: +7.31ms (total 583.18ms)
 INFO repair-timing: load recovery: +47.92ms (total 631.09ms)
 INFO repair-timing:   forney joint plan: 1041 KB of kernel tables, locator tree held <= 44 KB (20 KB of it cached transforms)
 INFO repair-timing: back-substitution setup (2048x2048, forney): 34.90ms
 INFO repair-timing: feed shape under the published budget: batch 67.1 MB, channel 4, merge cap 67.1 MB
 INFO repair-timing: retained from the verify pass: 0 block(s), 0.0 MB
 INFO repair-timing: ntt syndromes (m=2048, needed=2048, n=6912, W=512, threads=4): 2.04s
 INFO repair-timing: ntt window (452984832 bytes, 6912 slices, transformed): 2.04s
 INFO repair-timing: ntt syndromes (m=2048, needed=2048, n=6912, W=512, threads=4): 2.12s
 INFO repair-timing: ntt window (452984832 bytes, 6912 slices, transformed): 2.12s
 INFO repair-timing: ntt syndromes (m=2048, needed=2048, n=512, W=512, threads=4): 982.20ms
 INFO repair-timing: ntt: 2 window(s) transformed before the tail, tail transformed above
 INFO repair-timing:   forney stage 1 (joint whole/demand, stripe 512w, FALLBACK arithmetic below the kernel gate 16384): 432.30ms of 2.90s wall (attributed by worker share)
 INFO repair-timing:   forney stage 2 (joint scheduler, m=2048, gate 8192, FALLBACK arithmetic, stripe 512w): 2.46s of 2.90s wall (attributed by worker share)
 INFO repair-timing: back-substitution (forney-joint): 2.90s
 INFO repair-timing: feed+fold+solve: +8.29s (total 8.92s)
 INFO repair-timing: patch: +19.52ms (total 8.94s)
 INFO repair-timing: final verify: +263.90ms (total 9.20s)
 INFO repair-timing: plan prep: 34.85ms over 1 cold build(s), 64 stripe use(s) - 0.379% of the 9.21s repair
 INFO repair-timing: forney solve: 2.90s over 1 solve(s) (stage 1 432.30ms, stage 2 2.46s) - 31.466% of the 9.21s repair
mem-floor: live high-water · ru_maxrss 846 MB · rss 846 MB · footprint 846 MB · rss over footprint 0 MB · repair work 621 MB (own peak 721) · scan reads 0 MB (own peak 34) · verifier tables 0 MB · unattributed 225 MB
mem-floor: sampled peak rss · ru_maxrss 846 MB · rss 846 MB · footprint 846 MB · rss over footprint 0 MB · repair work 621 MB (own peak 721) · scan reads 0 MB (own peak 34) · verifier tables 0 MB · unattributed 225 MB
