 INFO repair-timing: packet scan (critical): +1.06ms (total 1.06ms)
 INFO repair-timing: verify targets + volume scan: +560.32ms (total 561.38ms)
 INFO repair: repair ahead: 2048 block(s) to rebuild, structured solve
 INFO repair-timing: adoption: +7.18ms (total 568.56ms)
 INFO nzbkit_base::par2repair: solve window over budget: 2048 block(s) at 65536 B in 2 slab(s) of 32768 B,              output Spill - the payload is swept once per slab
 INFO repair-timing: load recovery: +37.45ms (total 606.01ms)
 INFO repair-timing:   forney joint plan: 1041 KB of kernel tables, locator tree held <= 44 KB (20 KB of it cached transforms)
 INFO repair-timing: back-substitution setup (2048x2048, forney): 44.40ms
 INFO repair-timing: feed shape under the published budget: batch 16.8 MB, channel 4, merge cap 16.8 MB
 INFO repair-timing: ntt syndromes (m=2048, needed=2048, n=2688, W=256, threads=4): 757.56ms
 INFO repair-timing: ntt window (88080384 bytes, 2688 slices, transformed): 757.65ms
 INFO repair-timing: ntt syndromes (m=2048, needed=2048, n=2688, W=256, threads=4): 797.60ms
 INFO repair-timing: ntt window (88080384 bytes, 2688 slices, transformed): 797.68ms
 INFO repair-timing: ntt syndromes (m=2048, needed=2048, n=2688, W=256, threads=4): 813.83ms
 INFO repair-timing: ntt window (88080384 bytes, 2688 slices, transformed): 813.90ms
 INFO repair-timing: ntt syndromes (m=2048, needed=2048, n=2688, W=256, threads=4): 756.12ms
 INFO repair-timing: ntt window (88080384 bytes, 2688 slices, transformed): 756.20ms
 INFO repair-timing: ntt syndromes (m=2048, needed=2048, n=2688, W=256, threads=4): 773.80ms
 INFO repair-timing: ntt window (88080384 bytes, 2688 slices, transformed): 773.86ms
 INFO repair-timing: ntt syndromes (m=2048, needed=2048, n=896, W=256, threads=4): 604.38ms
 INFO repair-timing: ntt: 5 window(s) transformed before the tail, tail transformed above
 INFO repair-timing:   forney stage 1 (joint whole/demand, stripe 512w, FALLBACK arithmetic below the kernel gate 16384): 232.46ms of 1.45s wall (attributed by worker share)
 INFO repair-timing:   forney stage 2 (joint scheduler, m=2048, gate 8192, FALLBACK arithmetic, stripe 512w): 1.21s of 1.45s wall (attributed by worker share)
 INFO repair-timing: back-substitution (forney-joint): 1.45s
 INFO repair-timing: feed+fold+solve: +6.14s (total 6.74s)
 INFO repair-timing:   forney joint plan: 1041 KB of kernel tables, locator tree held <= 44 KB (20 KB of it cached transforms)
 INFO repair-timing: back-substitution setup (2048x2048, forney): 27.28ms
 INFO repair-timing: feed shape under the published budget: batch 16.8 MB, channel 4, merge cap 16.8 MB
 INFO repair-timing: ntt syndromes (m=2048, needed=2048, n=2688, W=256, threads=4): 865.55ms
 INFO repair-timing: ntt window (88080384 bytes, 2688 slices, transformed): 865.60ms
 INFO repair-timing: ntt syndromes (m=2048, needed=2048, n=2688, W=256, threads=4): 761.69ms
 INFO repair-timing: ntt window (88080384 bytes, 2688 slices, transformed): 761.75ms
 INFO repair-timing: ntt syndromes (m=2048, needed=2048, n=2688, W=256, threads=4): 735.21ms
 INFO repair-timing: ntt window (88080384 bytes, 2688 slices, transformed): 735.26ms
 INFO repair-timing: ntt syndromes (m=2048, needed=2048, n=2688, W=256, threads=4): 746.55ms
 INFO repair-timing: ntt window (88080384 bytes, 2688 slices, transformed): 746.61ms
 INFO repair-timing: ntt syndromes (m=2048, needed=2048, n=2688, W=256, threads=4): 879.22ms
 INFO repair-timing: ntt window (88080384 bytes, 2688 slices, transformed): 879.28ms
 INFO repair-timing: ntt syndromes (m=2048, needed=2048, n=896, W=256, threads=4): 639.27ms
 INFO repair-timing: ntt: 5 window(s) transformed before the tail, tail transformed above
 INFO repair-timing:   forney stage 1 (joint whole/demand, stripe 512w, FALLBACK arithmetic below the kernel gate 16384): 234.52ms of 1.45s wall (attributed by worker share)
 INFO repair-timing:   forney stage 2 (joint scheduler, m=2048, gate 8192, FALLBACK arithmetic, stripe 512w): 1.22s of 1.45s wall (attributed by worker share)
 INFO repair-timing: back-substitution (forney-joint): 1.45s
 INFO repair-timing: feed+fold+solve: +6.26s (total 13.00s)
 INFO repair-timing: patch: +23.36ms (total 13.03s)
 INFO repair-timing: final verify: +274.50ms (total 13.30s)
 INFO repair-timing: plan prep: 71.60ms over 2 cold build(s), 64 stripe use(s) - 0.538% of the 13.30s repair
 INFO repair-timing: forney solve: 2.90s over 2 solve(s) (stage 1 466.98ms, stage 2 2.43s) - 21.810% of the 13.30s repair
mem-floor: live high-water · ru_maxrss 333 MB · rss 333 MB · footprint 333 MB · rss over footprint 0 MB · repair work 96 MB (own peak 189) · scan reads 0 MB (own peak 34) · verifier tables 0 MB · unattributed 236 MB
mem-floor: sampled peak rss · ru_maxrss 333 MB · rss 333 MB · footprint 333 MB · rss over footprint 0 MB · repair work 96 MB (own peak 189) · scan reads 0 MB (own peak 34) · verifier tables 0 MB · unattributed 236 MB
