 INFO repair-timing: packet scan (critical): +1.03ms (total 1.03ms)
 INFO repair-timing: verify targets + volume scan: +566.75ms (total 567.78ms)
 INFO repair: repair ahead: 2048 block(s) to rebuild, structured solve
 INFO repair-timing: adoption: +7.29ms (total 575.07ms)
 INFO repair-timing: load recovery: +51.60ms (total 626.68ms)
 INFO repair-timing:   forney joint plan: 1041 KB of kernel tables, locator tree held <= 44 KB (20 KB of it cached transforms)
 INFO repair-timing: back-substitution setup (2048x2048, forney): 27.05ms
 INFO repair-timing: retained from the verify pass: 0 block(s), 0.0 MB
 INFO repair-timing: ntt syndromes (m=2048, needed=2048, n=2048, W=256, threads=4): 1.46s
 INFO repair-timing: ntt window (134217728 bytes, 2048 slices, transformed): 1.46s
 INFO repair-timing: ntt syndromes (m=2048, needed=2048, n=2048, W=256, threads=4): 1.42s
 INFO repair-timing: ntt window (134217728 bytes, 2048 slices, transformed): 1.42s
 INFO repair-timing: ntt syndromes (m=2048, needed=2048, n=2048, W=256, threads=4): 1.39s
 INFO repair-timing: ntt window (134217728 bytes, 2048 slices, transformed): 1.39s
 INFO repair-timing: ntt syndromes (m=2048, needed=2048, n=2048, W=256, threads=4): 1.44s
 INFO repair-timing: ntt window (134217728 bytes, 2048 slices, transformed): 1.44s
 INFO repair-timing: ntt syndromes (m=2048, needed=2048, n=2048, W=256, threads=4): 1.40s
 INFO repair-timing: ntt window (134217728 bytes, 2048 slices, transformed): 1.40s
 INFO repair-timing: ntt syndromes (m=2048, needed=2048, n=2048, W=256, threads=4): 1.42s
 INFO repair-timing: ntt window (134217728 bytes, 2048 slices, transformed): 1.42s
 INFO repair-timing: ntt syndromes (m=2048, needed=2048, n=2048, W=256, threads=4): 1.36s
 INFO repair-timing: ntt window (134217728 bytes, 2048 slices, transformed): 1.36s
 INFO repair-timing: ntt: 7 window(s) transformed before the tail, tail empty
 INFO repair-timing:   forney stage 1 (joint whole/demand, stripe 512w, FALLBACK arithmetic below the kernel gate 16384): 441.42ms of 2.85s wall (attributed by worker share)
 INFO repair-timing:   forney stage 2 (joint scheduler, m=2048, gate 8192, FALLBACK arithmetic, stripe 512w): 2.41s of 2.85s wall (attributed by worker share)
 INFO repair-timing: back-substitution (forney-joint): 2.85s
 INFO repair-timing: feed+fold+solve: +12.89s (total 13.52s)
 INFO repair-timing: patch: +18.14ms (total 13.53s)
 INFO repair-timing: final verify: +269.14ms (total 13.80s)
 INFO repair-timing: plan prep: 27.00ms over 1 cold build(s), 64 stripe use(s) - 0.196% of the 13.81s repair
 INFO repair-timing: forney solve: 2.85s over 1 solve(s) (stage 1 441.42ms, stage 2 2.41s) - 20.643% of the 13.81s repair
mem-floor: live high-water · ru_maxrss 661 MB · rss 661 MB · footprint 661 MB · rss over footprint 0 MB · repair work 453 MB (own peak 470) · scan reads 0 MB (own peak 34) · verifier tables 0 MB · unattributed 208 MB
mem-floor: sampled peak rss · ru_maxrss 661 MB · rss 661 MB · footprint 661 MB · rss over footprint 0 MB · repair work 453 MB (own peak 470) · scan reads 0 MB (own peak 34) · verifier tables 0 MB · unattributed 208 MB
