 INFO repair-timing: packet scan (critical): +1.10ms (total 1.10ms)
 INFO repair-timing: verify targets + volume scan: +569.99ms (total 571.09ms)
 INFO repair: repair ahead: 2048 block(s) to rebuild, structured solve
 INFO repair-timing: adoption: +6.35ms (total 577.45ms)
 INFO nzbkit_base::par2repair: solve window over budget: 2048 block(s) at 65536 B in 2 slab(s) of 32768 B,              output Spill - the payload is swept once per slab
 INFO repair-timing: load recovery: +32.18ms (total 609.63ms)
 INFO repair-timing:   forney joint plan: 1041 KB of kernel tables, locator tree held <= 44 KB (20 KB of it cached transforms)
 INFO repair-timing: back-substitution setup (2048x2048, forney): 28.20ms
 INFO repair-timing: ntt syndromes (m=2048, needed=2048, n=4096, W=256, threads=4): 929.66ms
 INFO repair-timing: ntt window (134217728 bytes, 4096 slices, transformed): 929.72ms
 INFO repair-timing: ntt syndromes (m=2048, needed=2048, n=4096, W=256, threads=4): 867.96ms
 INFO repair-timing: ntt window (134217728 bytes, 4096 slices, transformed): 868.03ms
 INFO repair-timing: ntt syndromes (m=2048, needed=2048, n=4096, W=256, threads=4): 940.05ms
 INFO repair-timing: ntt window (134217728 bytes, 4096 slices, transformed): 940.11ms
 INFO repair-timing: ntt syndromes (m=2048, needed=2048, n=2048, W=256, threads=4): 740.91ms
 INFO repair-timing: ntt: 3 window(s) transformed before the tail, tail transformed above
 INFO repair-timing:   forney stage 1 (joint whole/demand, stripe 512w, FALLBACK arithmetic below the kernel gate 16384): 231.54ms of 1.46s wall (attributed by worker share)
 INFO repair-timing:   forney stage 2 (joint scheduler, m=2048, gate 8192, FALLBACK arithmetic, stripe 512w): 1.23s of 1.46s wall (attributed by worker share)
 INFO repair-timing: back-substitution (forney-joint): 1.46s
 INFO repair-timing: feed+fold+solve: +5.08s (total 5.69s)
 INFO repair-timing:   forney joint plan: 1041 KB of kernel tables, locator tree held <= 44 KB (20 KB of it cached transforms)
 INFO repair-timing: back-substitution setup (2048x2048, forney): 26.31ms
 INFO repair-timing: ntt syndromes (m=2048, needed=2048, n=4096, W=256, threads=4): 866.49ms
 INFO repair-timing: ntt window (134217728 bytes, 4096 slices, transformed): 866.54ms
 INFO repair-timing: ntt syndromes (m=2048, needed=2048, n=4096, W=256, threads=4): 901.52ms
 INFO repair-timing: ntt window (134217728 bytes, 4096 slices, transformed): 901.58ms
 INFO repair-timing: ntt syndromes (m=2048, needed=2048, n=4096, W=256, threads=4): 939.86ms
 INFO repair-timing: ntt window (134217728 bytes, 4096 slices, transformed): 939.91ms
 INFO repair-timing: ntt syndromes (m=2048, needed=2048, n=2048, W=256, threads=4): 719.47ms
 INFO repair-timing: ntt: 3 window(s) transformed before the tail, tail transformed above
 INFO repair-timing:   forney stage 1 (joint whole/demand, stripe 512w, FALLBACK arithmetic below the kernel gate 16384): 211.83ms of 1.35s wall (attributed by worker share)
 INFO repair-timing:   forney stage 2 (joint scheduler, m=2048, gate 8192, FALLBACK arithmetic, stripe 512w): 1.13s of 1.35s wall (attributed by worker share)
 INFO repair-timing: back-substitution (forney-joint): 1.35s
 INFO repair-timing: feed+fold+solve: +4.92s (total 10.60s)
 INFO repair-timing: patch: +19.61ms (total 10.62s)
 INFO repair-timing: final verify: +272.25ms (total 10.90s)
 INFO repair-timing: plan prep: 54.42ms over 2 cold build(s), 64 stripe use(s) - 0.500% of the 10.90s repair
 INFO repair-timing: forney solve: 2.81s over 2 solve(s) (stage 1 443.37ms, stage 2 2.36s) - 25.764% of the 10.90s repair
mem-floor: live high-water · ru_maxrss 537 MB · rss 537 MB · footprint 537 MB · rss over footprint 0 MB · repair work 268 MB (own peak 403) · scan reads 0 MB (own peak 34) · verifier tables 0 MB · unattributed 268 MB
mem-floor: sampled peak rss · ru_maxrss 537 MB · rss 537 MB · footprint 537 MB · rss over footprint 0 MB · repair work 268 MB (own peak 403) · scan reads 0 MB (own peak 34) · verifier tables 0 MB · unattributed 268 MB
