 INFO repair-timing: packet scan (critical): +1.04ms (total 1.04ms)
 INFO repair-timing: verify targets + volume scan: +572.91ms (total 573.95ms)
 INFO repair: repair ahead: 2048 block(s) to rebuild, structured solve
 INFO repair-timing: adoption: +7.17ms (total 581.12ms)
 INFO repair-timing: load recovery: +45.08ms (total 626.20ms)
 INFO repair-timing:   forney joint plan: 1041 KB of kernel tables, locator tree held <= 44 KB (20 KB of it cached transforms)
 INFO repair-timing: back-substitution setup (2048x2048, forney): 44.52ms
 INFO repair-timing: retained from the verify pass: 0 block(s), 0.0 MB
 INFO repair-timing: ntt syndromes (m=2048, needed=2048, n=768, W=256, threads=4): 1.22s
 INFO repair-timing: ntt window (50331648 bytes, 768 slices, transformed): 1.22s
 INFO repair-timing: ntt syndromes (m=2048, needed=2048, n=768, W=256, threads=4): 1.20s
 INFO repair-timing: ntt window (50331648 bytes, 768 slices, transformed): 1.20s
 INFO repair-timing: ntt syndromes (m=2048, needed=2048, n=768, W=256, threads=4): 1.18s
 INFO repair-timing: ntt window (50331648 bytes, 768 slices, transformed): 1.18s
 INFO repair-timing: ntt syndromes (m=2048, needed=2048, n=768, W=256, threads=4): 1.14s
 INFO repair-timing: ntt window (50331648 bytes, 768 slices, transformed): 1.14s
 INFO repair-timing: ntt syndromes (m=2048, needed=2048, n=768, W=256, threads=4): 1.20s
 INFO repair-timing: ntt window (50331648 bytes, 768 slices, transformed): 1.20s
 INFO repair-timing: ntt syndromes (m=2048, needed=2048, n=768, W=256, threads=4): 1.18s
 INFO repair-timing: ntt window (50331648 bytes, 768 slices, transformed): 1.18s
 INFO repair-timing: ntt syndromes (m=2048, needed=2048, n=768, W=256, threads=4): 1.23s
 INFO repair-timing: ntt window (50331648 bytes, 768 slices, transformed): 1.23s
 INFO repair-timing: ntt syndromes (m=2048, needed=2048, n=768, W=256, threads=4): 1.16s
 INFO repair-timing: ntt window (50331648 bytes, 768 slices, transformed): 1.16s
 INFO repair-timing: ntt syndromes (m=2048, needed=2048, n=768, W=256, threads=4): 1.13s
 INFO repair-timing: ntt window (50331648 bytes, 768 slices, transformed): 1.13s
 INFO repair-timing: ntt syndromes (m=2048, needed=2048, n=768, W=256, threads=4): 1.13s
 INFO repair-timing: ntt window (50331648 bytes, 768 slices, transformed): 1.13s
 INFO repair-timing: ntt syndromes (m=2048, needed=2048, n=768, W=256, threads=4): 1.21s
 INFO repair-timing: ntt window (50331648 bytes, 768 slices, transformed): 1.21s
 INFO repair-timing: ntt syndromes (m=2048, needed=2048, n=768, W=256, threads=4): 1.15s
 INFO repair-timing: ntt window (50331648 bytes, 768 slices, transformed): 1.15s
 INFO repair-timing: ntt syndromes (m=2048, needed=2048, n=768, W=256, threads=4): 1.12s
 INFO repair-timing: ntt window (50331648 bytes, 768 slices, transformed): 1.12s
 INFO repair-timing: ntt syndromes (m=2048, needed=2048, n=768, W=256, threads=4): 1.23s
 INFO repair-timing: ntt window (50331648 bytes, 768 slices, transformed): 1.23s
 INFO repair-timing: ntt syndromes (m=2048, needed=2048, n=768, W=256, threads=4): 1.14s
 INFO repair-timing: ntt window (50331648 bytes, 768 slices, transformed): 1.14s
 INFO repair-timing: ntt syndromes (m=2048, needed=2048, n=768, W=256, threads=4): 1.19s
 INFO repair-timing: ntt window (50331648 bytes, 768 slices, transformed): 1.19s
 INFO repair-timing: ntt syndromes (m=2048, needed=2048, n=768, W=256, threads=4): 1.23s
 INFO repair-timing: ntt window (50331648 bytes, 768 slices, transformed): 1.23s
 INFO repair-timing: ntt syndromes (m=2048, needed=2048, n=768, W=256, threads=4): 1.18s
 INFO repair-timing: ntt window (50331648 bytes, 768 slices, transformed): 1.18s
 INFO repair-timing: ntt syndromes (m=2048, needed=2048, n=512, W=256, threads=4): 1.08s
 INFO repair-timing: ntt: 18 window(s) transformed before the tail, tail transformed above
 INFO repair-timing:   forney stage 1 (joint whole/demand, stripe 512w, FALLBACK arithmetic below the kernel gate 16384): 453.60ms of 2.80s wall (attributed by worker share)
 INFO repair-timing:   forney stage 2 (joint scheduler, m=2048, gate 8192, FALLBACK arithmetic, stripe 512w): 2.34s of 2.80s wall (attributed by worker share)
 INFO repair-timing: back-substitution (forney-joint): 2.80s
 INFO repair-timing: feed+fold+solve: +25.25s (total 25.88s)
 INFO repair-timing: patch: +14.65ms (total 25.90s)
 INFO repair-timing: final verify: +269.25ms (total 26.16s)
 INFO repair-timing: plan prep: 44.47ms over 1 cold build(s), 64 stripe use(s) - 0.170% of the 26.17s repair
 INFO repair-timing: forney solve: 2.80s over 1 solve(s) (stage 1 453.60ms, stage 2 2.34s) - 10.691% of the 26.17s repair
mem-floor: live high-water · ru_maxrss 596 MB · rss 596 MB · footprint 596 MB · rss over footprint 0 MB · repair work 319 MB (own peak 386) · scan reads 0 MB (own peak 34) · verifier tables 0 MB · unattributed 277 MB
mem-floor: sampled peak rss · ru_maxrss 596 MB · rss 596 MB · footprint 596 MB · rss over footprint 0 MB · repair work 319 MB (own peak 386) · scan reads 0 MB (own peak 34) · verifier tables 0 MB · unattributed 277 MB
