 INFO repair-timing: packet scan (critical): +1.02ms (total 1.02ms)
 INFO repair-timing: verify targets + volume scan: +2.14s (total 2.14s)
 INFO repair: repair ahead: 2048 block(s) to rebuild, structured solve
 INFO repair-timing: adoption: +7.09ms (total 2.15s)
 INFO nzbkit_base::par2repair: solve window over budget: 2048 block(s) at 65536 B in 2 slab(s) of 32768 B,              output Spill - the payload is swept once per slab
 INFO repair-timing: load recovery: +43.04ms (total 2.19s)
 INFO repair-timing:   forney joint plan: 1041 KB of kernel tables, locator tree held <= 44 KB (20 KB of it cached transforms)
 INFO repair-timing: back-substitution setup (2048x2048, forney): 50.40ms
 INFO repair-timing: ntt syndromes (m=2048, needed=2048, n=4096, W=256, threads=1): 3.64s
 INFO repair-timing: ntt window (134217728 bytes, 4096 slices, transformed): 3.64s
 INFO repair-timing: ntt syndromes (m=2048, needed=2048, n=4096, W=256, threads=1): 3.63s
 INFO repair-timing: ntt window (134217728 bytes, 4096 slices, transformed): 3.63s
 INFO repair-timing: ntt syndromes (m=2048, needed=2048, n=4096, W=256, threads=1): 3.62s
 INFO repair-timing: ntt window (134217728 bytes, 4096 slices, transformed): 3.62s
 INFO repair-timing: ntt syndromes (m=2048, needed=2048, n=2048, W=256, threads=1): 2.88s
 INFO repair-timing: ntt: 3 window(s) transformed before the tail, tail transformed above
 INFO repair-timing:   forney stage 1 (joint whole/demand, stripe 512w, FALLBACK arithmetic below the kernel gate 16384): 817.22ms of 5.26s wall (attributed by worker share)
 INFO repair-timing:   forney stage 2 (joint scheduler, m=2048, gate 8192, FALLBACK arithmetic, stripe 512w): 4.45s of 5.26s wall (attributed by worker share)
 INFO repair-timing: back-substitution (forney-joint): 5.26s
 INFO repair-timing: feed+fold+solve: +19.27s (total 21.46s)
 INFO repair-timing:   forney joint plan: 1041 KB of kernel tables, locator tree held <= 44 KB (20 KB of it cached transforms)
 INFO repair-timing: back-substitution setup (2048x2048, forney): 30.28ms
 INFO repair-timing: ntt syndromes (m=2048, needed=2048, n=4096, W=256, threads=1): 3.28s
 INFO repair-timing: ntt window (134217728 bytes, 4096 slices, transformed): 3.28s
 INFO repair-timing: ntt syndromes (m=2048, needed=2048, n=4096, W=256, threads=1): 3.49s
 INFO repair-timing: ntt window (134217728 bytes, 4096 slices, transformed): 3.49s
 INFO repair-timing: ntt syndromes (m=2048, needed=2048, n=4096, W=256, threads=1): 3.42s
 INFO repair-timing: ntt window (134217728 bytes, 4096 slices, transformed): 3.42s
 INFO repair-timing: ntt syndromes (m=2048, needed=2048, n=2048, W=256, threads=1): 3.00s
 INFO repair-timing: ntt: 3 window(s) transformed before the tail, tail transformed above
 INFO repair-timing:   forney stage 1 (joint whole/demand, stripe 512w, FALLBACK arithmetic below the kernel gate 16384): 802.74ms of 5.08s wall (attributed by worker share)
 INFO repair-timing:   forney stage 2 (joint scheduler, m=2048, gate 8192, FALLBACK arithmetic, stripe 512w): 4.28s of 5.08s wall (attributed by worker share)
 INFO repair-timing: back-substitution (forney-joint): 5.08s
 INFO repair-timing: feed+fold+solve: +18.48s (total 39.94s)
 INFO repair-timing: patch: +69.40ms (total 40.01s)
 INFO repair-timing: final verify: +2.38s (total 42.39s)
 INFO repair-timing: plan prep: 80.60ms over 2 cold build(s), 64 stripe use(s) - 0.190% of the 42.39s repair
 INFO repair-timing: forney solve: 10.34s over 2 solve(s) (stage 1 1.62s, stage 2 8.72s) - 24.401% of the 42.39s repair
mem-floor: live high-water · ru_maxrss 622 MB · rss 622 MB · footprint 622 MB · rss over footprint 0 MB · repair work 537 MB (own peak 537) · scan reads 0 MB (own peak 8) · verifier tables 0 MB · unattributed 85 MB
mem-floor: sampled peak rss · ru_maxrss 622 MB · rss 622 MB · footprint 622 MB · rss over footprint 0 MB · repair work 537 MB (own peak 537) · scan reads 0 MB (own peak 8) · verifier tables 0 MB · unattributed 85 MB
