 INFO repair-timing: packet scan (critical): +993.83µs (total 993.83µs)
 INFO repair-timing: verify targets + volume scan: +2.16s (total 2.16s)
 INFO repair: repair ahead: 2048 block(s) to rebuild, structured solve
 INFO repair-timing: adoption: +5.70ms (total 2.17s)
 INFO repair-timing: load recovery: +54.28ms (total 2.22s)
 INFO repair-timing:   forney joint plan: 1041 KB of kernel tables, locator tree held <= 44 KB (20 KB of it cached transforms)
 INFO repair-timing: back-substitution setup (2048x2048, forney): 33.12ms
 INFO repair-timing: retained from the verify pass: 0 block(s), 0.0 MB
 INFO repair-timing: ntt syndromes (m=2048, needed=2048, n=3072, W=256, threads=1): 5.97s
 INFO repair-timing: ntt window (201326592 bytes, 3072 slices, transformed): 5.97s
 INFO repair-timing: ntt syndromes (m=2048, needed=2048, n=3072, W=256, threads=1): 6.10s
 INFO repair-timing: ntt window (201326592 bytes, 3072 slices, transformed): 6.10s
 INFO repair-timing: ntt syndromes (m=2048, needed=2048, n=3072, W=256, threads=1): 6.08s
 INFO repair-timing: ntt window (201326592 bytes, 3072 slices, transformed): 6.08s
 INFO repair-timing: ntt syndromes (m=2048, needed=2048, n=3072, W=256, threads=1): 5.92s
 INFO repair-timing: ntt window (201326592 bytes, 3072 slices, transformed): 5.92s
 INFO repair-timing: ntt syndromes (m=2048, needed=2048, n=2048, W=256, threads=1): 5.32s
 INFO repair-timing: ntt: 4 window(s) transformed before the tail, tail transformed above
 INFO repair-timing:   forney stage 1 (joint whole/demand, stripe 512w, FALLBACK arithmetic below the kernel gate 16384): 1.60s of 10.03s wall (attributed by worker share)
 INFO repair-timing:   forney stage 2 (joint scheduler, m=2048, gate 8192, FALLBACK arithmetic, stripe 512w): 8.42s of 10.03s wall (attributed by worker share)
 INFO repair-timing: back-substitution (forney-joint): 10.03s
 INFO repair-timing: feed+fold+solve: +39.70s (total 41.92s)
 INFO repair-timing: patch: +46.43ms (total 41.96s)
 INFO repair-timing: final verify: +2.39s (total 44.35s)
 INFO repair-timing: plan prep: 33.07ms over 1 cold build(s), 64 stripe use(s) - 0.075% of the 44.35s repair
 INFO repair-timing: forney solve: 10.03s over 1 solve(s) (stage 1 1.60s, stage 2 8.42s) - 22.603% of the 44.35s repair
mem-floor: live high-water · ru_maxrss 1066 MB · rss 1065 MB · footprint 1065 MB · rss over footprint 0 MB · repair work 940 MB (own peak 940) · scan reads 0 MB (own peak 8) · verifier tables 0 MB · unattributed 126 MB
mem-floor: sampled peak rss · ru_maxrss 1066 MB · rss 1065 MB · footprint 1065 MB · rss over footprint 0 MB · repair work 940 MB (own peak 940) · scan reads 0 MB (own peak 8) · verifier tables 0 MB · unattributed 126 MB
