 INFO repair-timing: packet scan (critical): +984.54µs (total 984.54µs)
 INFO repair-timing: verify targets + volume scan: +570.46ms (total 571.44ms)
 INFO repair: repair ahead: 2048 block(s) to rebuild, structured solve
 INFO repair-timing: adoption: +7.11ms (total 578.55ms)
 INFO repair-timing: load recovery: +53.47ms (total 632.02ms)
 INFO repair-timing:   forney joint plan: 1041 KB of kernel tables, locator tree held <= 44 KB (20 KB of it cached transforms)
 INFO repair-timing: back-substitution setup (2048x2048, forney): 45.40ms
 INFO repair-timing: retained from the verify pass: 0 block(s), 0.0 MB
 INFO repair-timing: ntt syndromes (m=2048, needed=2048, n=2048, W=256, threads=4): 1.36s
 INFO repair-timing: ntt window (134217728 bytes, 2048 slices, transformed): 1.36s
 INFO repair-timing: ntt syndromes (m=2048, needed=2048, n=2048, W=256, threads=4): 1.35s
 INFO repair-timing: ntt window (134217728 bytes, 2048 slices, transformed): 1.35s
 INFO repair-timing: ntt syndromes (m=2048, needed=2048, n=2048, W=256, threads=4): 1.40s
 INFO repair-timing: ntt window (134217728 bytes, 2048 slices, transformed): 1.40s
 INFO repair-timing: ntt syndromes (m=2048, needed=2048, n=2048, W=256, threads=4): 1.32s
 INFO repair-timing: ntt window (134217728 bytes, 2048 slices, transformed): 1.32s
 INFO repair-timing: ntt syndromes (m=2048, needed=2048, n=2048, W=256, threads=4): 1.32s
 INFO repair-timing: ntt window (134217728 bytes, 2048 slices, transformed): 1.32s
 INFO repair-timing: ntt syndromes (m=2048, needed=2048, n=2048, W=256, threads=4): 1.40s
 INFO repair-timing: ntt window (134217728 bytes, 2048 slices, transformed): 1.40s
 INFO repair-timing: ntt syndromes (m=2048, needed=2048, n=2048, W=256, threads=4): 1.38s
 INFO repair-timing: ntt window (134217728 bytes, 2048 slices, transformed): 1.38s
 INFO repair-timing: ntt: 7 window(s) transformed before the tail, tail empty
 INFO repair-timing:   forney stage 1 (joint whole/demand, stripe 512w, FALLBACK arithmetic below the kernel gate 16384): 412.99ms of 2.81s wall (attributed by worker share)
 INFO repair-timing:   forney stage 2 (joint scheduler, m=2048, gate 8192, FALLBACK arithmetic, stripe 512w): 2.40s of 2.81s wall (attributed by worker share)
 INFO repair-timing: back-substitution (forney-joint): 2.82s
 INFO repair-timing: feed+fold+solve: +12.51s (total 13.14s)
 INFO repair-timing: patch: +14.83ms (total 13.16s)
 INFO repair-timing: final verify: +268.12ms (total 13.42s)
 INFO repair-timing: plan prep: 45.35ms over 1 cold build(s), 64 stripe use(s) - 0.338% of the 13.43s repair
 INFO repair-timing: forney solve: 2.81s over 1 solve(s) (stage 1 412.99ms, stage 2 2.40s) - 20.958% of the 13.43s repair
mem-floor: live high-water · ru_maxrss 753 MB · rss 753 MB · footprint 753 MB · rss over footprint 0 MB · repair work 403 MB (own peak 470) · scan reads 0 MB (own peak 34) · verifier tables 0 MB · unattributed 351 MB
mem-floor: sampled peak rss · ru_maxrss 753 MB · rss 753 MB · footprint 753 MB · rss over footprint 0 MB · repair work 403 MB (own peak 470) · scan reads 0 MB (own peak 34) · verifier tables 0 MB · unattributed 351 MB
