 INFO repair-timing: packet scan (critical): +1.10ms (total 1.10ms)
 INFO repair-timing: verify targets + volume scan: +2.12s (total 2.12s)
 INFO repair: repair ahead: 2048 block(s) to rebuild, structured solve
 INFO repair-timing: adoption: +5.31ms (total 2.12s)
 INFO nzbkit_base::par2repair: solve window over budget: 2048 block(s) at 65536 B in 2 slab(s) of 32768 B,              output Spill - the payload is swept once per slab
 INFO repair-timing: load recovery: +42.82ms (total 2.17s)
 INFO repair-timing:   forney joint plan: 1041 KB of kernel tables, locator tree held <= 44 KB (20 KB of it cached transforms)
 INFO repair-timing: back-substitution setup (2048x2048, forney): 32.57ms
 INFO repair-timing: feed shape under the published budget: batch 16.8 MB, channel 1, merge cap 16.8 MB
 INFO repair-timing: ntt syndromes (m=2048, needed=2048, n=3584, W=512, threads=1): 3.01s
 INFO repair-timing: ntt window (117440512 bytes, 3584 slices, transformed): 3.01s
 INFO repair-timing: ntt syndromes (m=2048, needed=2048, n=3584, W=512, threads=1): 3.49s
 INFO repair-timing: ntt window (117440512 bytes, 3584 slices, transformed): 3.49s
 INFO repair-timing: ntt syndromes (m=2048, needed=2048, n=3584, W=512, threads=1): 3.49s
 INFO repair-timing: ntt window (117440512 bytes, 3584 slices, transformed): 3.49s
 INFO repair-timing: ntt syndromes (m=2048, needed=2048, n=3584, W=512, threads=1): 2.73s
 INFO repair-timing: ntt window (117440512 bytes, 3584 slices, transformed): 2.73s
 INFO repair-timing: ntt: 4 window(s) transformed before the tail, tail empty
 INFO repair-timing:   forney stage 1 (joint whole/demand, stripe 512w, FALLBACK arithmetic below the kernel gate 16384): 788.49ms of 4.94s wall (attributed by worker share)
 INFO repair-timing:   forney stage 2 (joint scheduler, m=2048, gate 8192, FALLBACK arithmetic, stripe 512w): 4.15s of 4.94s wall (attributed by worker share)
 INFO repair-timing: back-substitution (forney-joint): 4.94s
 INFO repair-timing: feed+fold+solve: +17.92s (total 20.08s)
 INFO repair-timing:   forney joint plan: 1041 KB of kernel tables, locator tree held <= 44 KB (20 KB of it cached transforms)
 INFO repair-timing: back-substitution setup (2048x2048, forney): 34.53ms
 INFO repair-timing: feed shape under the published budget: batch 16.8 MB, channel 1, merge cap 16.8 MB
 INFO repair-timing: ntt syndromes (m=2048, needed=2048, n=3584, W=512, threads=1): 2.71s
 INFO repair-timing: ntt window (117440512 bytes, 3584 slices, transformed): 2.71s
 INFO repair-timing: ntt syndromes (m=2048, needed=2048, n=3584, W=512, threads=1): 2.60s
 INFO repair-timing: ntt window (117440512 bytes, 3584 slices, transformed): 2.60s
 INFO repair-timing: ntt syndromes (m=2048, needed=2048, n=3584, W=512, threads=1): 2.67s
 INFO repair-timing: ntt window (117440512 bytes, 3584 slices, transformed): 2.67s
 INFO repair-timing: ntt syndromes (m=2048, needed=2048, n=3584, W=512, threads=1): 2.66s
 INFO repair-timing: ntt window (117440512 bytes, 3584 slices, transformed): 2.66s
 INFO repair-timing: ntt: 4 window(s) transformed before the tail, tail empty
 INFO repair-timing:   forney stage 1 (joint whole/demand, stripe 512w, FALLBACK arithmetic below the kernel gate 16384): 808.14ms of 5.05s wall (attributed by worker share)
 INFO repair-timing:   forney stage 2 (joint scheduler, m=2048, gate 8192, FALLBACK arithmetic, stripe 512w): 4.24s of 5.05s wall (attributed by worker share)
 INFO repair-timing: back-substitution (forney-joint): 5.05s
 INFO repair-timing: feed+fold+solve: +16.00s (total 36.08s)
 INFO repair-timing: patch: +66.84ms (total 36.15s)
 INFO repair-timing: final verify: +2.38s (total 38.53s)
 INFO repair-timing: plan prep: 67.03ms over 2 cold build(s), 64 stripe use(s) - 0.174% of the 38.53s repair
 INFO repair-timing: forney solve: 9.98s over 2 solve(s) (stage 1 1.60s, stage 2 8.39s) - 25.915% of the 38.53s repair
mem-floor: live high-water · ru_maxrss 393 MB · rss 393 MB · footprint 393 MB · rss over footprint 0 MB · repair work 119 MB (own peak 218) · scan reads 0 MB (own peak 8) · verifier tables 0 MB · unattributed 274 MB
mem-floor: sampled peak rss · ru_maxrss 393 MB · rss 393 MB · footprint 393 MB · rss over footprint 0 MB · repair work 119 MB (own peak 218) · scan reads 0 MB (own peak 8) · verifier tables 0 MB · unattributed 274 MB
