 INFO repair-timing: packet scan (critical): +965.27µs (total 965.27µs)
 INFO repair-timing: verify targets + volume scan: +580.97ms (total 581.94ms)
 INFO repair: repair ahead: 2048 block(s) to rebuild, structured solve
 INFO repair-timing: adoption: +5.39ms (total 587.33ms)
 INFO repair-timing: load recovery: +46.53ms (total 633.86ms)
 INFO repair-timing:   forney joint plan: 1041 KB of kernel tables, locator tree held <= 44 KB (20 KB of it cached transforms)
 INFO repair-timing: back-substitution setup (2048x2048, forney): 42.35ms
 INFO repair-timing: retained from the verify pass: 0 block(s), 0.0 MB
 INFO repair-timing: ntt syndromes (m=2048, needed=2048, n=768, W=256, threads=4): 1.12s
 INFO repair-timing: ntt window (50331648 bytes, 768 slices, transformed): 1.12s
 INFO repair-timing: ntt syndromes (m=2048, needed=2048, n=768, W=256, threads=4): 1.11s
 INFO repair-timing: ntt window (50331648 bytes, 768 slices, transformed): 1.11s
 INFO repair-timing: ntt syndromes (m=2048, needed=2048, n=768, W=256, threads=4): 1.17s
 INFO repair-timing: ntt window (50331648 bytes, 768 slices, transformed): 1.17s
 INFO repair-timing: ntt syndromes (m=2048, needed=2048, n=768, W=256, threads=4): 1.15s
 INFO repair-timing: ntt window (50331648 bytes, 768 slices, transformed): 1.15s
 INFO repair-timing: ntt syndromes (m=2048, needed=2048, n=768, W=256, threads=4): 1.15s
 INFO repair-timing: ntt window (50331648 bytes, 768 slices, transformed): 1.15s
 INFO repair-timing: ntt syndromes (m=2048, needed=2048, n=768, W=256, threads=4): 1.18s
 INFO repair-timing: ntt window (50331648 bytes, 768 slices, transformed): 1.18s
 INFO repair-timing: ntt syndromes (m=2048, needed=2048, n=768, W=256, threads=4): 1.16s
 INFO repair-timing: ntt window (50331648 bytes, 768 slices, transformed): 1.16s
 INFO repair-timing: ntt syndromes (m=2048, needed=2048, n=768, W=256, threads=4): 1.14s
 INFO repair-timing: ntt window (50331648 bytes, 768 slices, transformed): 1.14s
 INFO repair-timing: ntt syndromes (m=2048, needed=2048, n=768, W=256, threads=4): 1.15s
 INFO repair-timing: ntt window (50331648 bytes, 768 slices, transformed): 1.15s
 INFO repair-timing: ntt syndromes (m=2048, needed=2048, n=768, W=256, threads=4): 1.18s
 INFO repair-timing: ntt window (50331648 bytes, 768 slices, transformed): 1.18s
 INFO repair-timing: ntt syndromes (m=2048, needed=2048, n=768, W=256, threads=4): 1.17s
 INFO repair-timing: ntt window (50331648 bytes, 768 slices, transformed): 1.17s
 INFO repair-timing: ntt syndromes (m=2048, needed=2048, n=768, W=256, threads=4): 1.19s
 INFO repair-timing: ntt window (50331648 bytes, 768 slices, transformed): 1.19s
 INFO repair-timing: ntt syndromes (m=2048, needed=2048, n=768, W=256, threads=4): 1.15s
 INFO repair-timing: ntt window (50331648 bytes, 768 slices, transformed): 1.15s
 INFO repair-timing: ntt syndromes (m=2048, needed=2048, n=768, W=256, threads=4): 1.26s
 INFO repair-timing: ntt window (50331648 bytes, 768 slices, transformed): 1.26s
 INFO repair-timing: ntt syndromes (m=2048, needed=2048, n=768, W=256, threads=4): 1.14s
 INFO repair-timing: ntt window (50331648 bytes, 768 slices, transformed): 1.14s
 INFO repair-timing: ntt syndromes (m=2048, needed=2048, n=768, W=256, threads=4): 1.14s
 INFO repair-timing: ntt window (50331648 bytes, 768 slices, transformed): 1.14s
 INFO repair-timing: ntt syndromes (m=2048, needed=2048, n=768, W=256, threads=4): 1.17s
 INFO repair-timing: ntt window (50331648 bytes, 768 slices, transformed): 1.17s
 INFO repair-timing: ntt syndromes (m=2048, needed=2048, n=768, W=256, threads=4): 1.19s
 INFO repair-timing: ntt window (50331648 bytes, 768 slices, transformed): 1.19s
 INFO repair-timing: ntt syndromes (m=2048, needed=2048, n=512, W=256, threads=4): 1.28s
 INFO repair-timing: ntt: 18 window(s) transformed before the tail, tail transformed above
 INFO repair-timing:   forney stage 1 (joint whole/demand, stripe 512w, FALLBACK arithmetic below the kernel gate 16384): 450.21ms of 2.79s wall (attributed by worker share)
 INFO repair-timing:   forney stage 2 (joint scheduler, m=2048, gate 8192, FALLBACK arithmetic, stripe 512w): 2.34s of 2.79s wall (attributed by worker share)
 INFO repair-timing: back-substitution (forney-joint): 2.79s
 INFO repair-timing: feed+fold+solve: +25.15s (total 25.78s)
 INFO repair-timing: patch: +16.22ms (total 25.80s)
 INFO repair-timing: final verify: +268.63ms (total 26.07s)
 INFO repair-timing: plan prep: 42.29ms over 1 cold build(s), 64 stripe use(s) - 0.162% of the 26.07s repair
 INFO repair-timing: forney solve: 2.79s over 1 solve(s) (stage 1 450.21ms, stage 2 2.34s) - 10.693% of the 26.07s repair
mem-floor: live high-water · ru_maxrss 574 MB · rss 574 MB · footprint 574 MB · rss over footprint 0 MB · repair work 352 MB (own peak 386) · scan reads 0 MB (own peak 34) · verifier tables 0 MB · unattributed 222 MB
mem-floor: sampled peak rss · ru_maxrss 574 MB · rss 574 MB · footprint 574 MB · rss over footprint 0 MB · repair work 352 MB (own peak 386) · scan reads 0 MB (own peak 34) · verifier tables 0 MB · unattributed 222 MB
