 INFO repair-timing: packet scan (critical): +998.84µs (total 998.84µs)
 INFO repair-timing: verify targets + volume scan: +558.69ms (total 559.69ms)
 INFO repair: repair ahead: 2048 block(s) to rebuild, structured solve
 INFO repair-timing: adoption: +7.24ms (total 566.93ms)
 INFO repair-timing: load recovery: +48.46ms (total 615.39ms)
 INFO repair-timing:   forney joint plan: 1041 KB of kernel tables, locator tree held <= 44 KB (20 KB of it cached transforms)
 INFO repair-timing: back-substitution setup (2048x2048, forney): 39.87ms
 INFO repair-timing: retained from the verify pass: 0 block(s), 0.0 MB
 INFO repair-timing: fold unit dst budget 128 KiB (L2 per core 256 KiB)
 INFO repair-timing: fold tile budget 32 KiB (L2 per core 256 KiB)
 INFO repair-timing:   forney stage 1 (joint whole/demand, stripe 512w, FALLBACK arithmetic below the kernel gate 16384): 452.75ms of 2.79s wall (attributed by worker share)
 INFO repair-timing:   forney stage 2 (joint scheduler, m=2048, gate 8192, FALLBACK arithmetic, stripe 512w): 2.34s of 2.79s wall (attributed by worker share)
 INFO repair-timing: back-substitution (forney-joint): 2.79s
 INFO repair-timing: feed+fold+solve: +54.84s (total 55.46s)
 INFO repair-timing: patch: +15.37ms (total 55.48s)
 INFO repair-timing: final verify: +281.19ms (total 55.76s)
 INFO repair-timing: plan prep: 39.81ms over 1 cold build(s), 64 stripe use(s) - 0.071% of the 55.76s repair
 INFO repair-timing: forney solve: 2.79s over 1 solve(s) (stage 1 452.75ms, stage 2 2.34s) - 5.006% of the 55.76s repair
mem-floor: live high-water · ru_maxrss 627 MB · rss 627 MB · footprint 627 MB · rss over footprint 0 MB · repair work 432 MB (own peak 503) · scan reads 0 MB (own peak 34) · verifier tables 0 MB · unattributed 195 MB
mem-floor: sampled peak rss · ru_maxrss 627 MB · rss 627 MB · footprint 627 MB · rss over footprint 0 MB · repair work 432 MB (own peak 503) · scan reads 0 MB (own peak 34) · verifier tables 0 MB · unattributed 195 MB
