 INFO repair-timing: packet scan (critical): +1.02ms (total 1.02ms)
 INFO repair-timing: verify targets + volume scan: +2.13s (total 2.13s)
 INFO repair: repair ahead: 2048 block(s) to rebuild, structured solve
 INFO repair-timing: adoption: +6.23ms (total 2.13s)
 INFO repair-timing: load recovery: +50.24ms (total 2.18s)
 INFO repair-timing:   forney joint plan: 1041 KB of kernel tables, locator tree held <= 44 KB (20 KB of it cached transforms)
 INFO repair-timing: back-substitution setup (2048x2048, forney): 31.97ms
 INFO repair-timing: retained from the verify pass: 0 block(s), 0.0 MB
 INFO repair-timing: ntt syndromes (m=2048, needed=2048, n=2048, W=256, threads=1): 5.20s
 INFO repair-timing: ntt window (134217728 bytes, 2048 slices, transformed): 5.20s
 INFO repair-timing: ntt syndromes (m=2048, needed=2048, n=2048, W=256, threads=1): 5.55s
 INFO repair-timing: ntt window (134217728 bytes, 2048 slices, transformed): 5.55s
 INFO repair-timing: ntt syndromes (m=2048, needed=2048, n=2048, W=256, threads=1): 5.57s
 INFO repair-timing: ntt window (134217728 bytes, 2048 slices, transformed): 5.57s
 INFO repair-timing: ntt syndromes (m=2048, needed=2048, n=2048, W=256, threads=1): 5.27s
 INFO repair-timing: ntt window (134217728 bytes, 2048 slices, transformed): 5.27s
 INFO repair-timing: ntt syndromes (m=2048, needed=2048, n=2048, W=256, threads=1): 5.19s
 INFO repair-timing: ntt window (134217728 bytes, 2048 slices, transformed): 5.19s
 INFO repair-timing: ntt syndromes (m=2048, needed=2048, n=2048, W=256, threads=1): 5.30s
 INFO repair-timing: ntt window (134217728 bytes, 2048 slices, transformed): 5.30s
 INFO repair-timing: ntt syndromes (m=2048, needed=2048, n=2048, W=256, threads=1): 5.46s
 INFO repair-timing: ntt window (134217728 bytes, 2048 slices, transformed): 5.46s
 INFO repair-timing: ntt: 7 window(s) transformed before the tail, tail empty
 INFO repair-timing:   forney stage 1 (joint whole/demand, stripe 512w, FALLBACK arithmetic below the kernel gate 16384): 1.64s of 9.83s wall (attributed by worker share)
 INFO repair-timing:   forney stage 2 (joint scheduler, m=2048, gate 8192, FALLBACK arithmetic, stripe 512w): 8.19s of 9.83s wall (attributed by worker share)
 INFO repair-timing: back-substitution (forney-joint): 9.83s
 INFO repair-timing: feed+fold+solve: +47.61s (total 49.79s)
 INFO repair-timing: patch: +44.90ms (total 49.84s)
 INFO repair-timing: final verify: +2.39s (total 52.23s)
 INFO repair-timing: plan prep: 31.93ms over 1 cold build(s), 64 stripe use(s) - 0.061% of the 52.24s repair
 INFO repair-timing: forney solve: 9.83s over 1 solve(s) (stage 1 1.64s, stage 2 8.19s) - 18.821% of the 52.24s repair
mem-floor: live high-water · ru_maxrss 1001 MB · rss 1001 MB · footprint 1001 MB · rss over footprint 0 MB · repair work 872 MB (own peak 872) · scan reads 0 MB (own peak 8) · verifier tables 0 MB · unattributed 129 MB
mem-floor: sampled peak rss · ru_maxrss 1001 MB · rss 1001 MB · footprint 1001 MB · rss over footprint 0 MB · repair work 872 MB (own peak 872) · scan reads 0 MB (own peak 8) · verifier tables 0 MB · unattributed 129 MB
