 INFO repair-timing: packet scan (critical): +994.88µs (total 994.88µs)
 INFO repair-timing: verify targets + volume scan: +570.56ms (total 571.56ms)
 INFO repair: repair ahead: 2048 block(s) to rebuild, structured solve
 INFO repair-timing: adoption: +5.32ms (total 576.88ms)
 INFO nzbkit_base::par2repair: solve window over budget: 2048 block(s) at 65536 B in 2 slab(s) of 32768 B,              output Spill - the payload is swept once per slab
 INFO repair-timing: load recovery: +36.68ms (total 613.56ms)
 INFO repair-timing:   forney joint plan: 1041 KB of kernel tables, locator tree held <= 44 KB (20 KB of it cached transforms)
 INFO repair-timing: back-substitution setup (2048x2048, forney): 30.02ms
 INFO repair-timing: fold unit dst budget 128 KiB (L2 per core 256 KiB)
 INFO repair-timing: fold tile budget 32 KiB (L2 per core 256 KiB)
 INFO repair-timing:   forney stage 1 (joint whole/demand, stripe 512w, FALLBACK arithmetic below the kernel gate 16384): 220.13ms of 1.36s wall (attributed by worker share)
 INFO repair-timing:   forney stage 2 (joint scheduler, m=2048, gate 8192, FALLBACK arithmetic, stripe 512w): 1.14s of 1.36s wall (attributed by worker share)
 INFO repair-timing: back-substitution (forney-joint): 1.36s
 INFO repair-timing: feed+fold+solve: +27.88s (total 28.49s)
 INFO repair-timing:   forney joint plan: 1041 KB of kernel tables, locator tree held <= 44 KB (20 KB of it cached transforms)
 INFO repair-timing: back-substitution setup (2048x2048, forney): 22.95ms
 INFO repair-timing:   forney stage 1 (joint whole/demand, stripe 512w, FALLBACK arithmetic below the kernel gate 16384): 237.33ms of 1.48s wall (attributed by worker share)
 INFO repair-timing:   forney stage 2 (joint scheduler, m=2048, gate 8192, FALLBACK arithmetic, stripe 512w): 1.25s of 1.48s wall (attributed by worker share)
 INFO repair-timing: back-substitution (forney-joint): 1.48s
 INFO repair-timing: feed+fold+solve: +27.62s (total 56.12s)
 INFO repair-timing: patch: +20.25ms (total 56.14s)
 INFO repair-timing: final verify: +268.12ms (total 56.40s)
 INFO repair-timing: plan prep: 52.90ms over 2 cold build(s), 64 stripe use(s) - 0.094% of the 56.40s repair
 INFO repair-timing: forney solve: 2.84s over 2 solve(s) (stage 1 457.46ms, stage 2 2.39s) - 5.041% of the 56.40s repair
mem-floor: live high-water · ru_maxrss 581 MB · rss 581 MB · footprint 581 MB · rss over footprint 0 MB · repair work 453 MB (own peak 453) · scan reads 0 MB (own peak 34) · verifier tables 0 MB · unattributed 128 MB
mem-floor: sampled peak rss · ru_maxrss 581 MB · rss 581 MB · footprint 581 MB · rss over footprint 0 MB · repair work 453 MB (own peak 453) · scan reads 0 MB (own peak 34) · verifier tables 0 MB · unattributed 128 MB
