 INFO repair-timing: packet scan (critical): +1.03ms (total 1.03ms)
 INFO repair-timing: verify targets + volume scan: +1.87s (total 1.87s)
 INFO repair: repair ahead: 4096 block(s) to rebuild, structured solve
 INFO repair-timing: adoption: +5.57ms (total 1.87s)
 INFO nzbkit_base::par2repair: solve window over budget: 4096 block(s) at 65536 B in 2 slab(s) of 32768 B,              output Spill - the payload is swept once per slab
 INFO repair-timing: load recovery: +78.02ms (total 1.95s)
 INFO repair-timing:   forney joint plan: 2081 KB of kernel tables, locator tree held <= 85 KB (37 KB of it cached transforms)
 INFO repair-timing: back-substitution setup (4096x4096, forney): 56.14ms
 INFO repair-timing: feed shape under the published budget: batch 33.6 MB, channel 1, merge cap 33.6 MB
 INFO repair-timing: ntt syndromes (m=4096, needed=4096, n=7168, W=512, threads=1): 5.29s
 INFO repair-timing: ntt window (234881024 bytes, 7168 slices, transformed): 5.29s
 INFO repair-timing: ntt syndromes (m=4096, needed=4096, n=5120, W=512, threads=1): 4.99s
 INFO repair-timing: ntt: 1 window(s) transformed before the tail, tail transformed above
 INFO repair-timing:   forney stage 1 (joint whole/demand, stripe 512w, FALLBACK arithmetic below the kernel gate 16384): 2.24s of 9.93s wall (attributed by worker share)
 INFO repair-timing:   forney stage 2 (joint scheduler, m=4096, gate 8192, FALLBACK arithmetic, stripe 512w): 7.69s of 9.93s wall (attributed by worker share)
 INFO repair-timing: back-substitution (forney-joint): 9.93s
 INFO repair-timing: feed+fold+solve: +20.61s (total 22.56s)
 INFO repair-timing:   forney joint plan: 2081 KB of kernel tables, locator tree held <= 85 KB (37 KB of it cached transforms)
 INFO repair-timing: back-substitution setup (4096x4096, forney): 47.43ms
 INFO repair-timing: feed shape under the published budget: batch 33.6 MB, channel 1, merge cap 33.6 MB
 INFO repair-timing: ntt syndromes (m=4096, needed=4096, n=7168, W=512, threads=1): 5.46s
 INFO repair-timing: ntt window (234881024 bytes, 7168 slices, transformed): 5.46s
 INFO repair-timing: ntt syndromes (m=4096, needed=4096, n=5120, W=512, threads=1): 5.12s
 INFO repair-timing: ntt: 1 window(s) transformed before the tail, tail transformed above
 INFO repair-timing:   forney stage 1 (joint whole/demand, stripe 512w, FALLBACK arithmetic below the kernel gate 16384): 2.18s of 9.57s wall (attributed by worker share)
 INFO repair-timing:   forney stage 2 (joint scheduler, m=4096, gate 8192, FALLBACK arithmetic, stripe 512w): 7.39s of 9.57s wall (attributed by worker share)
 INFO repair-timing: back-substitution (forney-joint): 9.57s
 INFO repair-timing: feed+fold+solve: +20.58s (total 43.14s)
 INFO repair-timing: patch: +128.69ms (total 43.27s)
 INFO repair-timing: final verify: +2.33s (total 45.60s)
 INFO repair-timing: plan prep: 103.46ms over 2 cold build(s), 64 stripe use(s) - 0.227% of the 45.60s repair
 INFO repair-timing: forney solve: 19.50s over 2 solve(s) (stage 1 4.42s, stage 2 15.08s) - 42.766% of the 45.60s repair
mem-floor: live high-water · ru_maxrss 641 MB · rss 641 MB · footprint 641 MB · rss over footprint 0 MB · repair work 436 MB (own peak 436) · scan reads 0 MB (own peak 8) · verifier tables 0 MB · unattributed 205 MB
mem-floor: sampled peak rss · ru_maxrss 641 MB · rss 641 MB · footprint 641 MB · rss over footprint 0 MB · repair work 436 MB (own peak 436) · scan reads 0 MB (own peak 8) · verifier tables 0 MB · unattributed 205 MB
