 INFO repair-timing: packet scan (critical): +985.22µs (total 985.22µs)
 INFO repair-timing: verify targets + volume scan: +506.52ms (total 507.50ms)
 INFO repair: repair ahead: 4096 block(s) to rebuild, structured solve
 INFO repair-timing: adoption: +5.31ms (total 512.82ms)
 INFO nzbkit_base::par2repair: solve window over budget: 4096 block(s) at 65536 B in 4 slab(s) of 16384 B,              output Spill - the payload is swept once per slab
 INFO repair-timing: load recovery: +64.36ms (total 577.18ms)
 INFO repair-timing:   forney joint plan: 2081 KB of kernel tables, locator tree held <= 85 KB (37 KB of it cached transforms)
 INFO repair-timing: back-substitution setup (4096x4096, forney): 66.72ms
 INFO repair-timing: feed shape under the published budget: batch 16.8 MB, channel 4, merge cap 16.8 MB
 INFO repair-timing: ntt syndromes (m=4096, needed=4096, n=5632, W=128, threads=4): 1.06s
 INFO repair-timing: ntt window (92274688 bytes, 5632 slices, transformed): 1.06s
 INFO repair-timing: ntt syndromes (m=4096, needed=4096, n=5632, W=128, threads=4): 1.09s
 INFO repair-timing: ntt window (92274688 bytes, 5632 slices, transformed): 1.09s
 INFO repair-timing: ntt syndromes (m=4096, needed=4096, n=1024, W=128, threads=4): 839.34ms
 INFO repair-timing: ntt: 2 window(s) transformed before the tail, tail transformed above
 INFO repair-timing:   forney stage 1 (joint whole/demand, stripe 256w, FALLBACK arithmetic below the kernel gate 16384): 411.86ms of 1.84s wall (attributed by worker share)
 INFO repair-timing:   forney stage 2 (joint scheduler, m=4096, gate 8192, FALLBACK arithmetic, stripe 256w): 1.42s of 1.84s wall (attributed by worker share)
 INFO repair-timing: back-substitution (forney-joint): 1.84s
 INFO repair-timing: feed+fold+solve: +5.01s (total 5.59s)
 INFO repair-timing:   forney joint plan: 2081 KB of kernel tables, locator tree held <= 85 KB (37 KB of it cached transforms)
 INFO repair-timing: back-substitution setup (4096x4096, forney): 33.90ms
 INFO repair-timing: feed shape under the published budget: batch 16.8 MB, channel 4, merge cap 16.8 MB
 INFO repair-timing: ntt syndromes (m=4096, needed=4096, n=5632, W=128, threads=4): 1.08s
 INFO repair-timing: ntt window (92274688 bytes, 5632 slices, transformed): 1.08s
 INFO repair-timing: ntt syndromes (m=4096, needed=4096, n=5632, W=128, threads=4): 1.07s
 INFO repair-timing: ntt window (92274688 bytes, 5632 slices, transformed): 1.07s
 INFO repair-timing: ntt syndromes (m=4096, needed=4096, n=1024, W=128, threads=4): 892.68ms
 INFO repair-timing: ntt: 2 window(s) transformed before the tail, tail transformed above
 INFO repair-timing:   forney stage 1 (joint whole/demand, stripe 256w, FALLBACK arithmetic below the kernel gate 16384): 439.12ms of 1.87s wall (attributed by worker share)
 INFO repair-timing:   forney stage 2 (joint scheduler, m=4096, gate 8192, FALLBACK arithmetic, stripe 256w): 1.43s of 1.87s wall (attributed by worker share)
 INFO repair-timing: back-substitution (forney-joint): 1.87s
 INFO repair-timing: feed+fold+solve: +5.08s (total 10.67s)
 INFO repair-timing:   forney joint plan: 2081 KB of kernel tables, locator tree held <= 85 KB (37 KB of it cached transforms)
 INFO repair-timing: back-substitution setup (4096x4096, forney): 41.46ms
 INFO repair-timing: feed shape under the published budget: batch 16.8 MB, channel 4, merge cap 16.8 MB
 INFO repair-timing: ntt syndromes (m=4096, needed=4096, n=5632, W=128, threads=4): 1.06s
 INFO repair-timing: ntt window (92274688 bytes, 5632 slices, transformed): 1.06s
 INFO repair-timing: ntt syndromes (m=4096, needed=4096, n=5632, W=128, threads=4): 1.03s
 INFO repair-timing: ntt window (92274688 bytes, 5632 slices, transformed): 1.03s
 INFO repair-timing: ntt syndromes (m=4096, needed=4096, n=1024, W=128, threads=4): 788.54ms
 INFO repair-timing: ntt: 2 window(s) transformed before the tail, tail transformed above
 INFO repair-timing:   forney stage 1 (joint whole/demand, stripe 256w, FALLBACK arithmetic below the kernel gate 16384): 404.48ms of 1.88s wall (attributed by worker share)
 INFO repair-timing:   forney stage 2 (joint scheduler, m=4096, gate 8192, FALLBACK arithmetic, stripe 256w): 1.47s of 1.88s wall (attributed by worker share)
 INFO repair-timing: back-substitution (forney-joint): 1.88s
 INFO repair-timing: feed+fold+solve: +4.93s (total 15.60s)
 INFO repair-timing:   forney joint plan: 2081 KB of kernel tables, locator tree held <= 85 KB (37 KB of it cached transforms)
 INFO repair-timing: back-substitution setup (4096x4096, forney): 33.41ms
 INFO repair-timing: feed shape under the published budget: batch 16.8 MB, channel 4, merge cap 16.8 MB
 INFO repair-timing: ntt syndromes (m=4096, needed=4096, n=5632, W=128, threads=4): 1.01s
 INFO repair-timing: ntt window (92274688 bytes, 5632 slices, transformed): 1.01s
 INFO repair-timing: ntt syndromes (m=4096, needed=4096, n=5632, W=128, threads=4): 1.04s
 INFO repair-timing: ntt window (92274688 bytes, 5632 slices, transformed): 1.04s
 INFO repair-timing: ntt syndromes (m=4096, needed=4096, n=1024, W=128, threads=4): 774.24ms
 INFO repair-timing: ntt: 2 window(s) transformed before the tail, tail transformed above
 INFO repair-timing:   forney stage 1 (joint whole/demand, stripe 256w, FALLBACK arithmetic below the kernel gate 16384): 405.85ms of 1.87s wall (attributed by worker share)
 INFO repair-timing:   forney stage 2 (joint scheduler, m=4096, gate 8192, FALLBACK arithmetic, stripe 256w): 1.47s of 1.87s wall (attributed by worker share)
 INFO repair-timing: back-substitution (forney-joint): 1.87s
 INFO repair-timing: feed+fold+solve: +4.86s (total 20.46s)
 INFO repair-timing: patch: +41.57ms (total 20.50s)
 INFO repair-timing: final verify: +263.18ms (total 20.76s)
 INFO repair-timing: plan prep: 175.30ms over 4 cold build(s), 128 stripe use(s) - 0.844% of the 20.76s repair
 INFO repair-timing: forney solve: 7.46s over 4 solve(s) (stage 1 1.66s, stage 2 5.80s) - 35.926% of the 20.76s repair
mem-floor: live high-water · ru_maxrss 386 MB · rss 386 MB · footprint 386 MB · rss over footprint 0 MB · repair work 176 MB (own peak 193) · scan reads 0 MB (own peak 34) · verifier tables 0 MB · unattributed 209 MB
mem-floor: sampled peak rss · ru_maxrss 386 MB · rss 386 MB · footprint 386 MB · rss over footprint 0 MB · repair work 176 MB (own peak 193) · scan reads 0 MB (own peak 34) · verifier tables 0 MB · unattributed 209 MB
