 INFO repair-timing: packet scan (critical): +986.80µs (total 986.80µs)
 INFO repair-timing: verify targets + volume scan: +503.20ms (total 504.19ms)
 INFO repair: repair ahead: 4096 block(s) to rebuild, structured solve
 INFO repair-timing: adoption: +5.38ms (total 509.57ms)
 INFO repair-timing: load recovery: +94.06ms (total 603.63ms)
 INFO repair-timing:   forney joint plan: 2081 KB of kernel tables, locator tree held <= 85 KB (37 KB of it cached transforms)
 INFO repair-timing: back-substitution setup (4096x4096, forney): 48.06ms
 INFO repair-timing: feed shape under the published budget: batch 67.1 MB, channel 4, merge cap 67.1 MB
 INFO repair-timing: retained from the verify pass: 0 block(s), 0.0 MB
 INFO repair-timing: ntt syndromes (m=4096, needed=4096, n=5632, W=512, threads=4): 2.68s
 INFO repair-timing: ntt window (369098752 bytes, 5632 slices, transformed): 2.68s
 INFO repair-timing: ntt syndromes (m=4096, needed=4096, n=5632, W=512, threads=4): 2.70s
 INFO repair-timing: ntt window (369098752 bytes, 5632 slices, transformed): 2.70s
 INFO repair-timing: ntt syndromes (m=4096, needed=4096, n=1024, W=512, threads=4): 1.88s
 INFO repair-timing: ntt: 2 window(s) transformed before the tail, tail transformed above
 INFO repair-timing:   forney stage 1 (joint whole/demand, stripe 512w, FALLBACK arithmetic below the kernel gate 16384): 1.34s of 5.73s wall (attributed by worker share)
 INFO repair-timing:   forney stage 2 (joint scheduler, m=4096, gate 8192, FALLBACK arithmetic, stripe 512w): 4.39s of 5.73s wall (attributed by worker share)
 INFO repair-timing: back-substitution (forney-joint): 5.73s
 INFO repair-timing: feed+fold+solve: +13.29s (total 13.89s)
 INFO repair-timing: patch: +28.19ms (total 13.92s)
 INFO repair-timing: final verify: +269.82ms (total 14.19s)
 INFO repair-timing: plan prep: 48.01ms over 1 cold build(s), 64 stripe use(s) - 0.338% of the 14.19s repair
 INFO repair-timing: forney solve: 5.73s over 1 solve(s) (stage 1 1.34s, stage 2 4.39s) - 40.406% of the 14.19s repair
mem-floor: live high-water · ru_maxrss 972 MB · rss 972 MB · footprint 972 MB · rss over footprint 0 MB · repair work 705 MB (own peak 772) · scan reads 0 MB (own peak 34) · verifier tables 0 MB · unattributed 267 MB
mem-floor: sampled peak rss · ru_maxrss 972 MB · rss 972 MB · footprint 972 MB · rss over footprint 0 MB · repair work 705 MB (own peak 772) · scan reads 0 MB (own peak 34) · verifier tables 0 MB · unattributed 267 MB
