 INFO repair-timing: packet scan (critical): +1.07ms (total 1.07ms)
 INFO repair-timing: verify targets + volume scan: +509.52ms (total 510.59ms)
 INFO repair: repair ahead: 4096 block(s) to rebuild, structured solve
 INFO repair-timing: adoption: +7.20ms (total 517.79ms)
 INFO repair-timing: load recovery: +92.11ms (total 609.90ms)
 INFO repair-timing:   forney joint plan: 2081 KB of kernel tables, locator tree held <= 85 KB (37 KB of it cached transforms)
 INFO repair-timing: back-substitution setup (4096x4096, forney): 64.54ms
 INFO repair-timing: retained from the verify pass: 0 block(s), 0.0 MB
 INFO repair-timing: fold unit dst budget 128 KiB (L2 per core 256 KiB)
 INFO repair-timing: fold tile budget 32 KiB (L2 per core 256 KiB)
 INFO repair-timing:   forney stage 1 (joint whole/demand, stripe 512w, FALLBACK arithmetic below the kernel gate 16384): 1.35s of 5.74s wall (attributed by worker share)
 INFO repair-timing:   forney stage 2 (joint scheduler, m=4096, gate 8192, FALLBACK arithmetic, stripe 512w): 4.39s of 5.74s wall (attributed by worker share)
 INFO repair-timing: back-substitution (forney-joint): 5.74s
 INFO repair-timing: feed+fold+solve: +109.75s (total 110.36s)
 INFO repair-timing: patch: +31.05ms (total 110.39s)
 INFO repair-timing: final verify: +282.02ms (total 110.67s)
 INFO repair-timing: plan prep: 64.48ms over 1 cold build(s), 64 stripe use(s) - 0.058% of the 110.68s repair
 INFO repair-timing: forney solve: 5.74s over 1 solve(s) (stage 1 1.35s, stage 2 4.39s) - 5.187% of the 110.68s repair
mem-floor: live high-water · ru_maxrss 840 MB · rss 840 MB · footprint 840 MB · rss over footprint 0 MB · repair work 587 MB (own peak 638) · scan reads 0 MB (own peak 32) · verifier tables 0 MB · unattributed 252 MB
mem-floor: sampled peak rss · ru_maxrss 840 MB · rss 840 MB · footprint 840 MB · rss over footprint 0 MB · repair work 587 MB (own peak 638) · scan reads 0 MB (own peak 32) · verifier tables 0 MB · unattributed 252 MB
