 INFO repair-timing: packet scan (critical): +1.04ms (total 1.04ms)
 INFO repair-timing: verify targets + volume scan: +523.12ms (total 524.16ms)
 INFO repair: repair ahead: 4096 block(s) to rebuild, structured solve
 INFO repair-timing: adoption: +7.27ms (total 531.43ms)
 INFO repair-timing: load recovery: +95.62ms (total 627.04ms)
 INFO repair-timing:   forney joint plan: 2081 KB of kernel tables, locator tree held <= 85 KB (37 KB of it cached transforms)
 INFO repair-timing: back-substitution setup (4096x4096, forney): 70.55ms
 INFO repair-timing: retained from the verify pass: 0 block(s), 0.0 MB
 INFO repair-timing: ntt syndromes (m=4096, needed=4096, n=1536, W=256, threads=4): 2.69s
 INFO repair-timing: ntt window (100663296 bytes, 1536 slices, transformed): 2.69s
 INFO repair-timing: ntt syndromes (m=4096, needed=4096, n=1536, W=256, threads=4): 2.55s
 INFO repair-timing: ntt window (100663296 bytes, 1536 slices, transformed): 2.55s
 INFO repair-timing: ntt syndromes (m=4096, needed=4096, n=1536, W=256, threads=4): 2.65s
 INFO repair-timing: ntt window (100663296 bytes, 1536 slices, transformed): 2.65s
 INFO repair-timing: ntt syndromes (m=4096, needed=4096, n=1536, W=256, threads=4): 2.60s
 INFO repair-timing: ntt window (100663296 bytes, 1536 slices, transformed): 2.60s
 INFO repair-timing: ntt syndromes (m=4096, needed=4096, n=1536, W=256, threads=4): 2.78s
 INFO repair-timing: ntt window (100663296 bytes, 1536 slices, transformed): 2.78s
 INFO repair-timing: ntt syndromes (m=4096, needed=4096, n=1536, W=256, threads=4): 2.65s
 INFO repair-timing: ntt window (100663296 bytes, 1536 slices, transformed): 2.65s
 INFO repair-timing: ntt syndromes (m=4096, needed=4096, n=1536, W=256, threads=4): 2.63s
 INFO repair-timing: ntt window (100663296 bytes, 1536 slices, transformed): 2.63s
 INFO repair-timing: ntt syndromes (m=4096, needed=4096, n=1536, W=256, threads=4): 2.66s
 INFO repair-timing: ntt window (100663296 bytes, 1536 slices, transformed): 2.66s
 INFO repair-timing: ntt: 8 window(s) transformed before the tail, tail empty
 INFO repair-timing:   forney stage 1 (joint whole/demand, stripe 512w, FALLBACK arithmetic below the kernel gate 16384): 1.40s of 5.85s wall (attributed by worker share)
 INFO repair-timing:   forney stage 2 (joint scheduler, m=4096, gate 8192, FALLBACK arithmetic, stripe 512w): 4.45s of 5.85s wall (attributed by worker share)
 INFO repair-timing: back-substitution (forney-joint): 5.85s
 INFO repair-timing: feed+fold+solve: +27.32s (total 27.94s)
 INFO repair-timing: patch: +29.04ms (total 27.97s)
 INFO repair-timing: final verify: +269.40ms (total 28.24s)
 INFO repair-timing: plan prep: 70.48ms over 1 cold build(s), 64 stripe use(s) - 0.249% of the 28.25s repair
 INFO repair-timing: forney solve: 5.85s over 1 solve(s) (stage 1 1.40s, stage 2 4.45s) - 20.703% of the 28.25s repair
mem-floor: live high-water · ru_maxrss 802 MB · rss 802 MB · footprint 802 MB · rss over footprint 0 MB · repair work 537 MB (own peak 570) · scan reads 0 MB (own peak 34) · verifier tables 0 MB · unattributed 265 MB
mem-floor: sampled peak rss · ru_maxrss 802 MB · rss 802 MB · footprint 802 MB · rss over footprint 0 MB · repair work 537 MB (own peak 570) · scan reads 0 MB (own peak 34) · verifier tables 0 MB · unattributed 265 MB
