 INFO repair-timing: packet scan (critical): +1.01ms (total 1.01ms)
 INFO repair-timing: verify targets + volume scan: +515.91ms (total 516.92ms)
 INFO repair: repair ahead: 4096 block(s) to rebuild, structured solve
 INFO repair-timing: adoption: +5.66ms (total 522.58ms)
 INFO repair-timing: load recovery: +110.75ms (total 633.34ms)
 INFO repair-timing:   forney joint plan: 2081 KB of kernel tables, locator tree held <= 85 KB (37 KB of it cached transforms)
 INFO repair-timing: back-substitution setup (4096x4096, forney): 43.04ms
 INFO repair-timing: retained from the verify pass: 0 block(s), 0.0 MB
 INFO repair-timing: ntt syndromes (m=4096, needed=4096, n=2048, W=128, threads=4): 3.36s
 INFO repair-timing: ntt window (134217728 bytes, 2048 slices, transformed): 3.36s
 INFO repair-timing: ntt syndromes (m=4096, needed=4096, n=2048, W=128, threads=4): 3.40s
 INFO repair-timing: ntt window (134217728 bytes, 2048 slices, transformed): 3.40s
 INFO repair-timing: ntt syndromes (m=4096, needed=4096, n=2048, W=128, threads=4): 3.39s
 INFO repair-timing: ntt window (134217728 bytes, 2048 slices, transformed): 3.39s
 INFO repair-timing: ntt syndromes (m=4096, needed=4096, n=2048, W=128, threads=4): 3.36s
 INFO repair-timing: ntt window (134217728 bytes, 2048 slices, transformed): 3.36s
 INFO repair-timing: ntt syndromes (m=4096, needed=4096, n=2048, W=128, threads=4): 3.47s
 INFO repair-timing: ntt window (134217728 bytes, 2048 slices, transformed): 3.47s
 INFO repair-timing: ntt syndromes (m=4096, needed=4096, n=2048, W=128, threads=4): 3.32s
 INFO repair-timing: ntt window (134217728 bytes, 2048 slices, transformed): 3.32s
 INFO repair-timing: ntt: 6 window(s) transformed before the tail, tail empty
 INFO repair-timing:   forney stage 1 (joint whole/demand, stripe 512w, FALLBACK arithmetic below the kernel gate 16384): 1.34s of 5.69s wall (attributed by worker share)
 INFO repair-timing:   forney stage 2 (joint scheduler, m=4096, gate 8192, FALLBACK arithmetic, stripe 512w): 4.35s of 5.69s wall (attributed by worker share)
 INFO repair-timing: back-substitution (forney-joint): 5.69s
 INFO repair-timing: feed+fold+solve: +26.20s (total 26.83s)
 INFO repair-timing: patch: +29.81ms (total 26.86s)
 INFO repair-timing: final verify: +278.04ms (total 27.14s)
 INFO repair-timing: plan prep: 42.98ms over 1 cold build(s), 64 stripe use(s) - 0.158% of the 27.14s repair
 INFO repair-timing: forney solve: 5.69s over 1 solve(s) (stage 1 1.34s, stage 2 4.35s) - 20.970% of the 27.14s repair
mem-floor: live high-water · ru_maxrss 786 MB · rss 786 MB · footprint 786 MB · rss over footprint 0 MB · repair work 403 MB (own peak 604) · scan reads 0 MB (own peak 34) · verifier tables 0 MB · unattributed 384 MB
mem-floor: sampled peak rss · ru_maxrss 786 MB · rss 786 MB · footprint 786 MB · rss over footprint 0 MB · repair work 403 MB (own peak 604) · scan reads 0 MB (own peak 34) · verifier tables 0 MB · unattributed 384 MB
