 INFO repair-timing: packet scan (critical): +1.06ms (total 1.06ms)
 INFO repair-timing: verify targets + volume scan: +515.51ms (total 516.56ms)
 INFO repair: repair ahead: 4096 block(s) to rebuild, structured solve
 INFO repair-timing: adoption: +5.78ms (total 522.34ms)
 INFO nzbkit_base::par2repair: solve window over budget: 4096 block(s) at 65536 B in 2 slab(s) of 32768 B,              output Spill - the payload is swept once per slab
 INFO repair-timing: load recovery: +79.79ms (total 602.13ms)
 INFO repair-timing:   forney joint plan: 2081 KB of kernel tables, locator tree held <= 85 KB (37 KB of it cached transforms)
 INFO repair-timing: back-substitution setup (4096x4096, forney): 43.72ms
 INFO repair-timing: ntt syndromes (m=4096, needed=4096, n=3072, W=256, threads=4): 1.47s
 INFO repair-timing: ntt window (100663296 bytes, 3072 slices, transformed): 1.47s
 INFO repair-timing: ntt syndromes (m=4096, needed=4096, n=3072, W=256, threads=4): 1.46s
 INFO repair-timing: ntt window (100663296 bytes, 3072 slices, transformed): 1.46s
 INFO repair-timing: ntt syndromes (m=4096, needed=4096, n=3072, W=256, threads=4): 1.42s
 INFO repair-timing: ntt window (100663296 bytes, 3072 slices, transformed): 1.42s
 INFO repair-timing: ntt syndromes (m=4096, needed=4096, n=3072, W=256, threads=4): 1.43s
 INFO repair-timing: ntt window (100663296 bytes, 3072 slices, transformed): 1.43s
 INFO repair-timing: ntt: 4 window(s) transformed before the tail, tail empty
 INFO repair-timing:   forney stage 1 (joint whole/demand, stripe 512w, FALLBACK arithmetic below the kernel gate 16384): 721.51ms of 2.99s wall (attributed by worker share)
 INFO repair-timing:   forney stage 2 (joint scheduler, m=4096, gate 8192, FALLBACK arithmetic, stripe 512w): 2.26s of 2.99s wall (attributed by worker share)
 INFO repair-timing: back-substitution (forney-joint): 2.99s
 INFO repair-timing: feed+fold+solve: +8.98s (total 9.58s)
 INFO repair-timing:   forney joint plan: 2081 KB of kernel tables, locator tree held <= 85 KB (37 KB of it cached transforms)
 INFO repair-timing: back-substitution setup (4096x4096, forney): 35.18ms
 INFO repair-timing: ntt syndromes (m=4096, needed=4096, n=3072, W=256, threads=4): 1.38s
 INFO repair-timing: ntt window (100663296 bytes, 3072 slices, transformed): 1.38s
 INFO repair-timing: ntt syndromes (m=4096, needed=4096, n=3072, W=256, threads=4): 1.48s
 INFO repair-timing: ntt window (100663296 bytes, 3072 slices, transformed): 1.48s
 INFO repair-timing: ntt syndromes (m=4096, needed=4096, n=3072, W=256, threads=4): 1.49s
 INFO repair-timing: ntt window (100663296 bytes, 3072 slices, transformed): 1.49s
 INFO repair-timing: ntt syndromes (m=4096, needed=4096, n=3072, W=256, threads=4): 1.48s
 INFO repair-timing: ntt window (100663296 bytes, 3072 slices, transformed): 1.48s
 INFO repair-timing: ntt: 4 window(s) transformed before the tail, tail empty
 INFO repair-timing:   forney stage 1 (joint whole/demand, stripe 512w, FALLBACK arithmetic below the kernel gate 16384): 708.04ms of 2.91s wall (attributed by worker share)
 INFO repair-timing:   forney stage 2 (joint scheduler, m=4096, gate 8192, FALLBACK arithmetic, stripe 512w): 2.20s of 2.91s wall (attributed by worker share)
 INFO repair-timing: back-substitution (forney-joint): 2.91s
 INFO repair-timing: feed+fold+solve: +9.00s (total 18.58s)
 INFO repair-timing: patch: +47.22ms (total 18.62s)
 INFO repair-timing: final verify: +278.67ms (total 18.90s)
 INFO repair-timing: plan prep: 78.79ms over 2 cold build(s), 64 stripe use(s) - 0.417% of the 18.90s repair
 INFO repair-timing: forney solve: 5.90s over 2 solve(s) (stage 1 1.43s, stage 2 4.47s) - 31.187% of the 18.90s repair
mem-floor: live high-water · ru_maxrss 630 MB · rss 630 MB · footprint 630 MB · rss over footprint 0 MB · repair work 336 MB (own peak 436) · scan reads 0 MB (own peak 34) · verifier tables 0 MB · unattributed 295 MB
mem-floor: sampled peak rss · ru_maxrss 630 MB · rss 630 MB · footprint 630 MB · rss over footprint 0 MB · repair work 336 MB (own peak 436) · scan reads 0 MB (own peak 34) · verifier tables 0 MB · unattributed 295 MB
