 INFO repair-timing: packet scan (critical): +1.01ms (total 1.01ms)
 INFO repair-timing: verify targets + volume scan: +516.12ms (total 517.13ms)
 INFO repair: repair ahead: 4096 block(s) to rebuild, structured solve
 INFO repair-timing: adoption: +5.83ms (total 522.96ms)
 INFO nzbkit_base::par2repair: solve window over budget: 4096 block(s) at 65536 B in 4 slab(s) of 16384 B,              output Spill - the payload is swept once per slab
 INFO repair-timing: load recovery: +58.52ms (total 581.48ms)
 INFO repair-timing:   forney joint plan: 2081 KB of kernel tables, locator tree held <= 85 KB (37 KB of it cached transforms)
 INFO repair-timing: back-substitution setup (4096x4096, forney): 43.29ms
 INFO repair-timing: ntt syndromes (m=4096, needed=4096, n=6144, W=256, threads=4): 919.74ms
 INFO repair-timing: ntt window (100663296 bytes, 6144 slices, transformed): 919.83ms
 INFO repair-timing: ntt syndromes (m=4096, needed=4096, n=6144, W=256, threads=4): 883.33ms
 INFO repair-timing: ntt window (100663296 bytes, 6144 slices, transformed): 883.40ms
 INFO repair-timing: ntt: 2 window(s) transformed before the tail, tail empty
 INFO repair-timing:   forney stage 1 (joint whole/demand, stripe 256w, FALLBACK arithmetic below the kernel gate 16384): 383.58ms of 1.76s wall (attributed by worker share)
 INFO repair-timing:   forney stage 2 (joint scheduler, m=4096, gate 8192, FALLBACK arithmetic, stripe 256w): 1.38s of 1.76s wall (attributed by worker share)
 INFO repair-timing: back-substitution (forney-joint): 1.76s
 INFO repair-timing: feed+fold+solve: +3.72s (total 4.30s)
 INFO repair-timing:   forney joint plan: 2081 KB of kernel tables, locator tree held <= 85 KB (37 KB of it cached transforms)
 INFO repair-timing: back-substitution setup (4096x4096, forney): 39.87ms
 INFO repair-timing: ntt syndromes (m=4096, needed=4096, n=6144, W=256, threads=4): 906.29ms
 INFO repair-timing: ntt window (100663296 bytes, 6144 slices, transformed): 906.35ms
 INFO repair-timing: ntt syndromes (m=4096, needed=4096, n=6144, W=256, threads=4): 937.13ms
 INFO repair-timing: ntt window (100663296 bytes, 6144 slices, transformed): 937.18ms
 INFO repair-timing: ntt: 2 window(s) transformed before the tail, tail empty
 INFO repair-timing:   forney stage 1 (joint whole/demand, stripe 256w, FALLBACK arithmetic below the kernel gate 16384): 385.12ms of 1.81s wall (attributed by worker share)
 INFO repair-timing:   forney stage 2 (joint scheduler, m=4096, gate 8192, FALLBACK arithmetic, stripe 256w): 1.42s of 1.81s wall (attributed by worker share)
 INFO repair-timing: back-substitution (forney-joint): 1.81s
 INFO repair-timing: feed+fold+solve: +3.83s (total 8.13s)
 INFO repair-timing:   forney joint plan: 2081 KB of kernel tables, locator tree held <= 85 KB (37 KB of it cached transforms)
 INFO repair-timing: back-substitution setup (4096x4096, forney): 36.72ms
 INFO repair-timing: ntt syndromes (m=4096, needed=4096, n=6144, W=256, threads=4): 877.46ms
 INFO repair-timing: ntt window (100663296 bytes, 6144 slices, transformed): 877.53ms
 INFO repair-timing: ntt syndromes (m=4096, needed=4096, n=6144, W=256, threads=4): 858.71ms
 INFO repair-timing: ntt window (100663296 bytes, 6144 slices, transformed): 858.77ms
 INFO repair-timing: ntt: 2 window(s) transformed before the tail, tail empty
 INFO repair-timing:   forney stage 1 (joint whole/demand, stripe 256w, FALLBACK arithmetic below the kernel gate 16384): 393.84ms of 1.82s wall (attributed by worker share)
 INFO repair-timing:   forney stage 2 (joint scheduler, m=4096, gate 8192, FALLBACK arithmetic, stripe 256w): 1.43s of 1.82s wall (attributed by worker share)
 INFO repair-timing: back-substitution (forney-joint): 1.82s
 INFO repair-timing: feed+fold+solve: +3.71s (total 11.84s)
 INFO repair-timing:   forney joint plan: 2081 KB of kernel tables, locator tree held <= 85 KB (37 KB of it cached transforms)
 INFO repair-timing: back-substitution setup (4096x4096, forney): 34.79ms
 INFO repair-timing: ntt syndromes (m=4096, needed=4096, n=6144, W=256, threads=4): 903.78ms
 INFO repair-timing: ntt window (100663296 bytes, 6144 slices, transformed): 903.84ms
 INFO repair-timing: ntt syndromes (m=4096, needed=4096, n=6144, W=256, threads=4): 872.50ms
 INFO repair-timing: ntt window (100663296 bytes, 6144 slices, transformed): 872.55ms
 INFO repair-timing: ntt: 2 window(s) transformed before the tail, tail empty
 INFO repair-timing:   forney stage 1 (joint whole/demand, stripe 256w, FALLBACK arithmetic below the kernel gate 16384): 392.11ms of 1.82s wall (attributed by worker share)
 INFO repair-timing:   forney stage 2 (joint scheduler, m=4096, gate 8192, FALLBACK arithmetic, stripe 256w): 1.43s of 1.82s wall (attributed by worker share)
 INFO repair-timing: back-substitution (forney-joint): 1.82s
 INFO repair-timing: feed+fold+solve: +3.74s (total 15.58s)
 INFO repair-timing: patch: +40.32ms (total 15.62s)
 INFO repair-timing: final verify: +279.29ms (total 15.90s)
 INFO repair-timing: plan prep: 154.47ms over 4 cold build(s), 128 stripe use(s) - 0.972% of the 15.90s repair
 INFO repair-timing: forney solve: 7.21s over 4 solve(s) (stage 1 1.55s, stage 2 5.66s) - 45.376% of the 15.90s repair
mem-floor: live high-water · ru_maxrss 467 MB · rss 467 MB · footprint 467 MB · rss over footprint 0 MB · repair work 268 MB (own peak 268) · scan reads 0 MB (own peak 34) · verifier tables 0 MB · unattributed 199 MB
mem-floor: sampled peak rss · ru_maxrss 467 MB · rss 467 MB · footprint 467 MB · rss over footprint 0 MB · repair work 268 MB (own peak 268) · scan reads 0 MB (own peak 34) · verifier tables 0 MB · unattributed 199 MB
