 INFO repair-timing: packet scan (critical): +1.06ms (total 1.06ms)
 INFO repair-timing: verify targets + volume scan: +1.89s (total 1.89s)
 INFO repair: repair ahead: 4096 block(s) to rebuild, structured solve
 INFO repair-timing: adoption: +5.82ms (total 1.90s)
 INFO nzbkit_base::par2repair: solve window over budget: 4096 block(s) at 65536 B in 4 slab(s) of 16384 B,              output Spill - the payload is swept once per slab
 INFO repair-timing: load recovery: +64.70ms (total 1.96s)
 INFO repair-timing:   forney joint plan: 2081 KB of kernel tables, locator tree held <= 85 KB (37 KB of it cached transforms)
 INFO repair-timing: back-substitution setup (4096x4096, forney): 73.81ms
 INFO repair-timing: feed shape under the published budget: batch 16.8 MB, channel 1, merge cap 16.8 MB
 INFO repair-timing: ntt syndromes (m=4096, needed=4096, n=6144, W=512, threads=1): 2.63s
 INFO repair-timing: ntt window (100663296 bytes, 6144 slices, transformed): 2.63s
 INFO repair-timing: ntt syndromes (m=4096, needed=4096, n=6144, W=512, threads=1): 2.51s
 INFO repair-timing: ntt window (100663296 bytes, 6144 slices, transformed): 2.51s
 INFO repair-timing: ntt: 2 window(s) transformed before the tail, tail empty
 INFO repair-timing:   forney stage 1 (joint whole/demand, stripe 512w, FALLBACK arithmetic below the kernel gate 16384): 1.09s of 4.86s wall (attributed by worker share)
 INFO repair-timing:   forney stage 2 (joint scheduler, m=4096, gate 8192, FALLBACK arithmetic, stripe 512w): 3.77s of 4.86s wall (attributed by worker share)
 INFO repair-timing: back-substitution (forney-joint): 4.86s
 INFO repair-timing: feed+fold+solve: +10.23s (total 12.19s)
 INFO repair-timing:   forney joint plan: 2081 KB of kernel tables, locator tree held <= 85 KB (37 KB of it cached transforms)
 INFO repair-timing: back-substitution setup (4096x4096, forney): 61.57ms
 INFO repair-timing: feed shape under the published budget: batch 16.8 MB, channel 1, merge cap 16.8 MB
 INFO repair-timing: ntt syndromes (m=4096, needed=4096, n=6144, W=512, threads=1): 2.45s
 INFO repair-timing: ntt window (100663296 bytes, 6144 slices, transformed): 2.45s
 INFO repair-timing: ntt syndromes (m=4096, needed=4096, n=6144, W=512, threads=1): 2.81s
 INFO repair-timing: ntt window (100663296 bytes, 6144 slices, transformed): 2.81s
 INFO repair-timing: ntt: 2 window(s) transformed before the tail, tail empty
 INFO repair-timing:   forney stage 1 (joint whole/demand, stripe 512w, FALLBACK arithmetic below the kernel gate 16384): 1.07s of 4.78s wall (attributed by worker share)
 INFO repair-timing:   forney stage 2 (joint scheduler, m=4096, gate 8192, FALLBACK arithmetic, stripe 512w): 3.71s of 4.78s wall (attributed by worker share)
 INFO repair-timing: back-substitution (forney-joint): 4.78s
 INFO repair-timing: feed+fold+solve: +10.30s (total 22.49s)
 INFO repair-timing:   forney joint plan: 2081 KB of kernel tables, locator tree held <= 85 KB (37 KB of it cached transforms)
 INFO repair-timing: back-substitution setup (4096x4096, forney): 47.47ms
 INFO repair-timing: feed shape under the published budget: batch 16.8 MB, channel 1, merge cap 16.8 MB
 INFO repair-timing: ntt syndromes (m=4096, needed=4096, n=6144, W=512, threads=1): 2.42s
 INFO repair-timing: ntt window (100663296 bytes, 6144 slices, transformed): 2.42s
 INFO repair-timing: ntt syndromes (m=4096, needed=4096, n=6144, W=512, threads=1): 2.47s
 INFO repair-timing: ntt window (100663296 bytes, 6144 slices, transformed): 2.47s
 INFO repair-timing: ntt: 2 window(s) transformed before the tail, tail empty
 INFO repair-timing:   forney stage 1 (joint whole/demand, stripe 512w, FALLBACK arithmetic below the kernel gate 16384): 1.07s of 4.80s wall (attributed by worker share)
 INFO repair-timing:   forney stage 2 (joint scheduler, m=4096, gate 8192, FALLBACK arithmetic, stripe 512w): 3.73s of 4.80s wall (attributed by worker share)
 INFO repair-timing: back-substitution (forney-joint): 4.80s
 INFO repair-timing: feed+fold+solve: +9.94s (total 32.44s)
 INFO repair-timing:   forney joint plan: 2081 KB of kernel tables, locator tree held <= 85 KB (37 KB of it cached transforms)
 INFO repair-timing: back-substitution setup (4096x4096, forney): 51.18ms
 INFO repair-timing: feed shape under the published budget: batch 16.8 MB, channel 1, merge cap 16.8 MB
 INFO repair-timing: ntt syndromes (m=4096, needed=4096, n=6144, W=512, threads=1): 2.43s
 INFO repair-timing: ntt window (100663296 bytes, 6144 slices, transformed): 2.43s
 INFO repair-timing: ntt syndromes (m=4096, needed=4096, n=6144, W=512, threads=1): 2.42s
 INFO repair-timing: ntt window (100663296 bytes, 6144 slices, transformed): 2.42s
 INFO repair-timing: ntt: 2 window(s) transformed before the tail, tail empty
 INFO repair-timing:   forney stage 1 (joint whole/demand, stripe 512w, FALLBACK arithmetic below the kernel gate 16384): 1.08s of 5.47s wall (attributed by worker share)
 INFO repair-timing:   forney stage 2 (joint scheduler, m=4096, gate 8192, FALLBACK arithmetic, stripe 512w): 4.39s of 5.47s wall (attributed by worker share)
 INFO repair-timing: back-substitution (forney-joint): 5.47s
 INFO repair-timing: feed+fold+solve: +10.58s (total 43.02s)
 INFO repair-timing: patch: +134.00ms (total 43.15s)
 INFO repair-timing: final verify: +2.34s (total 45.49s)
 INFO repair-timing: plan prep: 233.82ms over 4 cold build(s), 64 stripe use(s) - 0.514% of the 45.49s repair
 INFO repair-timing: forney solve: 19.90s over 4 solve(s) (stage 1 4.32s, stage 2 15.59s) - 43.747% of the 45.49s repair
mem-floor: live high-water · ru_maxrss 436 MB · rss 436 MB · footprint 436 MB · rss over footprint 0 MB · repair work 201 MB (own peak 201) · scan reads 0 MB (own peak 8) · verifier tables 0 MB · unattributed 235 MB
mem-floor: sampled peak rss · ru_maxrss 436 MB · rss 436 MB · footprint 436 MB · rss over footprint 0 MB · repair work 201 MB (own peak 201) · scan reads 0 MB (own peak 8) · verifier tables 0 MB · unattributed 235 MB
