 INFO repair-timing: packet scan (critical): +964.77µs (total 964.77µs)
 INFO repair-timing: verify targets + volume scan: +1.85s (total 1.85s)
 INFO repair: repair ahead: 4096 block(s) to rebuild, structured solve
 INFO repair-timing: adoption: +7.11ms (total 1.86s)
 INFO repair-timing: load recovery: +103.28ms (total 1.96s)
 INFO repair-timing:   forney joint plan: 2081 KB of kernel tables, locator tree held <= 85 KB (37 KB of it cached transforms)
 INFO repair-timing: back-substitution setup (4096x4096, forney): 62.94ms
 INFO repair-timing: retained from the verify pass: 0 block(s), 0.0 MB
 INFO repair-timing: ntt syndromes (m=4096, needed=4096, n=1024, W=256, threads=1): 8.05s
 INFO repair-timing: ntt window (67108864 bytes, 1024 slices, transformed): 8.05s
 INFO repair-timing: ntt syndromes (m=4096, needed=4096, n=1024, W=256, threads=1): 8.13s
 INFO repair-timing: ntt window (67108864 bytes, 1024 slices, transformed): 8.13s
 INFO repair-timing: ntt syndromes (m=4096, needed=4096, n=1024, W=256, threads=1): 7.75s
 INFO repair-timing: ntt window (67108864 bytes, 1024 slices, transformed): 7.75s
 INFO repair-timing: ntt syndromes (m=4096, needed=4096, n=1024, W=256, threads=1): 8.01s
 INFO repair-timing: ntt window (67108864 bytes, 1024 slices, transformed): 8.01s
 INFO repair-timing: ntt syndromes (m=4096, needed=4096, n=1024, W=256, threads=1): 7.98s
 INFO repair-timing: ntt window (67108864 bytes, 1024 slices, transformed): 7.98s
 INFO repair-timing: ntt syndromes (m=4096, needed=4096, n=1024, W=256, threads=1): 7.95s
 INFO repair-timing: ntt window (67108864 bytes, 1024 slices, transformed): 7.95s
 INFO repair-timing: ntt syndromes (m=4096, needed=4096, n=1024, W=256, threads=1): 8.25s
 INFO repair-timing: ntt window (67108864 bytes, 1024 slices, transformed): 8.25s
 INFO repair-timing: ntt syndromes (m=4096, needed=4096, n=1024, W=256, threads=1): 8.36s
 INFO repair-timing: ntt window (67108864 bytes, 1024 slices, transformed): 8.36s
 INFO repair-timing: ntt syndromes (m=4096, needed=4096, n=1024, W=256, threads=1): 8.55s
 INFO repair-timing: ntt window (67108864 bytes, 1024 slices, transformed): 8.55s
 INFO repair-timing: ntt syndromes (m=4096, needed=4096, n=1024, W=256, threads=1): 7.97s
 INFO repair-timing: ntt window (67108864 bytes, 1024 slices, transformed): 7.97s
 INFO repair-timing: ntt syndromes (m=4096, needed=4096, n=1024, W=256, threads=1): 8.51s
 INFO repair-timing: ntt window (67108864 bytes, 1024 slices, transformed): 8.51s
 INFO repair-timing: ntt syndromes (m=4096, needed=4096, n=1024, W=256, threads=1): 8.75s
 INFO repair-timing: ntt window (67108864 bytes, 1024 slices, transformed): 8.75s
 INFO repair-timing: ntt: 12 window(s) transformed before the tail, tail empty
 INFO repair-timing:   forney stage 1 (joint whole/demand, stripe 512w, FALLBACK arithmetic below the kernel gate 16384): 5.64s of 21.24s wall (attributed by worker share)
 INFO repair-timing:   forney stage 2 (joint scheduler, m=4096, gate 8192, FALLBACK arithmetic, stripe 512w): 15.60s of 21.24s wall (attributed by worker share)
 INFO repair-timing: back-substitution (forney-joint): 21.24s
 INFO repair-timing: feed+fold+solve: +119.76s (total 121.72s)
 INFO repair-timing: patch: +91.56ms (total 121.81s)
 INFO repair-timing: final verify: +2.35s (total 124.16s)
 INFO repair-timing: plan prep: 62.88ms over 1 cold build(s), 64 stripe use(s) - 0.051% of the 124.17s repair
 INFO repair-timing: forney solve: 21.24s over 1 solve(s) (stage 1 5.64s, stage 2 15.60s) - 17.102% of the 124.17s repair
mem-floor: live high-water · ru_maxrss 1017 MB · rss 1017 MB · footprint 1017 MB · rss over footprint 0 MB · repair work 940 MB (own peak 940) · scan reads 0 MB (own peak 8) · verifier tables 0 MB · unattributed 77 MB
mem-floor: sampled peak rss · ru_maxrss 1017 MB · rss 1017 MB · footprint 1017 MB · rss over footprint 0 MB · repair work 940 MB (own peak 940) · scan reads 0 MB (own peak 8) · verifier tables 0 MB · unattributed 77 MB
