 INFO repair-timing: packet scan (critical): +1.01ms (total 1.01ms)
 INFO repair-timing: verify targets + volume scan: +496.68ms (total 497.68ms)
 INFO repair: repair ahead: 4096 block(s) to rebuild, structured solve
 INFO repair-timing: adoption: +5.35ms (total 503.03ms)
 INFO repair-timing: load recovery: +107.98ms (total 611.02ms)
 INFO repair-timing:   forney joint plan: 2081 KB of kernel tables, locator tree held <= 85 KB (37 KB of it cached transforms)
 INFO repair-timing: back-substitution setup (4096x4096, forney): 48.77ms
 INFO repair-timing: retained from the verify pass: 0 block(s), 0.0 MB
 INFO repair-timing: ntt syndromes (m=4096, needed=4096, n=2048, W=128, threads=4): 3.27s
 INFO repair-timing: ntt window (134217728 bytes, 2048 slices, transformed): 3.27s
 INFO repair-timing: ntt syndromes (m=4096, needed=4096, n=2048, W=128, threads=4): 3.33s
 INFO repair-timing: ntt window (134217728 bytes, 2048 slices, transformed): 3.33s
 INFO repair-timing: ntt syndromes (m=4096, needed=4096, n=2048, W=128, threads=4): 3.30s
 INFO repair-timing: ntt window (134217728 bytes, 2048 slices, transformed): 3.30s
 INFO repair-timing: ntt syndromes (m=4096, needed=4096, n=2048, W=128, threads=4): 3.27s
 INFO repair-timing: ntt window (134217728 bytes, 2048 slices, transformed): 3.27s
 INFO repair-timing: ntt syndromes (m=4096, needed=4096, n=2048, W=128, threads=4): 3.27s
 INFO repair-timing: ntt window (134217728 bytes, 2048 slices, transformed): 3.27s
 INFO repair-timing: ntt syndromes (m=4096, needed=4096, n=2048, W=128, threads=4): 3.40s
 INFO repair-timing: ntt window (134217728 bytes, 2048 slices, transformed): 3.40s
 INFO repair-timing: ntt: 6 window(s) transformed before the tail, tail empty
 INFO repair-timing:   forney stage 1 (joint whole/demand, stripe 512w, FALLBACK arithmetic below the kernel gate 16384): 1.47s of 6.05s wall (attributed by worker share)
 INFO repair-timing:   forney stage 2 (joint scheduler, m=4096, gate 8192, FALLBACK arithmetic, stripe 512w): 4.59s of 6.05s wall (attributed by worker share)
 INFO repair-timing: back-substitution (forney-joint): 6.05s
 INFO repair-timing: feed+fold+solve: +26.12s (total 26.73s)
 INFO repair-timing: patch: +30.20ms (total 26.77s)
 INFO repair-timing: final verify: +272.08ms (total 27.04s)
 INFO repair-timing: plan prep: 48.72ms over 1 cold build(s), 64 stripe use(s) - 0.180% of the 27.05s repair
 INFO repair-timing: forney solve: 6.05s over 1 solve(s) (stage 1 1.47s, stage 2 4.59s) - 22.376% of the 27.05s repair
mem-floor: live high-water · ru_maxrss 782 MB · rss 782 MB · footprint 782 MB · rss over footprint 0 MB · repair work 604 MB (own peak 604) · scan reads 0 MB (own peak 34) · verifier tables 0 MB · unattributed 178 MB
mem-floor: sampled peak rss · ru_maxrss 782 MB · rss 782 MB · footprint 782 MB · rss over footprint 0 MB · repair work 604 MB (own peak 604) · scan reads 0 MB (own peak 34) · verifier tables 0 MB · unattributed 178 MB
