 INFO repair-timing: packet scan (critical): +1.06ms (total 1.06ms)
 INFO repair-timing: verify targets + volume scan: +1.87s (total 1.87s)
 INFO repair: repair ahead: 4096 block(s) to rebuild, structured solve
 INFO repair-timing: adoption: +7.17ms (total 1.87s)
 INFO nzbkit_base::par2repair: solve window over budget: 4096 block(s) at 65536 B in 2 slab(s) of 32768 B,              output Spill - the payload is swept once per slab
 INFO repair-timing: load recovery: +75.49ms (total 1.95s)
 INFO repair-timing:   forney joint plan: 2081 KB of kernel tables, locator tree held <= 85 KB (37 KB of it cached transforms)
 INFO repair-timing: back-substitution setup (4096x4096, forney): 58.46ms
 INFO repair-timing: feed shape under the published budget: batch 33.6 MB, channel 1, merge cap 33.6 MB
 INFO repair-timing: ntt syndromes (m=4096, needed=4096, n=7168, W=512, threads=1): 5.24s
 INFO repair-timing: ntt window (234881024 bytes, 7168 slices, transformed): 5.24s
 INFO repair-timing: ntt syndromes (m=4096, needed=4096, n=5120, W=512, threads=1): 5.02s
 INFO repair-timing: ntt: 1 window(s) transformed before the tail, tail transformed above
 INFO repair-timing:   forney stage 1 (joint whole/demand, stripe 512w, FALLBACK arithmetic below the kernel gate 16384): 2.85s of 11.61s wall (attributed by worker share)
 INFO repair-timing:   forney stage 2 (joint scheduler, m=4096, gate 8192, FALLBACK arithmetic, stripe 512w): 8.76s of 11.61s wall (attributed by worker share)
 INFO repair-timing: back-substitution (forney-joint): 11.61s
 INFO repair-timing: feed+fold+solve: +22.27s (total 24.22s)
 INFO repair-timing:   forney joint plan: 2081 KB of kernel tables, locator tree held <= 85 KB (37 KB of it cached transforms)
 INFO repair-timing: back-substitution setup (4096x4096, forney): 49.29ms
 INFO repair-timing: feed shape under the published budget: batch 33.6 MB, channel 1, merge cap 33.6 MB
 INFO repair-timing: ntt syndromes (m=4096, needed=4096, n=7168, W=512, threads=1): 5.50s
 INFO repair-timing: ntt window (234881024 bytes, 7168 slices, transformed): 5.50s
 INFO repair-timing: ntt syndromes (m=4096, needed=4096, n=5120, W=512, threads=1): 4.60s
 INFO repair-timing: ntt: 1 window(s) transformed before the tail, tail transformed above
 INFO repair-timing:   forney stage 1 (joint whole/demand, stripe 512w, FALLBACK arithmetic below the kernel gate 16384): 2.13s of 10.85s wall (attributed by worker share)
 INFO repair-timing:   forney stage 2 (joint scheduler, m=4096, gate 8192, FALLBACK arithmetic, stripe 512w): 8.73s of 10.85s wall (attributed by worker share)
 INFO repair-timing: back-substitution (forney-joint): 10.85s
 INFO repair-timing: feed+fold+solve: +21.36s (total 45.58s)
 INFO repair-timing: patch: +129.96ms (total 45.71s)
 INFO repair-timing: final verify: +2.38s (total 48.09s)
 INFO repair-timing: plan prep: 107.65ms over 2 cold build(s), 64 stripe use(s) - 0.224% of the 48.09s repair
 INFO repair-timing: forney solve: 22.46s over 2 solve(s) (stage 1 4.97s, stage 2 17.49s) - 46.717% of the 48.09s repair
mem-floor: live high-water · ru_maxrss 630 MB · rss 630 MB · footprint 630 MB · rss over footprint 0 MB · repair work 436 MB (own peak 436) · scan reads 0 MB (own peak 8) · verifier tables 0 MB · unattributed 194 MB
mem-floor: sampled peak rss · ru_maxrss 630 MB · rss 630 MB · footprint 630 MB · rss over footprint 0 MB · repair work 436 MB (own peak 436) · scan reads 0 MB (own peak 8) · verifier tables 0 MB · unattributed 194 MB
