 INFO repair-timing: packet scan (critical): +1.01ms (total 1.01ms)
 INFO repair-timing: verify targets + volume scan: +515.46ms (total 516.47ms)
 INFO repair: repair ahead: 4096 block(s) to rebuild, structured solve
 INFO repair-timing: adoption: +7.48ms (total 523.95ms)
 INFO repair-timing: load recovery: +91.14ms (total 615.08ms)
 INFO repair-timing:   forney joint plan: 2081 KB of kernel tables, locator tree held <= 85 KB (37 KB of it cached transforms)
 INFO repair-timing: back-substitution setup (4096x4096, forney): 64.20ms
 INFO repair-timing: retained from the verify pass: 0 block(s), 0.0 MB
 INFO repair-timing: fold unit dst budget 128 KiB (L2 per core 256 KiB)
 INFO repair-timing: fold tile budget 32 KiB (L2 per core 256 KiB)
 INFO repair-timing:   forney stage 1 (joint whole/demand, stripe 512w, FALLBACK arithmetic below the kernel gate 16384): 1.38s of 5.79s wall (attributed by worker share)
 INFO repair-timing:   forney stage 2 (joint scheduler, m=4096, gate 8192, FALLBACK arithmetic, stripe 512w): 4.40s of 5.79s wall (attributed by worker share)
 INFO repair-timing: back-substitution (forney-joint): 5.79s
 INFO repair-timing: feed+fold+solve: +108.59s (total 109.20s)
 INFO repair-timing: patch: +30.09ms (total 109.23s)
 INFO repair-timing: final verify: +274.58ms (total 109.51s)
 INFO repair-timing: plan prep: 64.13ms over 1 cold build(s), 64 stripe use(s) - 0.059% of the 109.51s repair
 INFO repair-timing: forney solve: 5.79s over 1 solve(s) (stage 1 1.38s, stage 2 4.40s) - 5.284% of the 109.51s repair
mem-floor: live high-water · ru_maxrss 768 MB · rss 768 MB · footprint 768 MB · rss over footprint 0 MB · repair work 587 MB (own peak 621) · scan reads 0 MB (own peak 34) · verifier tables 0 MB · unattributed 181 MB
mem-floor: sampled peak rss · ru_maxrss 768 MB · rss 768 MB · footprint 768 MB · rss over footprint 0 MB · repair work 587 MB (own peak 621) · scan reads 0 MB (own peak 34) · verifier tables 0 MB · unattributed 181 MB
