 INFO repair-timing: packet scan (critical): +1.01ms (total 1.01ms)
 INFO repair-timing: verify targets + volume scan: +508.85ms (total 509.86ms)
 INFO repair: repair ahead: 4096 block(s) to rebuild, structured solve
 INFO repair-timing: adoption: +7.11ms (total 516.97ms)
 INFO nzbkit_base::par2repair: solve window over budget: 4096 block(s) at 65536 B in 2 slab(s) of 32768 B,              output Spill - the payload is swept once per slab
 INFO repair-timing: load recovery: +72.12ms (total 589.09ms)
 INFO repair-timing:   forney joint plan: 2081 KB of kernel tables, locator tree held <= 85 KB (37 KB of it cached transforms)
 INFO repair-timing: back-substitution setup (4096x4096, forney): 57.81ms
 INFO repair-timing: fold unit dst budget 128 KiB (L2 per core 256 KiB)
 INFO repair-timing: fold tile budget 32 KiB (L2 per core 256 KiB)
 INFO repair-timing:   forney stage 1 (joint whole/demand, stripe 512w, FALLBACK arithmetic below the kernel gate 16384): 725.78ms of 3.13s wall (attributed by worker share)
 INFO repair-timing:   forney stage 2 (joint scheduler, m=4096, gate 8192, FALLBACK arithmetic, stripe 512w): 2.40s of 3.13s wall (attributed by worker share)
 INFO repair-timing: back-substitution (forney-joint): 3.13s
 INFO repair-timing: feed+fold+solve: +54.85s (total 55.44s)
 INFO repair-timing:   forney joint plan: 2081 KB of kernel tables, locator tree held <= 85 KB (37 KB of it cached transforms)
 INFO repair-timing: back-substitution setup (4096x4096, forney): 36.16ms
 INFO repair-timing:   forney stage 1 (joint whole/demand, stripe 512w, FALLBACK arithmetic below the kernel gate 16384): 669.25ms of 2.84s wall (attributed by worker share)
 INFO repair-timing:   forney stage 2 (joint scheduler, m=4096, gate 8192, FALLBACK arithmetic, stripe 512w): 2.17s of 2.84s wall (attributed by worker share)
 INFO repair-timing: back-substitution (forney-joint): 2.84s
 INFO repair-timing: feed+fold+solve: +55.22s (total 110.65s)
 INFO repair-timing: patch: +47.46ms (total 110.70s)
 INFO repair-timing: final verify: +269.81ms (total 110.97s)
 INFO repair-timing: plan prep: 93.87ms over 2 cold build(s), 64 stripe use(s) - 0.085% of the 110.97s repair
 INFO repair-timing: forney solve: 5.96s over 2 solve(s) (stage 1 1.40s, stage 2 4.57s) - 5.372% of the 110.97s repair
mem-floor: live high-water · ru_maxrss 596 MB · rss 596 MB · footprint 596 MB · rss over footprint 0 MB · repair work 470 MB (own peak 487) · scan reads 0 MB (own peak 34) · verifier tables 0 MB · unattributed 127 MB
mem-floor: sampled peak rss · ru_maxrss 596 MB · rss 596 MB · footprint 596 MB · rss over footprint 0 MB · repair work 470 MB (own peak 487) · scan reads 0 MB (own peak 34) · verifier tables 0 MB · unattributed 127 MB
