 INFO repair-timing: packet scan (critical): +1.12ms (total 1.12ms)
 INFO repair-timing: verify targets + volume scan: +1.84s (total 1.85s)
 INFO repair: repair ahead: 4096 block(s) to rebuild, structured solve
 INFO repair-timing: adoption: +5.87ms (total 1.85s)
 INFO repair-timing: load recovery: +106.54ms (total 1.96s)
 INFO repair-timing:   forney joint plan: 2081 KB of kernel tables, locator tree held <= 85 KB (37 KB of it cached transforms)
 INFO repair-timing: back-substitution setup (4096x4096, forney): 79.89ms
 INFO repair-timing: retained from the verify pass: 0 block(s), 0.0 MB
 INFO repair-timing: ntt syndromes (m=4096, needed=4096, n=3072, W=256, threads=1): 9.75s
 INFO repair-timing: ntt window (201326592 bytes, 3072 slices, transformed): 9.75s
 INFO repair-timing: ntt syndromes (m=4096, needed=4096, n=3072, W=256, threads=1): 9.97s
 INFO repair-timing: ntt window (201326592 bytes, 3072 slices, transformed): 9.97s
 INFO repair-timing: ntt syndromes (m=4096, needed=4096, n=3072, W=256, threads=1): 10.43s
 INFO repair-timing: ntt window (201326592 bytes, 3072 slices, transformed): 10.43s
 INFO repair-timing: ntt syndromes (m=4096, needed=4096, n=3072, W=256, threads=1): 10.12s
 INFO repair-timing: ntt window (201326592 bytes, 3072 slices, transformed): 10.12s
 INFO repair-timing: ntt: 4 window(s) transformed before the tail, tail empty
 INFO repair-timing:   forney stage 1 (joint whole/demand, stripe 512w, FALLBACK arithmetic below the kernel gate 16384): 4.64s of 19.80s wall (attributed by worker share)
 INFO repair-timing:   forney stage 2 (joint scheduler, m=4096, gate 8192, FALLBACK arithmetic, stripe 512w): 15.15s of 19.80s wall (attributed by worker share)
 INFO repair-timing: back-substitution (forney-joint): 19.80s
 INFO repair-timing: feed+fold+solve: +60.45s (total 62.40s)
 INFO repair-timing: patch: +91.62ms (total 62.50s)
 INFO repair-timing: final verify: +2.38s (total 64.87s)
 INFO repair-timing: plan prep: 79.83ms over 1 cold build(s), 64 stripe use(s) - 0.123% of the 64.89s repair
 INFO repair-timing: forney solve: 19.80s over 1 solve(s) (stage 1 4.64s, stage 2 15.15s) - 30.509% of the 64.89s repair
mem-floor: live high-water · ru_maxrss 1146 MB · rss 1146 MB · footprint 1146 MB · rss over footprint 0 MB · repair work 1074 MB (own peak 1074) · scan reads 0 MB (own peak 8) · verifier tables 0 MB · unattributed 72 MB
mem-floor: sampled peak rss · ru_maxrss 1146 MB · rss 1146 MB · footprint 1146 MB · rss over footprint 0 MB · repair work 1074 MB (own peak 1074) · scan reads 0 MB (own peak 8) · verifier tables 0 MB · unattributed 72 MB
