 INFO repair-timing: packet scan (critical): +1.05ms (total 1.05ms)
 INFO repair-timing: verify targets + volume scan: +1.84s (total 1.84s)
 INFO repair: repair ahead: 4096 block(s) to rebuild, structured solve
 INFO repair-timing: adoption: +7.08ms (total 1.85s)
 INFO repair-timing: load recovery: +101.95ms (total 1.95s)
 INFO repair-timing:   forney joint plan: 2081 KB of kernel tables, locator tree held <= 85 KB (37 KB of it cached transforms)
 INFO repair-timing: back-substitution setup (4096x4096, forney): 75.65ms
 INFO repair-timing: retained from the verify pass: 0 block(s), 0.0 MB
 INFO repair-timing: ntt syndromes (m=4096, needed=4096, n=3072, W=256, threads=1): 9.23s
 INFO repair-timing: ntt window (201326592 bytes, 3072 slices, transformed): 9.23s
 INFO repair-timing: ntt syndromes (m=4096, needed=4096, n=3072, W=256, threads=1): 9.64s
 INFO repair-timing: ntt window (201326592 bytes, 3072 slices, transformed): 9.64s
 INFO repair-timing: ntt syndromes (m=4096, needed=4096, n=3072, W=256, threads=1): 9.62s
 INFO repair-timing: ntt window (201326592 bytes, 3072 slices, transformed): 9.62s
 INFO repair-timing: ntt syndromes (m=4096, needed=4096, n=3072, W=256, threads=1): 9.74s
 INFO repair-timing: ntt window (201326592 bytes, 3072 slices, transformed): 9.74s
 INFO repair-timing: ntt: 4 window(s) transformed before the tail, tail empty
 INFO repair-timing:   forney stage 1 (joint whole/demand, stripe 512w, FALLBACK arithmetic below the kernel gate 16384): 4.32s of 19.88s wall (attributed by worker share)
 INFO repair-timing:   forney stage 2 (joint scheduler, m=4096, gate 8192, FALLBACK arithmetic, stripe 512w): 15.56s of 19.88s wall (attributed by worker share)
 INFO repair-timing: back-substitution (forney-joint): 19.88s
 INFO repair-timing: feed+fold+solve: +58.47s (total 60.42s)
 INFO repair-timing: patch: +92.29ms (total 60.52s)
 INFO repair-timing: final verify: +2.38s (total 62.90s)
 INFO repair-timing: plan prep: 75.58ms over 1 cold build(s), 64 stripe use(s) - 0.120% of the 62.91s repair
 INFO repair-timing: forney solve: 19.88s over 1 solve(s) (stage 1 4.32s, stage 2 15.56s) - 31.595% of the 62.91s repair
mem-floor: live high-water · ru_maxrss 1144 MB · rss 1144 MB · footprint 1144 MB · rss over footprint 0 MB · repair work 1074 MB (own peak 1074) · scan reads 0 MB (own peak 8) · verifier tables 0 MB · unattributed 70 MB
mem-floor: sampled peak rss · ru_maxrss 1144 MB · rss 1144 MB · footprint 1144 MB · rss over footprint 0 MB · repair work 1074 MB (own peak 1074) · scan reads 0 MB (own peak 8) · verifier tables 0 MB · unattributed 70 MB
