 INFO repair-timing: packet scan (critical): +981.98µs (total 981.98µs)
 INFO repair-timing: verify targets + volume scan: +512.26ms (total 513.25ms)
 INFO repair: repair ahead: 4096 block(s) to rebuild, structured solve
 INFO repair-timing: adoption: +5.62ms (total 518.87ms)
 INFO nzbkit_base::par2repair: solve window over budget: 4096 block(s) at 65536 B in 2 slab(s) of 32768 B,              output Spill - the payload is swept once per slab
 INFO repair-timing: load recovery: +73.15ms (total 592.02ms)
 INFO repair-timing:   forney joint plan: 2081 KB of kernel tables, locator tree held <= 85 KB (37 KB of it cached transforms)
 INFO repair-timing: back-substitution setup (4096x4096, forney): 45.79ms
 INFO repair-timing: ntt syndromes (m=4096, needed=4096, n=3072, W=256, threads=4): 1.46s
 INFO repair-timing: ntt window (100663296 bytes, 3072 slices, transformed): 1.46s
 INFO repair-timing: ntt syndromes (m=4096, needed=4096, n=3072, W=256, threads=4): 1.47s
 INFO repair-timing: ntt window (100663296 bytes, 3072 slices, transformed): 1.60s
 INFO repair-timing: ntt syndromes (m=4096, needed=4096, n=3072, W=256, threads=4): 1.52s
 INFO repair-timing: ntt window (100663296 bytes, 3072 slices, transformed): 1.52s
 INFO repair-timing: ntt syndromes (m=4096, needed=4096, n=3072, W=256, threads=4): 1.46s
 INFO repair-timing: ntt window (100663296 bytes, 3072 slices, transformed): 1.46s
 INFO repair-timing: ntt: 4 window(s) transformed before the tail, tail empty
 INFO repair-timing:   forney stage 1 (joint whole/demand, stripe 512w, FALLBACK arithmetic below the kernel gate 16384): 709.69ms of 2.94s wall (attributed by worker share)
 INFO repair-timing:   forney stage 2 (joint scheduler, m=4096, gate 8192, FALLBACK arithmetic, stripe 512w): 2.23s of 2.94s wall (attributed by worker share)
 INFO repair-timing: back-substitution (forney-joint): 2.94s
 INFO repair-timing: feed+fold+solve: +9.19s (total 9.78s)
 INFO repair-timing:   forney joint plan: 2081 KB of kernel tables, locator tree held <= 85 KB (37 KB of it cached transforms)
 INFO repair-timing: back-substitution setup (4096x4096, forney): 35.92ms
 INFO repair-timing: ntt syndromes (m=4096, needed=4096, n=3072, W=256, threads=4): 1.52s
 INFO repair-timing: ntt window (100663296 bytes, 3072 slices, transformed): 1.52s
 INFO repair-timing: ntt syndromes (m=4096, needed=4096, n=3072, W=256, threads=4): 1.48s
 INFO repair-timing: ntt window (100663296 bytes, 3072 slices, transformed): 1.48s
 INFO repair-timing: ntt syndromes (m=4096, needed=4096, n=3072, W=256, threads=4): 1.47s
 INFO repair-timing: ntt window (100663296 bytes, 3072 slices, transformed): 1.47s
 INFO repair-timing: ntt syndromes (m=4096, needed=4096, n=3072, W=256, threads=4): 1.49s
 INFO repair-timing: ntt window (100663296 bytes, 3072 slices, transformed): 1.49s
 INFO repair-timing: ntt: 4 window(s) transformed before the tail, tail empty
 INFO repair-timing:   forney stage 1 (joint whole/demand, stripe 512w, FALLBACK arithmetic below the kernel gate 16384): 682.73ms of 2.88s wall (attributed by worker share)
 INFO repair-timing:   forney stage 2 (joint scheduler, m=4096, gate 8192, FALLBACK arithmetic, stripe 512w): 2.20s of 2.88s wall (attributed by worker share)
 INFO repair-timing: back-substitution (forney-joint): 2.88s
 INFO repair-timing: feed+fold+solve: +9.10s (total 18.88s)
 INFO repair-timing: patch: +47.58ms (total 18.93s)
 INFO repair-timing: final verify: +283.22ms (total 19.22s)
 INFO repair-timing: plan prep: 81.60ms over 2 cold build(s), 64 stripe use(s) - 0.425% of the 19.22s repair
 INFO repair-timing: forney solve: 5.82s over 2 solve(s) (stage 1 1.39s, stage 2 4.43s) - 30.304% of the 19.22s repair
mem-floor: live high-water · ru_maxrss 653 MB · rss 653 MB · footprint 653 MB · rss over footprint 0 MB · repair work 235 MB (own peak 436) · scan reads 0 MB (own peak 34) · verifier tables 0 MB · unattributed 418 MB
mem-floor: sampled peak rss · ru_maxrss 653 MB · rss 653 MB · footprint 653 MB · rss over footprint 0 MB · repair work 235 MB (own peak 436) · scan reads 0 MB (own peak 34) · verifier tables 0 MB · unattributed 418 MB
