 INFO repair-timing: packet scan (critical): +1.01ms (total 1.01ms)
 INFO repair-timing: verify targets + volume scan: +525.04ms (total 526.05ms)
 INFO repair: repair ahead: 4096 block(s) to rebuild, structured solve
 INFO repair-timing: adoption: +5.76ms (total 531.81ms)
 INFO nzbkit_base::par2repair: solve window over budget: 4096 block(s) at 65536 B in 2 slab(s) of 32768 B,              output Spill - the payload is swept once per slab
 INFO repair-timing: load recovery: +72.45ms (total 604.26ms)
 INFO repair-timing:   forney joint plan: 2081 KB of kernel tables, locator tree held <= 85 KB (37 KB of it cached transforms)
 INFO repair-timing: back-substitution setup (4096x4096, forney): 49.02ms
 INFO repair-timing: ntt syndromes (m=4096, needed=4096, n=3072, W=256, threads=4): 1.45s
 INFO repair-timing: ntt window (100663296 bytes, 3072 slices, transformed): 1.45s
 INFO repair-timing: ntt syndromes (m=4096, needed=4096, n=3072, W=256, threads=4): 1.54s
 INFO repair-timing: ntt window (100663296 bytes, 3072 slices, transformed): 1.54s
 INFO repair-timing: ntt syndromes (m=4096, needed=4096, n=3072, W=256, threads=4): 1.53s
 INFO repair-timing: ntt window (100663296 bytes, 3072 slices, transformed): 1.53s
 INFO repair-timing: ntt syndromes (m=4096, needed=4096, n=3072, W=256, threads=4): 1.46s
 INFO repair-timing: ntt window (100663296 bytes, 3072 slices, transformed): 1.46s
 INFO repair-timing: ntt: 4 window(s) transformed before the tail, tail empty
 INFO repair-timing:   forney stage 1 (joint whole/demand, stripe 512w, FALLBACK arithmetic below the kernel gate 16384): 779.35ms of 3.00s wall (attributed by worker share)
 INFO repair-timing:   forney stage 2 (joint scheduler, m=4096, gate 8192, FALLBACK arithmetic, stripe 512w): 2.22s of 3.00s wall (attributed by worker share)
 INFO repair-timing: back-substitution (forney-joint): 3.00s
 INFO repair-timing: feed+fold+solve: +9.21s (total 9.81s)
 INFO repair-timing:   forney joint plan: 2081 KB of kernel tables, locator tree held <= 85 KB (37 KB of it cached transforms)
 INFO repair-timing: back-substitution setup (4096x4096, forney): 40.86ms
 INFO repair-timing: ntt syndromes (m=4096, needed=4096, n=3072, W=256, threads=4): 1.51s
 INFO repair-timing: ntt window (100663296 bytes, 3072 slices, transformed): 1.51s
 INFO repair-timing: ntt syndromes (m=4096, needed=4096, n=3072, W=256, threads=4): 1.48s
 INFO repair-timing: ntt window (100663296 bytes, 3072 slices, transformed): 1.48s
 INFO repair-timing: ntt syndromes (m=4096, needed=4096, n=3072, W=256, threads=4): 1.44s
 INFO repair-timing: ntt window (100663296 bytes, 3072 slices, transformed): 1.44s
 INFO repair-timing: ntt syndromes (m=4096, needed=4096, n=3072, W=256, threads=4): 1.47s
 INFO repair-timing: ntt window (100663296 bytes, 3072 slices, transformed): 1.47s
 INFO repair-timing: ntt: 4 window(s) transformed before the tail, tail empty
 INFO repair-timing:   forney stage 1 (joint whole/demand, stripe 512w, FALLBACK arithmetic below the kernel gate 16384): 731.80ms of 2.91s wall (attributed by worker share)
 INFO repair-timing:   forney stage 2 (joint scheduler, m=4096, gate 8192, FALLBACK arithmetic, stripe 512w): 2.18s of 2.91s wall (attributed by worker share)
 INFO repair-timing: back-substitution (forney-joint): 2.91s
 INFO repair-timing: feed+fold+solve: +9.08s (total 18.89s)
 INFO repair-timing: patch: +47.28ms (total 18.94s)
 INFO repair-timing: final verify: +263.90ms (total 19.20s)
 INFO repair-timing: plan prep: 89.76ms over 2 cold build(s), 64 stripe use(s) - 0.467% of the 19.20s repair
 INFO repair-timing: forney solve: 5.91s over 2 solve(s) (stage 1 1.51s, stage 2 4.40s) - 30.758% of the 19.20s repair
mem-floor: live high-water · ru_maxrss 630 MB · rss 630 MB · footprint 630 MB · rss over footprint 0 MB · repair work 336 MB (own peak 436) · scan reads 0 MB (own peak 34) · verifier tables 0 MB · unattributed 295 MB
mem-floor: sampled peak rss · ru_maxrss 630 MB · rss 630 MB · footprint 630 MB · rss over footprint 0 MB · repair work 336 MB (own peak 436) · scan reads 0 MB (own peak 34) · verifier tables 0 MB · unattributed 295 MB
