 INFO repair-timing: packet scan (critical): +1.03ms (total 1.03ms)
 INFO repair-timing: verify targets + volume scan: +512.14ms (total 513.17ms)
 INFO repair: repair ahead: 4096 block(s) to rebuild, structured solve
 INFO repair-timing: adoption: +7.24ms (total 520.41ms)
 INFO repair-timing: load recovery: +94.31ms (total 614.72ms)
 INFO repair-timing:   forney joint plan: 2081 KB of kernel tables, locator tree held <= 85 KB (37 KB of it cached transforms)
 INFO repair-timing: back-substitution setup (4096x4096, forney): 51.21ms
 INFO repair-timing: retained from the verify pass: 0 block(s), 0.0 MB
 INFO repair-timing: ntt syndromes (m=4096, needed=4096, n=1536, W=256, threads=4): 2.65s
 INFO repair-timing: ntt window (100663296 bytes, 1536 slices, transformed): 2.65s
 INFO repair-timing: ntt syndromes (m=4096, needed=4096, n=1536, W=256, threads=4): 2.60s
 INFO repair-timing: ntt window (100663296 bytes, 1536 slices, transformed): 2.60s
 INFO repair-timing: ntt syndromes (m=4096, needed=4096, n=1536, W=256, threads=4): 2.59s
 INFO repair-timing: ntt window (100663296 bytes, 1536 slices, transformed): 2.59s
 INFO repair-timing: ntt syndromes (m=4096, needed=4096, n=1536, W=256, threads=4): 2.69s
 INFO repair-timing: ntt window (100663296 bytes, 1536 slices, transformed): 2.69s
 INFO repair-timing: ntt syndromes (m=4096, needed=4096, n=1536, W=256, threads=4): 2.56s
 INFO repair-timing: ntt window (100663296 bytes, 1536 slices, transformed): 2.56s
 INFO repair-timing: ntt syndromes (m=4096, needed=4096, n=1536, W=256, threads=4): 2.61s
 INFO repair-timing: ntt window (100663296 bytes, 1536 slices, transformed): 2.61s
 INFO repair-timing: ntt syndromes (m=4096, needed=4096, n=1536, W=256, threads=4): 2.66s
 INFO repair-timing: ntt window (100663296 bytes, 1536 slices, transformed): 2.66s
 INFO repair-timing: ntt syndromes (m=4096, needed=4096, n=1536, W=256, threads=4): 2.70s
 INFO repair-timing: ntt window (100663296 bytes, 1536 slices, transformed): 2.70s
 INFO repair-timing: ntt: 8 window(s) transformed before the tail, tail empty
 INFO repair-timing:   forney stage 1 (joint whole/demand, stripe 512w, FALLBACK arithmetic below the kernel gate 16384): 1.41s of 5.78s wall (attributed by worker share)
 INFO repair-timing:   forney stage 2 (joint scheduler, m=4096, gate 8192, FALLBACK arithmetic, stripe 512w): 4.37s of 5.78s wall (attributed by worker share)
 INFO repair-timing: back-substitution (forney-joint): 5.78s
 INFO repair-timing: feed+fold+solve: +27.07s (total 27.69s)
 INFO repair-timing: patch: +29.72ms (total 27.72s)
 INFO repair-timing: final verify: +277.20ms (total 27.99s)
 INFO repair-timing: plan prep: 51.14ms over 1 cold build(s), 64 stripe use(s) - 0.183% of the 28.00s repair
 INFO repair-timing: forney solve: 5.78s over 1 solve(s) (stage 1 1.41s, stage 2 4.37s) - 20.653% of the 28.00s repair
mem-floor: live high-water · ru_maxrss 824 MB · rss 824 MB · footprint 824 MB · rss over footprint 0 MB · repair work 554 MB (own peak 570) · scan reads 0 MB (own peak 34) · verifier tables 0 MB · unattributed 271 MB
mem-floor: sampled peak rss · ru_maxrss 824 MB · rss 824 MB · footprint 824 MB · rss over footprint 0 MB · repair work 554 MB (own peak 570) · scan reads 0 MB (own peak 34) · verifier tables 0 MB · unattributed 271 MB
