 INFO repair-timing: packet scan (critical): +1.01ms (total 1.01ms)
 INFO repair-timing: verify targets + volume scan: +509.76ms (total 510.76ms)
 INFO repair: repair ahead: 4096 block(s) to rebuild, structured solve
 INFO repair-timing: adoption: +7.38ms (total 518.14ms)
 INFO nzbkit_base::par2repair: solve window over budget: 4096 block(s) at 65536 B in 4 slab(s) of 16384 B,              output Spill - the payload is swept once per slab
 INFO repair-timing: load recovery: +53.00ms (total 571.14ms)
 INFO repair-timing:   forney joint plan: 2081 KB of kernel tables, locator tree held <= 85 KB (37 KB of it cached transforms)
 INFO repair-timing: back-substitution setup (4096x4096, forney): 42.52ms
 INFO repair-timing: fold unit dst budget 128 KiB (L2 per core 256 KiB)
 INFO repair-timing: fold tile budget 32 KiB (L2 per core 256 KiB)
 INFO repair-timing:   forney stage 1 (joint whole/demand, stripe 256w, FALLBACK arithmetic below the kernel gate 16384): 382.26ms of 1.75s wall (attributed by worker share)
 INFO repair-timing:   forney stage 2 (joint scheduler, m=4096, gate 8192, FALLBACK arithmetic, stripe 256w): 1.37s of 1.75s wall (attributed by worker share)
 INFO repair-timing: back-substitution (forney-joint): 1.75s
 INFO repair-timing: feed+fold+solve: +28.16s (total 28.74s)
 INFO repair-timing:   forney joint plan: 2081 KB of kernel tables, locator tree held <= 85 KB (37 KB of it cached transforms)
 INFO repair-timing: back-substitution setup (4096x4096, forney): 35.80ms
 INFO repair-timing:   forney stage 1 (joint whole/demand, stripe 256w, FALLBACK arithmetic below the kernel gate 16384): 386.01ms of 1.79s wall (attributed by worker share)
 INFO repair-timing:   forney stage 2 (joint scheduler, m=4096, gate 8192, FALLBACK arithmetic, stripe 256w): 1.41s of 1.79s wall (attributed by worker share)
 INFO repair-timing: back-substitution (forney-joint): 1.79s
 INFO repair-timing: feed+fold+solve: +27.67s (total 56.41s)
 INFO repair-timing:   forney joint plan: 2081 KB of kernel tables, locator tree held <= 85 KB (37 KB of it cached transforms)
 INFO repair-timing: back-substitution setup (4096x4096, forney): 35.24ms
 INFO repair-timing:   forney stage 1 (joint whole/demand, stripe 256w, FALLBACK arithmetic below the kernel gate 16384): 413.61ms of 1.87s wall (attributed by worker share)
 INFO repair-timing:   forney stage 2 (joint scheduler, m=4096, gate 8192, FALLBACK arithmetic, stripe 256w): 1.46s of 1.87s wall (attributed by worker share)
 INFO repair-timing: back-substitution (forney-joint): 1.87s
 INFO repair-timing: feed+fold+solve: +27.62s (total 84.02s)
 INFO repair-timing:   forney joint plan: 2081 KB of kernel tables, locator tree held <= 85 KB (37 KB of it cached transforms)
 INFO repair-timing: back-substitution setup (4096x4096, forney): 34.15ms
 INFO repair-timing:   forney stage 1 (joint whole/demand, stripe 256w, FALLBACK arithmetic below the kernel gate 16384): 396.60ms of 1.80s wall (attributed by worker share)
 INFO repair-timing:   forney stage 2 (joint scheduler, m=4096, gate 8192, FALLBACK arithmetic, stripe 256w): 1.40s of 1.80s wall (attributed by worker share)
 INFO repair-timing: back-substitution (forney-joint): 1.80s
 INFO repair-timing: feed+fold+solve: +28.12s (total 112.14s)
 INFO repair-timing: patch: +38.19ms (total 112.18s)
 INFO repair-timing: final verify: +274.08ms (total 112.45s)
 INFO repair-timing: plan prep: 147.54ms over 4 cold build(s), 128 stripe use(s) - 0.131% of the 112.46s repair
 INFO repair-timing: forney solve: 7.21s over 4 solve(s) (stage 1 1.58s, stage 2 5.63s) - 6.410% of the 112.46s repair
mem-floor: live high-water · ru_maxrss 390 MB · rss 390 MB · footprint 390 MB · rss over footprint 0 MB · repair work 252 MB (own peak 268) · scan reads 0 MB (own peak 34) · verifier tables 0 MB · unattributed 138 MB
mem-floor: sampled peak rss · ru_maxrss 390 MB · rss 390 MB · footprint 390 MB · rss over footprint 0 MB · repair work 252 MB (own peak 268) · scan reads 0 MB (own peak 34) · verifier tables 0 MB · unattributed 138 MB
