 INFO repair-timing: packet scan (critical): +975.72µs (total 975.72µs)
 INFO repair-timing: verify targets + volume scan: +1.88s (total 1.88s)
 INFO repair: repair ahead: 4096 block(s) to rebuild, structured solve
 INFO repair-timing: adoption: +7.08ms (total 1.89s)
 INFO nzbkit_base::par2repair: solve window over budget: 4096 block(s) at 65536 B in 4 slab(s) of 16384 B,              output Spill - the payload is swept once per slab
 INFO repair-timing: load recovery: +58.67ms (total 1.94s)
 INFO repair-timing:   forney joint plan: 2081 KB of kernel tables, locator tree held <= 85 KB (37 KB of it cached transforms)
 INFO repair-timing: back-substitution setup (4096x4096, forney): 159.75ms
 INFO repair-timing: feed shape under the published budget: batch 16.8 MB, channel 1, merge cap 16.8 MB
 INFO repair-timing: ntt syndromes (m=4096, needed=4096, n=6144, W=512, threads=1): 2.60s
 INFO repair-timing: ntt window (100663296 bytes, 6144 slices, transformed): 2.60s
 INFO repair-timing: ntt syndromes (m=4096, needed=4096, n=6144, W=512, threads=1): 2.60s
 INFO repair-timing: ntt window (100663296 bytes, 6144 slices, transformed): 2.60s
 INFO repair-timing: ntt: 2 window(s) transformed before the tail, tail empty
 INFO repair-timing:   forney stage 1 (joint whole/demand, stripe 512w, FALLBACK arithmetic below the kernel gate 16384): 1.13s of 4.93s wall (attributed by worker share)
 INFO repair-timing:   forney stage 2 (joint scheduler, m=4096, gate 8192, FALLBACK arithmetic, stripe 512w): 3.79s of 4.93s wall (attributed by worker share)
 INFO repair-timing: back-substitution (forney-joint): 4.93s
 INFO repair-timing: feed+fold+solve: +10.46s (total 12.40s)
 INFO repair-timing:   forney joint plan: 2081 KB of kernel tables, locator tree held <= 85 KB (37 KB of it cached transforms)
 INFO repair-timing: back-substitution setup (4096x4096, forney): 47.66ms
 INFO repair-timing: feed shape under the published budget: batch 16.8 MB, channel 1, merge cap 16.8 MB
 INFO repair-timing: ntt syndromes (m=4096, needed=4096, n=6144, W=512, threads=1): 3.00s
 INFO repair-timing: ntt window (100663296 bytes, 6144 slices, transformed): 3.00s
 INFO repair-timing: ntt syndromes (m=4096, needed=4096, n=6144, W=512, threads=1): 2.46s
 INFO repair-timing: ntt window (100663296 bytes, 6144 slices, transformed): 2.46s
 INFO repair-timing: ntt: 2 window(s) transformed before the tail, tail empty
 INFO repair-timing:   forney stage 1 (joint whole/demand, stripe 512w, FALLBACK arithmetic below the kernel gate 16384): 1.12s of 5.46s wall (attributed by worker share)
 INFO repair-timing:   forney stage 2 (joint scheduler, m=4096, gate 8192, FALLBACK arithmetic, stripe 512w): 4.34s of 5.46s wall (attributed by worker share)
 INFO repair-timing: back-substitution (forney-joint): 5.46s
 INFO repair-timing: feed+fold+solve: +11.18s (total 23.58s)
 INFO repair-timing:   forney joint plan: 2081 KB of kernel tables, locator tree held <= 85 KB (37 KB of it cached transforms)
 INFO repair-timing: back-substitution setup (4096x4096, forney): 51.94ms
 INFO repair-timing: feed shape under the published budget: batch 16.8 MB, channel 1, merge cap 16.8 MB
 INFO repair-timing: ntt syndromes (m=4096, needed=4096, n=6144, W=512, threads=1): 2.44s
 INFO repair-timing: ntt window (100663296 bytes, 6144 slices, transformed): 2.44s
 INFO repair-timing: ntt syndromes (m=4096, needed=4096, n=6144, W=512, threads=1): 2.48s
 INFO repair-timing: ntt window (100663296 bytes, 6144 slices, transformed): 2.48s
 INFO repair-timing: ntt: 2 window(s) transformed before the tail, tail empty
 INFO repair-timing:   forney stage 1 (joint whole/demand, stripe 512w, FALLBACK arithmetic below the kernel gate 16384): 1.09s of 4.90s wall (attributed by worker share)
 INFO repair-timing:   forney stage 2 (joint scheduler, m=4096, gate 8192, FALLBACK arithmetic, stripe 512w): 3.81s of 4.90s wall (attributed by worker share)
 INFO repair-timing: back-substitution (forney-joint): 4.90s
 INFO repair-timing: feed+fold+solve: +10.08s (total 33.66s)
 INFO repair-timing:   forney joint plan: 2081 KB of kernel tables, locator tree held <= 85 KB (37 KB of it cached transforms)
 INFO repair-timing: back-substitution setup (4096x4096, forney): 46.00ms
 INFO repair-timing: feed shape under the published budget: batch 16.8 MB, channel 1, merge cap 16.8 MB
 INFO repair-timing: ntt syndromes (m=4096, needed=4096, n=6144, W=512, threads=1): 2.77s
 INFO repair-timing: ntt window (100663296 bytes, 6144 slices, transformed): 2.77s
 INFO repair-timing: ntt syndromes (m=4096, needed=4096, n=6144, W=512, threads=1): 2.47s
 INFO repair-timing: ntt window (100663296 bytes, 6144 slices, transformed): 2.47s
 INFO repair-timing: ntt: 2 window(s) transformed before the tail, tail empty
 INFO repair-timing:   forney stage 1 (joint whole/demand, stripe 512w, FALLBACK arithmetic below the kernel gate 16384): 1.15s of 4.92s wall (attributed by worker share)
 INFO repair-timing:   forney stage 2 (joint scheduler, m=4096, gate 8192, FALLBACK arithmetic, stripe 512w): 3.78s of 4.92s wall (attributed by worker share)
 INFO repair-timing: back-substitution (forney-joint): 4.92s
 INFO repair-timing: feed+fold+solve: +10.41s (total 44.07s)
 INFO repair-timing: patch: +140.81ms (total 44.21s)
 INFO repair-timing: final verify: +2.37s (total 46.59s)
 INFO repair-timing: plan prep: 201.27ms over 4 cold build(s), 64 stripe use(s) - 0.432% of the 46.59s repair
 INFO repair-timing: forney solve: 20.22s over 4 solve(s) (stage 1 4.49s, stage 2 15.73s) - 43.397% of the 46.59s repair
mem-floor: live high-water · ru_maxrss 364 MB · rss 364 MB · footprint 364 MB · rss over footprint 0 MB · repair work 201 MB (own peak 201) · scan reads 0 MB (own peak 8) · verifier tables 0 MB · unattributed 163 MB
mem-floor: sampled peak rss · ru_maxrss 364 MB · rss 364 MB · footprint 364 MB · rss over footprint 0 MB · repair work 201 MB (own peak 201) · scan reads 0 MB (own peak 8) · verifier tables 0 MB · unattributed 163 MB
