 INFO repair-timing: packet scan (critical): +1.02ms (total 1.02ms)
 INFO repair-timing: verify targets + volume scan: +509.57ms (total 510.59ms)
 INFO repair: repair ahead: 4096 block(s) to rebuild, structured solve
 INFO repair-timing: adoption: +5.32ms (total 515.91ms)
 INFO nzbkit_base::par2repair: solve window over budget: 4096 block(s) at 65536 B in 2 slab(s) of 32768 B,              output Spill - the payload is swept once per slab
 INFO repair-timing: load recovery: +85.93ms (total 601.84ms)
 INFO repair-timing:   forney joint plan: 2081 KB of kernel tables, locator tree held <= 85 KB (37 KB of it cached transforms)
 INFO repair-timing: back-substitution setup (4096x4096, forney): 43.87ms
 INFO repair-timing: fold unit dst budget 128 KiB (L2 per core 256 KiB)
 INFO repair-timing: fold tile budget 32 KiB (L2 per core 256 KiB)
 INFO repair-timing:   forney stage 1 (joint whole/demand, stripe 512w, FALLBACK arithmetic below the kernel gate 16384): 728.24ms of 2.96s wall (attributed by worker share)
 INFO repair-timing:   forney stage 2 (joint scheduler, m=4096, gate 8192, FALLBACK arithmetic, stripe 512w): 2.23s of 2.96s wall (attributed by worker share)
 INFO repair-timing: back-substitution (forney-joint): 2.96s
 INFO repair-timing: feed+fold+solve: +55.00s (total 55.60s)
 INFO repair-timing:   forney joint plan: 2081 KB of kernel tables, locator tree held <= 85 KB (37 KB of it cached transforms)
 INFO repair-timing: back-substitution setup (4096x4096, forney): 36.02ms
 INFO repair-timing:   forney stage 1 (joint whole/demand, stripe 512w, FALLBACK arithmetic below the kernel gate 16384): 710.39ms of 2.98s wall (attributed by worker share)
 INFO repair-timing:   forney stage 2 (joint scheduler, m=4096, gate 8192, FALLBACK arithmetic, stripe 512w): 2.27s of 2.98s wall (attributed by worker share)
 INFO repair-timing: back-substitution (forney-joint): 2.98s
 INFO repair-timing: feed+fold+solve: +54.55s (total 110.16s)
 INFO repair-timing: patch: +46.04ms (total 110.20s)
 INFO repair-timing: final verify: +272.16ms (total 110.47s)
 INFO repair-timing: plan prep: 79.79ms over 2 cold build(s), 64 stripe use(s) - 0.072% of the 110.47s repair
 INFO repair-timing: forney solve: 5.95s over 2 solve(s) (stage 1 1.44s, stage 2 4.51s) - 5.384% of the 110.47s repair
mem-floor: live high-water · ru_maxrss 612 MB · rss 612 MB · footprint 612 MB · rss over footprint 0 MB · repair work 487 MB (own peak 503) · scan reads 0 MB (own peak 34) · verifier tables 0 MB · unattributed 126 MB
mem-floor: sampled peak rss · ru_maxrss 612 MB · rss 612 MB · footprint 612 MB · rss over footprint 0 MB · repair work 487 MB (own peak 503) · scan reads 0 MB (own peak 34) · verifier tables 0 MB · unattributed 126 MB
