 INFO repair-timing: packet scan (critical): +995.14µs (total 995.14µs)
 INFO repair-timing: verify targets + volume scan: +501.87ms (total 502.87ms)
 INFO repair: repair ahead: 4096 block(s) to rebuild, structured solve
 INFO repair-timing: adoption: +7.13ms (total 510.00ms)
 INFO nzbkit_base::par2repair: solve window over budget: 4096 block(s) at 65536 B in 4 slab(s) of 16384 B,              output Spill - the payload is swept once per slab
 INFO repair-timing: load recovery: +70.88ms (total 580.88ms)
 INFO repair-timing:   forney joint plan: 2081 KB of kernel tables, locator tree held <= 85 KB (37 KB of it cached transforms)
 INFO repair-timing: back-substitution setup (4096x4096, forney): 49.68ms
 INFO repair-timing: fold unit dst budget 128 KiB (L2 per core 256 KiB)
 INFO repair-timing: fold tile budget 32 KiB (L2 per core 256 KiB)
 INFO repair-timing:   forney stage 1 (joint whole/demand, stripe 256w, FALLBACK arithmetic below the kernel gate 16384): 384.64ms of 1.73s wall (attributed by worker share)
 INFO repair-timing:   forney stage 2 (joint scheduler, m=4096, gate 8192, FALLBACK arithmetic, stripe 256w): 1.34s of 1.73s wall (attributed by worker share)
 INFO repair-timing: back-substitution (forney-joint): 1.73s
 INFO repair-timing: feed+fold+solve: +28.10s (total 28.68s)
 INFO repair-timing:   forney joint plan: 2081 KB of kernel tables, locator tree held <= 85 KB (37 KB of it cached transforms)
 INFO repair-timing: back-substitution setup (4096x4096, forney): 42.55ms
 INFO repair-timing:   forney stage 1 (joint whole/demand, stripe 256w, FALLBACK arithmetic below the kernel gate 16384): 399.24ms of 1.86s wall (attributed by worker share)
 INFO repair-timing:   forney stage 2 (joint scheduler, m=4096, gate 8192, FALLBACK arithmetic, stripe 256w): 1.46s of 1.86s wall (attributed by worker share)
 INFO repair-timing: back-substitution (forney-joint): 1.86s
 INFO repair-timing: feed+fold+solve: +27.59s (total 56.27s)
 INFO repair-timing:   forney joint plan: 2081 KB of kernel tables, locator tree held <= 85 KB (37 KB of it cached transforms)
 INFO repair-timing: back-substitution setup (4096x4096, forney): 35.75ms
 INFO repair-timing:   forney stage 1 (joint whole/demand, stripe 256w, FALLBACK arithmetic below the kernel gate 16384): 388.66ms of 1.77s wall (attributed by worker share)
 INFO repair-timing:   forney stage 2 (joint scheduler, m=4096, gate 8192, FALLBACK arithmetic, stripe 256w): 1.38s of 1.77s wall (attributed by worker share)
 INFO repair-timing: back-substitution (forney-joint): 1.77s
 INFO repair-timing: feed+fold+solve: +27.49s (total 83.75s)
 INFO repair-timing:   forney joint plan: 2081 KB of kernel tables, locator tree held <= 85 KB (37 KB of it cached transforms)
 INFO repair-timing: back-substitution setup (4096x4096, forney): 34.95ms
 INFO repair-timing:   forney stage 1 (joint whole/demand, stripe 256w, FALLBACK arithmetic below the kernel gate 16384): 393.60ms of 1.80s wall (attributed by worker share)
 INFO repair-timing:   forney stage 2 (joint scheduler, m=4096, gate 8192, FALLBACK arithmetic, stripe 256w): 1.41s of 1.80s wall (attributed by worker share)
 INFO repair-timing: back-substitution (forney-joint): 1.80s
 INFO repair-timing: feed+fold+solve: +27.74s (total 111.49s)
 INFO repair-timing: patch: +39.96ms (total 111.53s)
 INFO repair-timing: final verify: +267.92ms (total 111.80s)
 INFO repair-timing: plan prep: 162.70ms over 4 cold build(s), 128 stripe use(s) - 0.146% of the 111.80s repair
 INFO repair-timing: forney solve: 7.17s over 4 solve(s) (stage 1 1.57s, stage 2 5.60s) - 6.409% of the 111.80s repair
mem-floor: live high-water · ru_maxrss 367 MB · rss 367 MB · footprint 367 MB · rss over footprint 0 MB · repair work 252 MB (own peak 268) · scan reads 0 MB (own peak 32) · verifier tables 0 MB · unattributed 116 MB
mem-floor: sampled peak rss · ru_maxrss 367 MB · rss 367 MB · footprint 367 MB · rss over footprint 0 MB · repair work 252 MB (own peak 268) · scan reads 0 MB (own peak 32) · verifier tables 0 MB · unattributed 116 MB
