 INFO repair-timing: packet scan (critical): +991.27µs (total 991.27µs)
 INFO repair-timing: verify targets + volume scan: +515.10ms (total 516.09ms)
 INFO repair: repair ahead: 4096 block(s) to rebuild, structured solve
 INFO repair-timing: adoption: +5.99ms (total 522.09ms)
 INFO nzbkit_base::par2repair: solve window over budget: 4096 block(s) at 65536 B in 4 slab(s) of 16384 B,              output Spill - the payload is swept once per slab
 INFO repair-timing: load recovery: +59.26ms (total 581.35ms)
 INFO repair-timing:   forney joint plan: 2081 KB of kernel tables, locator tree held <= 85 KB (37 KB of it cached transforms)
 INFO repair-timing: back-substitution setup (4096x4096, forney): 43.09ms
 INFO repair-timing: fold unit dst budget 128 KiB (L2 per core 256 KiB)
 INFO repair-timing: fold tile budget 32 KiB (L2 per core 256 KiB)
 INFO repair-timing:   forney stage 1 (joint whole/demand, stripe 256w, FALLBACK arithmetic below the kernel gate 16384): 395.05ms of 1.84s wall (attributed by worker share)
 INFO repair-timing:   forney stage 2 (joint scheduler, m=4096, gate 8192, FALLBACK arithmetic, stripe 256w): 1.45s of 1.84s wall (attributed by worker share)
 INFO repair-timing: back-substitution (forney-joint): 1.84s
 INFO repair-timing: feed+fold+solve: +27.50s (total 28.09s)
 INFO repair-timing:   forney joint plan: 2081 KB of kernel tables, locator tree held <= 85 KB (37 KB of it cached transforms)
 INFO repair-timing: back-substitution setup (4096x4096, forney): 35.98ms
 INFO repair-timing:   forney stage 1 (joint whole/demand, stripe 256w, FALLBACK arithmetic below the kernel gate 16384): 414.36ms of 1.85s wall (attributed by worker share)
 INFO repair-timing:   forney stage 2 (joint scheduler, m=4096, gate 8192, FALLBACK arithmetic, stripe 256w): 1.43s of 1.85s wall (attributed by worker share)
 INFO repair-timing: back-substitution (forney-joint): 1.85s
 INFO repair-timing: feed+fold+solve: +28.51s (total 56.59s)
 INFO repair-timing:   forney joint plan: 2081 KB of kernel tables, locator tree held <= 85 KB (37 KB of it cached transforms)
 INFO repair-timing: back-substitution setup (4096x4096, forney): 34.89ms
 INFO repair-timing:   forney stage 1 (joint whole/demand, stripe 256w, FALLBACK arithmetic below the kernel gate 16384): 391.65ms of 1.80s wall (attributed by worker share)
 INFO repair-timing:   forney stage 2 (joint scheduler, m=4096, gate 8192, FALLBACK arithmetic, stripe 256w): 1.41s of 1.80s wall (attributed by worker share)
 INFO repair-timing: back-substitution (forney-joint): 1.80s
 INFO repair-timing: feed+fold+solve: +28.02s (total 84.61s)
 INFO repair-timing:   forney joint plan: 2081 KB of kernel tables, locator tree held <= 85 KB (37 KB of it cached transforms)
 INFO repair-timing: back-substitution setup (4096x4096, forney): 34.81ms
 INFO repair-timing:   forney stage 1 (joint whole/demand, stripe 256w, FALLBACK arithmetic below the kernel gate 16384): 420.19ms of 1.97s wall (attributed by worker share)
 INFO repair-timing:   forney stage 2 (joint scheduler, m=4096, gate 8192, FALLBACK arithmetic, stripe 256w): 1.55s of 1.97s wall (attributed by worker share)
 INFO repair-timing: back-substitution (forney-joint): 1.97s
 INFO repair-timing: feed+fold+solve: +27.63s (total 112.25s)
 INFO repair-timing: patch: +40.68ms (total 112.29s)
 INFO repair-timing: final verify: +273.29ms (total 112.56s)
 INFO repair-timing: plan prep: 148.57ms over 4 cold build(s), 128 stripe use(s) - 0.132% of the 112.56s repair
 INFO repair-timing: forney solve: 7.47s over 4 solve(s) (stage 1 1.62s, stage 2 5.85s) - 6.636% of the 112.56s repair
mem-floor: live high-water · ru_maxrss 399 MB · rss 399 MB · footprint 399 MB · rss over footprint 0 MB · repair work 235 MB (own peak 268) · scan reads 0 MB (own peak 34) · verifier tables 0 MB · unattributed 164 MB
mem-floor: sampled peak rss · ru_maxrss 399 MB · rss 399 MB · footprint 399 MB · rss over footprint 0 MB · repair work 235 MB (own peak 268) · scan reads 0 MB (own peak 34) · verifier tables 0 MB · unattributed 164 MB
