 INFO repair-timing: packet scan (critical): +1.05ms (total 1.05ms)
 INFO repair-timing: verify targets + volume scan: +500.54ms (total 501.59ms)
 INFO repair: repair ahead: 4096 block(s) to rebuild, structured solve
 INFO repair-timing: adoption: +5.86ms (total 507.44ms)
 INFO repair-timing: load recovery: +95.07ms (total 602.52ms)
 INFO repair-timing:   forney joint plan: 2081 KB of kernel tables, locator tree held <= 85 KB (37 KB of it cached transforms)
 INFO repair-timing: back-substitution setup (4096x4096, forney): 42.44ms
 INFO repair-timing: feed shape under the published budget: batch 67.1 MB, channel 4, merge cap 67.1 MB
 INFO repair-timing: retained from the verify pass: 0 block(s), 0.0 MB
 INFO repair-timing: ntt syndromes (m=4096, needed=4096, n=5632, W=512, threads=4): 2.76s
 INFO repair-timing: ntt window (369098752 bytes, 5632 slices, transformed): 2.76s
 INFO repair-timing: ntt syndromes (m=4096, needed=4096, n=5632, W=512, threads=4): 2.89s
 INFO repair-timing: ntt window (369098752 bytes, 5632 slices, transformed): 2.89s
 INFO repair-timing: ntt syndromes (m=4096, needed=4096, n=1024, W=512, threads=4): 2.04s
 INFO repair-timing: ntt: 2 window(s) transformed before the tail, tail transformed above
 INFO repair-timing:   forney stage 1 (joint whole/demand, stripe 512w, FALLBACK arithmetic below the kernel gate 16384): 1.44s of 6.08s wall (attributed by worker share)
 INFO repair-timing:   forney stage 2 (joint scheduler, m=4096, gate 8192, FALLBACK arithmetic, stripe 512w): 4.64s of 6.08s wall (attributed by worker share)
 INFO repair-timing: back-substitution (forney-joint): 6.08s
 INFO repair-timing: feed+fold+solve: +14.06s (total 14.67s)
 INFO repair-timing: patch: +30.03ms (total 14.70s)
 INFO repair-timing: final verify: +271.78ms (total 14.97s)
 INFO repair-timing: plan prep: 42.39ms over 1 cold build(s), 64 stripe use(s) - 0.283% of the 14.97s repair
 INFO repair-timing: forney solve: 6.08s over 1 solve(s) (stage 1 1.44s, stage 2 4.64s) - 40.601% of the 14.97s repair
mem-floor: live high-water · ru_maxrss 963 MB · rss 963 MB · footprint 963 MB · rss over footprint 0 MB · repair work 772 MB (own peak 772) · scan reads 0 MB (own peak 34) · verifier tables 0 MB · unattributed 191 MB
mem-floor: sampled peak rss · ru_maxrss 963 MB · rss 963 MB · footprint 963 MB · rss over footprint 0 MB · repair work 772 MB (own peak 772) · scan reads 0 MB (own peak 34) · verifier tables 0 MB · unattributed 191 MB
