 INFO repair-timing: packet scan (critical): +996.57µs (total 996.57µs)
 INFO repair-timing: verify targets + volume scan: +504.94ms (total 505.93ms)
 INFO repair: repair ahead: 4096 block(s) to rebuild, structured solve
 INFO repair-timing: adoption: +7.00ms (total 512.93ms)
 INFO nzbkit_base::par2repair: solve window over budget: 4096 block(s) at 65536 B in 4 slab(s) of 16384 B,              output Spill - the payload is swept once per slab
 INFO repair-timing: load recovery: +58.88ms (total 571.81ms)
 INFO repair-timing:   forney joint plan: 2081 KB of kernel tables, locator tree held <= 85 KB (37 KB of it cached transforms)
 INFO repair-timing: back-substitution setup (4096x4096, forney): 45.13ms
 INFO repair-timing: feed shape under the published budget: batch 16.8 MB, channel 4, merge cap 16.8 MB
 INFO repair-timing: ntt syndromes (m=4096, needed=4096, n=5632, W=128, threads=4): 1.04s
 INFO repair-timing: ntt window (92274688 bytes, 5632 slices, transformed): 1.04s
 INFO repair-timing: ntt syndromes (m=4096, needed=4096, n=5632, W=128, threads=4): 1.10s
 INFO repair-timing: ntt window (92274688 bytes, 5632 slices, transformed): 1.10s
 INFO repair-timing: ntt syndromes (m=4096, needed=4096, n=1024, W=128, threads=4): 793.49ms
 INFO repair-timing: ntt: 2 window(s) transformed before the tail, tail transformed above
 INFO repair-timing:   forney stage 1 (joint whole/demand, stripe 256w, FALLBACK arithmetic below the kernel gate 16384): 388.34ms of 1.81s wall (attributed by worker share)
 INFO repair-timing:   forney stage 2 (joint scheduler, m=4096, gate 8192, FALLBACK arithmetic, stripe 256w): 1.42s of 1.81s wall (attributed by worker share)
 INFO repair-timing: back-substitution (forney-joint): 1.81s
 INFO repair-timing: feed+fold+solve: +4.89s (total 5.46s)
 INFO repair-timing:   forney joint plan: 2081 KB of kernel tables, locator tree held <= 85 KB (37 KB of it cached transforms)
 INFO repair-timing: back-substitution setup (4096x4096, forney): 34.13ms
 INFO repair-timing: feed shape under the published budget: batch 16.8 MB, channel 4, merge cap 16.8 MB
 INFO repair-timing: ntt syndromes (m=4096, needed=4096, n=5632, W=128, threads=4): 1.09s
 INFO repair-timing: ntt window (92274688 bytes, 5632 slices, transformed): 1.09s
 INFO repair-timing: ntt syndromes (m=4096, needed=4096, n=5632, W=128, threads=4): 1.02s
 INFO repair-timing: ntt window (92274688 bytes, 5632 slices, transformed): 1.02s
 INFO repair-timing: ntt syndromes (m=4096, needed=4096, n=1024, W=128, threads=4): 804.41ms
 INFO repair-timing: ntt: 2 window(s) transformed before the tail, tail transformed above
 INFO repair-timing:   forney stage 1 (joint whole/demand, stripe 256w, FALLBACK arithmetic below the kernel gate 16384): 381.82ms of 1.81s wall (attributed by worker share)
 INFO repair-timing:   forney stage 2 (joint scheduler, m=4096, gate 8192, FALLBACK arithmetic, stripe 256w): 1.43s of 1.81s wall (attributed by worker share)
 INFO repair-timing: back-substitution (forney-joint): 1.81s
 INFO repair-timing: feed+fold+solve: +4.88s (total 10.34s)
 INFO repair-timing:   forney joint plan: 2081 KB of kernel tables, locator tree held <= 85 KB (37 KB of it cached transforms)
 INFO repair-timing: back-substitution setup (4096x4096, forney): 34.26ms
 INFO repair-timing: feed shape under the published budget: batch 16.8 MB, channel 4, merge cap 16.8 MB
 INFO repair-timing: ntt syndromes (m=4096, needed=4096, n=5632, W=128, threads=4): 1.04s
 INFO repair-timing: ntt window (92274688 bytes, 5632 slices, transformed): 1.04s
 INFO repair-timing: ntt syndromes (m=4096, needed=4096, n=5632, W=128, threads=4): 1.08s
 INFO repair-timing: ntt window (92274688 bytes, 5632 slices, transformed): 1.09s
 INFO repair-timing: ntt syndromes (m=4096, needed=4096, n=1024, W=128, threads=4): 800.41ms
 INFO repair-timing: ntt: 2 window(s) transformed before the tail, tail transformed above
 INFO repair-timing:   forney stage 1 (joint whole/demand, stripe 256w, FALLBACK arithmetic below the kernel gate 16384): 392.70ms of 1.84s wall (attributed by worker share)
 INFO repair-timing:   forney stage 2 (joint scheduler, m=4096, gate 8192, FALLBACK arithmetic, stripe 256w): 1.45s of 1.84s wall (attributed by worker share)
 INFO repair-timing: back-substitution (forney-joint): 1.84s
 INFO repair-timing: feed+fold+solve: +4.92s (total 15.26s)
 INFO repair-timing:   forney joint plan: 2081 KB of kernel tables, locator tree held <= 85 KB (37 KB of it cached transforms)
 INFO repair-timing: back-substitution setup (4096x4096, forney): 40.46ms
 INFO repair-timing: feed shape under the published budget: batch 16.8 MB, channel 4, merge cap 16.8 MB
 INFO repair-timing: ntt syndromes (m=4096, needed=4096, n=5632, W=128, threads=4): 1.03s
 INFO repair-timing: ntt window (92274688 bytes, 5632 slices, transformed): 1.03s
 INFO repair-timing: ntt syndromes (m=4096, needed=4096, n=5632, W=128, threads=4): 1.05s
 INFO repair-timing: ntt window (92274688 bytes, 5632 slices, transformed): 1.05s
 INFO repair-timing: ntt syndromes (m=4096, needed=4096, n=1024, W=128, threads=4): 815.95ms
 INFO repair-timing: ntt: 2 window(s) transformed before the tail, tail transformed above
 INFO repair-timing:   forney stage 1 (joint whole/demand, stripe 256w, FALLBACK arithmetic below the kernel gate 16384): 380.77ms of 1.80s wall (attributed by worker share)
 INFO repair-timing:   forney stage 2 (joint scheduler, m=4096, gate 8192, FALLBACK arithmetic, stripe 256w): 1.42s of 1.80s wall (attributed by worker share)
 INFO repair-timing: back-substitution (forney-joint): 1.80s
 INFO repair-timing: feed+fold+solve: +4.86s (total 20.12s)
 INFO repair-timing: patch: +38.25ms (total 20.16s)
 INFO repair-timing: final verify: +272.07ms (total 20.43s)
 INFO repair-timing: plan prep: 153.80ms over 4 cold build(s), 128 stripe use(s) - 0.753% of the 20.43s repair
 INFO repair-timing: forney solve: 7.25s over 4 solve(s) (stage 1 1.54s, stage 2 5.71s) - 35.487% of the 20.43s repair
mem-floor: live high-water · ru_maxrss 369 MB · rss 369 MB · footprint 369 MB · rss over footprint 0 MB · repair work 84 MB (own peak 193) · scan reads 0 MB (own peak 34) · verifier tables 0 MB · unattributed 285 MB
mem-floor: sampled peak rss · ru_maxrss 369 MB · rss 369 MB · footprint 369 MB · rss over footprint 0 MB · repair work 84 MB (own peak 193) · scan reads 0 MB (own peak 34) · verifier tables 0 MB · unattributed 285 MB
