 INFO repair-timing: packet scan (critical): +1.00ms (total 1.00ms)
 INFO repair-timing: verify targets + volume scan: +512.10ms (total 513.10ms)
 INFO repair: repair ahead: 4096 block(s) to rebuild, structured solve
 INFO repair-timing: adoption: +5.40ms (total 518.50ms)
 INFO nzbkit_base::par2repair: solve window over budget: 4096 block(s) at 65536 B in 2 slab(s) of 32768 B,              output Spill - the payload is swept once per slab
 INFO repair-timing: load recovery: +75.25ms (total 593.75ms)
 INFO repair-timing:   forney joint plan: 2081 KB of kernel tables, locator tree held <= 85 KB (37 KB of it cached transforms)
 INFO repair-timing: back-substitution setup (4096x4096, forney): 45.05ms
 INFO repair-timing: feed shape under the published budget: batch 33.6 MB, channel 4, merge cap 33.6 MB
 INFO repair-timing: ntt syndromes (m=4096, needed=4096, n=5632, W=256, threads=4): 1.68s
 INFO repair-timing: ntt window (184549376 bytes, 5632 slices, transformed): 1.68s
 INFO repair-timing: ntt syndromes (m=4096, needed=4096, n=5632, W=256, threads=4): 1.70s
 INFO repair-timing: ntt window (184549376 bytes, 5632 slices, transformed): 1.70s
 INFO repair-timing: ntt syndromes (m=4096, needed=4096, n=1024, W=256, threads=4): 1.29s
 INFO repair-timing: ntt: 2 window(s) transformed before the tail, tail transformed above
 INFO repair-timing:   forney stage 1 (joint whole/demand, stripe 512w, FALLBACK arithmetic below the kernel gate 16384): 682.69ms of 2.81s wall (attributed by worker share)
 INFO repair-timing:   forney stage 2 (joint scheduler, m=4096, gate 8192, FALLBACK arithmetic, stripe 512w): 2.13s of 2.81s wall (attributed by worker share)
 INFO repair-timing: back-substitution (forney-joint): 2.81s
 INFO repair-timing: feed+fold+solve: +7.71s (total 8.30s)
 INFO repair-timing:   forney joint plan: 2081 KB of kernel tables, locator tree held <= 85 KB (37 KB of it cached transforms)
 INFO repair-timing: back-substitution setup (4096x4096, forney): 36.48ms
 INFO repair-timing: feed shape under the published budget: batch 33.6 MB, channel 4, merge cap 33.6 MB
 INFO repair-timing: ntt syndromes (m=4096, needed=4096, n=5632, W=256, threads=4): 1.75s
 INFO repair-timing: ntt window (184549376 bytes, 5632 slices, transformed): 1.75s
 INFO repair-timing: ntt syndromes (m=4096, needed=4096, n=5632, W=256, threads=4): 1.77s
 INFO repair-timing: ntt window (184549376 bytes, 5632 slices, transformed): 1.77s
 INFO repair-timing: ntt syndromes (m=4096, needed=4096, n=1024, W=256, threads=4): 1.29s
 INFO repair-timing: ntt: 2 window(s) transformed before the tail, tail transformed above
 INFO repair-timing:   forney stage 1 (joint whole/demand, stripe 512w, FALLBACK arithmetic below the kernel gate 16384): 733.91ms of 2.92s wall (attributed by worker share)
 INFO repair-timing:   forney stage 2 (joint scheduler, m=4096, gate 8192, FALLBACK arithmetic, stripe 512w): 2.19s of 2.92s wall (attributed by worker share)
 INFO repair-timing: back-substitution (forney-joint): 2.92s
 INFO repair-timing: feed+fold+solve: +8.02s (total 16.32s)
 INFO repair-timing: patch: +46.69ms (total 16.37s)
 INFO repair-timing: final verify: +261.03ms (total 16.63s)
 INFO repair-timing: plan prep: 81.43ms over 2 cold build(s), 64 stripe use(s) - 0.490% of the 16.63s repair
 INFO repair-timing: forney solve: 5.73s over 2 solve(s) (stage 1 1.42s, stage 2 4.32s) - 34.471% of the 16.63s repair
mem-floor: live high-water · ru_maxrss 644 MB · rss 644 MB · footprint 644 MB · rss over footprint 0 MB · repair work 352 MB (own peak 386) · scan reads 0 MB (own peak 34) · verifier tables 0 MB · unattributed 292 MB
mem-floor: sampled peak rss · ru_maxrss 644 MB · rss 644 MB · footprint 644 MB · rss over footprint 0 MB · repair work 352 MB (own peak 386) · scan reads 0 MB (own peak 34) · verifier tables 0 MB · unattributed 292 MB
