 INFO repair-timing: packet scan (critical): +1.12ms (total 1.12ms)
 INFO repair-timing: verify targets + volume scan: +518.71ms (total 519.82ms)
 INFO repair: repair ahead: 4096 block(s) to rebuild, structured solve
 INFO repair-timing: adoption: +5.46ms (total 525.28ms)
 INFO repair-timing: load recovery: +92.80ms (total 618.08ms)
 INFO repair-timing:   forney joint plan: 2081 KB of kernel tables, locator tree held <= 85 KB (37 KB of it cached transforms)
 INFO repair-timing: back-substitution setup (4096x4096, forney): 47.06ms
 INFO repair-timing: retained from the verify pass: 0 block(s), 0.0 MB
 INFO repair-timing: fold unit dst budget 128 KiB (L2 per core 256 KiB)
 INFO repair-timing: fold tile budget 32 KiB (L2 per core 256 KiB)
 INFO repair-timing:   forney stage 1 (joint whole/demand, stripe 512w, FALLBACK arithmetic below the kernel gate 16384): 1.52s of 6.11s wall (attributed by worker share)
 INFO repair-timing:   forney stage 2 (joint scheduler, m=4096, gate 8192, FALLBACK arithmetic, stripe 512w): 4.59s of 6.11s wall (attributed by worker share)
 INFO repair-timing: back-substitution (forney-joint): 6.11s
 INFO repair-timing: feed+fold+solve: +110.68s (total 111.29s)
 INFO repair-timing: patch: +35.18ms (total 111.33s)
 INFO repair-timing: final verify: +279.16ms (total 111.61s)
 INFO repair-timing: plan prep: 47.00ms over 1 cold build(s), 64 stripe use(s) - 0.042% of the 111.61s repair
 INFO repair-timing: forney solve: 6.11s over 1 solve(s) (stage 1 1.52s, stage 2 4.59s) - 5.471% of the 111.61s repair
mem-floor: live high-water · ru_maxrss 806 MB · rss 806 MB · footprint 806 MB · rss over footprint 0 MB · repair work 470 MB (own peak 638) · scan reads 0 MB (own peak 34) · verifier tables 0 MB · unattributed 336 MB
mem-floor: sampled peak rss · ru_maxrss 806 MB · rss 806 MB · footprint 806 MB · rss over footprint 0 MB · repair work 470 MB (own peak 638) · scan reads 0 MB (own peak 34) · verifier tables 0 MB · unattributed 336 MB
