 INFO repair-timing: packet scan (critical): +977.68µs (total 977.68µs)
 INFO repair-timing: verify targets + volume scan: +500.17ms (total 501.15ms)
 INFO repair: repair ahead: 4096 block(s) to rebuild, structured solve
 INFO repair-timing: adoption: +7.18ms (total 508.33ms)
 INFO repair-timing: load recovery: +91.22ms (total 599.55ms)
 INFO repair-timing:   forney joint plan: 2081 KB of kernel tables, locator tree held <= 85 KB (37 KB of it cached transforms)
 INFO repair-timing: back-substitution setup (4096x4096, forney): 41.91ms
 INFO repair-timing: retained from the verify pass: 0 block(s), 0.0 MB
 INFO repair-timing: fold unit dst budget 128 KiB (L2 per core 256 KiB)
 INFO repair-timing: fold tile budget 32 KiB (L2 per core 256 KiB)
 INFO repair-timing:   forney stage 1 (joint whole/demand, stripe 512w, FALLBACK arithmetic below the kernel gate 16384): 1.41s of 5.83s wall (attributed by worker share)
 INFO repair-timing:   forney stage 2 (joint scheduler, m=4096, gate 8192, FALLBACK arithmetic, stripe 512w): 4.42s of 5.83s wall (attributed by worker share)
 INFO repair-timing: back-substitution (forney-joint): 5.83s
 INFO repair-timing: feed+fold+solve: +108.31s (total 108.91s)
 INFO repair-timing: patch: +29.78ms (total 108.94s)
 INFO repair-timing: final verify: +272.42ms (total 109.21s)
 INFO repair-timing: plan prep: 41.85ms over 1 cold build(s), 64 stripe use(s) - 0.038% of the 109.22s repair
 INFO repair-timing: forney solve: 5.83s over 1 solve(s) (stage 1 1.41s, stage 2 4.42s) - 5.339% of the 109.22s repair
mem-floor: live high-water · ru_maxrss 754 MB · rss 754 MB · footprint 754 MB · rss over footprint 0 MB · repair work 578 MB (own peak 638) · scan reads 0 MB (own peak 34) · verifier tables 0 MB · unattributed 176 MB
mem-floor: sampled peak rss · ru_maxrss 754 MB · rss 754 MB · footprint 754 MB · rss over footprint 0 MB · repair work 578 MB (own peak 638) · scan reads 0 MB (own peak 34) · verifier tables 0 MB · unattributed 176 MB
