 INFO repair-timing: packet scan (critical): +1.01ms (total 1.01ms)
 INFO repair-timing: verify targets + volume scan: +1.84s (total 1.84s)
 INFO repair: repair ahead: 4096 block(s) to rebuild, structured solve
 INFO repair-timing: adoption: +5.28ms (total 1.84s)
 INFO nzbkit_base::par2repair: solve window over budget: 4096 block(s) at 65536 B in 4 slab(s) of 16384 B,              output Spill - the payload is swept once per slab
 INFO repair-timing: load recovery: +59.73ms (total 1.90s)
 INFO repair-timing:   forney joint plan: 2081 KB of kernel tables, locator tree held <= 85 KB (37 KB of it cached transforms)
 INFO repair-timing: back-substitution setup (4096x4096, forney): 53.63ms
 INFO repair-timing: ntt syndromes (m=4096, needed=4096, n=4096, W=256, threads=1): 2.50s
 INFO repair-timing: ntt window (67108864 bytes, 4096 slices, transformed): 2.50s
 INFO repair-timing: ntt syndromes (m=4096, needed=4096, n=4096, W=256, threads=1): 2.42s
 INFO repair-timing: ntt window (67108864 bytes, 4096 slices, transformed): 2.42s
 INFO repair-timing: ntt syndromes (m=4096, needed=4096, n=4096, W=256, threads=1): 2.50s
 INFO repair-timing: ntt window (67108864 bytes, 4096 slices, transformed): 2.50s
 INFO repair-timing: ntt: 3 window(s) transformed before the tail, tail empty
 INFO repair-timing:   forney stage 1 (joint whole/demand, stripe 512w, FALLBACK arithmetic below the kernel gate 16384): 1.25s of 5.98s wall (attributed by worker share)
 INFO repair-timing:   forney stage 2 (joint scheduler, m=4096, gate 8192, FALLBACK arithmetic, stripe 512w): 4.73s of 5.98s wall (attributed by worker share)
 INFO repair-timing: back-substitution (forney-joint): 5.98s
 INFO repair-timing: feed+fold+solve: +13.58s (total 15.48s)
 INFO repair-timing:   forney joint plan: 2081 KB of kernel tables, locator tree held <= 85 KB (37 KB of it cached transforms)
 INFO repair-timing: back-substitution setup (4096x4096, forney): 46.69ms
 INFO repair-timing: ntt syndromes (m=4096, needed=4096, n=4096, W=256, threads=1): 2.47s
 INFO repair-timing: ntt window (67108864 bytes, 4096 slices, transformed): 2.47s
 INFO repair-timing: ntt syndromes (m=4096, needed=4096, n=4096, W=256, threads=1): 2.53s
 INFO repair-timing: ntt window (67108864 bytes, 4096 slices, transformed): 2.53s
 INFO repair-timing: ntt syndromes (m=4096, needed=4096, n=4096, W=256, threads=1): 2.76s
 INFO repair-timing: ntt window (67108864 bytes, 4096 slices, transformed): 2.76s
 INFO repair-timing: ntt: 3 window(s) transformed before the tail, tail empty
 INFO repair-timing:   forney stage 1 (joint whole/demand, stripe 512w, FALLBACK arithmetic below the kernel gate 16384): 1.12s of 5.16s wall (attributed by worker share)
 INFO repair-timing:   forney stage 2 (joint scheduler, m=4096, gate 8192, FALLBACK arithmetic, stripe 512w): 4.04s of 5.16s wall (attributed by worker share)
 INFO repair-timing: back-substitution (forney-joint): 5.16s
 INFO repair-timing: feed+fold+solve: +13.13s (total 28.61s)
 INFO repair-timing:   forney joint plan: 2081 KB of kernel tables, locator tree held <= 85 KB (37 KB of it cached transforms)
 INFO repair-timing: back-substitution setup (4096x4096, forney): 45.93ms
 INFO repair-timing: ntt syndromes (m=4096, needed=4096, n=4096, W=256, threads=1): 2.63s
 INFO repair-timing: ntt window (67108864 bytes, 4096 slices, transformed): 2.63s
 INFO repair-timing: ntt syndromes (m=4096, needed=4096, n=4096, W=256, threads=1): 2.62s
 INFO repair-timing: ntt window (67108864 bytes, 4096 slices, transformed): 2.62s
 INFO repair-timing: ntt syndromes (m=4096, needed=4096, n=4096, W=256, threads=1): 2.80s
 INFO repair-timing: ntt window (67108864 bytes, 4096 slices, transformed): 2.80s
 INFO repair-timing: ntt: 3 window(s) transformed before the tail, tail empty
 INFO repair-timing:   forney stage 1 (joint whole/demand, stripe 512w, FALLBACK arithmetic below the kernel gate 16384): 1.12s of 4.95s wall (attributed by worker share)
 INFO repair-timing:   forney stage 2 (joint scheduler, m=4096, gate 8192, FALLBACK arithmetic, stripe 512w): 3.83s of 4.95s wall (attributed by worker share)
 INFO repair-timing: back-substitution (forney-joint): 4.95s
 INFO repair-timing: feed+fold+solve: +13.21s (total 41.82s)
 INFO repair-timing:   forney joint plan: 2081 KB of kernel tables, locator tree held <= 85 KB (37 KB of it cached transforms)
 INFO repair-timing: back-substitution setup (4096x4096, forney): 54.36ms
 INFO repair-timing: ntt syndromes (m=4096, needed=4096, n=4096, W=256, threads=1): 2.65s
 INFO repair-timing: ntt window (67108864 bytes, 4096 slices, transformed): 2.65s
 INFO repair-timing: ntt syndromes (m=4096, needed=4096, n=4096, W=256, threads=1): 2.65s
 INFO repair-timing: ntt window (67108864 bytes, 4096 slices, transformed): 2.65s
 INFO repair-timing: ntt syndromes (m=4096, needed=4096, n=4096, W=256, threads=1): 2.62s
 INFO repair-timing: ntt window (67108864 bytes, 4096 slices, transformed): 2.62s
 INFO repair-timing: ntt: 3 window(s) transformed before the tail, tail empty
 INFO repair-timing:   forney stage 1 (joint whole/demand, stripe 512w, FALLBACK arithmetic below the kernel gate 16384): 1.12s of 4.94s wall (attributed by worker share)
 INFO repair-timing:   forney stage 2 (joint scheduler, m=4096, gate 8192, FALLBACK arithmetic, stripe 512w): 3.82s of 4.94s wall (attributed by worker share)
 INFO repair-timing: back-substitution (forney-joint): 4.94s
 INFO repair-timing: feed+fold+solve: +13.04s (total 54.86s)
 INFO repair-timing: patch: +133.56ms (total 55.00s)
 INFO repair-timing: final verify: +2.36s (total 57.36s)
 INFO repair-timing: plan prep: 200.43ms over 4 cold build(s), 64 stripe use(s) - 0.349% of the 57.36s repair
 INFO repair-timing: forney solve: 21.03s over 4 solve(s) (stage 1 4.61s, stage 2 16.42s) - 36.667% of the 57.36s repair
mem-floor: live high-water · ru_maxrss 445 MB · rss 445 MB · footprint 445 MB · rss over footprint 0 MB · repair work 268 MB (own peak 268) · scan reads 0 MB (own peak 8) · verifier tables 0 MB · unattributed 176 MB
mem-floor: sampled peak rss · ru_maxrss 445 MB · rss 445 MB · footprint 445 MB · rss over footprint 0 MB · repair work 268 MB (own peak 268) · scan reads 0 MB (own peak 8) · verifier tables 0 MB · unattributed 176 MB
