 INFO repair-timing: packet scan (critical): +991.25µs (total 991.25µs)
 INFO repair-timing: verify targets + volume scan: +524.55ms (total 525.54ms)
 INFO repair: repair ahead: 4096 block(s) to rebuild, structured solve
 INFO repair-timing: adoption: +5.89ms (total 531.43ms)
 INFO nzbkit_base::par2repair: solve window over budget: 4096 block(s) at 65536 B in 2 slab(s) of 32768 B,              output Spill - the payload is swept once per slab
 INFO repair-timing: load recovery: +73.11ms (total 604.55ms)
 INFO repair-timing:   forney joint plan: 2081 KB of kernel tables, locator tree held <= 85 KB (37 KB of it cached transforms)
 INFO repair-timing: back-substitution setup (4096x4096, forney): 44.85ms
 INFO repair-timing: fold unit dst budget 128 KiB (L2 per core 256 KiB)
 INFO repair-timing: fold tile budget 32 KiB (L2 per core 256 KiB)
 INFO repair-timing:   forney stage 1 (joint whole/demand, stripe 512w, FALLBACK arithmetic below the kernel gate 16384): 652.56ms of 2.85s wall (attributed by worker share)
 INFO repair-timing:   forney stage 2 (joint scheduler, m=4096, gate 8192, FALLBACK arithmetic, stripe 512w): 2.19s of 2.85s wall (attributed by worker share)
 INFO repair-timing: back-substitution (forney-joint): 2.85s
 INFO repair-timing: feed+fold+solve: +54.41s (total 55.02s)
 INFO repair-timing:   forney joint plan: 2081 KB of kernel tables, locator tree held <= 85 KB (37 KB of it cached transforms)
 INFO repair-timing: back-substitution setup (4096x4096, forney): 35.06ms
 INFO repair-timing:   forney stage 1 (joint whole/demand, stripe 512w, FALLBACK arithmetic below the kernel gate 16384): 648.01ms of 2.83s wall (attributed by worker share)
 INFO repair-timing:   forney stage 2 (joint scheduler, m=4096, gate 8192, FALLBACK arithmetic, stripe 512w): 2.18s of 2.83s wall (attributed by worker share)
 INFO repair-timing: back-substitution (forney-joint): 2.83s
 INFO repair-timing: feed+fold+solve: +53.44s (total 108.46s)
 INFO repair-timing: patch: +46.94ms (total 108.50s)
 INFO repair-timing: final verify: +264.40ms (total 108.77s)
 INFO repair-timing: plan prep: 79.81ms over 2 cold build(s), 64 stripe use(s) - 0.073% of the 108.77s repair
 INFO repair-timing: forney solve: 5.67s over 2 solve(s) (stage 1 1.30s, stage 2 4.37s) - 5.217% of the 108.77s repair
mem-floor: live high-water · ru_maxrss 630 MB · rss 630 MB · footprint 630 MB · rss over footprint 0 MB · repair work 369 MB (own peak 487) · scan reads 0 MB (own peak 34) · verifier tables 0 MB · unattributed 261 MB
mem-floor: sampled peak rss · ru_maxrss 630 MB · rss 630 MB · footprint 630 MB · rss over footprint 0 MB · repair work 369 MB (own peak 487) · scan reads 0 MB (own peak 34) · verifier tables 0 MB · unattributed 261 MB
