NRD-START 2026-09-15T14:45:33Z base=32e8a9703118b8ac new=e32112d5b4b6543f
NRD-WAIT lock held (0m) 2026-09-15T14:45:33Z
NRD-LOCK 2026-09-15T14:46:03Z
LEG m192-128-fold-r1-base      rc=0 ok=True wall=  2.27 cpu=  10.69 peak=  235MB path=fold W=[] slabs=1 win=0 uses=0 forney=0.0 load=11/12
LEG m192-128-force-r1-base     rc=0 ok=True wall=  2.31 cpu=  10.75 peak=  371MB path=ntt  W=[512] slabs=1 win=7 uses=0 forney=0.0 load=12/13
LEG m192-128-auto-r1-new       rc=0 ok=True wall=  2.57 cpu=  10.76 peak=  234MB path=fold W=[] slabs=1 win=0 uses=0 forney=0.0 load=13/13
LEG m192-128-auto-r1-base      rc=0 ok=True wall=  2.25 cpu=  10.58 peak=  230MB path=fold W=[] slabs=1 win=0 uses=0 forney=0.0 load=13/14
LEG m200-128-fold-r1-base      rc=0 ok=True wall=  2.32 cpu=  10.88 peak=  239MB path=fold W=[] slabs=1 win=0 uses=0 forney=0.0 load=14/14
LEG m200-128-force-r1-base     rc=0 ok=True wall=  2.28 cpu=  10.63 peak=  358MB path=ntt  W=[512] slabs=1 win=7 uses=0 forney=0.0 load=14/14
LEG m200-128-auto-r1-new       rc=0 ok=True wall=  2.31 cpu=  10.78 peak=  239MB path=fold W=[] slabs=1 win=0 uses=0 forney=0.0 load=14/14
LEG m200-128-auto-r1-base      rc=0 ok=True wall=  2.36 cpu=  10.95 peak=  235MB path=fold W=[] slabs=1 win=0 uses=0 forney=0.0 load=14/14
LEG m208-128-fold-r1-base      rc=0 ok=True wall=  2.47 cpu=  11.39 peak=  238MB path=fold W=[] slabs=1 win=0 uses=0 forney=0.0 load=14/14
LEG m208-128-force-r1-base     rc=0 ok=True wall=  2.37 cpu=  10.91 peak=  374MB path=ntt  W=[512] slabs=1 win=7 uses=0 forney=0.0 load=14/14
LEG m208-128-auto-r1-new       rc=0 ok=True wall=  2.47 cpu=  11.29 peak=  233MB path=fold W=[] slabs=1 win=0 uses=0 forney=0.0 load=14/14
LEG m208-128-auto-r1-base      rc=0 ok=True wall=  4.38 cpu=  18.99 peak=  354MB path=ntt  W=[32] slabs=1 win=7 uses=0 forney=0.0 load=14/15
LEG m210-128-fold-r1-base      rc=0 ok=True wall=  2.43 cpu=  11.24 peak=  240MB path=fold W=[] slabs=1 win=0 uses=0 forney=0.0 load=15/15
LEG m210-128-force-r1-base     rc=0 ok=True wall=  2.34 cpu=  10.82 peak=  363MB path=ntt  W=[512] slabs=1 win=7 uses=0 forney=0.0 load=15/15
LEG m210-128-auto-r1-new       rc=0 ok=True wall=  2.43 cpu=  11.22 peak=  242MB path=fold W=[] slabs=1 win=0 uses=0 forney=0.0 load=15/14
LEG m210-128-auto-r1-base      rc=0 ok=True wall=  2.61 cpu=  11.75 peak=  352MB path=ntt  W=[256] slabs=1 win=8 uses=0 forney=0.0 load=14/14
LEG m212-128-fold-r1-base      rc=0 ok=True wall=  3.47 cpu=  13.13 peak=  233MB path=fold W=[] slabs=1 win=0 uses=0 forney=0.0 load=14/16
LEG m212-128-force-r1-base     rc=0 ok=True wall=  2.58 cpu=  11.35 peak=  374MB path=ntt  W=[512] slabs=1 win=7 uses=0 forney=0.0 load=16/16
LEG m212-128-auto-r1-new       rc=0 ok=True wall=  2.46 cpu=  11.40 peak=  245MB path=fold W=[] slabs=1 win=0 uses=0 forney=0.0 load=16/16
LEG m212-128-auto-r1-base      rc=0 ok=True wall=  2.58 cpu=  11.75 peak=  343MB path=ntt  W=[256] slabs=1 win=8 uses=0 forney=0.0 load=16/16
LEG m216-128-fold-r1-base      rc=0 ok=True wall=  2.54 cpu=  11.67 peak=  238MB path=fold W=[] slabs=1 win=0 uses=0 forney=0.0 load=16/17
LEG m216-128-force-r1-base     rc=0 ok=True wall=  2.40 cpu=  10.96 peak=  372MB path=ntt  W=[512] slabs=1 win=7 uses=0 forney=0.0 load=17/17
LEG m216-128-auto-r1-new       rc=0 ok=True wall=  2.51 cpu=  11.45 peak=  346MB path=ntt  W=[512] slabs=1 win=9 uses=0 forney=0.0 load=16/16
LEG m216-128-auto-r1-base      rc=0 ok=True wall=  2.78 cpu=  11.79 peak=  347MB path=ntt  W=[512] slabs=1 win=9 uses=0 forney=0.0 load=16/18
LEG m224-128-fold-r1-base      rc=0 ok=True wall=  2.63 cpu=  11.97 peak=  243MB path=fold W=[] slabs=1 win=0 uses=0 forney=0.0 load=18/18
LEG m224-128-force-r1-base     rc=0 ok=True wall=  2.43 cpu=  11.13 peak=  373MB path=ntt  W=[512] slabs=1 win=7 uses=0 forney=0.0 load=18/18
LEG m224-128-auto-r1-new       rc=0 ok=True wall=  3.05 cpu=  11.81 peak=  349MB path=ntt  W=[512] slabs=1 win=9 uses=0 forney=0.0 load=18/18
LEG m224-128-auto-r1-base      rc=0 ok=True wall=  2.64 cpu=  11.57 peak=  336MB path=ntt  W=[512] slabs=1 win=9 uses=0 forney=0.0 load=21/21
LEG m256-128-fold-r1-base      rc=0 ok=True wall=  3.01 cpu=  13.33 peak=  249MB path=fold W=[] slabs=1 win=0 uses=0 forney=0.0 load=21/22
LEG m256-128-force-r1-base     rc=0 ok=True wall=  2.42 cpu=  11.08 peak=  382MB path=ntt  W=[512] slabs=1 win=7 uses=0 forney=0.0 load=22/22
LEG m256-128-auto-r1-new       rc=0 ok=True wall=  2.60 cpu=  11.82 peak=  345MB path=ntt  W=[512] slabs=1 win=10 uses=0 forney=0.0 load=22/22
LEG m256-128-auto-r1-base      rc=0 ok=True wall=  3.76 cpu=  12.21 peak=  341MB path=ntt  W=[512] slabs=1 win=10 uses=0 forney=0.0 load=21/21
LEG m320-128-fold-r1-base      rc=0 ok=True wall=  4.10 cpu=  15.89 peak=  263MB path=fold W=[] slabs=1 win=0 uses=0 forney=0.0 load=21/21
LEG m320-128-force-r1-base     rc=0 ok=True wall=  2.70 cpu=  11.31 peak=  401MB path=ntt  W=[512] slabs=1 win=7 uses=0 forney=0.0 load=21/21
LEG m320-128-auto-r1-new       rc=0 ok=True wall=  2.93 cpu=  12.01 peak=  365MB path=ntt  W=[512] slabs=1 win=10 uses=0 forney=0.0 load=21/20
LEG m320-128-auto-r1-base      rc=0 ok=True wall=  3.04 cpu=  12.41 peak=  357MB path=ntt  W=[512] slabs=1 win=10 uses=0 forney=0.0 load=20/19
LEG m384-128-fold-r1-base      rc=0 ok=True wall=  4.01 cpu=  17.56 peak=  265MB path=fold W=[] slabs=1 win=0 uses=0 forney=0.0 load=19/19
LEG m384-128-force-r1-base     rc=0 ok=True wall=  3.13 cpu=  12.05 peak=  407MB path=ntt  W=[512] slabs=1 win=7 uses=0 forney=0.0 load=19/22
LEG m384-128-auto-r1-new       rc=0 ok=True wall=  3.00 cpu=  12.69 peak=  373MB path=ntt  W=[512] slabs=1 win=10 uses=0 forney=0.0 load=22/22
LEG m384-128-auto-r1-base      rc=0 ok=True wall=  2.92 cpu=  12.60 peak=  382MB path=ntt  W=[512] slabs=1 win=10 uses=0 forney=0.0 load=22/22
LEG m448-128-fold-r1-base      rc=0 ok=True wall=  5.39 cpu=  20.72 peak=  279MB path=fold W=[] slabs=1 win=0 uses=0 forney=0.0 load=23/24
LEG m448-128-force-r1-base     rc=0 ok=True wall=  2.90 cpu=  11.99 peak=  421MB path=ntt  W=[512] slabs=1 win=7 uses=0 forney=0.0 load=24/33
LEG m448-128-auto-r1-new       rc=0 ok=True wall=  3.21 cpu=  12.82 peak=  387MB path=ntt  W=[512] slabs=1 win=10 uses=0 forney=0.0 load=33/33
LEG m448-128-auto-r1-base      rc=0 ok=True wall=  2.80 cpu=  12.59 peak=  368MB path=ntt  W=[512] slabs=1 win=10 uses=0 forney=0.0 load=31/31
LEG m512-128-fold-r1-base      rc=0 ok=True wall=  5.25 cpu=  22.40 peak=  300MB path=fold W=[] slabs=1 win=0 uses=0 forney=0.0 load=31/28
LEG m512-128-force-r1-base     rc=0 ok=True wall=  2.62 cpu=  11.87 peak=  427MB path=ntt  W=[512] slabs=1 win=7 uses=0 forney=0.0 load=28/28
LEG m512-128-auto-r1-new       rc=0 ok=True wall=  2.85 cpu=  12.88 peak=  386MB path=ntt  W=[512] slabs=1 win=10 uses=0 forney=0.0 load=28/26
LEG m512-128-auto-r1-base      rc=0 ok=True wall=  2.90 cpu=  13.00 peak=  373MB path=ntt  W=[512] slabs=1 win=10 uses=0 forney=0.0 load=26/26
LEG m640-128-fold-r1-base      rc=0 ok=True wall=  6.45 cpu=  27.18 peak=  308MB path=fold W=[] slabs=1 win=0 uses=0 forney=0.0 load=26/25
LEG m640-128-force-r1-base     rc=0 ok=True wall=  2.77 cpu=  12.53 peak=  435MB path=ntt  W=[512] slabs=1 win=7 uses=0 forney=0.0 load=23/23
LEG m640-128-auto-r1-new       rc=0 ok=True wall=  3.15 cpu=  14.08 peak=  373MB path=ntt  W=[512] slabs=1 win=11 uses=0 forney=0.0 load=23/22
LEG m640-128-auto-r1-base      rc=0 ok=True wall=  3.19 cpu=  14.07 peak=  402MB path=ntt  W=[512] slabs=1 win=11 uses=0 forney=0.0 load=22/21
LEG m768-128-fold-r1-base      rc=0 ok=True wall=  7.99 cpu=  32.17 peak=  320MB path=fold W=[] slabs=1 win=0 uses=64 forney=0.258 load=21/19
LEG m768-128-force-r1-base     rc=0 ok=True wall=  2.92 cpu=  13.08 peak=  441MB path=ntt  W=[512] slabs=1 win=7 uses=64 forney=0.254 load=19/19
LEG m768-128-auto-r1-new       rc=0 ok=True wall=  3.32 cpu=  14.71 peak=  395MB path=ntt  W=[512] slabs=1 win=11 uses=64 forney=0.253 load=19/19
LEG m768-128-auto-r1-base      rc=0 ok=True wall=  3.35 cpu=  14.82 peak=  401MB path=ntt  W=[512] slabs=1 win=11 uses=64 forney=0.255 load=19/19
LEG m1024-128-fold-r1-base     rc=0 ok=True wall= 10.35 cpu=  41.35 peak=  353MB path=fold W=[] slabs=1 win=0 uses=64 forney=0.34 load=18/17
LEG m1024-128-force-r1-base    rc=0 ok=True wall=  3.13 cpu=  13.88 peak=  489MB path=ntt  W=[512] slabs=1 win=7 uses=64 forney=0.306 load=17/16
LEG m1024-128-auto-r1-new      rc=0 ok=True wall=  3.89 cpu=  16.93 peak=  431MB path=ntt  W=[512] slabs=1 win=13 uses=64 forney=0.314 load=16/17
LEG m1024-128-auto-r1-base     rc=0 ok=True wall=  3.92 cpu=  17.04 peak=  435MB path=ntt  W=[512] slabs=1 win=13 uses=64 forney=0.316 load=17/17
LEG m1536-128-fold-r1-base     rc=0 ok=True wall= 15.00 cpu=  59.60 peak=  354MB path=fold W=[] slabs=2 win=0 uses=64 forney=0.671 load=17/17
LEG m1536-128-force-r1-base    rc=0 ok=True wall=  3.10 cpu=  13.33 peak=  498MB path=ntt  W=[512] slabs=2 win=6 uses=64 forney=0.465 load=17/17
LEG m1536-128-auto-r1-new      rc=0 ok=True wall=  4.85 cpu=  15.74 peak=  462MB path=ntt  W=[256] slabs=2 win=10 uses=64 forney=0.714 load=17/18
LEG m1536-128-auto-r1-base     rc=0 ok=True wall=  4.26 cpu=  15.90 peak=  467MB path=ntt  W=[256] slabs=2 win=10 uses=64 forney=0.565 load=18/19
LEG m2048-128-fold-r1-base     rc=0 ok=True wall= 21.15 cpu=  77.38 peak=  357MB path=fold W=[] slabs=2 win=0 uses=64 forney=0.59 load=22/24
LEG m2048-128-force-r1-base    rc=0 ok=True wall=  4.45 cpu=  14.98 peak=  558MB path=ntt  W=[512] slabs=2 win=6 uses=64 forney=1.12 load=24/26
LEG m2048-128-auto-r1-new      rc=0 ok=True wall=  4.00 cpu=  16.72 peak=  442MB path=ntt  W=[256] slabs=2 win=10 uses=64 forney=0.605 load=26/26
LEG m2048-128-auto-r1-base     rc=0 ok=True wall=  4.23 cpu=  17.17 peak=  456MB path=ntt  W=[256] slabs=2 win=10 uses=64 forney=0.676 load=26/25
LEG m3072-128-fold-r1-base     rc=0 ok=True wall= 40.31 cpu= 106.72 peak=  307MB path=fold W=[] slabs=4 win=0 uses=64 forney=1.64 load=24/34
LEG m3072-128-force-r1-base    rc=0 ok=True wall=  3.52 cpu=  14.28 peak=  496MB path=ntt  W=[512] slabs=4 win=4 uses=64 forney=0.93 load=34/32
LEG m3072-128-auto-r1-new      rc=0 ok=True wall=  4.16 cpu=  16.84 peak=  421MB path=ntt  W=[128] slabs=4 win=8 uses=64 forney=0.933 load=32/30
LEG m3072-128-auto-r1-base     rc=0 ok=True wall=  4.42 cpu=  17.14 peak=  432MB path=ntt  W=[128] slabs=4 win=8 uses=64 forney=0.934 load=30/31
LEG m4096-128-fold-r1-base     rc=0 ok=True wall= 34.29 cpu= 130.70 peak=  343MB path=fold W=[] slabs=4 win=0 uses=1024 forney=1.85 load=29/21
LEG m4096-128-force-r1-base    rc=0 ok=True wall=  4.70 cpu=  18.27 peak=  597MB path=ntt  W=[512] slabs=4 win=4 uses=1024 forney=1.83 load=21/20
LEG m4096-128-auto-r1-new      rc=0 ok=True wall=  5.45 cpu=  21.38 peak=  434MB path=ntt  W=[128] slabs=4 win=8 uses=1024 forney=1.86 load=20/19
LEG m4096-128-auto-r1-base     rc=0 ok=True wall= 13.56 cpu=  23.22 peak=  431MB path=ntt  W=[128] slabs=4 win=8 uses=1024 forney=7.32 load=18/32
LEG m192-128-fold-r2-base      rc=0 ok=True wall=  3.14 cpu=  11.86 peak=  239MB path=fold W=[] slabs=1 win=0 uses=0 forney=0.0 load=43/46
LEG m192-128-force-r2-base     rc=0 ok=True wall=  3.51 cpu=  11.79 peak=  372MB path=ntt  W=[512] slabs=1 win=7 uses=0 forney=0.0 load=46/45
LEG m192-128-auto-r2-new       rc=0 ok=True wall=  2.66 cpu=  11.58 peak=  237MB path=fold W=[] slabs=1 win=0 uses=0 forney=0.0 load=45/44
LEG m192-128-auto-r2-base      rc=0 ok=True wall=  2.58 cpu=  10.89 peak=  235MB path=fold W=[] slabs=1 win=0 uses=0 forney=0.0 load=44/50
LEG m200-128-fold-r2-base      rc=0 ok=True wall=  3.00 cpu=  12.27 peak=  241MB path=fold W=[] slabs=1 win=0 uses=0 forney=0.0 load=50/50
LEG m200-128-force-r2-base     rc=0 ok=True wall=  3.02 cpu=  11.62 peak=  358MB path=ntt  W=[512] slabs=1 win=7 uses=0 forney=0.0 load=50/50
LEG m200-128-auto-r2-new       rc=0 ok=True wall=  2.90 cpu=  12.54 peak=  240MB path=fold W=[] slabs=1 win=0 uses=0 forney=0.0 load=48/48
LEG m200-128-auto-r2-base      rc=0 ok=True wall=  2.63 cpu=  11.72 peak=  240MB path=fold W=[] slabs=1 win=0 uses=0 forney=0.0 load=50/50
LEG m208-128-fold-r2-base      rc=0 ok=True wall=  3.29 cpu=  12.71 peak=  232MB path=fold W=[] slabs=1 win=0 uses=0 forney=0.0 load=59/59
LEG m208-128-force-r2-base     rc=0 ok=True wall=  2.95 cpu=  11.75 peak=  378MB path=ntt  W=[512] slabs=1 win=7 uses=0 forney=0.0 load=59/59
LEG m208-128-auto-r2-new       rc=0 ok=True wall=  3.08 cpu=  12.99 peak=  237MB path=fold W=[] slabs=1 win=0 uses=0 forney=0.0 load=56/56
LEG m208-128-auto-r2-base      rc=0 ok=True wall=  4.63 cpu=  19.58 peak=  354MB path=ntt  W=[32] slabs=1 win=7 uses=0 forney=0.0 load=53/53
LEG m210-128-fold-r2-base      rc=0 ok=True wall=  2.70 cpu=  12.00 peak=  245MB path=fold W=[] slabs=1 win=0 uses=0 forney=0.0 load=52/52
LEG m210-128-force-r2-base     rc=0 ok=True wall=  2.48 cpu=  11.17 peak=  367MB path=ntt  W=[512] slabs=1 win=7 uses=0 forney=0.0 load=52/50
LEG m210-128-auto-r2-new       rc=0 ok=True wall=  2.67 cpu=  11.82 peak=  244MB path=fold W=[] slabs=1 win=0 uses=0 forney=0.0 load=50/48
LEG m210-128-auto-r2-base      rc=0 ok=True wall=  3.04 cpu=  12.49 peak=  352MB path=ntt  W=[256] slabs=1 win=8 uses=0 forney=0.0 load=48/47
LEG m212-128-fold-r2-base      rc=0 ok=True wall=  2.55 cpu=  11.62 peak=  237MB path=fold W=[] slabs=1 win=0 uses=0 forney=0.0 load=47/47
LEG m212-128-force-r2-base     rc=0 ok=True wall=  2.54 cpu=  11.21 peak=  375MB path=ntt  W=[512] slabs=1 win=7 uses=0 forney=0.0 load=44/44
LEG m212-128-auto-r2-new       rc=0 ok=True wall=  2.45 cpu=  11.34 peak=  242MB path=fold W=[] slabs=1 win=0 uses=0 forney=0.0 load=44/41
LEG m212-128-auto-r2-base      rc=0 ok=True wall=  2.72 cpu=  11.94 peak=  359MB path=ntt  W=[256] slabs=1 win=8 uses=0 forney=0.0 load=41/47
LEG m216-128-fold-r2-base      rc=0 ok=True wall=  2.49 cpu=  11.45 peak=  231MB path=fold W=[] slabs=1 win=0 uses=0 forney=0.0 load=47/47
LEG m216-128-force-r2-base     rc=0 ok=True wall=  2.37 cpu=  10.81 peak=  362MB path=ntt  W=[512] slabs=1 win=7 uses=0 forney=0.0 load=47/46
LEG m216-128-auto-r2-new       rc=0 ok=True wall=  2.48 cpu=  11.30 peak=  340MB path=ntt  W=[512] slabs=1 win=9 uses=0 forney=0.0 load=46/43
LEG m216-128-auto-r2-base      rc=0 ok=True wall=  2.52 cpu=  11.38 peak=  336MB path=ntt  W=[512] slabs=1 win=9 uses=0 forney=0.0 load=43/43
LEG m224-128-fold-r2-base      rc=0 ok=True wall=  2.76 cpu=  12.06 peak=  243MB path=fold W=[] slabs=1 win=0 uses=0 forney=0.0 load=46/46
LEG m224-128-force-r2-base     rc=0 ok=True wall=  2.45 cpu=  11.06 peak=  373MB path=ntt  W=[512] slabs=1 win=7 uses=0 forney=0.0 load=46/44
LEG m224-128-auto-r2-new       rc=0 ok=True wall=  2.49 cpu=  11.36 peak=  349MB path=ntt  W=[512] slabs=1 win=9 uses=0 forney=0.0 load=44/42
LEG m224-128-auto-r2-base      rc=0 ok=True wall=  2.84 cpu=  11.60 peak=  352MB path=ntt  W=[512] slabs=1 win=9 uses=0 forney=0.0 load=42/42
LEG m256-128-fold-r2-base      rc=0 ok=True wall=  3.23 cpu=  13.07 peak=  251MB path=fold W=[] slabs=1 win=0 uses=0 forney=0.0 load=40/40
LEG m256-128-force-r2-base     rc=0 ok=True wall=  2.60 cpu=  10.96 peak=  380MB path=ntt  W=[512] slabs=1 win=7 uses=0 forney=0.0 load=38/38
LEG m256-128-auto-r2-new       rc=0 ok=True wall=  2.77 cpu=  11.76 peak=  353MB path=ntt  W=[512] slabs=1 win=10 uses=0 forney=0.0 load=38/37
LEG m256-128-auto-r2-base      rc=0 ok=True wall=  2.59 cpu=  11.55 peak=  324MB path=ntt  W=[512] slabs=1 win=10 uses=0 forney=0.0 load=37/34
LEG m320-128-fold-r2-base      rc=0 ok=True wall=  4.38 cpu=  16.85 peak=  261MB path=fold W=[] slabs=1 win=0 uses=0 forney=0.0 load=34/36
LEG m320-128-force-r2-base     rc=0 ok=True wall=  7.25 cpu=  13.19 peak=  389MB path=ntt  W=[512] slabs=1 win=7 uses=0 forney=0.0 load=36/40
LEG m320-128-auto-r2-new       rc=0 ok=True wall=  2.95 cpu=  12.39 peak=  358MB path=ntt  W=[512] slabs=1 win=10 uses=0 forney=0.0 load=44/44
LEG m320-128-auto-r2-base      rc=0 ok=True wall=  2.83 cpu=  12.13 peak=  372MB path=ntt  W=[512] slabs=1 win=10 uses=0 forney=0.0 load=42/42
LEG m384-128-fold-r2-base      rc=0 ok=True wall=  4.35 cpu=  18.16 peak=  270MB path=fold W=[] slabs=1 win=0 uses=0 forney=0.0 load=42/43
LEG m384-128-force-r2-base     rc=0 ok=True wall=  2.49 cpu=  11.36 peak=  405MB path=ntt  W=[512] slabs=1 win=7 uses=0 forney=0.0 load=41/41
LEG m384-128-auto-r2-new       rc=0 ok=True wall=  2.97 cpu=  12.73 peak=  378MB path=ntt  W=[512] slabs=1 win=10 uses=0 forney=0.0 load=41/41
LEG m384-128-auto-r2-base      rc=0 ok=True wall=  6.93 cpu=  12.89 peak=  372MB path=ntt  W=[512] slabs=1 win=10 uses=0 forney=0.0 load=41/39
LEG m448-128-fold-r2-base      rc=0 ok=True wall= 16.78 cpu=  25.80 peak=  282MB path=fold W=[] slabs=1 win=0 uses=0 forney=0.0 load=40/81
LEG m448-128-force-r2-base     rc=0 ok=True wall=  2.80 cpu=  12.10 peak=  417MB path=ntt  W=[512] slabs=1 win=7 uses=0 forney=0.0 load=105/99
LEG m448-128-auto-r2-new       rc=0 ok=True wall=  3.09 cpu=  13.05 peak=  372MB path=ntt  W=[512] slabs=1 win=10 uses=0 forney=0.0 load=118/111
LEG m448-128-auto-r2-base      rc=0 ok=True wall=  2.96 cpu=  12.80 peak=  369MB path=ntt  W=[512] slabs=1 win=10 uses=0 forney=0.0 load=111/104
LEG m512-128-fold-r2-base      rc=0 ok=True wall= 10.20 cpu=  25.71 peak=  293MB path=fold W=[] slabs=1 win=0 uses=0 forney=0.0 load=105/110
LEG m512-128-force-r2-base     rc=0 ok=True wall=  2.67 cpu=  12.05 peak=  421MB path=ntt  W=[512] slabs=1 win=7 uses=0 forney=0.0 load=110/110
LEG m512-128-auto-r2-new       rc=0 ok=True wall=  5.44 cpu=  14.15 peak=  388MB path=ntt  W=[512] slabs=1 win=10 uses=0 forney=0.0 load=103/97
LEG m512-128-auto-r2-base      rc=0 ok=True wall=  2.87 cpu=  12.86 peak=  384MB path=ntt  W=[512] slabs=1 win=10 uses=0 forney=0.0 load=97/90
LEG m640-128-fold-r2-base      rc=0 ok=True wall=  6.51 cpu=  27.23 peak=  312MB path=fold W=[] slabs=1 win=0 uses=0 forney=0.0 load=90/83
LEG m640-128-force-r2-base     rc=0 ok=True wall=  2.79 cpu=  12.54 peak=  456MB path=ntt  W=[512] slabs=1 win=7 uses=0 forney=0.0 load=83/78
LEG m640-128-auto-r2-new       rc=0 ok=True wall=  6.28 cpu=  15.17 peak=  414MB path=ntt  W=[512] slabs=1 win=11 uses=0 forney=0.0 load=78/74
LEG m640-128-auto-r2-base      rc=0 ok=True wall=  3.18 cpu=  14.10 peak=  396MB path=ntt  W=[512] slabs=1 win=11 uses=0 forney=0.0 load=71/71
LEG m768-128-fold-r2-base      rc=0 ok=True wall=  7.54 cpu=  31.55 peak=  302MB path=fold W=[] slabs=1 win=0 uses=64 forney=0.251 load=66/62
LEG m768-128-force-r2-base     rc=0 ok=True wall=  2.93 cpu=  13.04 peak=  443MB path=ntt  W=[512] slabs=1 win=7 uses=64 forney=0.252 load=62/58
LEG m768-128-auto-r2-new       rc=0 ok=True wall=  3.40 cpu=  14.92 peak=  402MB path=ntt  W=[512] slabs=1 win=11 uses=64 forney=0.254 load=58/55
LEG m768-128-auto-r2-base      rc=0 ok=True wall=  3.36 cpu=  14.71 peak=  405MB path=ntt  W=[512] slabs=1 win=11 uses=64 forney=0.253 load=55/52
LEG m1024-128-fold-r2-base     rc=0 ok=True wall=  9.86 cpu=  40.51 peak=  343MB path=fold W=[] slabs=1 win=0 uses=64 forney=0.303 load=52/47
LEG m1024-128-force-r2-base    rc=0 ok=True wall=  3.09 cpu=  13.71 peak=  485MB path=ntt  W=[512] slabs=1 win=7 uses=64 forney=0.304 load=47/44
LEG m1024-128-auto-r2-new      rc=0 ok=True wall=  3.84 cpu=  16.73 peak=  443MB path=ntt  W=[512] slabs=1 win=13 uses=64 forney=0.304 load=44/41
LEG m1024-128-auto-r2-base     rc=0 ok=True wall=  3.84 cpu=  16.79 peak=  423MB path=ntt  W=[512] slabs=1 win=13 uses=64 forney=0.301 load=41/38
LEG m1536-128-fold-r2-base     rc=0 ok=True wall= 14.49 cpu=  58.72 peak=  337MB path=fold W=[] slabs=2 win=0 uses=64 forney=0.459 load=38/34
LEG m1536-128-force-r2-base    rc=0 ok=True wall=  2.99 cpu=  13.10 peak=  488MB path=ntt  W=[512] slabs=2 win=6 uses=64 forney=0.465 load=34/32
LEG m1536-128-auto-r2-new      rc=0 ok=True wall=  3.67 cpu=  15.13 peak=  450MB path=ntt  W=[256] slabs=2 win=10 uses=64 forney=0.519 load=32/36
LEG m1536-128-auto-r2-base     rc=0 ok=True wall=  4.07 cpu=  15.48 peak=  458MB path=ntt  W=[256] slabs=2 win=10 uses=64 forney=0.789 load=36/35
LEG m2048-128-fold-r2-base     rc=0 ok=True wall= 24.48 cpu=  79.05 peak=  356MB path=fold W=[] slabs=2 win=0 uses=64 forney=0.603 load=35/35
LEG m2048-128-force-r2-base    rc=0 ok=True wall=  3.36 cpu=  14.16 peak=  549MB path=ntt  W=[512] slabs=2 win=6 uses=64 forney=0.58 load=35/34
LEG m2048-128-auto-r2-new      rc=0 ok=True wall=  4.18 cpu=  16.53 peak=  445MB path=ntt  W=[256] slabs=2 win=10 uses=64 forney=0.58 load=34/33
LEG m2048-128-auto-r2-base     rc=0 ok=True wall=  3.98 cpu=  16.60 peak=  452MB path=ntt  W=[256] slabs=2 win=10 uses=64 forney=0.579 load=33/33
LEG m3072-128-fold-r2-base     rc=0 ok=True wall= 28.00 cpu= 104.18 peak=  309MB path=fold W=[] slabs=4 win=0 uses=64 forney=0.936 load=31/29
LEG m3072-128-force-r2-base    rc=0 ok=True wall=  3.52 cpu=  14.33 peak=  499MB path=ntt  W=[512] slabs=4 win=4 uses=64 forney=0.934 load=28/28
LEG m3072-128-auto-r2-new      rc=0 ok=True wall=  8.14 cpu=  18.61 peak=  433MB path=ntt  W=[128] slabs=4 win=8 uses=64 forney=2.08 load=28/44
LEG m3072-128-auto-r2-base     rc=0 ok=True wall=  4.18 cpu=  16.89 peak=  428MB path=ntt  W=[128] slabs=4 win=8 uses=64 forney=0.934 load=42/39
LEG m4096-128-fold-r2-base     rc=0 ok=True wall= 40.84 cpu= 135.38 peak=  346MB path=fold W=[] slabs=4 win=0 uses=1024 forney=1.94 load=39/44
LEG m4096-128-force-r2-base    rc=0 ok=True wall=  7.42 cpu=  19.89 peak=  602MB path=ntt  W=[512] slabs=4 win=4 uses=1024 forney=3.12 load=42/44
LEG m4096-128-auto-r2-new      rc=0 ok=True wall=  6.47 cpu=  23.76 peak=  437MB path=ntt  W=[128] slabs=4 win=8 uses=1024 forney=2.17 load=48/46
LEG m4096-128-auto-r2-base     rc=0 ok=True wall=  5.57 cpu=  21.94 peak=  432MB path=ntt  W=[128] slabs=4 win=8 uses=1024 forney=1.94 load=46/45
NRD-DONE 2026-09-15T15:02:26Z
NRD-EXIT 0
