FIELD-CALIBRATION par2classic=1807.583s par2j64=170.719s par2turbo=153.545s parfast=18.801s parpar=153.659s phpar2=1802.82s rarpar=195.469s
FIELD-PHASE-2 100% parity, depths to 13,990; the two slow tools stop at 5,500 with one repetition
GUARD-OK round=field100 pct=100 source_blocks=13990 recovery_blocks=13990 deepest_rung=13990
RIG-LOCK-TAKEN <rig>\.parfast-rig.lock round=field pid=6880 started=2026-09-12T05:11:41.3162819Z
FIELD-START 2026-09-12T05:11:41.3162819Z
BOX host=intel-i5-10600kf cpu=Intel(R) Core(TM) i5-10600KF CPU @ 4.10GHz caption=Intel64 Family 6 Model 165 Stepping 5 cores=6 threads=12 ram_gb=63.9 os=Microsoft Windows 11 Pro build=10.0.26200 Dfree_gb=7055.1
BIN parfast sha256=cae5a6f368af74f1eb31afa483eb935c663ea976ddd0eecb5b76e6c4487360e9 bytes=2596864 version=parfast version 1.5.0-beta.1 built from 8b0b67ec4d15
BIN par2turbo sha256=36ce11d92c895a552485ba8cb1ad4b92ca62a00333f1aa6308daafbc371e69e9 bytes=1653248 version=par2cmdline-turbo version 1.5.0 built from ?
BIN par2classic sha256=cbf0e53b209d7a410c79f995f9662baa1743d90378d84d943744573a49d36efb bytes=509440 version=par2cmdline version 1.4.0 built from ?
BIN phpar2 sha256=8f17bbc944674f558f25eae7336775772996506f17c13bc196b2fa2ac0cdc7eb bytes=465920 version=Not enough command line arguments. built from ?
BIN par2j64 sha256=8e75c2a3f256094cc0313f477b6e56e492cc7d258f9cb6b755bee98cf289620a bytes=416768 version=Parchive 2.0 client version 1.3.3.5 by Yutaka Sawada built from ?
BIN parpar sha256=d2143cbd1ce0404ab82c2729256c91051cc1248adf099b25b1451b9f560cc431 bytes=22306336 version=Unknown option specified in `-VV` built from ?
BIN rarpar sha256=8cae1ba313a167f2e888bb9ec7cc98ad1e380e930a6cfdfca5cde2c8cf05f4e2 bytes=9226752 version=rarpar 0.4.1 built from ?
PROTOCOL slice=768000 redundancy_pct=100 source_blocks=13990 damage=delete-p00.bin missing_blocks=1399 reps=2 gate=sha256-all-members prewarm=full-read-of-work-dir
FIXTURE members=10 distinct_member_sha=10/10 bytes=10737418240
GOLD p00.bin 784E10F9FE8A6DF557891FE77D7463B3C3EC30668A6E9190413ACE883929E8A2
GOLD p01.bin 427580D39068340A1A4683391B5CE621B61465BE3CCE59467D2B595464DBA289
GOLD p02.bin 9C874271C023166E4C8A149CB58F5151E16801FCB5A96D0ED67F135CCAF561A4
GOLD p03.bin 9794E8FBA5C555A7CFF08AF380DCFEA93CABA07C84E54789B0AB2D2E5F2B3CF2
GOLD p04.bin 0A795B0471940005BDCF32E1B12905DDD37070A3B7367939A6D24AD09EBBF8AA
GOLD p05.bin 76E334DC68D8592D2D62E73FC7EA708E74B1BF783C55176C6ABA016B6523BE51
GOLD p06.bin A963DD4BA69AE9E161CF038564A70FE83141EA0DA27DA99052C006F4602979C6
GOLD p07.bin 146457BF02A6CA615C0BF84542D678CF2C74159D6CE14A67DDF229AA86605779
GOLD p08.bin 4D87BF03C8D6333BD0D88C9E2BC54F2296F96772DD225640CB0FFE4208B20E81
GOLD p09.bin 6FEE4A4D667FC5B45997910871CBC94FD36EE62DC9D26B46859A45072BB2DDF8
CREATE round=field100 rep=1 tool=parfast argv='c -q -t12 -T16 -s768000 -r100 f.par2 p00.bin p01.bin p02.bin p03.bin p04.bin p05.bin p06.bin p07.bin p08.bin p09.bin' wall=32.26 cpu=271.922 cpu_over_wall=8.43 peak_mb=11669.8 rc=0 par2files=15 par2bytes=10774894700 sources_intact=10/10 errlen=0 ts=2026-09-12T05:13:01.1862232Z
CREATE round=field100 rep=1 tool=par2turbo argv='c -q -t12 -T16 -s768000 -r100 f.par2 p00.bin p01.bin p02.bin p03.bin p04.bin p05.bin p06.bin p07.bin p08.bin p09.bin' wall=902.791 cpu=10500.984 cpu_over_wall=11.63 peak_mb=8184.6 rc=0 par2files=15 par2bytes=10774895120 sources_intact=10/10 errlen=0 ts=2026-09-12T05:28:38.4482806Z
SKIP round=field100 rep=1 phase=create tool=par2classic projected_s=12051 budget_s=1500 from_pct=15 from_wall=1807.583 reason=projected-over-budget
SKIP round=field100 rep=1 phase=create tool=phpar2 projected_s=12019 budget_s=1500 from_pct=15 from_wall=1802.82 reason=projected-over-budget
CREATE round=field100 rep=1 tool=par2j64 argv='c /ss768000 /rr100 f.par2 p00.bin p01.bin p02.bin p03.bin p04.bin p05.bin p06.bin p07.bin p08.bin p09.bin' wall=975.428 cpu=5634.359 cpu_over_wall=5.78 peak_mb=20503 rc=0 par2files=11 par2bytes=10776587032 sources_intact=10/10 errlen=0 ts=2026-09-12T05:45:11.9902270Z
CREATE round=field100 rep=1 tool=parpar argv='-q -s 768000b -r 100% -o f.par2 p00.bin p01.bin p02.bin p03.bin p04.bin p05.bin p06.bin p07.bin p08.bin p09.bin' wall=900.526 cpu=10519.312 cpu_over_wall=11.68 peak_mb=5227.4 rc=0 par2files=15 par2bytes=10771509908 sources_intact=10/10 errlen=0 ts=2026-09-12T06:00:30.6618203Z
CREATE round=field100 rep=1 tool=rarpar argv='par create --quiet -s 768000 -r 100 f.par2 p00.bin p01.bin p02.bin p03.bin p04.bin p05.bin p06.bin p07.bin p08.bin p09.bin' wall=1009.956 cpu=11151.031 cpu_over_wall=11.04 peak_mb=8168.8 rc=0 par2files=15 par2bytes=10774894580 sources_intact=10/10 errlen=0 ts=2026-09-12T06:17:37.0347474Z
SET files=15 bytes=10774894700 written_by=parfast
VERIFY round=field100 rep=1 tool=parfast argv='v -q -t12 -T16 f.par2' wall=1.779 cpu=15.516 cpu_over_wall=8.72 peak_mb=35.3 rc=0 intact=10/10 foreign_cpu=26.6 foreign_after=17.2 errlen=0 ts=2026-09-12T06:18:28.3714211Z
VERIFY round=field100 rep=1 tool=par2turbo argv='v -q -t12 -T16 f.par2' wall=14.748 cpu=33.469 cpu_over_wall=2.27 peak_mb=17.2 rc=0 intact=10/10 foreign_cpu=9.4 foreign_after=10.9 errlen=0 ts=2026-09-12T06:19:05.2510917Z
VERIFY round=field100 rep=1 tool=par2classic argv='v -q f.par2' wall=24.939 cpu=77.828 cpu_over_wall=3.12 peak_mb=27.6 rc=0 intact=10/10 foreign_cpu=32.8 foreign_after=17.2 errlen=0 ts=2026-09-12T06:19:59.1688282Z
VERIFY round=field100 rep=1 tool=phpar2 argv='v -q f.par2' wall=64.55 cpu=64.422 cpu_over_wall=1 peak_mb=11.2 rc=0 intact=10/10 foreign_cpu=9.4 foreign_after=29.7 errlen=0 ts=2026-09-12T06:21:29.7813543Z
VERIFY round=field100 rep=1 tool=par2j64 argv='v f.par2' wall=22.292 cpu=32.641 cpu_over_wall=1.46 peak_mb=11.9 rc=0 intact=10/10 foreign_cpu=25 foreign_after=7.8 errlen=0 ts=2026-09-12T06:22:13.8171515Z
VERIFY round=field100 rep=1 tool=rarpar argv='par verify --quiet f.par2' wall=15.475 cpu=30.047 cpu_over_wall=1.94 peak_mb=15.6 rc=0 intact=10/10 foreign_cpu=14.1 foreign_after=32.8 errlen=0 ts=2026-09-12T06:22:52.6267150Z
REPAIR round=field100 rep=1 m=1399 tool=parfast argv='r -q -t12 -T16 f.par2' blocks_written=1399 touched_members=10 wall=28.525 cpu=270.188 cpu_over_wall=9.47 peak_mb=10459.3 rc=0 restored=10/10 still_absent=0 strays=10 seed=20270705 foreign_cpu=14.1 foreign_after=10.9 errlen=0 ts=2026-09-12T06:24:08.0587025Z
REPAIR round=field100 rep=1 m=1399 tool=par2turbo argv='r -q -t12 -T16 f.par2' blocks_written=1399 touched_members=10 wall=113.014 cpu=1171.203 cpu_over_wall=10.36 peak_mb=1091.9 rc=0 restored=10/10 still_absent=0 strays=10 seed=20270705 foreign_cpu=7.8 foreign_after=21.9 errlen=0 ts=2026-09-12T06:26:54.7973660Z
REPAIR round=field100 rep=1 m=1399 tool=par2classic argv='r -q f.par2' blocks_written=1399 touched_members=10 wall=1130.225 cpu=11586.75 cpu_over_wall=10.25 peak_mb=1090.8 rc=0 restored=10/10 still_absent=0 strays=10 seed=20270705 foreign_cpu=9.4 foreign_after=10.9 errlen=0 ts=2026-09-12T06:46:36.0702667Z
REPAIR round=field100 rep=1 m=1399 tool=phpar2 argv='r -q f.par2' blocks_written=1399 touched_members=10 wall=1166.156 cpu=11237.766 cpu_over_wall=9.64 peak_mb=1074.6 rc=0 restored=10/10 still_absent=0 strays=10 seed=20270705 foreign_cpu=29.7 foreign_after=20.3 errlen=0 ts=2026-09-12T07:06:55.5741173Z
REPAIR round=field100 rep=1 m=1399 tool=par2j64 argv='r f.par2' blocks_written=1399 touched_members=10 wall=176.282 cpu=659.734 cpu_over_wall=3.74 peak_mb=11316.8 rc=16 restored=10/10 still_absent=0 strays=0 seed=20270705 foreign_cpu=26.6 foreign_after=32.8 errlen=0 ts=2026-09-12T07:10:41.6374715Z
REPAIR round=field100 rep=1 m=1399 tool=rarpar argv='par repair --quiet f.par2' blocks_written=1399 touched_members=10 wall=118 cpu=1161.891 cpu_over_wall=9.85 peak_mb=113.3 rc=0 restored=10/10 still_absent=0 strays=0 seed=20270705 foreign_cpu=20.3 foreign_after=7.8 errlen=0 ts=2026-09-12T07:13:32.0977790Z
REPAIR round=field100 rep=1 m=2098 tool=parfast argv='r -q -t12 -T16 f.par2' blocks_written=2098 touched_members=10 wall=32.085 cpu=306.938 cpu_over_wall=9.57 peak_mb=10530.6 rc=0 restored=10/10 still_absent=0 strays=10 seed=20275598 foreign_cpu=14.1 foreign_after=23.4 errlen=0 ts=2026-09-12T07:14:54.5443836Z
REPAIR round=field100 rep=1 m=2098 tool=par2turbo argv='r -q -t12 -T16 f.par2' blocks_written=2098 touched_members=10 wall=159.021 cpu=1713.984 cpu_over_wall=10.78 peak_mb=1622.6 rc=0 restored=10/10 still_absent=0 strays=10 seed=20275598 foreign_cpu=23.4 foreign_after=17.2 errlen=0 ts=2026-09-12T07:18:29.3559813Z
REPAIR round=field100 rep=1 m=2098 tool=par2classic argv='r -q f.par2' blocks_written=2098 touched_members=10 wall=1635.636 cpu=16971.609 cpu_over_wall=10.38 peak_mb=1621.4 rc=0 restored=10/10 still_absent=0 strays=10 seed=20275598 foreign_cpu=14.1 foreign_after=17.2 errlen=0 ts=2026-09-12T07:46:38.2495310Z
REPAIR round=field100 rep=1 m=2098 tool=phpar2 argv='r -q f.par2' blocks_written=2098 touched_members=10 wall=1794.772 cpu=16775.516 cpu_over_wall=9.35 peak_mb=1605.2 rc=0 restored=10/10 still_absent=0 strays=10 seed=20275598 foreign_cpu=17.2 foreign_after=12.5 errlen=0 ts=2026-09-12T08:17:26.2946400Z
REPAIR round=field100 rep=1 m=2098 tool=par2j64 argv='r f.par2' blocks_written=2098 touched_members=10 wall=238.641 cpu=968.266 cpu_over_wall=4.06 peak_mb=11847.4 rc=16 restored=10/10 still_absent=0 strays=0 seed=20275598 foreign_cpu=7.8 foreign_after=18.8 errlen=0 ts=2026-09-12T08:22:15.9868688Z
REPAIR round=field100 rep=1 m=2098 tool=rarpar argv='par repair --quiet f.par2' blocks_written=2098 touched_members=10 wall=165.382 cpu=1747.641 cpu_over_wall=10.57 peak_mb=145.8 rc=0 restored=10/10 still_absent=0 strays=0 seed=20275598 foreign_cpu=15.6 foreign_after=7.8 errlen=0 ts=2026-09-12T08:26:08.4785273Z
REPAIR round=field100 rep=1 m=4096 tool=parfast argv='r -q -t12 -T16 f.par2' blocks_written=4096 touched_members=10 wall=44.076 cpu=429.484 cpu_over_wall=9.74 peak_mb=10683.7 rc=0 restored=10/10 still_absent=0 strays=10 seed=20289584 foreign_cpu=10.9 foreign_after=28.1 errlen=0 ts=2026-09-12T08:27:51.4942067Z
REPAIR round=field100 rep=1 m=4096 tool=par2turbo argv='r -q -t12 -T16 f.par2' blocks_written=4096 touched_members=10 wall=292.848 cpu=3273.328 cpu_over_wall=11.18 peak_mb=3139.6 rc=0 restored=10/10 still_absent=0 strays=10 seed=20289584 foreign_cpu=14.1 foreign_after=17.2 errlen=0 ts=2026-09-12T08:33:49.2472840Z
REPAIR round=field100 rep=1 m=4096 tool=par2classic argv='r -q f.par2' blocks_written=4096 touched_members=10 wall=3571.533 cpu=33867.188 cpu_over_wall=9.48 peak_mb=3138.2 rc=0 restored=10/10 still_absent=0 strays=10 seed=20289584 foreign_cpu=3.1 foreign_after=18.8 errlen=0 ts=2026-09-12T09:34:24.9111854Z
REPAIR round=field100 rep=1 m=4096 tool=phpar2 argv='r -q f.par2' blocks_written=4096 touched_members=10 wall=4177.323 cpu=36365.953 cpu_over_wall=8.71 peak_mb=3121.9 rc=0 restored=10/10 still_absent=0 strays=10 seed=20289584 foreign_cpu=21.9 foreign_after=9.4 errlen=0 ts=2026-09-12T10:45:05.0925409Z
REPAIR round=field100 rep=1 m=4096 tool=par2j64 argv='r f.par2' blocks_written=4096 touched_members=10 wall=427.84 cpu=1877.891 cpu_over_wall=4.39 peak_mb=13364.3 rc=16 restored=10/10 still_absent=0 strays=0 seed=20289584 foreign_cpu=18.8 foreign_after=57.8 errlen=0 ts=2026-09-12T10:53:27.9051717Z
REPAIR round=field100 rep=1 m=4096 tool=rarpar argv='par repair --quiet f.par2' blocks_written=4096 touched_members=10 wall=386.818 cpu=4175.156 cpu_over_wall=10.79 peak_mb=229.4 rc=0 restored=10/10 still_absent=0 strays=0 seed=20289584 foreign_cpu=31.2 foreign_after=23.4 errlen=0 ts=2026-09-12T11:00:58.6777911Z
REPAIR round=field100 rep=1 m=5500 tool=parfast argv='r -q -t12 -T16 f.par2' blocks_written=5500 touched_members=10 wall=53.574 cpu=515.953 cpu_over_wall=9.63 peak_mb=10754.4 rc=0 restored=10/10 still_absent=0 strays=10 seed=20299412 foreign_cpu=12.5 foreign_after=29.7 errlen=0 ts=2026-09-12T11:02:57.2415703Z
FIELD-STOPPED-BY-OPERATOR at 2026-09-12T11:07:17.3813469Z after the 4096 rung, for fast-mode testing (the maintainer, 12 Sep); rungs 5500-13990 and rep 2 deferred
