   Compiling proc-macro2 v1.0.107
   Compiling quote v1.0.47
   Compiling unicode-ident v1.0.24
   Compiling cfg-if v1.0.4
   Compiling typenum v1.20.1
   Compiling getrandom v0.4.3
   Compiling rand_core v0.10.1
   Compiling shlex v2.0.1
   Compiling find-msvc-tools v0.1.11
   Compiling cmov v0.5.4
   Compiling cpufeatures v0.3.0
   Compiling fs_extra v1.3.0
   Compiling dunce v1.0.5
   Compiling base64ct v1.8.3
   Compiling version_check v0.9.5
   Compiling const-oid v0.10.2
   Compiling libm v0.2.16
   Compiling autocfg v1.5.1
   Compiling const-oid v0.9.6
   Compiling aws-lc-rs v1.18.0
   Compiling zerocopy v0.8.54
   Compiling ctutils v0.4.2
   Compiling getrandom v0.2.17
   Compiling crossbeam-utils v0.8.22
   Compiling generic-array v0.14.7
   Compiling rand_core v0.6.4
   Compiling pem-rfc7468 v0.7.0
   Compiling spin v0.9.9
   Compiling crossbeam-epoch v0.9.20
   Compiling windows-link v0.2.1
   Compiling crc32fast v1.5.1
   Compiling once_cell v1.21.4
   Compiling rayon-core v1.13.0
   Compiling num-traits v0.2.19
   Compiling windows-sys v0.61.2
   Compiling lazy_static v1.5.0
   Compiling untrusted v0.7.1
   Compiling memchr v2.8.3
   Compiling serde_core v1.0.229
   Compiling jobserver v0.1.35
   Compiling crossbeam-deque v0.8.7
   Compiling untrusted v0.9.0
   Compiling rustls v0.23.45
   Compiling pin-project-lite v0.2.17
   Compiling zmij v1.0.23
   Compiling adler2 v2.0.1
   Compiling num-bigint-dig v0.8.6
   Compiling cc v1.4.4
   Compiling subtle v2.6.1
   Compiling cpubits v0.1.1
   Compiling constant_time_eq v0.4.2
   Compiling arrayvec v0.7.8
   Compiling simd-adler32 v0.3.10
   Compiling syn v2.0.119
   Compiling crypto-common v0.1.7
   Compiling block-buffer v0.10.4
   Compiling syn v3.0.0
   Compiling miniz_oxide v0.9.1
   Compiling digest v0.10.7
   Compiling phc v0.6.1
   Compiling tracing-core v0.1.36
   Compiling serde_json v1.0.151
   Compiling thiserror v2.0.20
   Compiling libbz2-rs-sys v0.2.5
   Compiling serde v1.0.229
   Compiling zlib-rs v0.6.6
   Compiling cmake v0.1.58
   Compiling smallvec v1.15.2
   Compiling num-integer v0.1.46
   Compiling bytes v1.12.1
   Compiling log v0.4.34
   Compiling libc v0.2.189
   Compiling bzip2 v0.6.1
   Compiling num-iter v0.1.46
   Compiling password-hash v0.6.1
   Compiling signature v2.2.0
   Compiling blake2s_simd v1.0.5
   Compiling aho-corasick v1.1.5
   Compiling lzma-rust2 v0.20.0 (<rig>\fpk18sep\src\vendor\lzma-rust2)
   Compiling ppmd-rust v1.4.0
   Compiling aws-lc-sys v0.44.0
   Compiling blake3 v1.8.7
   Compiling nzbkit-base v1.0.0 (<rig>\fpk18sep\src\crates\nzbkit-base)
   Compiling itoa v1.0.18
   Compiling socket2 v0.6.5
   Compiling mio v1.2.2
   Compiling num-bigint v0.5.1
   Compiling thiserror-impl v2.0.20
   Compiling flate2 v1.1.10
   Compiling serde_derive v1.0.229
   Compiling tracing v0.1.44
   Compiling ppv-lite86 v0.2.21
   Compiling md-5 v0.10.6
   Compiling quick-xml v0.42.0
   Compiling regex-lite v0.1.9
   Compiling sharded-slab v0.1.7
   Compiling thread_local v1.1.10
   Compiling parfast v1.6.0 (<rig>\fpk18sep\src\crates\parfast)
   Compiling rand_chacha v0.3.1
   Compiling rand v0.8.8
   Compiling tracing-subscriber v0.3.23
   Compiling zeroize_derive v1.5.0
   Compiling tokio-macros v2.7.1
   Compiling zeroize v1.9.0
   Compiling tokio v1.53.1
   Compiling hybrid-array v0.4.13
   Compiling rustls-pki-types v1.15.0
   Compiling der v0.7.10
   Compiling webpki-roots v1.0.9
   Compiling crypto-common v0.2.2
   Compiling block-buffer v0.12.1
   Compiling block-padding v0.4.2
   Compiling inout v0.2.2
   Compiling spki v0.7.3
   Compiling pkcs8 v0.10.2
   Compiling pkcs1 v0.7.5
   Compiling digest v0.11.3
   Compiling cipher v0.5.2
   Compiling universal-hash v0.6.1
   Compiling aead v0.6.1
   Compiling poly1305 v0.9.1
   Compiling sha2 v0.11.0
   Compiling blake2 v0.11.0
   Compiling sha1 v0.11.0
   Compiling hmac v0.13.0
   Compiling rsa v0.9.10
   Compiling aes v0.9.3
   Compiling cbc v0.2.1
   Compiling chacha20 v0.10.2
   Compiling argon2 v0.6.0
   Compiling chacha20poly1305 v0.11.0
   Compiling rars v0.4.6+nzbfast (<rig>\fpk18sep\src\vendor\rars)
   Compiling sevenz-rust2 v0.22.2 (<rig>\fpk18sep\src\vendor\sevenz-rust2)
   Compiling rustls-webpki v0.103.15
   Compiling tokio-rustls v0.26.4
   Compiling nzbkit v1.0.0 (<rig>\fpk18sep\src\crates\nzbkit)
    Finished `release` profile [optimized] target(s) in 1m 58s
