Scanning input file(s)...
Input data        : 24 GiB (32768 slices from 1 file)
Recovery data     : 1229.25 MiB (1639 * 768 KiB slices)
Input pass(es)    : 1, processing 1639 * 768 KiB chunks per pass
Read buffer size  : 3840 KiB * max 8 buffers
Hash method       : Scalar+PCLMUL (input), AVX2 (recovery)

Intel(R) Core(TM) i5-10600KF CPU @ 4.10GHz
  Multiply method : Shuffle (AVX2) with 8256 B loop tiling, 12 threads
  Input batching  : 12 chunks, 2 batches
  Memory Usage    : 1247.35 MiB (1639 * 768.06 KiB chunks + 18 MiB transfer buffer)

Calculating       :   0.21%
Calculating       :   0.30%
Calculating       :   0.36%
Calculating       :   0.44%
Calculating       :   0.51%
Calculating       :   0.62%
Calculating       :   0.69%
Calculating       :   0.77%
Calculating       :   0.85%
Calculating       :   0.91%
Calculating       :   0.98%
Calculating       :   1.09%
Calculating       :   1.16%
Calculating       :   1.24%
Calculating       :   1.32%
Calculating       :   1.39%
Calculating       :   1.50%
Calculating       :   1.57%
Calculating       :   1.63%
Calculating       :   1.71%
Calculating       :   1.79%
Calculating       :   1.89%
Calculating       :   1.97%
Calculating       :   2.04%
Calculating       :   2.12%
Calculating       :   2.18%
Calculating       :   2.30%
Calculating       :   2.36%
Calculating       :   2.44%
Calculating       :   2.52%
Calculating       :   2.59%
Calculating       :   2.70%
Calculating       :   2.77%
Calculating       :   2.85%
Calculating       :   2.91%
Calculating       :   2.99%
Calculating       :   3.06%
Calculating       :   3.17%
Calculating       :   3.24%
Calculating       :   3.32%
Calculating       :   3.40%
Calculating       :   3.46%
Calculating       :   3.53%
Calculating       :   3.64%
Calculating       :   3.72%
Calculating       :   3.79%
Calculating       :   3.87%
Calculating       :   3.94%
Calculating       :   4.05%
Calculating       :   4.13%
Calculating       :   4.19%
Calculating       :   4.26%
Calculating       :   4.37%
Calculating       :   4.44%
Calculating       :   4.52%
Calculating       :   4.60%
Calculating       :   4.67%
Calculating       :   4.73%
Calculating       :   4.85%
Calculating       :   4.91%
Calculating       :   4.99%
Calculating       :   5.07%
Calculating       :   5.14%
Calculating       :   5.25%
Calculating       :   5.32%
Calculating       :   5.40%
Calculating       :   5.46%
Calculating       :   5.58%
Calculating       :   5.64%
Calculating       :   5.72%
Calculating       :   5.80%
Calculating       :   5.87%
Calculating       :   5.96%
Calculating       :   6.05%
Calculating       :   6.13%
Calculating       :   6.19%
Calculating       :   6.27%
Calculating       :   6.36%
Calculating       :   6.45%
Calculating       :   6.52%
Calculating       :   6.60%
Calculating       :   6.68%
Calculating       :   6.74%
Calculating       :   6.81%
Calculating       :   6.92%
Calculating       :   7.00%
Calculating       :   7.07%
Calculating       :   7.15%
Calculating       :   7.22%
Calculating       :   7.33%
Calculating       :   7.40%
Calculating       :   7.47%
Calculating       :   7.54%
Calculating       :   7.62%
Calculating       :   7.72%
Calculating       :   7.80%
Calculating       :   7.88%
Calculating       :   7.95%
Calculating       :   8.01%
Calculating       :   8.10%
Calculating       :   8.19%
Calculating       :   8.27%
Calculating       :   8.35%
Calculating       :   8.42%
Calculating       :   8.50%
Calculating       :   8.60%
Calculating       :   8.68%
Calculating       :   8.74%
Calculating       :   8.82%
Calculating       :   8.89%
Calculating       :   9.00%
Calculating       :   9.08%
Calculating       :   9.15%
Calculating       :   9.23%
Calculating       :   9.29%
Calculating       :   9.39%
Calculating       :   9.47%
Calculating       :   9.55%
Calculating       :   9.62%
Calculating       :   9.70%
Calculating       :   9.80%
Calculating       :   9.88%
Calculating       :   9.96%
Calculating       :  10.02%
Calculating       :  10.09%
Calculating       :  10.17%
Calculating       :  10.27%
Calculating       :  10.35%
Calculating       :  10.43%
Calculating       :  10.50%
Calculating       :  10.56%
Calculating       :  10.68%
Calculating       :  10.75%
Calculating       :  10.82%
Calculating       :  10.90%
Calculating       :  10.97%
Calculating       :  11.08%
Calculating       :  11.16%
Calculating       :  11.23%
Calculating       :  11.29%
Calculating       :  11.40%
Calculating       :  11.47%
Calculating       :  11.55%
Calculating       :  11.63%
Calculating       :  11.70%
Calculating       :  11.78%
Calculating       :  11.88%
Calculating       :  11.96%
Calculating       :  12.02%
Calculating       :  12.10%
Calculating       :  12.17%
Calculating       :  12.28%
Calculating       :  12.36%
Calculating       :  12.43%
Calculating       :  12.51%
Calculating       :  12.57%
Calculating       :  12.64%
Calculating       :  12.75%
Calculating       :  12.83%
Calculating       :  12.90%
Calculating       :  12.98%
Calculating       :  13.07%
Calculating       :  13.16%
Calculating       :  13.24%
Calculating       :  13.30%
Calculating       :  13.37%
Calculating       :  13.45%
Calculating       :  13.55%
Calculating       :  13.63%
Calculating       :  13.71%
Calculating       :  13.78%
Calculating       :  13.84%
Calculating       :  13.92%
Calculating       :  14.03%
Calculating       :  14.10%
Calculating       :  14.18%
Calculating       :  14.25%
Calculating       :  14.36%
Calculating       :  14.44%
Calculating       :  14.51%
Calculating       :  14.57%
Calculating       :  14.69%
Calculating       :  14.75%
Calculating       :  14.83%
Calculating       :  14.91%
Calculating       :  14.98%
Calculating       :  15.06%
Calculating       :  15.16%
Calculating       :  15.24%
Calculating       :  15.30%
Calculating       :  15.38%
Calculating       :  15.48%
Calculating       :  15.56%
Calculating       :  15.63%
Calculating       :  15.71%
Calculating       :  15.79%
Calculating       :  15.85%
Calculating       :  15.97%
Calculating       :  16.03%
Calculating       :  16.11%
Calculating       :  16.18%
Calculating       :  16.26%
Calculating       :  16.36%
Calculating       :  16.44%
Calculating       :  16.52%
Calculating       :  16.58%
Calculating       :  16.70%
Calculating       :  16.76%
Calculating       :  16.83%
Calculating       :  16.91%
Calculating       :  16.99%
Calculating       :  17.06%
Calculating       :  17.12%
Calculating       :  17.24%
Calculating       :  17.31%
Calculating       :  17.38%
Calculating       :  17.46%
Calculating       :  17.56%
Calculating       :  17.64%
Calculating       :  17.72%
Calculating       :  17.79%
Calculating       :  17.85%
Calculating       :  17.93%
Calculating       :  18.03%
Calculating       :  18.11%
Calculating       :  18.19%
Calculating       :  18.26%
Calculating       :  18.34%
Calculating       :  18.40%
Calculating       :  18.47%
Calculating       :  18.55%
Calculating       :  18.63%
Calculating       :  18.73%
Calculating       :  18.81%
Calculating       :  18.88%
Calculating       :  18.95%
Calculating       :  19.02%
Calculating       :  19.10%
Calculating       :  19.17%
Calculating       :  19.25%
Calculating       :  19.36%
Calculating       :  19.43%
Calculating       :  19.49%
Calculating       :  19.57%
Calculating       :  19.64%
Calculating       :  19.75%
Calculating       :  19.83%
Calculating       :  19.90%
Calculating       :  19.98%
Calculating       :  20.04%
Calculating       :  20.11%
Calculating       :  20.22%
Calculating       :  20.30%
Calculating       :  20.37%
Calculating       :  20.45%
Calculating       :  20.52%
Calculating       :  20.63%
Calculating       :  20.71%
Calculating       :  20.77%
Calculating       :  20.84%
Calculating       :  20.92%
Calculating       :  21.00%
Calculating       :  21.10%
Calculating       :  21.18%
Calculating       :  21.25%
Calculating       :  21.31%
Calculating       :  21.39%
Calculating       :  21.50%
Calculating       :  21.57%
Calculating       :  21.65%
Calculating       :  21.72%
Calculating       :  21.80%
Calculating       :  21.91%
Calculating       :  21.98%
Calculating       :  22.04%
Calculating       :  22.12%
Calculating       :  22.22%
Calculating       :  22.30%
Calculating       :  22.38%
Calculating       :  22.45%
Calculating       :  22.53%
Calculating       :  22.63%
Calculating       :  22.71%
Calculating       :  22.77%
Calculating       :  22.85%
Calculating       :  22.92%
Calculating       :  23.00%
Calculating       :  23.11%
Calculating       :  23.18%
Calculating       :  23.26%
Calculating       :  23.32%
Calculating       :  23.39%
Calculating       :  23.50%
Calculating       :  23.58%
Calculating       :  23.65%
Calculating       :  23.73%
Calculating       :  23.83%
Calculating       :  23.91%
Calculating       :  23.99%
Calculating       :  24.05%
Calculating       :  24.12%
Calculating       :  24.20%
Calculating       :  24.31%
Calculating       :  24.38%
Calculating       :  24.46%
Calculating       :  24.53%
Calculating       :  24.59%
Calculating       :  24.70%
Calculating       :  24.78%
Calculating       :  24.85%
Calculating       :  24.93%
Calculating       :  25.00%
Calculating       :  25.08%
Calculating       :  25.19%
Calculating       :  25.26%
Calculating       :  25.32%
Calculating       :  25.40%
Calculating       :  25.47%
Calculating       :  25.55%
Calculating       :  25.63%
Calculating       :  25.69%
Calculating       :  25.76%
Calculating       :  25.87%
Calculating       :  25.95%
Calculating       :  26.02%
Calculating       :  26.10%
Calculating       :  26.17%
Calculating       :  26.28%
Calculating       :  26.36%
Calculating       :  26.42%
Calculating       :  26.49%
Calculating       :  26.57%
Calculating       :  26.67%
Calculating       :  26.75%
Calculating       :  26.83%
Calculating       :  26.90%
Calculating       :  26.96%
Calculating       :  27.07%
Calculating       :  27.14%
Calculating       :  27.22%
Calculating       :  27.30%
Calculating       :  27.37%
Calculating       :  27.48%
Calculating       :  27.55%
Calculating       :  27.63%
Calculating       :  27.69%
Calculating       :  27.80%
Calculating       :  27.87%
Calculating       :  27.95%
Calculating       :  28.03%
Calculating       :  28.12%
Calculating       :  28.21%
Calculating       :  28.28%
Calculating       :  28.36%
Calculating       :  28.42%
Calculating       :  28.50%
Calculating       :  28.60%
Calculating       :  28.68%
Calculating       :  28.75%
Calculating       :  28.83%
Calculating       :  28.91%
Calculating       :  29.01%
Calculating       :  29.09%
Calculating       :  29.15%
Calculating       :  29.23%
Calculating       :  29.30%
Calculating       :  29.41%
Calculating       :  29.48%
Calculating       :  29.56%
Calculating       :  29.63%
Calculating       :  29.74%
Calculating       :  29.82%
Calculating       :  29.88%
Calculating       :  29.95%
Calculating       :  30.03%
Calculating       :  30.11%
Calculating       :  30.18%
Calculating       :  30.29%
Calculating       :  30.36%
Calculating       :  30.42%
Calculating       :  30.50%
Calculating       :  30.58%
Calculating       :  30.68%
Calculating       :  30.76%
Calculating       :  30.83%
Calculating       :  30.91%
Calculating       :  30.97%
Calculating       :  31.09%
Calculating       :  31.15%
Calculating       :  31.23%
Calculating       :  31.31%
Calculating       :  31.41%
Calculating       :  31.49%
Calculating       :  31.56%
Calculating       :  31.64%
Calculating       :  31.70%
Calculating       :  31.82%
Calculating       :  31.88%
Calculating       :  31.96%
Calculating       :  32.03%
Calculating       :  32.11%
Calculating       :  32.19%
Calculating       :  32.29%
Calculating       :  32.37%
Calculating       :  32.43%
Calculating       :  32.50%
Calculating       :  32.58%
Calculating       :  32.69%
Calculating       :  32.76%
Calculating       :  32.84%
Calculating       :  32.91%
Calculating       :  33.02%
Calculating       :  33.10%
Calculating       :  33.16%
Calculating       :  33.23%
Calculating       :  33.31%
Calculating       :  33.39%
Calculating       :  33.49%
Calculating       :  33.57%
Calculating       :  33.64%
Calculating       :  33.70%
Calculating       :  33.78%
Calculating       :  33.89%
Calculating       :  33.96%
Calculating       :  34.04%
Calculating       :  34.11%
Calculating       :  34.19%
Calculating       :  34.30%
Calculating       :  34.37%
Calculating       :  34.43%
Calculating       :  34.51%
Calculating       :  34.59%
Calculating       :  34.66%
Calculating       :  34.74%
Calculating       :  34.84%
Calculating       :  34.92%
Calculating       :  34.98%
Calculating       :  35.06%
Calculating       :  35.16%
Calculating       :  35.24%
Calculating       :  35.31%
Calculating       :  35.39%
Calculating       :  35.47%
Calculating       :  35.57%
Calculating       :  35.65%
Calculating       :  35.71%
Calculating       :  35.78%
Calculating       :  35.89%
Calculating       :  35.97%
Calculating       :  36.04%
Calculating       :  36.12%
Calculating       :  36.19%
Calculating       :  36.30%
Calculating       :  36.38%
Calculating       :  36.44%
Calculating       :  36.51%
Calculating       :  36.59%
Calculating       :  36.70%
Calculating       :  36.77%
Calculating       :  36.85%
Calculating       :  36.92%
Calculating       :  36.98%
Calculating       :  37.11%
Calculating       :  37.17%
Calculating       :  37.24%
Calculating       :  37.32%
Calculating       :  37.39%
Calculating       :  37.50%
Calculating       :  37.58%
Calculating       :  37.65%
Calculating       :  37.71%
Calculating       :  37.79%
Calculating       :  37.90%
Calculating       :  37.97%
Calculating       :  38.05%
Calculating       :  38.12%
Calculating       :  38.20%
Calculating       :  38.26%
Calculating       :  38.38%
Calculating       :  38.44%
Calculating       :  38.52%
Calculating       :  38.59%
Calculating       :  38.67%
Calculating       :  38.78%
Calculating       :  38.85%
Calculating       :  38.93%
Calculating       :  38.99%
Calculating       :  39.06%
Calculating       :  39.17%
Calculating       :  39.25%
Calculating       :  39.32%
Calculating       :  39.40%
Calculating       :  39.47%
Calculating       :  39.58%
Calculating       :  39.66%
Calculating       :  39.72%
Calculating       :  39.79%
Calculating       :  39.87%
Calculating       :  39.95%
Calculating       :  40.05%
Calculating       :  40.13%
Calculating       :  40.20%
Calculating       :  40.26%
Calculating       :  40.39%
Calculating       :  40.45%
Calculating       :  40.52%
Calculating       :  40.60%
Calculating       :  40.67%
Calculating       :  40.78%
Calculating       :  40.86%
Calculating       :  40.93%
Calculating       :  40.99%
Calculating       :  41.07%
Calculating       :  41.14%
Calculating       :  41.25%
Calculating       :  41.33%
Calculating       :  41.40%
Calculating       :  41.48%
Calculating       :  41.55%
Calculating       :  41.66%
Calculating       :  41.72%
Calculating       :  41.80%
Calculating       :  41.87%
Calculating       :  41.95%
Calculating       :  42.06%
Calculating       :  42.13%
Calculating       :  42.21%
Calculating       :  42.27%
Calculating       :  42.39%
Calculating       :  42.45%
Calculating       :  42.53%
Calculating       :  42.60%
Calculating       :  42.68%
Calculating       :  42.75%
Calculating       :  42.86%
Calculating       :  42.94%
Calculating       :  43.00%
Calculating       :  43.07%
Calculating       :  43.15%
Calculating       :  43.24%
Calculating       :  43.33%
Calculating       :  43.41%
Calculating       :  43.48%
Calculating       :  43.54%
Calculating       :  43.62%
Calculating       :  43.73%
Calculating       :  43.80%
Calculating       :  43.88%
Calculating       :  43.95%
Calculating       :  44.03%
Calculating       :  44.14%
Calculating       :  44.21%
Calculating       :  44.27%
Calculating       :  44.35%
Calculating       :  44.42%
Calculating       :  44.52%
Calculating       :  44.61%
Calculating       :  44.68%
Calculating       :  44.76%
Calculating       :  44.82%
Calculating       :  44.90%
Calculating       :  45.00%
Calculating       :  45.08%
Calculating       :  45.15%
Calculating       :  45.23%
Calculating       :  45.34%
Calculating       :  45.41%
Calculating       :  45.49%
Calculating       :  45.55%
Calculating       :  45.62%
Calculating       :  45.70%
Calculating       :  45.81%
Calculating       :  45.88%
Calculating       :  45.96%
Calculating       :  46.03%
Calculating       :  46.09%
Calculating       :  46.19%
Calculating       :  46.28%
Calculating       :  46.35%
Calculating       :  46.43%
Calculating       :  46.50%
Calculating       :  46.58%
Calculating       :  46.69%
Calculating       :  46.76%
Calculating       :  46.82%
Calculating       :  46.90%
Calculating       :  46.98%
Calculating       :  47.05%
Calculating       :  47.13%
Calculating       :  47.23%
Calculating       :  47.31%
Calculating       :  47.37%
Calculating       :  47.45%
Calculating       :  47.52%
Calculating       :  47.60%
Calculating       :  47.70%
Calculating       :  47.78%
Calculating       :  47.86%
Calculating       :  47.92%
Calculating       :  47.99%
Calculating       :  48.10%
Calculating       :  48.18%
Calculating       :  48.25%
Calculating       :  48.33%
Calculating       :  48.40%
Calculating       :  48.51%
Calculating       :  48.59%
Calculating       :  48.65%
Calculating       :  48.72%
Calculating       :  48.80%
Calculating       :  48.90%
Calculating       :  48.98%
Calculating       :  49.06%
Calculating       :  49.13%
Calculating       :  49.19%
Calculating       :  49.31%
Calculating       :  49.37%
Calculating       :  49.45%
Calculating       :  49.53%
Calculating       :  49.63%
Calculating       :  49.71%
Calculating       :  49.78%
Calculating       :  49.86%
Calculating       :  49.92%
Calculating       :  50.04%
Calculating       :  50.10%
Calculating       :  50.18%
Calculating       :  50.26%
Calculating       :  50.33%
Calculating       :  50.41%
Calculating       :  50.51%
Calculating       :  50.59%
Calculating       :  50.65%
Calculating       :  50.73%
Calculating       :  50.80%
Calculating       :  50.91%
Calculating       :  50.98%
Calculating       :  51.06%
Calculating       :  51.14%
Calculating       :  51.20%
Calculating       :  51.32%
Calculating       :  51.38%
Calculating       :  51.45%
Calculating       :  51.53%
Calculating       :  51.61%
Calculating       :  51.68%
Calculating       :  51.76%
Calculating       :  51.86%
Calculating       :  51.90%
Calculating       :  51.97%
Calculating       :  52.08%
Calculating       :  52.15%
Calculating       :  52.23%
Calculating       :  52.29%
Calculating       :  52.37%
Calculating       :  52.47%
Calculating       :  52.55%
Calculating       :  52.62%
Calculating       :  52.70%
Calculating       :  52.78%
Calculating       :  52.84%
Calculating       :  52.96%
Calculating       :  53.02%
Calculating       :  53.09%
Calculating       :  53.17%
Calculating       :  53.25%
Calculating       :  53.35%
Calculating       :  53.43%
Calculating       :  53.50%
Calculating       :  53.57%
Calculating       :  53.67%
Calculating       :  53.75%
Calculating       :  53.82%
Calculating       :  53.90%
Calculating       :  53.98%
Calculating       :  54.05%
Calculating       :  54.16%
Calculating       :  54.23%
Calculating       :  54.29%
Calculating       :  54.37%
Calculating       :  54.45%
Calculating       :  54.55%
Calculating       :  54.63%
Calculating       :  54.70%
Calculating       :  54.78%
Calculating       :  54.84%
Calculating       :  54.92%
Calculating       :  55.01%
Calculating       :  55.10%
Calculating       :  55.18%
Calculating       :  55.25%
Calculating       :  55.33%
Calculating       :  55.43%
Calculating       :  55.51%
Calculating       :  55.57%
Calculating       :  55.65%
Calculating       :  55.75%
Calculating       :  55.83%
Calculating       :  55.90%
Calculating       :  55.98%
Calculating       :  56.06%
Calculating       :  56.12%
Calculating       :  56.22%
Calculating       :  56.30%
Calculating       :  56.37%
Calculating       :  56.45%
Calculating       :  56.53%
Calculating       :  56.60%
Calculating       :  56.71%
Calculating       :  56.78%
Calculating       :  56.85%
Calculating       :  56.92%
Calculating       :  57.00%
Calculating       :  57.07%
Calculating       :  57.15%
Calculating       :  57.26%
Calculating       :  57.33%
Calculating       :  57.39%
Calculating       :  57.47%
Calculating       :  57.54%
Calculating       :  57.62%
Calculating       :  57.73%
Calculating       :  57.80%
Calculating       :  57.88%
Calculating       :  57.94%
Calculating       :  58.01%
Calculating       :  58.09%
Calculating       :  58.20%
Calculating       :  58.27%
Calculating       :  58.35%
Calculating       :  58.42%
Calculating       :  58.49%
Calculating       :  58.56%
Calculating       :  58.67%
Calculating       :  58.74%
Calculating       :  58.82%
Calculating       :  58.90%
Calculating       :  58.97%
Calculating       :  59.03%
Calculating       :  59.15%
Calculating       :  59.21%
Calculating       :  59.29%
Calculating       :  59.37%
Calculating       :  59.44%
Calculating       :  59.55%
Calculating       :  59.62%
Calculating       :  59.70%
Calculating       :  59.76%
Calculating       :  59.84%
Calculating       :  59.91%
Calculating       :  59.99%
Calculating       :  60.09%
Calculating       :  60.17%
Calculating       :  60.25%
Calculating       :  60.31%
Calculating       :  60.38%
Calculating       :  60.49%
Calculating       :  60.57%
Calculating       :  60.64%
Calculating       :  60.72%
Calculating       :  60.79%
Calculating       :  60.85%
Calculating       :  60.98%
Calculating       :  61.04%
Calculating       :  61.11%
Calculating       :  61.19%
Calculating       :  61.26%
Calculating       :  61.37%
Calculating       :  61.45%
Calculating       :  61.52%
Calculating       :  61.58%
Calculating       :  61.66%
Calculating       :  61.77%
Calculating       :  61.84%
Calculating       :  61.92%
Calculating       :  61.99%
Calculating       :  62.07%
Calculating       :  62.13%
Calculating       :  62.24%
Calculating       :  62.31%
Calculating       :  62.39%
Calculating       :  62.46%
Calculating       :  62.54%
Calculating       :  62.62%
Calculating       :  62.68%
Calculating       :  62.80%
Calculating       :  62.86%
Calculating       :  62.93%
Calculating       :  63.01%
Calculating       :  63.09%
Calculating       :  63.16%
Calculating       :  63.27%
Calculating       :  63.34%
Calculating       :  63.41%
Calculating       :  63.48%
Calculating       :  63.56%
Calculating       :  63.66%
Calculating       :  63.74%
Calculating       :  63.82%
Calculating       :  63.89%
Calculating       :  63.95%
Calculating       :  64.03%
Calculating       :  64.13%
Calculating       :  64.21%
Calculating       :  64.29%
Calculating       :  64.36%
Calculating       :  64.44%
Calculating       :  64.50%
Calculating       :  64.57%
Calculating       :  64.65%
Calculating       :  64.73%
Calculating       :  64.80%
Calculating       :  64.91%
Calculating       :  64.98%
Calculating       :  65.05%
Calculating       :  65.12%
Calculating       :  65.21%
Calculating       :  65.30%
Calculating       :  65.38%
Calculating       :  65.46%
Calculating       :  65.53%
Calculating       :  65.59%
Calculating       :  65.70%
Calculating       :  65.77%
Calculating       :  65.85%
Calculating       :  65.93%
Calculating       :  66.00%
Calculating       :  66.08%
Calculating       :  66.18%
Calculating       :  66.26%
Calculating       :  66.32%
Calculating       :  66.40%
Calculating       :  66.47%
Calculating       :  66.55%
Calculating       :  66.64%
Calculating       :  66.73%
Calculating       :  66.81%
Calculating       :  66.87%
Calculating       :  66.94%
Calculating       :  67.05%
Calculating       :  67.13%
Calculating       :  67.20%
Calculating       :  67.28%
Calculating       :  67.35%
Calculating       :  67.41%
Calculating       :  67.49%
Calculating       :  67.60%
Calculating       :  67.67%
Calculating       :  67.75%
Calculating       :  67.82%
Calculating       :  67.90%
Calculating       :  67.96%
Calculating       :  68.08%
Calculating       :  68.14%
Calculating       :  68.22%
Calculating       :  68.29%
Calculating       :  68.37%
Calculating       :  68.48%
Calculating       :  68.55%
Calculating       :  68.63%
Calculating       :  68.69%
Calculating       :  68.81%
Calculating       :  68.87%
Calculating       :  68.95%
Calculating       :  69.02%
Calculating       :  69.10%
Calculating       :  69.18%
Calculating       :  69.28%
Calculating       :  69.36%
Calculating       :  69.42%
Calculating       :  69.49%
Calculating       :  69.57%
Calculating       :  69.65%
Calculating       :  69.75%
Calculating       :  69.83%
Calculating       :  69.90%
Calculating       :  69.96%
Calculating       :  70.04%
Calculating       :  70.12%
Calculating       :  70.21%
Calculating       :  70.30%
Calculating       :  70.37%
Calculating       :  70.45%
Calculating       :  70.51%
Calculating       :  70.59%
Calculating       :  70.68%
Calculating       :  70.77%
Calculating       :  70.85%
Calculating       :  70.92%
Calculating       :  71.00%
Calculating       :  71.06%
Calculating       :  71.18%
Calculating       :  71.24%
Calculating       :  71.32%
Calculating       :  71.39%
Calculating       :  71.47%
Calculating       :  71.56%
Calculating       :  71.65%
Calculating       :  71.73%
Calculating       :  71.79%
Calculating       :  71.86%
Calculating       :  71.94%
Calculating       :  72.01%
Calculating       :  72.12%
Calculating       :  72.20%
Calculating       :  72.27%
Calculating       :  72.33%
Calculating       :  72.41%
Calculating       :  72.49%
Calculating       :  72.59%
Calculating       :  72.67%
Calculating       :  72.74%
Calculating       :  72.82%
Calculating       :  72.88%
Calculating       :  73.00%
Calculating       :  73.06%
Calculating       :  73.14%
Calculating       :  73.21%
Calculating       :  73.29%
Calculating       :  73.37%
Calculating       :  73.43%
Calculating       :  73.52%
Calculating       :  73.61%
Calculating       :  73.68%
Calculating       :  73.76%
Calculating       :  73.84%
Calculating       :  73.91%
Calculating       :  73.97%
Calculating       :  74.09%
Calculating       :  74.16%
Calculating       :  74.23%
Calculating       :  74.31%
Calculating       :  74.38%
Calculating       :  74.46%
Calculating       :  74.57%
Calculating       :  74.64%
Calculating       :  74.70%
Calculating       :  74.78%
Calculating       :  74.85%
Calculating       :  74.96%
Calculating       :  75.04%
Calculating       :  75.11%
Calculating       :  75.19%
Calculating       :  75.25%
Calculating       :  75.32%
Calculating       :  75.43%
Calculating       :  75.51%
Calculating       :  75.58%
Calculating       :  75.66%
Calculating       :  75.73%
Calculating       :  75.84%
Calculating       :  75.92%
Calculating       :  75.98%
Calculating       :  76.05%
Calculating       :  76.13%
Calculating       :  76.21%
Calculating       :  76.31%
Calculating       :  76.39%
Calculating       :  76.46%
Calculating       :  76.52%
Calculating       :  76.60%
Calculating       :  76.68%
Calculating       :  76.78%
Calculating       :  76.86%
Calculating       :  76.93%
Calculating       :  77.01%
Calculating       :  77.12%
Calculating       :  77.19%
Calculating       :  77.25%
Calculating       :  77.33%
Calculating       :  77.41%
Calculating       :  77.48%
Calculating       :  77.59%
Calculating       :  77.66%
Calculating       :  77.74%
Calculating       :  77.80%
Calculating       :  77.88%
Calculating       :  77.98%
Calculating       :  78.06%
Calculating       :  78.13%
Calculating       :  78.21%
Calculating       :  78.29%
Calculating       :  78.35%
Calculating       :  78.42%
Calculating       :  78.53%
Calculating       :  78.60%
Calculating       :  78.68%
Calculating       :  78.76%
Calculating       :  78.83%
Calculating       :  78.94%
Calculating       :  79.01%
Calculating       :  79.08%
Calculating       :  79.15%
Calculating       :  79.23%
Calculating       :  79.30%
Calculating       :  79.38%
Calculating       :  79.49%
Calculating       :  79.56%
Calculating       :  79.62%
Calculating       :  79.70%
Calculating       :  79.77%
Calculating       :  79.88%
Calculating       :  79.96%
Calculating       :  80.03%
Calculating       :  80.11%
Calculating       :  80.17%
Calculating       :  80.29%
Calculating       :  80.35%
Calculating       :  80.43%
Calculating       :  80.50%
Calculating       :  80.58%
Calculating       :  80.65%
Calculating       :  80.76%
Calculating       :  80.84%
Calculating       :  80.90%
Calculating       :  80.97%
Calculating       :  81.05%
Calculating       :  81.13%
Calculating       :  81.20%
Calculating       :  81.31%
Calculating       :  81.38%
Calculating       :  81.44%
Calculating       :  81.52%
Calculating       :  81.60%
Calculating       :  81.70%
Calculating       :  81.78%
Calculating       :  81.85%
Calculating       :  81.93%
Calculating       :  82.02%
Calculating       :  82.11%
Calculating       :  82.17%
Calculating       :  82.25%
Calculating       :  82.32%
Calculating       :  82.40%
Calculating       :  82.48%
Calculating       :  82.58%
Calculating       :  82.66%
Calculating       :  82.72%
Calculating       :  82.80%
Calculating       :  82.89%
Calculating       :  82.98%
Calculating       :  83.05%
Calculating       :  83.13%
Calculating       :  83.21%
Calculating       :  83.27%
Calculating       :  83.34%
Calculating       :  83.45%
Calculating       :  83.52%
Calculating       :  83.60%
Calculating       :  83.68%
Calculating       :  83.75%
Calculating       :  83.81%
Calculating       :  83.93%
Calculating       :  84.00%
Calculating       :  84.07%
Calculating       :  84.15%
Calculating       :  84.22%
Calculating       :  84.33%
Calculating       :  84.41%
Calculating       :  84.48%
Calculating       :  84.54%
Calculating       :  84.62%
Calculating       :  84.69%
Calculating       :  84.80%
Calculating       :  84.88%
Calculating       :  84.95%
Calculating       :  85.03%
Calculating       :  85.09%
Calculating       :  85.21%
Calculating       :  85.27%
Calculating       :  85.35%
Calculating       :  85.42%
Calculating       :  85.50%
Calculating       :  85.57%
Calculating       :  85.67%
Calculating       :  85.76%
Calculating       :  85.82%
Calculating       :  85.89%
Calculating       :  85.97%
Calculating       :  86.05%
Calculating       :  86.15%
Calculating       :  86.23%
Calculating       :  86.30%
Calculating       :  86.36%
Calculating       :  86.49%
Calculating       :  86.55%
Calculating       :  86.62%
Calculating       :  86.70%
Calculating       :  86.77%
Calculating       :  86.85%
Calculating       :  86.96%
Calculating       :  87.03%
Calculating       :  87.09%
Calculating       :  87.17%
Calculating       :  87.24%
Calculating       :  87.32%
Calculating       :  87.40%
Calculating       :  87.50%
Calculating       :  87.58%
Calculating       :  87.64%
Calculating       :  87.72%
Calculating       :  87.79%
Calculating       :  87.90%
Calculating       :  87.97%
Calculating       :  88.05%
Calculating       :  88.13%
Calculating       :  88.19%
Calculating       :  88.26%
Calculating       :  88.35%
Calculating       :  88.44%
Calculating       :  88.52%
Calculating       :  88.60%
Calculating       :  88.67%
Calculating       :  88.73%
Calculating       :  88.81%
Calculating       :  88.91%
Calculating       :  88.99%
Calculating       :  89.07%
Calculating       :  89.14%
Calculating       :  89.22%
Calculating       :  89.28%
Calculating       :  89.40%
Calculating       :  89.46%
Calculating       :  89.54%
Calculating       :  89.61%
Calculating       :  89.69%
Calculating       :  89.77%
Calculating       :  89.83%
Calculating       :  89.90%
Calculating       :  89.98%
Calculating       :  90.08%
Calculating       :  90.16%
Calculating       :  90.24%
Calculating       :  90.31%
Calculating       :  90.37%
Calculating       :  90.45%
Calculating       :  90.52%
Calculating       :  90.60%
Calculating       :  90.68%
Calculating       :  90.75%
Calculating       :  90.86%
Calculating       :  90.92%
Calculating       :  91.00%
Calculating       :  91.07%
Calculating       :  91.15%
Calculating       :  91.25%
Calculating       :  91.33%
Calculating       :  91.41%
Calculating       :  91.47%
Calculating       :  91.54%
Calculating       :  91.62%
Calculating       :  91.72%
Calculating       :  91.80%
Calculating       :  91.88%
Calculating       :  91.95%
Calculating       :  92.01%
Calculating       :  92.09%
Calculating       :  92.19%
Calculating       :  92.27%
Calculating       :  92.35%
Calculating       :  92.42%
Calculating       :  92.50%
Calculating       :  92.56%
Calculating       :  92.68%
Calculating       :  92.74%
Calculating       :  92.82%
Calculating       :  92.89%
Calculating       :  92.97%
Calculating       :  93.08%
Calculating       :  93.15%
Calculating       :  93.23%
Calculating       :  93.29%
Calculating       :  93.36%
Calculating       :  93.47%
Calculating       :  93.55%
Calculating       :  93.62%
Calculating       :  93.70%
Calculating       :  93.77%
Calculating       :  93.83%
Calculating       :  93.91%
Calculating       :  94.02%
Calculating       :  94.09%
Calculating       :  94.17%
Calculating       :  94.24%
Calculating       :  94.32%
Calculating       :  94.43%
Calculating       :  94.50%
Calculating       :  94.56%
Calculating       :  94.64%
Calculating       :  94.72%
Calculating       :  94.79%
Calculating       :  94.90%
Calculating       :  94.97%
Calculating       :  95.05%
Calculating       :  95.11%
Calculating       :  95.19%
Calculating       :  95.26%
Calculating       :  95.37%
Calculating       :  95.44%
Calculating       :  95.52%
Calculating       :  95.60%
Calculating       :  95.66%
Calculating       :  95.73%
Calculating       :  95.84%
Calculating       :  95.91%
Calculating       :  95.99%
Calculating       :  96.07%
Calculating       :  96.17%
Calculating       :  96.25%
Calculating       :  96.32%
Calculating       :  96.39%
Calculating       :  96.46%
Calculating       :  96.54%
Calculating       :  96.61%
Calculating       :  96.72%
Calculating       :  96.80%
Calculating       :  96.87%
Calculating       :  96.93%
Calculating       :  97.01%
Calculating       :  97.08%
Calculating       :  97.19%
Calculating       :  97.27%
Calculating       :  97.34%
Calculating       :  97.42%
Calculating       :  97.48%
Calculating       :  97.55%
Calculating       :  97.66%
Calculating       :  97.74%
Calculating       :  97.81%
Calculating       :  97.89%
Calculating       :  97.96%
Calculating       :  98.06%
Calculating       :  98.15%
Calculating       :  98.21%
Calculating       :  98.28%
Calculating       :  98.36%
Calculating       :  98.44%
Calculating       :  98.51%
Calculating       :  98.60%
Calculating       :  98.69%
Calculating       :  98.75%
Calculating       :  98.83%
Calculating       :  98.91%
Calculating       :  98.98%
Calculating       :  99.09%
Calculating       :  99.16%
Calculating       :  99.24%
Calculating       :  99.30%
Calculating       :  99.38%
Calculating       :  99.45%
Calculating       :  99.51%
Writing           :  99.51%
Writing           :  99.55%
Writing           :  99.74%
Writing           :  99.94%
Finished          : 100.00%
Processing time   : 257.539 s
