Scanning input file(s)...
Input data        : 24 GiB (32768 slices from 1 file)
Recovery data     : 1229.25 MiB (1639 * 768 KiB slices)
Input pass(es)    : 1, processing 1639 * 768 KiB chunks per pass
Read buffer size  : 3840 KiB * max 8 buffers
Hash method       : Scalar+PCLMUL (input), AVX2 (recovery)

Intel(R) Core(TM) i5-10600KF CPU @ 4.10GHz
  Multiply method : Shuffle (AVX2) with 8256 B loop tiling, 12 threads
  Input batching  : 12 chunks, 2 batches
  Memory Usage    : 1247.35 MiB (1639 * 768.06 KiB chunks + 18 MiB transfer buffer)

Calculating       :   0.22%
Calculating       :   0.30%
Calculating       :   0.36%
Calculating       :   0.44%
Calculating       :   0.51%
Calculating       :   0.59%
Calculating       :   0.66%
Calculating       :   0.77%
Calculating       :   0.85%
Calculating       :   0.91%
Calculating       :   0.98%
Calculating       :   1.06%
Calculating       :   1.13%
Calculating       :   1.24%
Calculating       :   1.32%
Calculating       :   1.39%
Calculating       :   1.45%
Calculating       :   1.54%
Calculating       :   1.63%
Calculating       :   1.71%
Calculating       :   1.79%
Calculating       :   1.86%
Calculating       :   1.94%
Calculating       :   2.03%
Calculating       :   2.12%
Calculating       :   2.18%
Calculating       :   2.26%
Calculating       :   2.33%
Calculating       :   2.41%
Calculating       :   2.52%
Calculating       :   2.59%
Calculating       :   2.67%
Calculating       :   2.73%
Calculating       :   2.80%
Calculating       :   2.88%
Calculating       :   2.99%
Calculating       :   3.06%
Calculating       :   3.14%
Calculating       :   3.21%
Calculating       :   3.27%
Calculating       :   3.40%
Calculating       :   3.46%
Calculating       :   3.53%
Calculating       :   3.61%
Calculating       :   3.68%
Calculating       :   3.79%
Calculating       :   3.87%
Calculating       :   3.94%
Calculating       :   4.00%
Calculating       :   4.08%
Calculating       :   4.19%
Calculating       :   4.26%
Calculating       :   4.34%
Calculating       :   4.41%
Calculating       :   4.49%
Calculating       :   4.60%
Calculating       :   4.67%
Calculating       :   4.73%
Calculating       :   4.81%
Calculating       :   4.88%
Calculating       :   4.99%
Calculating       :   5.07%
Calculating       :   5.14%
Calculating       :   5.22%
Calculating       :   5.28%
Calculating       :   5.36%
Calculating       :   5.46%
Calculating       :   5.54%
Calculating       :   5.61%
Calculating       :   5.69%
Calculating       :   5.77%
Calculating       :   5.87%
Calculating       :   5.95%
Calculating       :   6.01%
Calculating       :   6.08%
Calculating       :   6.16%
Calculating       :   6.24%
Calculating       :   6.34%
Calculating       :   6.42%
Calculating       :   6.49%
Calculating       :   6.55%
Calculating       :   6.63%
Calculating       :   6.71%
Calculating       :   6.81%
Calculating       :   6.89%
Calculating       :   6.96%
Calculating       :   7.04%
Calculating       :   7.13%
Calculating       :   7.22%
Calculating       :   7.28%
Calculating       :   7.36%
Calculating       :   7.44%
Calculating       :   7.51%
Calculating       :   7.62%
Calculating       :   7.69%
Calculating       :   7.77%
Calculating       :   7.83%
Calculating       :   7.91%
Calculating       :   8.01%
Calculating       :   8.09%
Calculating       :   8.16%
Calculating       :   8.24%
Calculating       :   8.32%
Calculating       :   8.38%
Calculating       :   8.50%
Calculating       :   8.56%
Calculating       :   8.63%
Calculating       :   8.71%
Calculating       :   8.79%
Calculating       :   8.86%
Calculating       :   8.97%
Calculating       :   9.04%
Calculating       :   9.11%
Calculating       :   9.18%
Calculating       :   9.26%
Calculating       :   9.36%
Calculating       :   9.44%
Calculating       :   9.52%
Calculating       :   9.59%
Calculating       :   9.65%
Calculating       :   9.77%
Calculating       :   9.83%
Calculating       :   9.91%
Calculating       :   9.99%
Calculating       :  10.06%
Calculating       :  10.14%
Calculating       :  10.24%
Calculating       :  10.32%
Calculating       :  10.38%
Calculating       :  10.46%
Calculating       :  10.53%
Calculating       :  10.64%
Calculating       :  10.72%
Calculating       :  10.79%
Calculating       :  10.87%
Calculating       :  10.93%
Calculating       :  11.00%
Calculating       :  11.08%
Calculating       :  11.16%
Calculating       :  11.23%
Calculating       :  11.29%
Calculating       :  11.41%
Calculating       :  11.47%
Calculating       :  11.55%
Calculating       :  11.63%
Calculating       :  11.70%
Calculating       :  11.78%
Calculating       :  11.84%
Calculating       :  11.91%
Calculating       :  12.02%
Calculating       :  12.10%
Calculating       :  12.17%
Calculating       :  12.25%
Calculating       :  12.36%
Calculating       :  12.43%
Calculating       :  12.51%
Calculating       :  12.57%
Calculating       :  12.64%
Calculating       :  12.72%
Calculating       :  12.83%
Calculating       :  12.90%
Calculating       :  12.98%
Calculating       :  13.05%
Calculating       :  13.11%
Calculating       :  13.24%
Calculating       :  13.30%
Calculating       :  13.37%
Calculating       :  13.45%
Calculating       :  13.52%
Calculating       :  13.60%
Calculating       :  13.66%
Calculating       :  13.78%
Calculating       :  13.84%
Calculating       :  13.92%
Calculating       :  14.00%
Calculating       :  14.10%
Calculating       :  14.18%
Calculating       :  14.25%
Calculating       :  14.33%
Calculating       :  14.39%
Calculating       :  14.47%
Calculating       :  14.57%
Calculating       :  14.65%
Calculating       :  14.72%
Calculating       :  14.80%
Calculating       :  14.91%
Calculating       :  14.98%
Calculating       :  15.06%
Calculating       :  15.12%
Calculating       :  15.19%
Calculating       :  15.29%
Calculating       :  15.38%
Calculating       :  15.45%
Calculating       :  15.53%
Calculating       :  15.60%
Calculating       :  15.67%
Calculating       :  15.74%
Calculating       :  15.82%
Calculating       :  15.92%
Calculating       :  16.00%
Calculating       :  16.08%
Calculating       :  16.15%
Calculating       :  16.21%
Calculating       :  16.33%
Calculating       :  16.39%
Calculating       :  16.47%
Calculating       :  16.55%
Calculating       :  16.62%
Calculating       :  16.73%
Calculating       :  16.80%
Calculating       :  16.88%
Calculating       :  16.94%
Calculating       :  17.02%
Calculating       :  17.09%
Calculating       :  17.18%
Calculating       :  17.27%
Calculating       :  17.35%
Calculating       :  17.43%
Calculating       :  17.49%
Calculating       :  17.56%
Calculating       :  17.64%
Calculating       :  17.73%
Calculating       :  17.82%
Calculating       :  17.90%
Calculating       :  17.97%
Calculating       :  18.03%
Calculating       :  18.11%
Calculating       :  18.22%
Calculating       :  18.29%
Calculating       :  18.37%
Calculating       :  18.44%
Calculating       :  18.52%
Calculating       :  18.63%
Calculating       :  18.70%
Calculating       :  18.76%
Calculating       :  18.84%
Calculating       :  18.95%
Calculating       :  19.02%
Calculating       :  19.10%
Calculating       :  19.17%
Calculating       :  19.25%
Calculating       :  19.36%
Calculating       :  19.43%
Calculating       :  19.49%
Calculating       :  19.57%
Calculating       :  19.64%
Calculating       :  19.72%
Calculating       :  19.81%
Calculating       :  19.90%
Calculating       :  19.98%
Calculating       :  20.04%
Calculating       :  20.11%
Calculating       :  20.19%
Calculating       :  20.30%
Calculating       :  20.37%
Calculating       :  20.45%
Calculating       :  20.52%
Calculating       :  20.60%
Calculating       :  20.71%
Calculating       :  20.77%
Calculating       :  20.84%
Calculating       :  20.92%
Calculating       :  21.03%
Calculating       :  21.10%
Calculating       :  21.18%
Calculating       :  21.25%
Calculating       :  21.31%
Calculating       :  21.44%
Calculating       :  21.50%
Calculating       :  21.57%
Calculating       :  21.65%
Calculating       :  21.72%
Calculating       :  21.80%
Calculating       :  21.89%
Calculating       :  21.98%
Calculating       :  22.04%
Calculating       :  22.12%
Calculating       :  22.19%
Calculating       :  22.27%
Calculating       :  22.35%
Calculating       :  22.45%
Calculating       :  22.53%
Calculating       :  22.59%
Calculating       :  22.67%
Calculating       :  22.74%
Calculating       :  22.85%
Calculating       :  22.92%
Calculating       :  23.00%
Calculating       :  23.08%
Calculating       :  23.14%
Calculating       :  23.26%
Calculating       :  23.32%
Calculating       :  23.39%
Calculating       :  23.47%
Calculating       :  23.55%
Calculating       :  23.62%
Calculating       :  23.68%
Calculating       :  23.80%
Calculating       :  23.86%
Calculating       :  23.94%
Calculating       :  24.02%
Calculating       :  24.09%
Calculating       :  24.20%
Calculating       :  24.27%
Calculating       :  24.35%
Calculating       :  24.41%
Calculating       :  24.49%
Calculating       :  24.56%
Calculating       :  24.67%
Calculating       :  24.75%
Calculating       :  24.82%
Calculating       :  24.90%
Calculating       :  24.96%
Calculating       :  25.03%
Calculating       :  25.14%
Calculating       :  25.22%
Calculating       :  25.29%
Calculating       :  25.37%
Calculating       :  25.44%
Calculating       :  25.55%
Calculating       :  25.63%
Calculating       :  25.69%
Calculating       :  25.76%
Calculating       :  25.84%
Calculating       :  25.95%
Calculating       :  26.02%
Calculating       :  26.10%
Calculating       :  26.17%
Calculating       :  26.23%
Calculating       :  26.36%
Calculating       :  26.42%
Calculating       :  26.49%
Calculating       :  26.57%
Calculating       :  26.64%
Calculating       :  26.72%
Calculating       :  26.78%
Calculating       :  26.90%
Calculating       :  26.96%
Calculating       :  27.04%
Calculating       :  27.11%
Calculating       :  27.22%
Calculating       :  27.30%
Calculating       :  27.37%
Calculating       :  27.45%
Calculating       :  27.51%
Calculating       :  27.59%
Calculating       :  27.69%
Calculating       :  27.77%
Calculating       :  27.84%
Calculating       :  27.92%
Calculating       :  28.00%
Calculating       :  28.10%
Calculating       :  28.18%
Calculating       :  28.24%
Calculating       :  28.31%
Calculating       :  28.39%
Calculating       :  28.47%
Calculating       :  28.57%
Calculating       :  28.65%
Calculating       :  28.72%
Calculating       :  28.78%
Calculating       :  28.86%
Calculating       :  28.94%
Calculating       :  29.01%
Calculating       :  29.09%
Calculating       :  29.15%
Calculating       :  29.23%
Calculating       :  29.30%
Calculating       :  29.41%
Calculating       :  29.48%
Calculating       :  29.56%
Calculating       :  29.63%
Calculating       :  29.70%
Calculating       :  29.82%
Calculating       :  29.88%
Calculating       :  29.95%
Calculating       :  30.03%
Calculating       :  30.11%
Calculating       :  30.20%
Calculating       :  30.29%
Calculating       :  30.36%
Calculating       :  30.42%
Calculating       :  30.50%
Calculating       :  30.58%
Calculating       :  30.65%
Calculating       :  30.76%
Calculating       :  30.83%
Calculating       :  30.91%
Calculating       :  30.97%
Calculating       :  31.05%
Calculating       :  31.12%
Calculating       :  31.20%
Calculating       :  31.31%
Calculating       :  31.38%
Calculating       :  31.46%
Calculating       :  31.52%
Calculating       :  31.59%
Calculating       :  31.67%
Calculating       :  31.75%
Calculating       :  31.82%
Calculating       :  31.88%
Calculating       :  31.96%
Calculating       :  32.03%
Calculating       :  32.11%
Calculating       :  32.20%
Calculating       :  32.25%
Calculating       :  32.34%
Calculating       :  32.43%
Calculating       :  32.50%
Calculating       :  32.58%
Calculating       :  32.66%
Calculating       :  32.73%
Calculating       :  32.79%
Calculating       :  32.87%
Calculating       :  32.95%
Calculating       :  33.05%
Calculating       :  33.13%
Calculating       :  33.20%
Calculating       :  33.28%
Calculating       :  33.34%
Calculating       :  33.42%
Calculating       :  33.51%
Calculating       :  33.60%
Calculating       :  33.67%
Calculating       :  33.75%
Calculating       :  33.83%
Calculating       :  33.89%
Calculating       :  33.96%
Calculating       :  34.07%
Calculating       :  34.14%
Calculating       :  34.22%
Calculating       :  34.30%
Calculating       :  34.37%
Calculating       :  34.48%
Calculating       :  34.55%
Calculating       :  34.62%
Calculating       :  34.69%
Calculating       :  34.77%
Calculating       :  34.84%
Calculating       :  34.92%
Calculating       :  34.98%
Calculating       :  35.06%
Calculating       :  35.16%
Calculating       :  35.24%
Calculating       :  35.31%
Calculating       :  35.39%
Calculating       :  35.47%
Calculating       :  35.53%
Calculating       :  35.65%
Calculating       :  35.71%
Calculating       :  35.78%
Calculating       :  35.86%
Calculating       :  35.97%
Calculating       :  36.04%
Calculating       :  36.12%
Calculating       :  36.19%
Calculating       :  36.26%
Calculating       :  36.33%
Calculating       :  36.41%
Calculating       :  36.51%
Calculating       :  36.59%
Calculating       :  36.67%
Calculating       :  36.74%
Calculating       :  36.80%
Calculating       :  36.88%
Calculating       :  36.98%
Calculating       :  37.06%
Calculating       :  37.14%
Calculating       :  37.21%
Calculating       :  37.29%
Calculating       :  37.35%
Calculating       :  37.47%
Calculating       :  37.53%
Calculating       :  37.61%
Calculating       :  37.68%
Calculating       :  37.76%
Calculating       :  37.83%
Calculating       :  37.90%
Calculating       :  38.02%
Calculating       :  38.08%
Calculating       :  38.15%
Calculating       :  38.23%
Calculating       :  38.34%
Calculating       :  38.41%
Calculating       :  38.49%
Calculating       :  38.56%
Calculating       :  38.62%
Calculating       :  38.75%
Calculating       :  38.81%
Calculating       :  38.88%
Calculating       :  38.96%
Calculating       :  39.03%
Calculating       :  39.11%
Calculating       :  39.22%
Calculating       :  39.29%
Calculating       :  39.35%
Calculating       :  39.43%
Calculating       :  39.50%
Calculating       :  39.61%
Calculating       :  39.69%
Calculating       :  39.76%
Calculating       :  39.84%
Calculating       :  39.90%
Calculating       :  40.01%
Calculating       :  40.08%
Calculating       :  40.16%
Calculating       :  40.23%
Calculating       :  40.31%
Calculating       :  40.39%
Calculating       :  40.49%
Calculating       :  40.57%
Calculating       :  40.63%
Calculating       :  40.70%
Calculating       :  40.78%
Calculating       :  40.89%
Calculating       :  40.96%
Calculating       :  41.04%
Calculating       :  41.11%
Calculating       :  41.18%
Calculating       :  41.25%
Calculating       :  41.36%
Calculating       :  41.43%
Calculating       :  41.51%
Calculating       :  41.59%
Calculating       :  41.66%
Calculating       :  41.72%
Calculating       :  41.84%
Calculating       :  41.90%
Calculating       :  41.98%
Calculating       :  42.06%
Calculating       :  42.16%
Calculating       :  42.24%
Calculating       :  42.31%
Calculating       :  42.39%
Calculating       :  42.45%
Calculating       :  42.53%
Calculating       :  42.63%
Calculating       :  42.71%
Calculating       :  42.78%
Calculating       :  42.86%
Calculating       :  42.94%
Calculating       :  43.00%
Calculating       :  43.12%
Calculating       :  43.18%
Calculating       :  43.26%
Calculating       :  43.33%
Calculating       :  43.41%
Calculating       :  43.51%
Calculating       :  43.59%
Calculating       :  43.67%
Calculating       :  43.73%
Calculating       :  43.80%
Calculating       :  43.88%
Calculating       :  43.98%
Calculating       :  44.06%
Calculating       :  44.14%
Calculating       :  44.21%
Calculating       :  44.32%
Calculating       :  44.39%
Calculating       :  44.45%
Calculating       :  44.53%
Calculating       :  44.61%
Calculating       :  44.68%
Calculating       :  44.79%
Calculating       :  44.86%
Calculating       :  44.94%
Calculating       :  45.00%
Calculating       :  45.08%
Calculating       :  45.15%
Calculating       :  45.24%
Calculating       :  45.34%
Calculating       :  45.41%
Calculating       :  45.49%
Calculating       :  45.55%
Calculating       :  45.62%
Calculating       :  45.73%
Calculating       :  45.81%
Calculating       :  45.88%
Calculating       :  45.96%
Calculating       :  46.05%
Calculating       :  46.14%
Calculating       :  46.22%
Calculating       :  46.28%
Calculating       :  46.35%
Calculating       :  46.43%
Calculating       :  46.54%
Calculating       :  46.61%
Calculating       :  46.69%
Calculating       :  46.76%
Calculating       :  46.82%
Calculating       :  46.90%
Calculating       :  46.98%
Calculating       :  47.08%
Calculating       :  47.16%
Calculating       :  47.23%
Calculating       :  47.31%
Calculating       :  47.42%
Calculating       :  47.49%
Calculating       :  47.55%
Calculating       :  47.63%
Calculating       :  47.70%
Calculating       :  47.81%
Calculating       :  47.89%
Calculating       :  47.96%
Calculating       :  48.04%
Calculating       :  48.10%
Calculating       :  48.18%
Calculating       :  48.25%
Calculating       :  48.34%
Calculating       :  48.43%
Calculating       :  48.51%
Calculating       :  48.59%
Calculating       :  48.65%
Calculating       :  48.72%
Calculating       :  48.83%
Calculating       :  48.90%
Calculating       :  48.98%
Calculating       :  49.06%
Calculating       :  49.16%
Calculating       :  49.24%
Calculating       :  49.31%
Calculating       :  49.37%
Calculating       :  49.45%
Calculating       :  49.53%
Calculating       :  49.60%
Calculating       :  49.68%
Calculating       :  49.74%
Calculating       :  49.82%
Calculating       :  49.92%
Calculating       :  50.00%
Calculating       :  50.07%
Calculating       :  50.15%
Calculating       :  50.23%
Calculating       :  50.33%
Calculating       :  50.41%
Calculating       :  50.47%
Calculating       :  50.54%
Calculating       :  50.62%
Calculating       :  50.70%
Calculating       :  50.77%
Calculating       :  50.88%
Calculating       :  50.95%
Calculating       :  51.01%
Calculating       :  51.09%
Calculating       :  51.17%
Calculating       :  51.27%
Calculating       :  51.35%
Calculating       :  51.42%
Calculating       :  51.50%
Calculating       :  51.56%
Calculating       :  51.64%
Calculating       :  51.74%
Calculating       :  51.82%
Calculating       :  51.90%
Calculating       :  51.97%
Calculating       :  52.05%
Calculating       :  52.11%
Calculating       :  52.23%
Calculating       :  52.29%
Calculating       :  52.37%
Calculating       :  52.44%
Calculating       :  52.55%
Calculating       :  52.62%
Calculating       :  52.70%
Calculating       :  52.78%
Calculating       :  52.84%
Calculating       :  52.93%
Calculating       :  53.02%
Calculating       :  53.09%
Calculating       :  53.17%
Calculating       :  53.25%
Calculating       :  53.32%
Calculating       :  53.38%
Calculating       :  53.46%
Calculating       :  53.57%
Calculating       :  53.64%
Calculating       :  53.72%
Calculating       :  53.79%
Calculating       :  53.82%
Calculating       :  53.90%
Calculating       :  54.01%
Calculating       :  54.08%
Calculating       :  54.16%
Calculating       :  54.23%
Calculating       :  54.29%
Calculating       :  54.37%
Calculating       :  54.46%
Calculating       :  54.55%
Calculating       :  54.63%
Calculating       :  54.70%
Calculating       :  54.78%
Calculating       :  54.84%
Calculating       :  54.92%
Calculating       :  54.99%
Calculating       :  55.10%
Calculating       :  55.18%
Calculating       :  55.25%
Calculating       :  55.33%
Calculating       :  55.39%
Calculating       :  55.48%
Calculating       :  55.57%
Calculating       :  55.65%
Calculating       :  55.72%
Calculating       :  55.80%
Calculating       :  55.87%
Calculating       :  55.93%
Calculating       :  56.06%
Calculating       :  56.12%
Calculating       :  56.19%
Calculating       :  56.27%
Calculating       :  56.34%
Calculating       :  56.42%
Calculating       :  56.53%
Calculating       :  56.60%
Calculating       :  56.66%
Calculating       :  56.74%
Calculating       :  56.85%
Calculating       :  56.92%
Calculating       :  57.00%
Calculating       :  57.07%
Calculating       :  57.15%
Calculating       :  57.21%
Calculating       :  57.33%
Calculating       :  57.39%
Calculating       :  57.47%
Calculating       :  57.54%
Calculating       :  57.62%
Calculating       :  57.71%
Calculating       :  57.80%
Calculating       :  57.88%
Calculating       :  57.94%
Calculating       :  58.01%
Calculating       :  58.09%
Calculating       :  58.17%
Calculating       :  58.27%
Calculating       :  58.35%
Calculating       :  58.42%
Calculating       :  58.49%
Calculating       :  58.56%
Calculating       :  58.64%
Calculating       :  58.71%
Calculating       :  58.82%
Calculating       :  58.90%
Calculating       :  58.97%
Calculating       :  59.03%
Calculating       :  59.11%
Calculating       :  59.18%
Calculating       :  59.26%
Calculating       :  59.34%
Calculating       :  59.40%
Calculating       :  59.47%
Calculating       :  59.58%
Calculating       :  59.65%
Calculating       :  59.73%
Calculating       :  59.81%
Calculating       :  59.88%
Calculating       :  59.94%
Calculating       :  60.02%
Calculating       :  60.11%
Calculating       :  60.20%
Calculating       :  60.28%
Calculating       :  60.35%
Calculating       :  60.43%
Calculating       :  60.49%
Calculating       :  60.61%
Calculating       :  60.67%
Calculating       :  60.75%
Calculating       :  60.82%
Calculating       :  60.90%
Calculating       :  61.01%
Calculating       :  61.08%
Calculating       :  61.16%
Calculating       :  61.22%
Calculating       :  61.29%
Calculating       :  61.37%
Calculating       :  61.48%
Calculating       :  61.55%
Calculating       :  61.63%
Calculating       :  61.70%
Calculating       :  61.77%
Calculating       :  61.87%
Calculating       :  61.95%
Calculating       :  62.02%
Calculating       :  62.10%
Calculating       :  62.18%
Calculating       :  62.25%
Calculating       :  62.31%
Calculating       :  62.39%
Calculating       :  62.49%
Calculating       :  62.57%
Calculating       :  62.65%
Calculating       :  62.72%
Calculating       :  62.80%
Calculating       :  62.90%
Calculating       :  62.98%
Calculating       :  63.04%
Calculating       :  63.12%
Calculating       :  63.19%
Calculating       :  63.27%
Calculating       :  63.37%
Calculating       :  63.45%
Calculating       :  63.53%
Calculating       :  63.59%
Calculating       :  63.66%
Calculating       :  63.74%
Calculating       :  63.82%
Calculating       :  63.92%
Calculating       :  64.00%
Calculating       :  64.07%
Calculating       :  64.13%
Calculating       :  64.21%
Calculating       :  64.29%
Calculating       :  64.36%
Calculating       :  64.47%
Calculating       :  64.54%
Calculating       :  64.62%
Calculating       :  64.68%
Calculating       :  64.76%
Calculating       :  64.83%
Calculating       :  64.94%
Calculating       :  65.01%
Calculating       :  65.09%
Calculating       :  65.17%
Calculating       :  65.23%
Calculating       :  65.30%
Calculating       :  65.41%
Calculating       :  65.49%
Calculating       :  65.56%
Calculating       :  65.64%
Calculating       :  65.71%
Calculating       :  65.77%
Calculating       :  65.87%
Calculating       :  65.96%
Calculating       :  66.03%
Calculating       :  66.11%
Calculating       :  66.18%
Calculating       :  66.26%
Calculating       :  66.32%
Calculating       :  66.43%
Calculating       :  66.50%
Calculating       :  66.58%
Calculating       :  66.65%
Calculating       :  66.73%
Calculating       :  66.81%
Calculating       :  66.87%
Calculating       :  66.94%
Calculating       :  67.05%
Calculating       :  67.13%
Calculating       :  67.20%
Calculating       :  67.28%
Calculating       :  67.35%
Calculating       :  67.41%
Calculating       :  67.54%
Calculating       :  67.60%
Calculating       :  67.67%
Calculating       :  67.75%
Calculating       :  67.82%
Calculating       :  67.93%
Calculating       :  68.01%
Calculating       :  68.08%
Calculating       :  68.14%
Calculating       :  68.22%
Calculating       :  68.29%
Calculating       :  68.37%
Calculating       :  68.48%
Calculating       :  68.55%
Calculating       :  68.63%
Calculating       :  68.69%
Calculating       :  68.77%
Calculating       :  68.84%
Calculating       :  68.95%
Calculating       :  69.02%
Calculating       :  69.10%
Calculating       :  69.18%
Calculating       :  69.24%
Calculating       :  69.33%
Calculating       :  69.42%
Calculating       :  69.49%
Calculating       :  69.57%
Calculating       :  69.65%
Calculating       :  69.72%
Calculating       :  69.81%
Calculating       :  69.90%
Calculating       :  69.96%
Calculating       :  70.04%
Calculating       :  70.12%
Calculating       :  70.19%
Calculating       :  70.27%
Calculating       :  70.33%
Calculating       :  70.45%
Calculating       :  70.51%
Calculating       :  70.59%
Calculating       :  70.66%
Calculating       :  70.74%
Calculating       :  70.82%
Calculating       :  70.88%
Calculating       :  71.00%
Calculating       :  71.06%
Calculating       :  71.13%
Calculating       :  71.21%
Calculating       :  71.29%
Calculating       :  71.36%
Calculating       :  71.47%
Calculating       :  71.54%
Calculating       :  71.60%
Calculating       :  71.68%
Calculating       :  71.76%
Calculating       :  71.83%
Calculating       :  71.94%
Calculating       :  72.01%
Calculating       :  72.09%
Calculating       :  72.15%
Calculating       :  72.23%
Calculating       :  72.30%
Calculating       :  72.39%
Calculating       :  72.49%
Calculating       :  72.56%
Calculating       :  72.64%
Calculating       :  72.70%
Calculating       :  72.77%
Calculating       :  72.85%
Calculating       :  72.96%
Calculating       :  73.03%
Calculating       :  73.11%
Calculating       :  73.18%
Calculating       :  73.24%
Calculating       :  73.32%
Calculating       :  73.43%
Calculating       :  73.50%
Calculating       :  73.58%
Calculating       :  73.65%
Calculating       :  73.73%
Calculating       :  73.79%
Calculating       :  73.91%
Calculating       :  73.97%
Calculating       :  74.05%
Calculating       :  74.13%
Calculating       :  74.20%
Calculating       :  74.29%
Calculating       :  74.38%
Calculating       :  74.46%
Calculating       :  74.52%
Calculating       :  74.60%
Calculating       :  74.67%
Calculating       :  74.75%
Calculating       :  74.82%
Calculating       :  74.91%
Calculating       :  75.01%
Calculating       :  75.07%
Calculating       :  75.14%
Calculating       :  75.22%
Calculating       :  75.29%
Calculating       :  75.40%
Calculating       :  75.48%
Calculating       :  75.55%
Calculating       :  75.61%
Calculating       :  75.69%
Calculating       :  75.77%
Calculating       :  75.87%
Calculating       :  75.95%
Calculating       :  76.02%
Calculating       :  76.10%
Calculating       :  76.16%
Calculating       :  76.24%
Calculating       :  76.34%
Calculating       :  76.42%
Calculating       :  76.49%
Calculating       :  76.57%
Calculating       :  76.65%
Calculating       :  76.75%
Calculating       :  76.83%
Calculating       :  76.89%
Calculating       :  76.96%
Calculating       :  77.04%
Calculating       :  77.12%
Calculating       :  77.22%
Calculating       :  77.30%
Calculating       :  77.37%
Calculating       :  77.44%
Calculating       :  77.51%
Calculating       :  77.59%
Calculating       :  77.66%
Calculating       :  77.77%
Calculating       :  77.85%
Calculating       :  77.92%
Calculating       :  77.98%
Calculating       :  78.06%
Calculating       :  78.13%
Calculating       :  78.21%
Calculating       :  78.32%
Calculating       :  78.39%
Calculating       :  78.47%
Calculating       :  78.53%
Calculating       :  78.60%
Calculating       :  78.71%
Calculating       :  78.79%
Calculating       :  78.86%
Calculating       :  78.94%
Calculating       :  79.01%
Calculating       :  79.12%
Calculating       :  79.20%
Calculating       :  79.26%
Calculating       :  79.33%
Calculating       :  79.41%
Calculating       :  79.49%
Calculating       :  79.56%
Calculating       :  79.67%
Calculating       :  79.74%
Calculating       :  79.80%
Calculating       :  79.88%
Calculating       :  79.96%
Calculating       :  80.03%
Calculating       :  80.14%
Calculating       :  80.21%
Calculating       :  80.29%
Calculating       :  80.35%
Calculating       :  80.43%
Calculating       :  80.50%
Calculating       :  80.58%
Calculating       :  80.65%
Calculating       :  80.76%
Calculating       :  80.84%
Calculating       :  80.90%
Calculating       :  80.97%
Calculating       :  81.05%
Calculating       :  81.13%
Calculating       :  81.20%
Calculating       :  81.31%
Calculating       :  81.38%
Calculating       :  81.44%
Calculating       :  81.52%
Calculating       :  81.60%
Calculating       :  81.70%
Calculating       :  81.78%
Calculating       :  81.85%
Calculating       :  81.93%
Calculating       :  81.99%
Calculating       :  82.08%
Calculating       :  82.17%
Calculating       :  82.25%
Calculating       :  82.32%
Calculating       :  82.40%
Calculating       :  82.48%
Calculating       :  82.54%
Calculating       :  82.64%
Calculating       :  82.72%
Calculating       :  82.80%
Calculating       :  82.87%
Calculating       :  82.95%
Calculating       :  83.05%
Calculating       :  83.13%
Calculating       :  83.21%
Calculating       :  83.27%
Calculating       :  83.34%
Calculating       :  83.42%
Calculating       :  83.52%
Calculating       :  83.60%
Calculating       :  83.68%
Calculating       :  83.75%
Calculating       :  83.81%
Calculating       :  83.89%
Calculating       :  83.96%
Calculating       :  84.07%
Calculating       :  84.15%
Calculating       :  84.22%
Calculating       :  84.30%
Calculating       :  84.36%
Calculating       :  84.44%
Calculating       :  84.51%
Calculating       :  84.59%
Calculating       :  84.69%
Calculating       :  84.77%
Calculating       :  84.85%
Calculating       :  84.91%
Calculating       :  84.98%
Calculating       :  85.06%
Calculating       :  85.13%
Calculating       :  85.24%
Calculating       :  85.32%
Calculating       :  85.39%
Calculating       :  85.45%
Calculating       :  85.53%
Calculating       :  85.60%
Calculating       :  85.68%
Calculating       :  85.76%
Calculating       :  85.86%
Calculating       :  85.94%
Calculating       :  86.00%
Calculating       :  86.08%
Calculating       :  86.15%
Calculating       :  86.23%
Calculating       :  86.32%
Calculating       :  86.41%
Calculating       :  86.49%
Calculating       :  86.55%
Calculating       :  86.62%
Calculating       :  86.70%
Calculating       :  86.77%
Calculating       :  86.88%
Calculating       :  86.96%
Calculating       :  87.03%
Calculating       :  87.09%
Calculating       :  87.17%
Calculating       :  87.24%
Calculating       :  87.35%
Calculating       :  87.43%
Calculating       :  87.50%
Calculating       :  87.58%
Calculating       :  87.64%
Calculating       :  87.72%
Calculating       :  87.79%
Calculating       :  87.90%
Calculating       :  87.97%
Calculating       :  88.05%
Calculating       :  88.13%
Calculating       :  88.19%
Calculating       :  88.26%
Calculating       :  88.37%
Calculating       :  88.44%
Calculating       :  88.52%
Calculating       :  88.60%
Calculating       :  88.67%
Calculating       :  88.73%
Calculating       :  88.81%
Calculating       :  88.91%
Calculating       :  88.99%
Calculating       :  89.07%
Calculating       :  89.14%
Calculating       :  89.22%
Calculating       :  89.28%
Calculating       :  89.40%
Calculating       :  89.46%
Calculating       :  89.54%
Calculating       :  89.61%
Calculating       :  89.69%
Calculating       :  89.80%
Calculating       :  89.87%
Calculating       :  89.95%
Calculating       :  90.01%
Calculating       :  90.08%
Calculating       :  90.16%
Calculating       :  90.24%
Calculating       :  90.34%
Calculating       :  90.42%
Calculating       :  90.49%
Calculating       :  90.55%
Calculating       :  90.63%
Calculating       :  90.71%
Calculating       :  90.78%
Calculating       :  90.89%
Calculating       :  90.96%
Calculating       :  91.04%
Calculating       :  91.10%
Calculating       :  91.18%
Calculating       :  91.28%
Calculating       :  91.36%
Calculating       :  91.44%
Calculating       :  91.51%
Calculating       :  91.59%
Calculating       :  91.65%
Calculating       :  91.72%
Calculating       :  91.80%
Calculating       :  91.91%
Calculating       :  91.98%
Calculating       :  92.06%
Calculating       :  92.13%
Calculating       :  92.19%
Calculating       :  92.29%
Calculating       :  92.38%
Calculating       :  92.45%
Calculating       :  92.53%
Calculating       :  92.60%
Calculating       :  92.68%
Calculating       :  92.79%
Calculating       :  92.86%
Calculating       :  92.92%
Calculating       :  93.00%
Calculating       :  93.08%
Calculating       :  93.17%
Calculating       :  93.26%
Calculating       :  93.33%
Calculating       :  93.41%
Calculating       :  93.47%
Calculating       :  93.55%
Calculating       :  93.64%
Calculating       :  93.73%
Calculating       :  93.80%
Calculating       :  93.88%
Calculating       :  93.96%
Calculating       :  94.06%
Calculating       :  94.14%
Calculating       :  94.20%
Calculating       :  94.28%
Calculating       :  94.35%
Calculating       :  94.43%
Calculating       :  94.52%
Calculating       :  94.61%
Calculating       :  94.69%
Calculating       :  94.75%
Calculating       :  94.82%
Calculating       :  94.90%
Calculating       :  94.97%
Calculating       :  95.08%
Calculating       :  95.16%
Calculating       :  95.23%
Calculating       :  95.29%
Calculating       :  95.37%
Calculating       :  95.44%
Calculating       :  95.55%
Calculating       :  95.63%
Calculating       :  95.70%
Calculating       :  95.78%
Calculating       :  95.84%
Calculating       :  95.91%
Calculating       :  95.99%
Calculating       :  96.07%
Calculating       :  96.16%
Calculating       :  96.25%
Calculating       :  96.32%
Calculating       :  96.39%
Calculating       :  96.46%
Calculating       :  96.54%
Calculating       :  96.64%
Calculating       :  96.72%
Calculating       :  96.80%
Calculating       :  96.87%
Calculating       :  96.93%
Calculating       :  97.01%
Calculating       :  97.11%
Calculating       :  97.19%
Calculating       :  97.27%
Calculating       :  97.34%
Calculating       :  97.42%
Calculating       :  97.49%
Calculating       :  97.60%
Calculating       :  97.66%
Calculating       :  97.74%
Calculating       :  97.81%
Calculating       :  97.89%
Calculating       :  97.98%
Calculating       :  98.07%
Calculating       :  98.15%
Calculating       :  98.21%
Calculating       :  98.28%
Calculating       :  98.36%
Calculating       :  98.44%
Calculating       :  98.51%
Calculating       :  98.62%
Calculating       :  98.69%
Calculating       :  98.75%
Calculating       :  98.83%
Calculating       :  98.91%
Calculating       :  99.01%
Calculating       :  99.09%
Calculating       :  99.16%
Calculating       :  99.24%
Calculating       :  99.30%
Calculating       :  99.38%
Calculating       :  99.45%
Calculating       :  99.51%
Writing           :  99.51%
Writing           :  99.59%
Writing           :  99.79%
Writing           :  99.99%
Finished          : 100.00%
Processing time   : 259.153 s
