RIG-LOCK-TAKEN <rig>\.parfast-rig.lock round=jcross pid=10184 started=2026-09-12T10:34:40.4016207Z
JCROSS-START 2026-09-12T10:34:40.4096261Z tag=jforce-probe
BOX host=intel-core-ultra-9-386h cpu=Intel(R) Core(TM) Ultra 9 386H caption=Intel64 Family 6 Model 204 Stepping 2 cores=16 threads=16 ram_gb=31.4 os=Microsoft Windows 11 Home build=10.0.26200 Cfree_gb=611.1
BIN parfast-jx sha256=f454519a1de1371ef99e87b116104bee5738d15159d6438c30bdab5b7805726f bytes=2469376 version=parfast version 1.5.0-beta.1 built from fa5278f21128
HARNESS jcross.ps1 sha256=5341c3e31754e3b6cc6ea18263a33f6221ea121043d08a95b4d751377293ceb5 bytes=27638
HARNESS plib.ps1 sha256=4464b815a1587d6b2d81030f843e0ae9e66385cf88749b1764b7b982d75072ec bytes=32781
HARNESS-RIG jcross.ps1:5341c3e31754e3b6+plib.ps1:4464b815a1587d6b
PROTOCOL bin=<rig>\bin slice=262144 recovery_blocks=16384 source_blocks=16384 redundancy_pct=100.0 damage=scattered-seeded-slice-overwrite reps=2 arms=off/fast/aa gate=sha256-all-members prewarm=full-read-of-work-dir arm_order=rotating-by-rep threads=16 tflag=16 force=avx2 port_of=harness/jcross.py
ARGV off repair='r -q -t16 -T16 f.par2' env=NZBFAST_FORNEY_JOINT=0,NZBFAST_GF16_FORCE=avx2
ARGV fast repair='r -q -t16 -T16 --fast f.par2' env=NZBFAST_GF16_FORCE=avx2
ARGV aa repair='r -q -t16 -T16 f.par2' env=NZBFAST_FORNEY_JOINT=0,NZBFAST_GF16_FORCE=avx2
FIXTURE members=32 distinct_member_sha=32/32 bytes=4294967296 source_blocks=16384 member_bytes=134217728
SLICE-PROBE index=5 unique=32/32
GOLD p00.bin B64374F33F408C7B4E2FF78968D9BBBAEE4F0EFAB998008906270039D829C83A
GOLD p01.bin 74E3759A44530DF39FCB2AB2DA54F9331340ED2B2EA4E76E4A2B93ECBD31F9DF
GOLD p02.bin 6CCFB947DE34746363C6FEFC302B20D79262F3090D02132E024D81135EE8C2F6
GOLD p03.bin B40D5F159133DF8CDB9BA5604CF6C63C2E4658F27BF41B6B6616B9EA43A3E687
GOLD p04.bin A8515656445D3955820810BA2454056A384E5D04D9B72995A555D577210D97F6
GOLD p05.bin 72648D1FA44F1C22F751E4EC6087609EDA177ACD788AEAD97B6F0DE3133DCE31
GOLD p06.bin 2A2A1F58D670B49A091D374EF967B61C1AA18388FDCF709E7D22FFD5D59CF46F
GOLD p07.bin 8552784A3E0BAAE959A55B2B1C9DF1E8382F62475DB581B5D13BBB59B7D16947
GOLD p08.bin 3FAE98F6CB2D90F811B2EA62038D2F23C573F2C9E5B02B9A3C09709A046AE1D2
GOLD p09.bin 7BDD27184B5925E1E0C50923711F811A0AF8B06B62B955BA411D03020B98082D
GOLD p10.bin DC33872EFB6B2203E4C4A2C36CCBA6E76B5AE4E36302907F181DD5A0ADF9CFF6
GOLD p11.bin 629CC020D77E79F1E677799695D9FF554D15271110781599D0C557CD7D702DE6
GOLD p12.bin 69DB0A6EE502DD02EE5E2CCCB0A6CC89D7A89A8C2C5EF7A80C0A74F44D4C62AE
GOLD p13.bin D6BF5E7544FC1E3A88074A1A039C77F80C34F68218E84588FA1F1E823CD54B39
GOLD p14.bin FFA197814D65750362ED5EE000695E1914882D4977170EFF6CDFE3E31E936CAD
GOLD p15.bin 0CDAF1B76F1F157CA7CF58C600605068EF84AA2A59698F3E7F3E4B38933BD536
GOLD p16.bin 5B8AB4DB83A2EE3FFAF135A4F7B7F5AB14312963104AB0B06A4F45DEA1034D8B
GOLD p17.bin 1BB4F4AB0CF60EE642819567C2689C97D40742E22B93E4E13B2617E985D03661
GOLD p18.bin C1EBED9046D12AD25E0D5DF7CFA574B023068AC5CCC3CD2BFCEBF2ECAC98974B
GOLD p19.bin 6EAB0D63BDB132A8346E71A576D0E710A336F5388CB5771AF5215C3D383D0EE8
GOLD p20.bin 5E130397716FD4F8492F3D05551D2303A5981BC6FA57D12EEE2CCA8DE5AD7D16
GOLD p21.bin B7C8CA961D3DF8C9C6BE530A34ADA6FFD80F79F623D8073AD51C742CB834394B
GOLD p22.bin 9AE15263B07D30E41E6B226D46A7A7762E0649E5D7FD4A6420B42504C9D6118A
GOLD p23.bin 587FA11ACE878CD240F018061119D24DA83F951D04EB0521BEEEF4C1E2724988
GOLD p24.bin 90B814E2B25D3D0D83928C1A99AA5C349AC3EC92F3F149B8492290DE63AF98B2
GOLD p25.bin 67F9A6E08B62FB60D5E52A87C9329A280A9D9D8296953265BEBFFE83BD993E86
GOLD p26.bin 03C2FB73FC897E540FEA0EA42476B6779215EB2EF7F7F455312EB4B55B6BDA9E
GOLD p27.bin 73D9562AC0084910D30655FB7FCCDCF8CCE75AAB71A23F80ACB9138FBF5B7371
GOLD p28.bin C1DA81A485971DBB9FA61F19D3BBDEF03941451E9195D3D42352690608281909
GOLD p29.bin 443812701970C087D05FFB5862639B757CABF26620202AF77B3A0EEC816488E6
GOLD p30.bin 8FF4DC4791A0FA28573323B740DEE41E3DF8520B132CDFC7369B420EA42CFA73
GOLD p31.bin 0F2F3E33F1817E5D3AF488492A63D6C3F3071A80B3C0C184CDD411A51C468FEC
CREATE reused par2files=16
ARM-ORDER rep=1 off,fast,aa
ARM-ORDER rep=2 fast,aa,off
WARMUP-START 2026-09-12T10:34:45.6713432Z
LEG round=jforce-probe rep=0 m=64 arm=off argv='r -q -t16 -T16 f.par2' wall=3.843 cpu=40.109 cpu_over_wall=10.44 peak_mb=2070.8 rc=0 restored=32/32 damaged_members=28 blocks_written=64 strays=28 seed=20260911 stage1=no-label stage2=no-label stage1_raw='' stage2_raw='' ctrl_s=1.700000 foreign_cpu=121.9 foreign_after=128.1 errlen=995 force=avx2 ts=2026-09-12T10:34:57.1162686Z rig=jcross.ps1:5341c3e31754e3b6+plib.ps1:4464b815a1587d6b
LEG round=jforce-probe rep=0 m=64 arm=fast argv='r -q -t16 -T16 --fast f.par2' wall=3.681 cpu=40.078 cpu_over_wall=10.89 peak_mb=2070.1 rc=0 restored=32/32 damaged_members=28 blocks_written=64 strays=28 seed=20260911 stage1=no-label stage2=no-label stage1_raw='' stage2_raw='' ctrl_s=1.630000 foreign_cpu=29.7 foreign_after=45.3 errlen=1133 force=avx2 ts=2026-09-12T10:35:13.6153060Z rig=jcross.ps1:5341c3e31754e3b6+plib.ps1:4464b815a1587d6b
LEG round=jforce-probe rep=0 m=64 arm=aa argv='r -q -t16 -T16 f.par2' wall=3.744 cpu=39.953 cpu_over_wall=10.67 peak_mb=2071.2 rc=0 restored=32/32 damaged_members=28 blocks_written=64 strays=28 seed=20260911 stage1=no-label stage2=no-label stage1_raw='' stage2_raw='' ctrl_s=1.660000 foreign_cpu=23.4 foreign_after=14.1 errlen=995 force=avx2 ts=2026-09-12T10:35:26.8853809Z rig=jcross.ps1:5341c3e31754e3b6+plib.ps1:4464b815a1587d6b
WARMUP-END 2026-09-12T10:35:29.2470899Z
LEG round=jforce-probe rep=1 m=4096 arm=off argv='r -q -t16 -T16 f.par2' wall=10.598 cpu=113.984 cpu_over_wall=10.76 peak_mb=4646 rc=0 restored=32/32 damaged_members=32 blocks_written=4096 strays=32 seed=20289584 stage1=hankel stage2=evaluate stage1_raw='hankel, nseg=32, stripe 512w, dft=3x5x17' stage2_raw='evaluate, 128 group(s) in tiles of 31, stripe 512w' ctrl_s=1.650000 foreign_cpu=53.1 foreign_after=78.1 errlen=1138 force=avx2 ts=2026-09-12T10:35:54.8572350Z rig=jcross.ps1:5341c3e31754e3b6+plib.ps1:4464b815a1587d6b
LEG round=jforce-probe rep=1 m=4096 arm=fast argv='r -q -t16 -T16 --fast f.par2' wall=8.953 cpu=107.672 cpu_over_wall=12.03 peak_mb=4649.3 rc=0 restored=32/32 damaged_members=32 blocks_written=4096 strays=32 seed=20289584 stage1=joint-whole-demand stage2=joint-FALLBACK stage1_raw='joint whole/demand, stripe 512w' stage2_raw='joint scheduler, m=4096, gate 8192, FALLBACK arithmetic, stripe 512w' ctrl_s=1.660000 foreign_cpu=53.1 foreign_after=42.2 errlen=1367 force=avx2 ts=2026-09-12T10:36:24.0427186Z rig=jcross.ps1:5341c3e31754e3b6+plib.ps1:4464b815a1587d6b
LEG round=jforce-probe rep=1 m=4096 arm=aa argv='r -q -t16 -T16 f.par2' wall=9.997 cpu=112.516 cpu_over_wall=11.25 peak_mb=4644.9 rc=0 restored=32/32 damaged_members=32 blocks_written=4096 strays=32 seed=20289584 stage1=hankel stage2=evaluate stage1_raw='hankel, nseg=32, stripe 512w, dft=3x5x17' stage2_raw='evaluate, 128 group(s) in tiles of 31, stripe 512w' ctrl_s=1.720000 foreign_cpu=35.9 foreign_after=78.1 errlen=1134 force=avx2 ts=2026-09-12T10:36:52.9397935Z rig=jcross.ps1:5341c3e31754e3b6+plib.ps1:4464b815a1587d6b
LEG round=jforce-probe rep=1 m=5120 arm=off argv='r -q -t16 -T16 f.par2' wall=11.208 cpu=125.594 cpu_over_wall=11.21 peak_mb=4712.9 rc=0 restored=32/32 damaged_members=32 blocks_written=5120 strays=32 seed=20296752 stage1=hankel stage2=evaluate stage1_raw='hankel, nseg=40, stripe 512w, dft=3x5x17' stage2_raw='evaluate, 128 group(s) in tiles of 31, stripe 512w' ctrl_s=1.660000 foreign_cpu=50 foreign_after=17.2 errlen=1139 force=avx2 ts=2026-09-12T10:37:24.7702396Z rig=jcross.ps1:5341c3e31754e3b6+plib.ps1:4464b815a1587d6b
LEG round=jforce-probe rep=1 m=5120 arm=fast argv='r -q -t16 -T16 --fast f.par2' wall=10.734 cpu=131.922 cpu_over_wall=12.29 peak_mb=4717.6 rc=0 restored=32/32 damaged_members=32 blocks_written=5120 strays=32 seed=20296752 stage1=joint-whole-demand stage2=joint-FALLBACK stage1_raw='joint whole/demand, stripe 256w' stage2_raw='joint scheduler, m=5120, gate 8192, FALLBACK arithmetic, stripe 256w' ctrl_s=1.690000 foreign_cpu=75 foreign_after=109.4 errlen=1373 force=avx2 ts=2026-09-12T10:37:59.1597284Z rig=jcross.ps1:5341c3e31754e3b6+plib.ps1:4464b815a1587d6b
LEG round=jforce-probe rep=1 m=5120 arm=aa argv='r -q -t16 -T16 f.par2' wall=11.304 cpu=125.453 cpu_over_wall=11.1 peak_mb=4713.9 rc=0 restored=32/32 damaged_members=32 blocks_written=5120 strays=32 seed=20296752 stage1=hankel stage2=evaluate stage1_raw='hankel, nseg=40, stripe 512w, dft=3x5x17' stage2_raw='evaluate, 128 group(s) in tiles of 31, stripe 512w' ctrl_s=1.670000 foreign_cpu=23.4 foreign_after=76.6 errlen=1139 force=avx2 ts=2026-09-12T10:38:32.4914711Z rig=jcross.ps1:5341c3e31754e3b6+plib.ps1:4464b815a1587d6b
LEG round=jforce-probe rep=1 m=6144 arm=off argv='r -q -t16 -T16 f.par2' wall=12.501 cpu=139.016 cpu_over_wall=11.12 peak_mb=4763 rc=0 restored=32/32 damaged_members=32 blocks_written=6144 strays=32 seed=20303920 stage1=hankel stage2=evaluate stage1_raw='hankel, nseg=48, stripe 512w, dft=3x5x17' stage2_raw='evaluate, 128 group(s) in tiles of 31, stripe 512w' ctrl_s=1.690000 foreign_cpu=76.6 foreign_after=23.4 errlen=1139 force=avx2 ts=2026-09-12T10:39:08.8551999Z rig=jcross.ps1:5341c3e31754e3b6+plib.ps1:4464b815a1587d6b
LEG round=jforce-probe rep=1 m=6144 arm=fast argv='r -q -t16 -T16 --fast f.par2' wall=11.505 cpu=140.875 cpu_over_wall=12.24 peak_mb=4767.1 rc=0 restored=32/32 damaged_members=32 blocks_written=6144 strays=32 seed=20303920 stage1=joint-whole-demand stage2=joint-FALLBACK stage1_raw='joint whole/demand, stripe 256w' stage2_raw='joint scheduler, m=6144, gate 8192, FALLBACK arithmetic, stripe 256w' ctrl_s=1.670000 foreign_cpu=42.2 foreign_after=50 errlen=1373 force=avx2 ts=2026-09-12T10:39:46.8111078Z rig=jcross.ps1:5341c3e31754e3b6+plib.ps1:4464b815a1587d6b
LEG round=jforce-probe rep=1 m=6144 arm=aa argv='r -q -t16 -T16 f.par2' wall=12.61 cpu=138.812 cpu_over_wall=11.01 peak_mb=4762 rc=0 restored=32/32 damaged_members=32 blocks_written=6144 strays=32 seed=20303920 stage1=hankel stage2=evaluate stage1_raw='hankel, nseg=48, stripe 512w, dft=3x5x17' stage2_raw='evaluate, 128 group(s) in tiles of 31, stripe 512w' ctrl_s=1.670000 foreign_cpu=10.9 foreign_after=73.4 errlen=1139 force=avx2 ts=2026-09-12T10:40:24.3961648Z rig=jcross.ps1:5341c3e31754e3b6+plib.ps1:4464b815a1587d6b
JCROSS-REP-END rep=1 2026-09-12T10:40:30.0750678Z
LEG round=jforce-probe rep=2 m=4096 arm=fast argv='r -q -t16 -T16 --fast f.par2' wall=9.265 cpu=109.344 cpu_over_wall=11.8 peak_mb=4648.1 rc=0 restored=32/32 damaged_members=32 blocks_written=4096 strays=32 seed=20289585 stage1=joint-whole-demand stage2=joint-FALLBACK stage1_raw='joint whole/demand, stripe 512w' stage2_raw='joint scheduler, m=4096, gate 8192, FALLBACK arithmetic, stripe 512w' ctrl_s=1.660000 foreign_cpu=21.9 foreign_after=42.2 errlen=1367 force=avx2 ts=2026-09-12T10:40:54.5092811Z rig=jcross.ps1:5341c3e31754e3b6+plib.ps1:4464b815a1587d6b
LEG round=jforce-probe rep=2 m=4096 arm=aa argv='r -q -t16 -T16 f.par2' wall=10.239 cpu=114.203 cpu_over_wall=11.15 peak_mb=4646.7 rc=0 restored=32/32 damaged_members=32 blocks_written=4096 strays=32 seed=20289585 stage1=hankel stage2=evaluate stage1_raw='hankel, nseg=32, stripe 512w, dft=3x5x17' stage2_raw='evaluate, 128 group(s) in tiles of 31, stripe 512w' ctrl_s=1.680000 foreign_cpu=21.9 foreign_after=23.4 errlen=1136 force=avx2 ts=2026-09-12T10:41:26.0753403Z rig=jcross.ps1:5341c3e31754e3b6+plib.ps1:4464b815a1587d6b
LEG round=jforce-probe rep=2 m=4096 arm=off argv='r -q -t16 -T16 f.par2' wall=10.277 cpu=114.109 cpu_over_wall=11.1 peak_mb=4645.7 rc=0 restored=32/32 damaged_members=32 blocks_written=4096 strays=32 seed=20289585 stage1=hankel stage2=evaluate stage1_raw='hankel, nseg=32, stripe 512w, dft=3x5x17' stage2_raw='evaluate, 128 group(s) in tiles of 31, stripe 512w' ctrl_s=1.680000 foreign_cpu=54.7 foreign_after=65.6 errlen=1136 force=avx2 ts=2026-09-12T10:41:57.5716678Z rig=jcross.ps1:5341c3e31754e3b6+plib.ps1:4464b815a1587d6b
LEG round=jforce-probe rep=2 m=5120 arm=fast argv='r -q -t16 -T16 --fast f.par2' wall=11 cpu=133.125 cpu_over_wall=12.1 peak_mb=4717.1 rc=0 restored=32/32 damaged_members=32 blocks_written=5120 strays=32 seed=20296753 stage1=joint-whole-demand stage2=joint-FALLBACK stage1_raw='joint whole/demand, stripe 256w' stage2_raw='joint scheduler, m=5120, gate 8192, FALLBACK arithmetic, stripe 256w' ctrl_s=1.710000 foreign_cpu=26.6 foreign_after=43.8 errlen=1373 force=avx2 ts=2026-09-12T10:42:31.4012448Z rig=jcross.ps1:5341c3e31754e3b6+plib.ps1:4464b815a1587d6b
LEG round=jforce-probe rep=2 m=5120 arm=aa argv='r -q -t16 -T16 f.par2' wall=11.526 cpu=126.391 cpu_over_wall=10.97 peak_mb=4715.2 rc=0 restored=32/32 damaged_members=32 blocks_written=5120 strays=32 seed=20296753 stage1=hankel stage2=evaluate stage1_raw='hankel, nseg=40, stripe 512w, dft=3x5x17' stage2_raw='evaluate, 128 group(s) in tiles of 31, stripe 512w' ctrl_s=1.680000 foreign_cpu=17.2 foreign_after=42.2 errlen=1139 force=avx2 ts=2026-09-12T10:43:06.9622347Z rig=jcross.ps1:5341c3e31754e3b6+plib.ps1:4464b815a1587d6b
LEG round=jforce-probe rep=2 m=5120 arm=off argv='r -q -t16 -T16 f.par2' wall=11.479 cpu=126.062 cpu_over_wall=10.98 peak_mb=4713.4 rc=0 restored=32/32 damaged_members=32 blocks_written=5120 strays=32 seed=20296753 stage1=hankel stage2=evaluate stage1_raw='hankel, nseg=40, stripe 512w, dft=3x5x17' stage2_raw='evaluate, 128 group(s) in tiles of 31, stripe 512w' ctrl_s=1.660000 foreign_cpu=15.6 foreign_after=29.7 errlen=1139 force=avx2 ts=2026-09-12T10:43:41.9527962Z rig=jcross.ps1:5341c3e31754e3b6+plib.ps1:4464b815a1587d6b
LEG round=jforce-probe rep=2 m=6144 arm=fast argv='r -q -t16 -T16 --fast f.par2' wall=11.578 cpu=141.25 cpu_over_wall=12.2 peak_mb=4767.3 rc=0 restored=32/32 damaged_members=32 blocks_written=6144 strays=32 seed=20303921 stage1=joint-whole-demand stage2=joint-FALLBACK stage1_raw='joint whole/demand, stripe 256w' stage2_raw='joint scheduler, m=6144, gate 8192, FALLBACK arithmetic, stripe 256w' ctrl_s=1.660000 foreign_cpu=35.9 foreign_after=54.7 errlen=1373 force=avx2 ts=2026-09-12T10:44:19.0767366Z rig=jcross.ps1:5341c3e31754e3b6+plib.ps1:4464b815a1587d6b
LEG round=jforce-probe rep=2 m=6144 arm=aa argv='r -q -t16 -T16 f.par2' wall=12.68 cpu=138.438 cpu_over_wall=10.92 peak_mb=4761.8 rc=0 restored=32/32 damaged_members=32 blocks_written=6144 strays=32 seed=20303921 stage1=hankel stage2=evaluate stage1_raw='hankel, nseg=48, stripe 512w, dft=3x5x17' stage2_raw='evaluate, 128 group(s) in tiles of 31, stripe 512w' ctrl_s=1.700000 foreign_cpu=59.4 foreign_after=92.2 errlen=1139 force=avx2 ts=2026-09-12T10:44:58.2474408Z rig=jcross.ps1:5341c3e31754e3b6+plib.ps1:4464b815a1587d6b
LEG round=jforce-probe rep=2 m=6144 arm=off argv='r -q -t16 -T16 f.par2' wall=12.774 cpu=139.828 cpu_over_wall=10.95 peak_mb=4763.4 rc=0 restored=32/32 damaged_members=32 blocks_written=6144 strays=32 seed=20303921 stage1=hankel stage2=evaluate stage1_raw='hankel, nseg=48, stripe 512w, dft=3x5x17' stage2_raw='evaluate, 128 group(s) in tiles of 31, stripe 512w' ctrl_s=1.670000 foreign_cpu=23.4 foreign_after=54.7 errlen=1140 force=avx2 ts=2026-09-12T10:45:37.1352597Z rig=jcross.ps1:5341c3e31754e3b6+plib.ps1:4464b815a1587d6b
JCROSS-REP-END rep=2 2026-09-12T10:45:43.8112752Z
JCROSS-END 2026-09-12T10:45:43.8137405Z
RIG-LOCK-RELEASED <rig>\.parfast-rig.lock
