RIG-LOCK-TAKEN <rig>\.parfast-rig.lock round=cpwarm pid=17036 started=2026-09-18T11:04:12.2302360Z
ROUND tag=cpwarm phase=create root=<rig>\crpin-18sep bin=<rig>\crpin-18sep\src\target\release\parfast.exe reps=1 gf16force= start=2026-09-18T11:04:12.2415849Z
BOX host=intel-core-ultra-9-386h cpu=Intel(R) Core(TM) Ultra 9 386H caption=Intel64 Family 6 Model 204 Stepping 2 cores=16 threads=16 ram_gb=31.4 os=Microsoft Windows 11 Home build=10.0.26200 Cfree_gb=450.3
HARNESS plib.ps1 sha256=37fc093ea5504db7d2ef45e80ae8f6427e35f41bab419ba9da6a358e6074acb8 bytes=104248
HARNESS wcomb.ps1 sha256=35106ecefc6275280be1962b60eecc736ae1018c880da22a910711f30a06e971 bytes=65112
HARNESS-RIG plib.ps1:37fc093ea5504db7+wcomb.ps1:35106ecefc627528
SRC-NOINDEX-ENTRY rc=0 src=<rig>\crpin-18sep\src
BIN parfast sha256=7a605be5c09ee87a0316c159bf6f66eb46d3e37cc7e9524aaa04743514b6ce60 bytes=4173312 version=parfast version 1.5.0-beta.3 built from unknown
CREATE rc=0 wall=21.744 cpu=297.078 peak_mb=19085.1
FIXTURE-NOINDEX rc=0 fix=<rig>\crpin-18sep\fix-4194304-1024
SRC-NOINDEX rc=0 src=<rig>\crpin-18sep\src
FIXTURE fix=<rig>\crpin-18sep\fix-4194304-1024 members=16 slice=4194304 n=4096 parfiles=11
FIXTURE-RECOVERY 640 source=shape.txt
FIXTURE-SETTLE-WAIT foreign_cpu=71.5 thresh=25 waited_s=12 cap_s=1200 at=fixture-cpwarm
FIXTURE-SETTLE-WAIT foreign_cpu=110.1 thresh=25 waited_s=134 cap_s=1200 at=fixture-cpwarm
FIXTURE-SETTLE-WAIT foreign_cpu=83 thresh=25 waited_s=256 cap_s=1200 at=fixture-cpwarm
FIXTURE-SETTLE-WAIT foreign_cpu=62.9 thresh=25 waited_s=367 cap_s=1200 at=fixture-cpwarm
FIXTURE-SETTLE-WAIT foreign_cpu=112.6 thresh=25 waited_s=489 cap_s=1200 at=fixture-cpwarm
FIXTURE-SETTLE-WAIT foreign_cpu=94.7 thresh=25 waited_s=567 cap_s=1200 at=fixture-cpwarm
FIXTURE-SETTLE-WAIT foreign_cpu=87.5 thresh=25 waited_s=634 cap_s=1200 at=fixture-cpwarm
FIXTURE-SETTLE-WAIT foreign_cpu=92.1 thresh=25 waited_s=701 cap_s=1200 at=fixture-cpwarm
FIXTURE-SETTLE-WAIT foreign_cpu=89.9 thresh=25 waited_s=834 cap_s=1200 at=fixture-cpwarm
FIXTURE-SETTLE-WAIT foreign_cpu=76.6 thresh=25 waited_s=956 cap_s=1200 at=fixture-cpwarm
FIXTURE-SETTLE-WAIT foreign_cpu=42.9 thresh=25 waited_s=1056 cap_s=1200 at=fixture-cpwarm
FIXTURE-SETTLE-WAIT foreign_cpu=94 thresh=25 waited_s=1156 cap_s=1200 at=fixture-cpwarm
FIXTURE-SETTLE ok=0 GAVE-UP foreign_cpu=6.2 thresh=25 waited_s=1200 cap_s=1200 at=fixture-cpwarm top=[System(4) SearchIndexer(5004) svchost(8864) svchost(2192)] ts=2026-09-18T11:25:56.3064092Z
FIXTURE-SETTLE-NOTE the round CONTINUES; read every leg's foreign_cpu and the reducers' per-ladder median before trusting a number from it
LEG round=c-m288-big-fold-t16-r1 label=4mcp-warm slice=4194304 payload=random n=4096 phase=create rep=1 m=288 budget=big arm=fold ntt_budget=21474836480 threads=16 prof=0 rc=0 restored=16/16 match=1 out_files=10 out_bytes=1211659876 wall=11.945 cpu=163.141 peak_mb=1739.7 path=fold route=none windows=0 win_slices=none residency=resident cold_builds=0 gf16force= foreign_cpu=0 foreign_after=141 load_before=0 load_after=0 errlen=1354 affinity=none affinity_got=none rig=plib.ps1:37fc093ea5504db7+wcomb.ps1:35106ecefc627528 ts=2026-09-18T11:26:14.7009809Z
BOX-ONE-CORE-BUSY at=c-m288-big-force-t16-r1 foreign_1core=84.1 thresh=25 cores=16 top=[System(4) SearchIndexer(5004) svchost(8864) svchost(2192)]
BOX-ONE-CORE-NOTE the leg RUNS; read its foreign_1core and the reducers' per-ladder median before trusting a number from it
LEG round=c-m288-big-force-t16-r1 label=4mcp-warm slice=4194304 payload=random n=4096 phase=create rep=1 m=288 budget=big arm=force ntt_budget=21474836480 threads=16 prof=0 rc=0 restored=16/16 match=1 out_files=10 out_bytes=1211659876 wall=19.139 cpu=267.312 peak_mb=17636.7 path=ntt route=mapped windows=1 win_slices=mapped residency=resident cold_builds=1 gf16force= foreign_cpu=98.5 foreign_after=116.1 load_before=8 load_after=3 errlen=1325 affinity=none affinity_got=none rig=plib.ps1:37fc093ea5504db7+wcomb.ps1:35106ecefc627528 ts=2026-09-18T11:26:43.8716048Z
BOX-ONE-CORE-BUSY at=c-m288-big-force2-t16-r1 foreign_1core=84.9 thresh=25 cores=16 top=[System(4) SearchIndexer(5004) svchost(8864) svchost(2192)]
BOX-ONE-CORE-NOTE the leg RUNS; read its foreign_1core and the reducers' per-ladder median before trusting a number from it
LEG round=c-m288-big-force2-t16-r1 label=4mcp-warm slice=4194304 payload=random n=4096 phase=create rep=1 m=288 budget=big arm=force2 ntt_budget=21474836480 threads=16 prof=0 rc=0 restored=16/16 match=1 out_files=10 out_bytes=1211659876 wall=19.922 cpu=283.844 peak_mb=17633 path=ntt route=mapped windows=1 win_slices=mapped residency=resident cold_builds=1 gf16force= foreign_cpu=102 foreign_after=95.6 load_before=5 load_after=9 errlen=1325 affinity=none affinity_got=none rig=plib.ps1:37fc093ea5504db7+wcomb.ps1:35106ecefc627528 ts=2026-09-18T11:27:13.8240012Z
BOX-ONE-CORE-BUSY at=c-m288-big-fold2-t16-r1 foreign_1core=83.5 thresh=25 cores=16 top=[System(4) SearchIndexer(5004) svchost(8864) svchost(2192)]
BOX-ONE-CORE-NOTE the leg RUNS; read its foreign_1core and the reducers' per-ladder median before trusting a number from it
LEG round=c-m288-big-fold2-t16-r1 label=4mcp-warm slice=4194304 payload=random n=4096 phase=create rep=1 m=288 budget=big arm=fold2 ntt_budget=21474836480 threads=16 prof=0 rc=0 restored=16/16 match=1 out_files=10 out_bytes=1211659876 wall=13.462 cpu=187.578 peak_mb=1739.7 path=fold route=none windows=0 win_slices=none residency=resident cold_builds=0 gf16force= foreign_cpu=97.8 foreign_after=9.3 load_before=5 load_after=11 errlen=1354 affinity=none affinity_got=none rig=plib.ps1:37fc093ea5504db7+wcomb.ps1:35106ecefc627528 ts=2026-09-18T11:27:37.1670054Z
BOX-ONE-CORE-BUSY at=c-m320-big-fold-t16-r1 foreign_1core=85.4 thresh=25 cores=16 top=[System(4) SearchIndexer(5004) svchost(8864) svchost(2192)]
BOX-ONE-CORE-NOTE the leg RUNS; read its foreign_1core and the reducers' per-ladder median before trusting a number from it
LEG round=c-m320-big-fold-t16-r1 label=4mcp-warm slice=4194304 payload=random n=4096 phase=create rep=1 m=320 budget=big arm=fold ntt_budget=21474836480 threads=16 prof=0 rc=0 restored=16/16 match=1 out_files=10 out_bytes=1345965360 wall=15.449 cpu=226.969 peak_mb=1932.5 path=fold route=none windows=0 win_slices=none residency=resident cold_builds=0 gf16force= foreign_cpu=49.7 foreign_after=36.9 load_before=1 load_after=7 errlen=1354 affinity=none affinity_got=none rig=plib.ps1:37fc093ea5504db7+wcomb.ps1:35106ecefc627528 ts=2026-09-18T11:28:02.5681266Z
LEG round=c-m320-big-force-t16-r1 label=4mcp-warm slice=4194304 payload=random n=4096 phase=create rep=1 m=320 budget=big arm=force ntt_budget=21474836480 threads=16 prof=0 rc=0 restored=16/16 match=1 out_files=10 out_bytes=1345965360 wall=22.203 cpu=318.859 peak_mb=17767.6 path=ntt route=mapped windows=1 win_slices=mapped residency=resident cold_builds=1 gf16force= foreign_cpu=21.7 foreign_after=12.4 load_before=4 load_after=6 errlen=1325 affinity=none affinity_got=none rig=plib.ps1:37fc093ea5504db7+wcomb.ps1:35106ecefc627528 ts=2026-09-18T11:28:31.1001707Z
LEG round=c-m320-big-force2-t16-r1 label=4mcp-warm slice=4194304 payload=random n=4096 phase=create rep=1 m=320 budget=big arm=force2 ntt_budget=21474836480 threads=16 prof=0 rc=0 restored=16/16 match=1 out_files=10 out_bytes=1345965360 wall=22.015 cpu=316.094 peak_mb=17744.9 path=ntt route=mapped windows=1 win_slices=mapped residency=resident cold_builds=1 gf16force= foreign_cpu=12.4 foreign_after=3.1 load_before=0 load_after=5 errlen=1325 affinity=none affinity_got=none rig=plib.ps1:37fc093ea5504db7+wcomb.ps1:35106ecefc627528 ts=2026-09-18T11:28:59.4693557Z
LEG round=c-m320-big-fold2-t16-r1 label=4mcp-warm slice=4194304 payload=random n=4096 phase=create rep=1 m=320 budget=big arm=fold2 ntt_budget=21474836480 threads=16 prof=0 rc=0 restored=16/16 match=1 out_files=10 out_bytes=1345965360 wall=15.949 cpu=237.938 peak_mb=1932.4 path=fold route=none windows=0 win_slices=none residency=resident cold_builds=0 gf16force= foreign_cpu=10.9 foreign_after=93.6 load_before=2 load_after=3 errlen=1354 affinity=none affinity_got=none rig=plib.ps1:37fc093ea5504db7+wcomb.ps1:35106ecefc627528 ts=2026-09-18T11:29:21.7613279Z
LEG round=c-m352-big-fold-t16-r1 label=4mcp-warm slice=4194304 payload=random n=4096 phase=create rep=1 m=352 budget=big arm=fold ntt_budget=21474836480 threads=16 prof=0 rc=0 restored=16/16 match=1 out_files=10 out_bytes=1480185264 wall=18.687 cpu=288.422 peak_mb=2254 path=fold route=none windows=0 win_slices=none residency=resident cold_builds=0 gf16force= foreign_cpu=87.3 foreign_after=96.6 load_before=2 load_after=3 errlen=1404 affinity=none affinity_got=none rig=plib.ps1:37fc093ea5504db7+wcomb.ps1:35106ecefc627528 ts=2026-09-18T11:29:50.6621733Z
LEG round=c-m352-big-force-t16-r1 label=4mcp-warm slice=4194304 payload=random n=4096 phase=create rep=1 m=352 budget=big arm=force ntt_budget=21474836480 threads=16 prof=0 rc=0 restored=16/16 match=1 out_files=10 out_bytes=1480185264 wall=21.884 cpu=316.094 peak_mb=17891 path=ntt route=mapped windows=1 win_slices=mapped residency=resident cold_builds=1 gf16force= foreign_cpu=93.8 foreign_after=85.8 load_before=5 load_after=2 errlen=1325 affinity=none affinity_got=none rig=plib.ps1:37fc093ea5504db7+wcomb.ps1:35106ecefc627528 ts=2026-09-18T11:30:22.7479410Z
LEG round=c-m352-big-force2-t16-r1 label=4mcp-warm slice=4194304 payload=random n=4096 phase=create rep=1 m=352 budget=big arm=force2 ntt_budget=21474836480 threads=16 prof=0 rc=0 restored=16/16 match=1 out_files=10 out_bytes=1480185264 wall=21.691 cpu=312.953 peak_mb=17899 path=ntt route=mapped windows=1 win_slices=mapped residency=resident cold_builds=1 gf16force= foreign_cpu=79.7 foreign_after=99.5 load_before=3 load_after=1 errlen=1325 affinity=none affinity_got=none rig=plib.ps1:37fc093ea5504db7+wcomb.ps1:35106ecefc627528 ts=2026-09-18T11:30:54.6600975Z
LEG round=c-m352-big-fold2-t16-r1 label=4mcp-warm slice=4194304 payload=random n=4096 phase=create rep=1 m=352 budget=big arm=fold2 ntt_budget=21474836480 threads=16 prof=0 rc=0 restored=16/16 match=1 out_files=10 out_bytes=1480185264 wall=20.094 cpu=312.172 peak_mb=2213.9 path=fold route=none windows=0 win_slices=none residency=resident cold_builds=0 gf16force= foreign_cpu=26.1 foreign_after=92.3 load_before=0 load_after=4 errlen=1404 affinity=none affinity_got=none rig=plib.ps1:37fc093ea5504db7+wcomb.ps1:35106ecefc627528 ts=2026-09-18T11:31:21.3552829Z
LEG round=c-m384-big-fold-t16-r1 label=4mcp-warm slice=4194304 payload=random n=4096 phase=create rep=1 m=384 budget=big arm=fold ntt_budget=21474836480 threads=16 prof=0 rc=0 restored=16/16 match=1 out_files=10 out_bytes=1614490748 wall=20.79 cpu=320.328 peak_mb=2447.5 path=fold route=none windows=0 win_slices=none residency=resident cold_builds=0 gf16force= foreign_cpu=82.8 foreign_after=93.5 load_before=5 load_after=10 errlen=1402 affinity=none affinity_got=none rig=plib.ps1:37fc093ea5504db7+wcomb.ps1:35106ecefc627528 ts=2026-09-18T11:31:52.4010882Z
LEG round=c-m384-big-force-t16-r1 label=4mcp-warm slice=4194304 payload=random n=4096 phase=create rep=1 m=384 budget=big arm=force ntt_budget=21474836480 threads=16 prof=0 rc=0 restored=16/16 match=1 out_files=10 out_bytes=1614490748 wall=21.879 cpu=315.594 peak_mb=18018.4 path=ntt route=mapped windows=1 win_slices=mapped residency=resident cold_builds=1 gf16force= foreign_cpu=103.9 foreign_after=58.8 load_before=3 load_after=2 errlen=1325 affinity=none affinity_got=none rig=plib.ps1:37fc093ea5504db7+wcomb.ps1:35106ecefc627528 ts=2026-09-18T11:32:24.4830469Z
LEG round=c-m384-big-force2-t16-r1 label=4mcp-warm slice=4194304 payload=random n=4096 phase=create rep=1 m=384 budget=big arm=force2 ntt_budget=21474836480 threads=16 prof=0 rc=0 restored=16/16 match=1 out_files=10 out_bytes=1614490748 wall=22.652 cpu=324.938 peak_mb=18027.5 path=ntt route=mapped windows=1 win_slices=mapped residency=resident cold_builds=1 gf16force= foreign_cpu=98.7 foreign_after=151.9 load_before=11 load_after=8 errlen=1324 affinity=none affinity_got=none rig=plib.ps1:37fc093ea5504db7+wcomb.ps1:35106ecefc627528 ts=2026-09-18T11:32:53.7398509Z
LEG round=c-m384-big-fold2-t16-r1 label=4mcp-warm slice=4194304 payload=random n=4096 phase=create rep=1 m=384 budget=big arm=fold2 ntt_budget=21474836480 threads=16 prof=0 rc=0 restored=16/16 match=1 out_files=10 out_bytes=1614490748 wall=21.489 cpu=330.469 peak_mb=2447.6 path=fold route=none windows=0 win_slices=none residency=resident cold_builds=0 gf16force= foreign_cpu=156.6 foreign_after=128.6 load_before=10 load_after=6 errlen=1403 affinity=none affinity_got=none rig=plib.ps1:37fc093ea5504db7+wcomb.ps1:35106ecefc627528 ts=2026-09-18T11:33:21.8004505Z
LEG round=c-m416-big-fold-t16-r1 label=4mcp-warm slice=4194304 payload=random n=4096 phase=create rep=1 m=416 budget=big arm=fold ntt_budget=21474836480 threads=16 prof=0 rc=0 restored=16/16 match=1 out_files=10 out_bytes=1748710652 wall=23.351 cpu=359.406 peak_mb=2640.7 path=fold route=none windows=0 win_slices=none residency=resident cold_builds=0 gf16force= foreign_cpu=139.4 foreign_after=191 load_before=7 load_after=15 errlen=1404 affinity=none affinity_got=none rig=plib.ps1:37fc093ea5504db7+wcomb.ps1:35106ecefc627528 ts=2026-09-18T11:33:55.3860608Z
LEG round=c-m416-big-force-t16-r1 label=4mcp-warm slice=4194304 payload=random n=4096 phase=create rep=1 m=416 budget=big arm=force ntt_budget=21474836480 threads=16 prof=0 rc=0 restored=16/16 match=1 out_files=10 out_bytes=1748710652 wall=22.828 cpu=326.312 peak_mb=18152.3 path=ntt route=mapped windows=1 win_slices=mapped residency=resident cold_builds=1 gf16force= foreign_cpu=4.6 foreign_after=124.2 load_before=2 load_after=9 errlen=1323 affinity=none affinity_got=none rig=plib.ps1:37fc093ea5504db7+wcomb.ps1:35106ecefc627528 ts=2026-09-18T11:34:24.9232826Z
LEG round=c-m416-big-force2-t16-r1 label=4mcp-warm slice=4194304 payload=random n=4096 phase=create rep=1 m=416 budget=big arm=force2 ntt_budget=21474836480 threads=16 prof=0 rc=0 restored=16/16 match=1 out_files=10 out_bytes=1748710652 wall=22.735 cpu=326.547 peak_mb=18146.8 path=ntt route=mapped windows=1 win_slices=mapped residency=resident cold_builds=1 gf16force= foreign_cpu=45.8 foreign_after=146 load_before=9 load_after=2 errlen=1325 affinity=none affinity_got=none rig=plib.ps1:37fc093ea5504db7+wcomb.ps1:35106ecefc627528 ts=2026-09-18T11:34:54.3160887Z
LEG round=c-m416-big-fold2-t16-r1 label=4mcp-warm slice=4194304 payload=random n=4096 phase=create rep=1 m=416 budget=big arm=fold2 ntt_budget=21474836480 threads=16 prof=0 rc=0 restored=16/16 match=1 out_files=10 out_bytes=1748710652 wall=23.841 cpu=371.469 peak_mb=2640.4 path=fold route=none windows=0 win_slices=none residency=resident cold_builds=0 gf16force= foreign_cpu=35.1 foreign_after=43.1 load_before=1 load_after=5 errlen=1402 affinity=none affinity_got=none rig=plib.ps1:37fc093ea5504db7+wcomb.ps1:35106ecefc627528 ts=2026-09-18T11:35:24.9205266Z
ALL DONE end=2026-09-18T11:35:24.9205266Z
RIG-LOCK-RELEASED <rig>\.parfast-rig.lock
