ROUND dcsmall start=2026-09-16T12:58:23.2182485Z host=intel-i5-10600kf cores=12
BOX cpu=Intel(R) Core(TM) i5-10600KF CPU @ 4.10GHz cores=6 logical=12 ram_gb=63.9
BIN parfast sha256=9FA78067CC52A2DF mtime=2026-09-16T05:57:11.5279431Z
FIXTURE sha256=5D99CD8B38D638938BFD6FC04D750BA6661A369E279DA2F61E99BC8551A113C1
BOX-FREE foreign_cpu=10.9 ceiling=120 waited_s=1 at=setup
SETUP enrolling into <rig>\dcsmall16sep\work\store-hit
SETUP rc=0 wall=10.361 sha=5b8d41b8cae45152 files=8
BOX-FREE foreign_cpu=21.9 ceiling=120 waited_s=1 at=pre-fresh-1
LEG arm=fresh rep=1 rc=0 wall=10.058 cpu=67.688 peakmb=643 foreign_cpu=31.2 foreign_after=15.6 fused=true fold_alone=8.70s chain_alone=9.78s dc=[-] sha=5b8d41b8cae45152 files=8 ts=2026-09-16T13:05:36.6884288Z
BOX-QUEUE foreign_cpu=43.8 ceiling=120 locked=False waited_s=1 at=pre-enrol-1
BOX-FREE foreign_cpu=10.9 ceiling=120 waited_s=47 at=pre-enrol-1
LEG arm=enrol rep=1 rc=0 wall=10.168 cpu=77.656 peakmb=9091 foreign_cpu=10.9 foreign_after=31.2 fused=true fold_alone=8.92s chain_alone=9.85s dc=[digest-cache single.bin: miss, enrolling (10.04s)] sha=5b8d41b8cae45152 files=8 ts=2026-09-16T13:06:39.6242897Z
BOX-FREE foreign_cpu=28.1 ceiling=120 waited_s=1 at=pre-hit-1
LEG arm=hit rep=1 rc=0 wall=9.553 cpu=84.078 peakmb=9142.8 foreign_cpu=32.8 foreign_after=35.9 fused=false fold_alone=9.27s chain_alone=0.00ns dc=[digest-cache single.bin: hit (content validated in 4.71s)] sha=5b8d41b8cae45152 files=8 ts=2026-09-16T13:06:55.7033483Z
BOX-FREE foreign_cpu=25 ceiling=120 waited_s=1 at=pre-hit-2
LEG arm=hit rep=2 rc=0 wall=9.601 cpu=84.781 peakmb=9142.5 foreign_cpu=7.8 foreign_after=31.2 fused=false fold_alone=9.33s chain_alone=0.00ns dc=[digest-cache single.bin: hit (content validated in 4.84s)] sha=5b8d41b8cae45152 files=8 ts=2026-09-16T13:07:11.8685466Z
BOX-FREE foreign_cpu=12.5 ceiling=120 waited_s=1 at=pre-enrol-2
LEG arm=enrol rep=2 rc=0 wall=10.316 cpu=79.812 peakmb=9090.9 foreign_cpu=26.6 foreign_after=48.4 fused=true fold_alone=9.16s chain_alone=9.86s dc=[digest-cache single.bin: miss, enrolling (10.15s)] sha=5b8d41b8cae45152 files=8 ts=2026-09-16T13:07:28.8153590Z
BOX-FREE foreign_cpu=25 ceiling=120 waited_s=1 at=pre-fresh-2
LEG arm=fresh rep=2 rc=0 wall=10.074 cpu=65.297 peakmb=642.9 foreign_cpu=9.4 foreign_after=31.2 fused=true fold_alone=8.27s chain_alone=9.77s dc=[-] sha=5b8d41b8cae45152 files=8 ts=2026-09-16T13:07:45.3675034Z
BOX-FREE foreign_cpu=17.2 ceiling=120 waited_s=1 at=pre-fresh-3
LEG arm=fresh rep=3 rc=0 wall=10.037 cpu=65.891 peakmb=642.7 foreign_cpu=34.4 foreign_after=28.1 fused=true fold_alone=8.30s chain_alone=9.75s dc=[-] sha=5b8d41b8cae45152 files=8 ts=2026-09-16T13:08:01.9026863Z
BOX-FREE foreign_cpu=25 ceiling=120 waited_s=1 at=pre-enrol-3
LEG arm=enrol rep=3 rc=0 wall=10.185 cpu=77.062 peakmb=9089.9 foreign_cpu=12.5 foreign_after=34.4 fused=true fold_alone=8.85s chain_alone=9.83s dc=[digest-cache single.bin: miss, enrolling (10.04s)] sha=5b8d41b8cae45152 files=8 ts=2026-09-16T13:08:18.6170058Z
BOX-FREE foreign_cpu=23.4 ceiling=120 waited_s=1 at=pre-hit-3
LEG arm=hit rep=3 rc=0 wall=9.763 cpu=85.75 peakmb=9143.2 foreign_cpu=9.4 foreign_after=39.1 fused=false fold_alone=9.49s chain_alone=0.00ns dc=[digest-cache single.bin: hit (content validated in 4.76s)] sha=5b8d41b8cae45152 files=8 ts=2026-09-16T13:08:34.9335412Z
ROUND dcsmall done=2026-09-16T13:08:34.9335412Z
