LADDER dcladder2 start=2026-09-16T06:43:56.4064912Z host=snapdragon-x2-elite-extreme cores=18 widths=11,10,9,7,5
BIN parfast sha256=47A9917F32875DE0
BOX-FREE foreign_cpu=23.4 waited_s=1 at=pre-fresh-t11-1
LEG arm=fresh t=11 rep=1 rc=0 wall=10.214 cpu=56.281 foreign_cpu=37.5 foreign_after=40.6 fused=true fold_alone=7.59s chain_alone=9.82s dc=[-] sha=5b8d41b8cae45152 ts=2026-09-16T06:44:11.5131562Z
BOX-FREE foreign_cpu=21.9 waited_s=1 at=pre-hit-t11-1
LEG arm=hit t=11 rep=1 rc=0 wall=4.776 cpu=70.906 foreign_cpu=25 foreign_after=48.4 fused=false fold_alone=4.47s chain_alone=0.00ns dc=[digest-cache single.bin: hit (content validated in 3.74s)] sha=5b8d41b8cae45152 ts=2026-09-16T06:44:20.9586888Z
BOX-FREE foreign_cpu=18.8 waited_s=1 at=pre-hit-t11-2
LEG arm=hit t=11 rep=2 rc=0 wall=4.859 cpu=72.609 foreign_cpu=20.3 foreign_after=23.4 fused=false fold_alone=4.51s chain_alone=0.00ns dc=[digest-cache single.bin: hit (content validated in 3.95s)] sha=5b8d41b8cae45152 ts=2026-09-16T06:44:30.4584264Z
BOX-FREE foreign_cpu=25 waited_s=1 at=pre-fresh-t11-2
LEG arm=fresh t=11 rep=2 rc=0 wall=10.156 cpu=56.25 foreign_cpu=42.2 foreign_after=46.9 fused=true fold_alone=7.47s chain_alone=9.78s dc=[-] sha=5b8d41b8cae45152 ts=2026-09-16T06:44:45.2722162Z
BOX-FREE foreign_cpu=28.1 waited_s=1 at=pre-fresh-t10-1
LEG arm=fresh t=10 rep=1 rc=0 wall=10.219 cpu=56.719 foreign_cpu=26.6 foreign_after=35.9 fused=true fold_alone=7.38s chain_alone=9.88s dc=[-] sha=5b8d41b8cae45152 ts=2026-09-16T06:45:00.0849894Z
BOX-FREE foreign_cpu=43.8 waited_s=1 at=pre-hit-t10-1
LEG arm=hit t=10 rep=1 rc=0 wall=5.138 cpu=72.141 foreign_cpu=29.7 foreign_after=39.1 fused=false fold_alone=4.83s chain_alone=0.00ns dc=[digest-cache single.bin: hit (content validated in 3.75s)] sha=5b8d41b8cae45152 ts=2026-09-16T06:45:10.0533817Z
BOX-FREE foreign_cpu=23.4 waited_s=1 at=pre-hit-t10-2
LEG arm=hit t=10 rep=2 rc=0 wall=5.163 cpu=72.438 foreign_cpu=31.2 foreign_after=39.1 fused=false fold_alone=4.81s chain_alone=0.00ns dc=[digest-cache single.bin: hit (content validated in 3.74s)] sha=5b8d41b8cae45152 ts=2026-09-16T06:45:19.8965594Z
BOX-FREE foreign_cpu=21.9 waited_s=1 at=pre-fresh-t10-2
LEG arm=fresh t=10 rep=2 rc=0 wall=10.181 cpu=56.594 foreign_cpu=25 foreign_after=31.2 fused=true fold_alone=7.68s chain_alone=9.84s dc=[-] sha=5b8d41b8cae45152 ts=2026-09-16T06:45:34.7178978Z
BOX-FREE foreign_cpu=35.9 waited_s=1 at=pre-fresh-t9-1
LEG arm=fresh t=9 rep=1 rc=0 wall=10.113 cpu=56.984 foreign_cpu=31.2 foreign_after=29.7 fused=true fold_alone=7.28s chain_alone=9.75s dc=[-] sha=5b8d41b8cae45152 ts=2026-09-16T06:45:49.5070994Z
BOX-FREE foreign_cpu=53.1 waited_s=1 at=pre-hit-t9-1
LEG arm=hit t=9 rep=1 rc=0 wall=5.362 cpu=69.875 foreign_cpu=39.1 foreign_after=54.7 fused=false fold_alone=5.10s chain_alone=0.00ns dc=[digest-cache single.bin: hit (content validated in 3.53s)] sha=5b8d41b8cae45152 ts=2026-09-16T06:45:59.5925360Z
BOX-FREE foreign_cpu=40.6 waited_s=1 at=pre-hit-t9-2
LEG arm=hit t=9 rep=2 rc=0 wall=5.367 cpu=71.828 foreign_cpu=40.6 foreign_after=26.6 fused=false fold_alone=5.08s chain_alone=0.00ns dc=[digest-cache single.bin: hit (content validated in 3.74s)] sha=5b8d41b8cae45152 ts=2026-09-16T06:46:09.6316945Z
BOX-FREE foreign_cpu=39.1 waited_s=1 at=pre-fresh-t9-2
LEG arm=fresh t=9 rep=2 rc=0 wall=10.156 cpu=56.188 foreign_cpu=12.5 foreign_after=21.9 fused=true fold_alone=7.80s chain_alone=9.80s dc=[-] sha=5b8d41b8cae45152 ts=2026-09-16T06:46:24.4687567Z
BOX-FREE foreign_cpu=34.4 waited_s=1 at=pre-fresh-t7-1
LEG arm=fresh t=7 rep=1 rc=0 wall=10.115 cpu=56.422 foreign_cpu=12.5 foreign_after=42.2 fused=true fold_alone=7.76s chain_alone=9.76s dc=[-] sha=5b8d41b8cae45152 ts=2026-09-16T06:46:39.2303170Z
BOX-FREE foreign_cpu=35.9 waited_s=1 at=pre-hit-t7-1
LEG arm=hit t=7 rep=1 rc=0 wall=6.114 cpu=68.672 foreign_cpu=31.2 foreign_after=43.8 fused=false fold_alone=5.83s chain_alone=0.00ns dc=[digest-cache single.bin: hit (content validated in 3.54s)] sha=5b8d41b8cae45152 ts=2026-09-16T06:46:50.0108927Z
BOX-FREE foreign_cpu=26.6 waited_s=1 at=pre-hit-t7-2
LEG arm=hit t=7 rep=2 rc=0 wall=6.315 cpu=69.797 foreign_cpu=31.2 foreign_after=39.1 fused=false fold_alone=6.04s chain_alone=0.00ns dc=[digest-cache single.bin: hit (content validated in 3.62s)] sha=5b8d41b8cae45152 ts=2026-09-16T06:47:01.0073657Z
BOX-FREE foreign_cpu=26.6 waited_s=1 at=pre-fresh-t7-2
LEG arm=fresh t=7 rep=2 rc=0 wall=10.692 cpu=59.125 foreign_cpu=39.1 foreign_after=31.2 fused=true fold_alone=8.03s chain_alone=10.28s dc=[-] sha=5b8d41b8cae45152 ts=2026-09-16T06:47:16.3775911Z
BOX-FREE foreign_cpu=20.3 waited_s=1 at=pre-fresh-t5-1
LEG arm=fresh t=5 rep=1 rc=0 wall=10.239 cpu=56.328 foreign_cpu=25 foreign_after=35.9 fused=true fold_alone=7.98s chain_alone=9.82s dc=[-] sha=5b8d41b8cae45152 ts=2026-09-16T06:47:31.2846356Z
BOX-FREE foreign_cpu=50 waited_s=1 at=pre-hit-t5-1
LEG arm=hit t=5 rep=1 rc=0 wall=7.915 cpu=64.516 foreign_cpu=26.6 foreign_after=34.4 fused=false fold_alone=7.64s chain_alone=0.00ns dc=[digest-cache single.bin: hit (content validated in 3.58s)] sha=5b8d41b8cae45152 ts=2026-09-16T06:47:43.8252377Z
BOX-FREE foreign_cpu=25 waited_s=1 at=pre-hit-t5-2
LEG arm=hit t=5 rep=2 rc=0 wall=8.254 cpu=66.594 foreign_cpu=45.3 foreign_after=42.2 fused=false fold_alone=7.95s chain_alone=0.00ns dc=[digest-cache single.bin: hit (content validated in 3.72s)] sha=5b8d41b8cae45152 ts=2026-09-16T06:47:56.7403889Z
BOX-FREE foreign_cpu=26.6 waited_s=1 at=pre-fresh-t5-2
LEG arm=fresh t=5 rep=2 rc=0 wall=10.224 cpu=56.312 foreign_cpu=28.1 foreign_after=53.1 fused=true fold_alone=7.91s chain_alone=9.85s dc=[-] sha=5b8d41b8cae45152 ts=2026-09-16T06:48:11.5651666Z
LADDER dcladder2 done=2026-09-16T06:48:11.5651666Z
