RIG-LOCK-ORPHAN <rig>/.parfast-rig.lock cleared by round=memladder-crossover-rotated-remeasure-mainbin pid=80307 - was: zero bytes or no parseable identity - it names nobody
17:43:01Z rig lock TAKEN by memladder-crossover-rotated-remeasure-mainbin pid 80307
2026-09-17T17:43:01Z PHASE=start load=5.23 5.44 4.85 host=apple-m3-ultra cores=32
2026-09-17T17:43:01Z PHASE=export 393ec39ba
2026-09-17T17:43:03Z PHASE=build load=5.23 5.44 4.85
   Compiling tokio-rustls v0.26.4
   Compiling nzbkit v1.0.0 (<rig>/memladder-rot-17sep/treeMain/crates/nzbkit)
    Finished `release` profile [optimized] target(s) in 53.42s
2026-09-17T17:43:57Z PHASE=binary parfast version 1.6.0 sha256=bacc3f03f4387c0f
2026-09-17T17:43:57Z PHASE=fixture-ready files=174 bytes=11828MB
2026-09-17T17:43:57Z PHASE=settle load=10.99 7.31 5.60
2026-09-17T17:47:27Z PHASE=settled after=8 load=3.85 5.83 5.36
2026-09-17T17:47:27Z PHASE=ladder load=3.85 5.83 5.36
ROUND tag=rotmain17sep bin=<rig>/memladder-rot-17sep/parfast-393ec39ba arm_order=rotating-by-rep arms=fold,force,auto rungs=160,192,224,256 budgets=128 reps=24 threads=4 slice=65536 load=3.85/5.83/5.36
LEG m160-128-fold-r1-rotmain17sep arm_pos=0 rc=0 ok=True wall=  1.91 cpu=   9.17 peak=  153MB fp=158MB path=fold W=[] slabs=1 win=0 uses=0 forney=0.0 load=3.8/4.0
LEG m160-128-force-r1-rotmain17sep arm_pos=1 rc=0 ok=True wall=  2.24 cpu=  10.42 peak=  273MB fp=285MB path=ntt  W=[512] slabs=1 win=7 uses=0 forney=0.0 load=4.0/4.0
LEG m160-128-auto-r1-rotmain17sep arm_pos=2 rc=0 ok=True wall=  1.90 cpu=   9.17 peak=  157MB fp=163MB path=fold W=[] slabs=1 win=0 uses=0 forney=0.0 load=4.0/4.3
LEG m192-128-fold-r1-rotmain17sep arm_pos=0 rc=0 ok=True wall=  2.19 cpu=  10.32 peak=  165MB fp=170MB path=fold W=[] slabs=1 win=0 uses=0 forney=0.0 load=4.3/4.3
LEG m192-128-force-r1-rotmain17sep arm_pos=1 rc=0 ok=True wall=  2.26 cpu=  10.53 peak=  278MB fp=289MB path=ntt  W=[512] slabs=1 win=7 uses=0 forney=0.0 load=4.3/4.3
LEG m192-128-auto-r1-rotmain17sep arm_pos=2 rc=0 ok=True wall=  2.19 cpu=  10.32 peak=  155MB fp=161MB path=fold W=[] slabs=1 win=0 uses=0 forney=0.0 load=4.3/4.4
LEG m224-128-fold-r1-rotmain17sep arm_pos=0 rc=0 ok=True wall=  2.49 cpu=  11.46 peak=  167MB fp=173MB path=fold W=[] slabs=1 win=0 uses=0 forney=0.0 load=4.4/4.4
LEG m224-128-force-r1-rotmain17sep arm_pos=1 rc=0 ok=True wall=  2.29 cpu=  10.62 peak=  281MB fp=293MB path=ntt  W=[512] slabs=1 win=7 uses=0 forney=0.0 load=4.4/4.9
LEG m224-128-auto-r1-rotmain17sep arm_pos=2 rc=0 ok=True wall=  2.41 cpu=  11.10 peak=  267MB fp=278MB path=ntt  W=[512] slabs=1 win=9 uses=0 forney=0.0 load=4.9/4.9
LEG m256-128-fold-r1-rotmain17sep arm_pos=0 rc=0 ok=True wall=  2.77 cpu=  12.60 peak=  169MB fp=175MB path=fold W=[] slabs=1 win=0 uses=0 forney=0.0 load=4.9/4.9
LEG m256-128-force-r1-rotmain17sep arm_pos=1 rc=0 ok=True wall=  2.32 cpu=  10.74 peak=  284MB fp=296MB path=ntt  W=[512] slabs=1 win=7 uses=0 forney=0.0 load=4.9/5.2
LEG m256-128-auto-r1-rotmain17sep arm_pos=2 rc=0 ok=True wall=  2.48 cpu=  11.41 peak=  252MB fp=262MB path=ntt  W=[512] slabs=1 win=10 uses=0 forney=0.0 load=5.2/5.5
LEG m160-128-force-r2-rotmain17sep arm_pos=0 rc=0 ok=True wall=  2.24 cpu=  10.43 peak=  275MB fp=286MB path=ntt  W=[512] slabs=1 win=7 uses=0 forney=0.0 load=5.5/5.5
LEG m160-128-auto-r2-rotmain17sep arm_pos=1 rc=0 ok=True wall=  1.91 cpu=   9.19 peak=  159MB fp=165MB path=fold W=[] slabs=1 win=0 uses=0 forney=0.0 load=5.5/5.5
LEG m160-128-fold-r2-rotmain17sep arm_pos=2 rc=0 ok=True wall=  1.91 cpu=   9.17 peak=  152MB fp=157MB path=fold W=[] slabs=1 win=0 uses=0 forney=0.0 load=5.5/5.5
LEG m192-128-force-r2-rotmain17sep arm_pos=0 rc=0 ok=True wall=  2.27 cpu=  10.52 peak=  276MB fp=287MB path=ntt  W=[512] slabs=1 win=7 uses=0 forney=0.0 load=5.5/5.6
LEG m192-128-auto-r2-rotmain17sep arm_pos=1 rc=0 ok=True wall=  2.20 cpu=  10.31 peak=  165MB fp=171MB path=fold W=[] slabs=1 win=0 uses=0 forney=0.0 load=5.6/5.6
LEG m192-128-fold-r2-rotmain17sep arm_pos=2 rc=0 ok=True wall=  2.20 cpu=  10.32 peak=  157MB fp=163MB path=fold W=[] slabs=1 win=0 uses=0 forney=0.0 load=5.6/5.6
LEG m224-128-force-r2-rotmain17sep arm_pos=0 rc=0 ok=True wall=  2.29 cpu=  10.63 peak=  282MB fp=293MB path=ntt  W=[512] slabs=1 win=7 uses=0 forney=0.0 load=5.6/5.6
LEG m224-128-auto-r2-rotmain17sep arm_pos=1 rc=0 ok=True wall=  2.41 cpu=  11.11 peak=  254MB fp=264MB path=ntt  W=[512] slabs=1 win=9 uses=0 forney=0.0 load=5.6/5.6
LEG m224-128-fold-r2-rotmain17sep arm_pos=2 rc=0 ok=True wall=  2.48 cpu=  11.45 peak=  168MB fp=175MB path=fold W=[] slabs=1 win=0 uses=0 forney=0.0 load=5.3/5.3
LEG m256-128-force-r2-rotmain17sep arm_pos=0 rc=0 ok=True wall=  2.32 cpu=  10.74 peak=  302MB fp=315MB path=ntt  W=[512] slabs=1 win=7 uses=0 forney=0.0 load=5.3/5.3
LEG m256-128-auto-r2-rotmain17sep arm_pos=1 rc=0 ok=True wall=  2.48 cpu=  11.39 peak=  260MB fp=270MB path=ntt  W=[512] slabs=1 win=10 uses=0 forney=0.0 load=5.3/5.3
LEG m256-128-fold-r2-rotmain17sep arm_pos=2 rc=0 ok=True wall=  2.79 cpu=  12.66 peak=  169MB fp=175MB path=fold W=[] slabs=1 win=0 uses=0 forney=0.0 load=5.1/5.1
LEG m160-128-auto-r3-rotmain17sep arm_pos=0 rc=0 ok=True wall=  1.91 cpu=   9.18 peak=  155MB fp=160MB path=fold W=[] slabs=1 win=0 uses=0 forney=0.0 load=5.1/5.7
LEG m160-128-fold-r3-rotmain17sep arm_pos=1 rc=0 ok=True wall=  1.91 cpu=   9.18 peak=  155MB fp=160MB path=fold W=[] slabs=1 win=0 uses=0 forney=0.0 load=5.7/5.7
LEG m160-128-force-r3-rotmain17sep arm_pos=2 rc=0 ok=True wall=  2.24 cpu=  10.43 peak=  283MB fp=294MB path=ntt  W=[512] slabs=1 win=7 uses=0 forney=0.0 load=5.7/5.8
LEG m192-128-auto-r3-rotmain17sep arm_pos=0 rc=0 ok=True wall=  2.20 cpu=  10.33 peak=  157MB fp=162MB path=fold W=[] slabs=1 win=0 uses=0 forney=0.0 load=5.8/5.8
LEG m192-128-fold-r3-rotmain17sep arm_pos=1 rc=0 ok=True wall=  2.20 cpu=  10.32 peak=  159MB fp=165MB path=fold W=[] slabs=1 win=0 uses=0 forney=0.0 load=5.5/5.5
LEG m192-128-force-r3-rotmain17sep arm_pos=2 rc=0 ok=True wall=  2.27 cpu=  10.53 peak=  282MB fp=294MB path=ntt  W=[512] slabs=1 win=7 uses=0 forney=0.0 load=5.5/7.2
LEG m224-128-auto-r3-rotmain17sep arm_pos=0 rc=0 ok=True wall=  2.41 cpu=  11.10 peak=  259MB fp=270MB path=ntt  W=[512] slabs=1 win=9 uses=0 forney=0.0 load=7.2/7.2
LEG m224-128-fold-r3-rotmain17sep arm_pos=1 rc=0 ok=True wall=  2.49 cpu=  11.47 peak=  171MB fp=177MB path=fold W=[] slabs=1 win=0 uses=0 forney=0.0 load=7.2/7.4
LEG m224-128-force-r3-rotmain17sep arm_pos=2 rc=0 ok=True wall=  2.30 cpu=  10.64 peak=  285MB fp=297MB path=ntt  W=[512] slabs=1 win=7 uses=0 forney=0.0 load=7.4/7.2
LEG m256-128-auto-r3-rotmain17sep arm_pos=0 rc=0 ok=True wall=  2.51 cpu=  11.48 peak=  252MB fp=263MB path=ntt  W=[512] slabs=1 win=10 uses=0 forney=0.0 load=7.2/7.2
LEG m256-128-fold-r3-rotmain17sep arm_pos=1 rc=0 ok=True wall=  2.78 cpu=  12.61 peak=  173MB fp=179MB path=fold W=[] slabs=1 win=0 uses=0 forney=0.0 load=7.2/7.1
LEG m256-128-force-r3-rotmain17sep arm_pos=2 rc=0 ok=True wall=  2.33 cpu=  10.76 peak=  291MB fp=303MB path=ntt  W=[512] slabs=1 win=7 uses=0 forney=0.0 load=7.1/7.2
LEG m160-128-fold-r4-rotmain17sep arm_pos=0 rc=0 ok=True wall=  1.91 cpu=   9.17 peak=  159MB fp=164MB path=fold W=[] slabs=1 win=0 uses=0 forney=0.0 load=7.2/7.2
LEG m160-128-force-r4-rotmain17sep arm_pos=1 rc=0 ok=True wall=  2.25 cpu=  10.44 peak=  272MB fp=283MB path=ntt  W=[512] slabs=1 win=7 uses=0 forney=0.0 load=7.2/7.0
LEG m160-128-auto-r4-rotmain17sep arm_pos=2 rc=0 ok=True wall=  1.92 cpu=   9.20 peak=  152MB fp=157MB path=fold W=[] slabs=1 win=0 uses=0 forney=0.0 load=7.0/7.0
LEG m192-128-fold-r4-rotmain17sep arm_pos=0 rc=0 ok=True wall=  2.20 cpu=  10.33 peak=  168MB fp=174MB path=fold W=[] slabs=1 win=0 uses=0 forney=0.0 load=7.0/7.3
LEG m192-128-force-r4-rotmain17sep arm_pos=1 rc=0 ok=True wall=  2.27 cpu=  10.54 peak=  279MB fp=291MB path=ntt  W=[512] slabs=1 win=7 uses=0 forney=0.0 load=7.3/7.5
LEG m192-128-auto-r4-rotmain17sep arm_pos=2 rc=0 ok=True wall=  2.20 cpu=  10.32 peak=  157MB fp=162MB path=fold W=[] slabs=1 win=0 uses=0 forney=0.0 load=7.5/7.5
LEG m224-128-fold-r4-rotmain17sep arm_pos=0 rc=0 ok=True wall=  2.51 cpu=  11.52 peak=  160MB fp=165MB path=fold W=[] slabs=1 win=0 uses=0 forney=0.0 load=7.5/7.3
LEG m224-128-force-r4-rotmain17sep arm_pos=1 rc=0 ok=True wall=  2.30 cpu=  10.65 peak=  281MB fp=293MB path=ntt  W=[512] slabs=1 win=7 uses=0 forney=0.0 load=7.3/7.3
LEG m224-128-auto-r4-rotmain17sep arm_pos=2 rc=0 ok=True wall=  2.42 cpu=  11.11 peak=  272MB fp=283MB path=ntt  W=[512] slabs=1 win=9 uses=0 forney=0.0 load=8.0/8.0
LEG m256-128-fold-r4-rotmain17sep arm_pos=0 rc=0 ok=True wall=  2.78 cpu=  12.62 peak=  172MB fp=178MB path=fold W=[] slabs=1 win=0 uses=0 forney=0.0 load=8.0/8.5
LEG m256-128-force-r4-rotmain17sep arm_pos=1 rc=0 ok=True wall=  2.33 cpu=  10.74 peak=  298MB fp=310MB path=ntt  W=[512] slabs=1 win=7 uses=0 forney=0.0 load=8.5/8.5
LEG m256-128-auto-r4-rotmain17sep arm_pos=2 rc=0 ok=True wall=  2.51 cpu=  11.50 peak=  253MB fp=264MB path=ntt  W=[512] slabs=1 win=10 uses=0 forney=0.0 load=8.8/8.8
LEG m160-128-force-r5-rotmain17sep arm_pos=0 rc=0 ok=True wall=  2.26 cpu=  10.48 peak=  274MB fp=285MB path=ntt  W=[512] slabs=1 win=7 uses=0 forney=0.0 load=8.8/8.8
LEG m160-128-auto-r5-rotmain17sep arm_pos=1 rc=0 ok=True wall=  1.92 cpu=   9.20 peak=  159MB fp=164MB path=fold W=[] slabs=1 win=0 uses=0 forney=0.0 load=8.8/8.8
LEG m160-128-fold-r5-rotmain17sep arm_pos=2 rc=0 ok=True wall=  1.92 cpu=   9.18 peak=  152MB fp=157MB path=fold W=[] slabs=1 win=0 uses=0 forney=0.0 load=8.8/8.9
LEG m192-128-force-r5-rotmain17sep arm_pos=0 rc=0 ok=True wall=  2.28 cpu=  10.55 peak=  277MB fp=289MB path=ntt  W=[512] slabs=1 win=7 uses=0 forney=0.0 load=8.9/8.9
LEG m192-128-auto-r5-rotmain17sep arm_pos=1 rc=0 ok=True wall=  2.21 cpu=  10.37 peak=  156MB fp=162MB path=fold W=[] slabs=1 win=0 uses=0 forney=0.0 load=8.6/8.6
LEG m192-128-fold-r5-rotmain17sep arm_pos=2 rc=0 ok=True wall=  2.21 cpu=  10.35 peak=  161MB fp=167MB path=fold W=[] slabs=1 win=0 uses=0 forney=0.0 load=8.6/10.8
LEG m224-128-force-r5-rotmain17sep arm_pos=0 rc=0 ok=True wall=  2.31 cpu=  10.65 peak=  298MB fp=310MB path=ntt  W=[512] slabs=1 win=7 uses=0 forney=0.0 load=10.8/10.8
LEG m224-128-auto-r5-rotmain17sep arm_pos=1 rc=0 ok=True wall=  2.42 cpu=  11.12 peak=  255MB fp=265MB path=ntt  W=[512] slabs=1 win=9 uses=0 forney=0.0 load=10.3/10.3
LEG m224-128-fold-r5-rotmain17sep arm_pos=2 rc=0 ok=True wall=  2.50 cpu=  11.47 peak=  164MB fp=170MB path=fold W=[] slabs=1 win=0 uses=0 forney=0.0 load=10.3/10.1
LEG m256-128-force-r5-rotmain17sep arm_pos=0 rc=0 ok=True wall=  2.34 cpu=  10.76 peak=  295MB fp=307MB path=ntt  W=[512] slabs=1 win=7 uses=0 forney=0.0 load=10.1/10.1
LEG m256-128-auto-r5-rotmain17sep arm_pos=1 rc=0 ok=True wall=  2.51 cpu=  11.43 peak=  256MB fp=267MB path=ntt  W=[512] slabs=1 win=10 uses=0 forney=0.0 load=10.1/9.7
LEG m256-128-fold-r5-rotmain17sep arm_pos=2 rc=0 ok=True wall=  2.78 cpu=  12.61 peak=  179MB fp=185MB path=fold W=[] slabs=1 win=0 uses=0 forney=0.0 load=9.7/9.4
LEG m160-128-auto-r6-rotmain17sep arm_pos=0 rc=0 ok=True wall=  1.93 cpu=   9.20 peak=  153MB fp=158MB path=fold W=[] slabs=1 win=0 uses=0 forney=0.0 load=9.4/9.4
LEG m160-128-fold-r6-rotmain17sep arm_pos=1 rc=0 ok=True wall=  1.93 cpu=   9.22 peak=  155MB fp=161MB path=fold W=[] slabs=1 win=0 uses=0 forney=0.0 load=9.4/9.0
LEG m160-128-force-r6-rotmain17sep arm_pos=2 rc=0 ok=True wall=  2.26 cpu=  10.45 peak=  287MB fp=299MB path=ntt  W=[512] slabs=1 win=7 uses=0 forney=0.0 load=9.0/9.0
LEG m192-128-auto-r6-rotmain17sep arm_pos=0 rc=0 ok=True wall=  2.21 cpu=  10.33 peak=  161MB fp=166MB path=fold W=[] slabs=1 win=0 uses=0 forney=0.0 load=8.6/8.6
LEG m192-128-fold-r6-rotmain17sep arm_pos=1 rc=0 ok=True wall=  2.21 cpu=  10.34 peak=  157MB fp=163MB path=fold W=[] slabs=1 win=0 uses=0 forney=0.0 load=8.6/8.3
LEG m192-128-force-r6-rotmain17sep arm_pos=2 rc=0 ok=True wall=  2.29 cpu=  10.55 peak=  279MB fp=290MB path=ntt  W=[512] slabs=1 win=7 uses=0 forney=0.0 load=8.3/8.3
LEG m224-128-auto-r6-rotmain17sep arm_pos=0 rc=0 ok=True wall=  2.43 cpu=  11.13 peak=  254MB fp=264MB path=ntt  W=[512] slabs=1 win=9 uses=0 forney=0.0 load=8.3/7.8
LEG m224-128-fold-r6-rotmain17sep arm_pos=1 rc=0 ok=True wall=  2.50 cpu=  11.48 peak=  174MB fp=180MB path=fold W=[] slabs=1 win=0 uses=0 forney=0.0 load=7.8/8.0
LEG m224-128-force-r6-rotmain17sep arm_pos=2 rc=0 ok=True wall=  2.32 cpu=  10.66 peak=  290MB fp=302MB path=ntt  W=[512] slabs=1 win=7 uses=0 forney=0.0 load=8.0/8.0
LEG m256-128-auto-r6-rotmain17sep arm_pos=0 rc=0 ok=True wall=  2.51 cpu=  11.44 peak=  254MB fp=264MB path=ntt  W=[512] slabs=1 win=10 uses=0 forney=0.0 load=8.0/7.8
LEG m256-128-fold-r6-rotmain17sep arm_pos=1 rc=0 ok=True wall=  2.80 cpu=  12.64 peak=  164MB fp=170MB path=fold W=[] slabs=1 win=0 uses=0 forney=0.0 load=7.8/7.6
LEG m256-128-force-r6-rotmain17sep arm_pos=2 rc=0 ok=True wall=  2.35 cpu=  10.77 peak=  290MB fp=302MB path=ntt  W=[512] slabs=1 win=7 uses=0 forney=0.0 load=7.6/7.6
LEG m160-128-fold-r7-rotmain17sep arm_pos=0 rc=0 ok=True wall=  1.93 cpu=   9.20 peak=  162MB fp=168MB path=fold W=[] slabs=1 win=0 uses=0 forney=0.0 load=7.6/7.5
LEG m160-128-force-r7-rotmain17sep arm_pos=1 rc=0 ok=True wall=  2.26 cpu=  10.45 peak=  278MB fp=289MB path=ntt  W=[512] slabs=1 win=7 uses=0 forney=0.0 load=7.5/7.5
LEG m160-128-auto-r7-rotmain17sep arm_pos=2 rc=0 ok=True wall=  1.93 cpu=   9.18 peak=  154MB fp=159MB path=fold W=[] slabs=1 win=0 uses=0 forney=0.0 load=7.4/7.4
LEG m192-128-fold-r7-rotmain17sep arm_pos=0 rc=0 ok=True wall=  2.21 cpu=  10.33 peak=  165MB fp=171MB path=fold W=[] slabs=1 win=0 uses=0 forney=0.0 load=7.4/7.5
LEG m192-128-force-r7-rotmain17sep arm_pos=1 rc=0 ok=True wall=  2.29 cpu=  10.55 peak=  281MB fp=292MB path=ntt  W=[512] slabs=1 win=7 uses=0 forney=0.0 load=7.5/7.5
LEG m192-128-auto-r7-rotmain17sep arm_pos=2 rc=0 ok=True wall=  2.21 cpu=  10.34 peak=  168MB fp=174MB path=fold W=[] slabs=1 win=0 uses=0 forney=0.0 load=7.5/7.3
LEG m224-128-fold-r7-rotmain17sep arm_pos=0 rc=0 ok=True wall=  2.50 cpu=  11.48 peak=  163MB fp=168MB path=fold W=[] slabs=1 win=0 uses=0 forney=0.0 load=7.3/7.3
LEG m224-128-force-r7-rotmain17sep arm_pos=1 rc=0 ok=True wall=  2.31 cpu=  10.64 peak=  283MB fp=295MB path=ntt  W=[512] slabs=1 win=7 uses=0 forney=0.0 load=6.9/6.9
LEG m224-128-auto-r7-rotmain17sep arm_pos=2 rc=0 ok=True wall=  2.44 cpu=  11.16 peak=  273MB fp=284MB path=ntt  W=[512] slabs=1 win=9 uses=0 forney=0.0 load=6.9/6.9
LEG m256-128-fold-r7-rotmain17sep arm_pos=0 rc=0 ok=True wall=  2.79 cpu=  12.62 peak=  176MB fp=183MB path=fold W=[] slabs=1 win=0 uses=0 forney=0.0 load=6.9/6.9
LEG m256-128-force-r7-rotmain17sep arm_pos=1 rc=0 ok=True wall=  2.34 cpu=  10.75 peak=  303MB fp=315MB path=ntt  W=[512] slabs=1 win=7 uses=0 forney=0.0 load=6.6/6.6
LEG m256-128-auto-r7-rotmain17sep arm_pos=2 rc=0 ok=True wall=  2.51 cpu=  11.44 peak=  254MB fp=264MB path=ntt  W=[512] slabs=1 win=10 uses=0 forney=0.0 load=6.6/6.5
LEG m160-128-force-r8-rotmain17sep arm_pos=0 rc=0 ok=True wall=  2.26 cpu=  10.45 peak=  275MB fp=286MB path=ntt  W=[512] slabs=1 win=7 uses=0 forney=0.0 load=6.5/6.5
LEG m160-128-auto-r8-rotmain17sep arm_pos=1 rc=0 ok=True wall=  1.93 cpu=   9.18 peak=  160MB fp=166MB path=fold W=[] slabs=1 win=0 uses=0 forney=0.0 load=6.1/6.1
LEG m160-128-fold-r8-rotmain17sep arm_pos=2 rc=0 ok=True wall=  1.93 cpu=   9.19 peak=  156MB fp=162MB path=fold W=[] slabs=1 win=0 uses=0 forney=0.0 load=6.1/6.1
LEG m192-128-force-r8-rotmain17sep arm_pos=0 rc=0 ok=True wall=  2.30 cpu=  10.56 peak=  278MB fp=289MB path=ntt  W=[512] slabs=1 win=7 uses=0 forney=0.0 load=6.0/6.0
LEG m192-128-auto-r8-rotmain17sep arm_pos=1 rc=0 ok=True wall=  2.21 cpu=  10.34 peak=  166MB fp=172MB path=fold W=[] slabs=1 win=0 uses=0 forney=0.0 load=6.0/5.9
LEG m192-128-fold-r8-rotmain17sep arm_pos=2 rc=0 ok=True wall=  2.22 cpu=  10.34 peak=  166MB fp=172MB path=fold W=[] slabs=1 win=0 uses=0 forney=0.0 load=5.9/5.9
LEG m224-128-force-r8-rotmain17sep arm_pos=0 rc=0 ok=True wall=  2.33 cpu=  10.68 peak=  283MB fp=294MB path=ntt  W=[512] slabs=1 win=7 uses=0 forney=0.0 load=5.7/5.7
LEG m224-128-auto-r8-rotmain17sep arm_pos=1 rc=0 ok=True wall=  2.43 cpu=  11.12 peak=  254MB fp=265MB path=ntt  W=[512] slabs=1 win=9 uses=0 forney=0.0 load=5.7/5.7
LEG m224-128-fold-r8-rotmain17sep arm_pos=2 rc=0 ok=True wall=  2.51 cpu=  11.47 peak=  164MB fp=170MB path=fold W=[] slabs=1 win=0 uses=0 forney=0.0 load=5.7/5.7
LEG m256-128-force-r8-rotmain17sep arm_pos=0 rc=0 ok=True wall=  2.35 cpu=  10.77 peak=  308MB fp=320MB path=ntt  W=[512] slabs=1 win=7 uses=0 forney=0.0 load=5.7/5.6
LEG m256-128-auto-r8-rotmain17sep arm_pos=1 rc=0 ok=True wall=  2.51 cpu=  11.44 peak=  261MB fp=271MB path=ntt  W=[512] slabs=1 win=10 uses=0 forney=0.0 load=5.6/5.7
LEG m256-128-fold-r8-rotmain17sep arm_pos=2 rc=0 ok=True wall=  2.79 cpu=  12.63 peak=  179MB fp=185MB path=fold W=[] slabs=1 win=0 uses=0 forney=0.0 load=5.7/5.7
LEG m160-128-auto-r9-rotmain17sep arm_pos=0 rc=0 ok=True wall=  1.94 cpu=   9.20 peak=  156MB fp=162MB path=fold W=[] slabs=1 win=0 uses=0 forney=0.0 load=5.7/5.6
LEG m160-128-fold-r9-rotmain17sep arm_pos=1 rc=0 ok=True wall=  1.93 cpu=   9.19 peak=  156MB fp=161MB path=fold W=[] slabs=1 win=0 uses=0 forney=0.0 load=5.6/5.6
LEG m160-128-force-r9-rotmain17sep arm_pos=2 rc=0 ok=True wall=  2.27 cpu=  10.46 peak=  287MB fp=299MB path=ntt  W=[512] slabs=1 win=7 uses=0 forney=0.0 load=5.5/5.5
LEG m192-128-auto-r9-rotmain17sep arm_pos=0 rc=0 ok=True wall=  2.24 cpu=  10.40 peak=  159MB fp=165MB path=fold W=[] slabs=1 win=0 uses=0 forney=0.0 load=5.5/5.5
LEG m192-128-fold-r9-rotmain17sep arm_pos=1 rc=0 ok=True wall=  2.22 cpu=  10.35 peak=  159MB fp=164MB path=fold W=[] slabs=1 win=0 uses=0 forney=0.0 load=5.5/5.5
LEG m192-128-force-r9-rotmain17sep arm_pos=2 rc=0 ok=True wall=  2.29 cpu=  10.56 peak=  294MB fp=306MB path=ntt  W=[512] slabs=1 win=7 uses=0 forney=0.0 load=5.5/5.5
LEG m224-128-auto-r9-rotmain17sep arm_pos=0 rc=0 ok=True wall=  2.44 cpu=  11.13 peak=  255MB fp=265MB path=ntt  W=[512] slabs=1 win=9 uses=0 forney=0.0 load=5.5/5.4
LEG m224-128-fold-r9-rotmain17sep arm_pos=1 rc=0 ok=True wall=  2.51 cpu=  11.48 peak=  164MB fp=169MB path=fold W=[] slabs=1 win=0 uses=0 forney=0.0 load=5.4/5.4
LEG m224-128-force-r9-rotmain17sep arm_pos=2 rc=0 ok=True wall=  2.32 cpu=  10.65 peak=  284MB fp=295MB path=ntt  W=[512] slabs=1 win=7 uses=0 forney=0.0 load=5.4/5.4
LEG m256-128-auto-r9-rotmain17sep arm_pos=0 rc=0 ok=True wall=  2.53 cpu=  11.51 peak=  256MB fp=267MB path=ntt  W=[512] slabs=1 win=10 uses=0 forney=0.0 load=5.4/5.4
LEG m256-128-fold-r9-rotmain17sep arm_pos=1 rc=0 ok=True wall=  2.80 cpu=  12.64 peak=  179MB fp=185MB path=fold W=[] slabs=1 win=0 uses=0 forney=0.0 load=5.4/5.4
LEG m256-128-force-r9-rotmain17sep arm_pos=2 rc=0 ok=True wall=  2.35 cpu=  10.78 peak=  286MB fp=298MB path=ntt  W=[512] slabs=1 win=7 uses=0 forney=0.0 load=5.4/5.3
LEG m160-128-fold-r10-rotmain17sep arm_pos=0 rc=0 ok=True wall=  1.94 cpu=   9.21 peak=  157MB fp=163MB path=fold W=[] slabs=1 win=0 uses=0 forney=0.0 load=5.3/5.3
LEG m160-128-force-r10-rotmain17sep arm_pos=1 rc=0 ok=True wall=  2.27 cpu=  10.46 peak=  274MB fp=285MB path=ntt  W=[512] slabs=1 win=7 uses=0 forney=0.0 load=5.1/5.1
LEG m160-128-auto-r10-rotmain17sep arm_pos=2 rc=0 ok=True wall=  1.94 cpu=   9.20 peak=  157MB fp=162MB path=fold W=[] slabs=1 win=0 uses=0 forney=0.0 load=5.1/5.1
LEG m192-128-fold-r10-rotmain17sep arm_pos=0 rc=0 ok=True wall=  2.23 cpu=  10.36 peak=  169MB fp=175MB path=fold W=[] slabs=1 win=0 uses=0 forney=0.0 load=5.1/5.1
LEG m192-128-force-r10-rotmain17sep arm_pos=1 rc=0 ok=True wall=  2.30 cpu=  10.56 peak=  280MB fp=291MB path=ntt  W=[512] slabs=1 win=7 uses=0 forney=0.0 load=5.1/5.1
LEG m192-128-auto-r10-rotmain17sep arm_pos=2 rc=0 ok=True wall=  2.23 cpu=  10.37 peak=  159MB fp=165MB path=fold W=[] slabs=1 win=0 uses=0 forney=0.0 load=5.1/5.1
LEG m224-128-fold-r10-rotmain17sep arm_pos=0 rc=0 ok=True wall=  2.52 cpu=  11.49 peak=  176MB fp=182MB path=fold W=[] slabs=1 win=0 uses=0 forney=0.0 load=5.0/5.0
LEG m224-128-force-r10-rotmain17sep arm_pos=1 rc=0 ok=True wall=  2.33 cpu=  10.67 peak=  290MB fp=302MB path=ntt  W=[512] slabs=1 win=7 uses=0 forney=0.0 load=5.0/5.1
LEG m224-128-auto-r10-rotmain17sep arm_pos=2 rc=0 ok=True wall=  2.45 cpu=  11.14 peak=  269MB fp=280MB path=ntt  W=[512] slabs=1 win=9 uses=0 forney=0.0 load=5.1/5.1
LEG m256-128-fold-r10-rotmain17sep arm_pos=0 rc=0 ok=True wall=  2.80 cpu=  12.65 peak=  177MB fp=184MB path=fold W=[] slabs=1 win=0 uses=0 forney=0.0 load=5.0/5.0
LEG m256-128-force-r10-rotmain17sep arm_pos=1 rc=0 ok=True wall=  2.36 cpu=  10.79 peak=  290MB fp=302MB path=ntt  W=[512] slabs=1 win=7 uses=0 forney=0.0 load=5.0/5.0
LEG m256-128-auto-r10-rotmain17sep arm_pos=2 rc=0 ok=True wall=  2.53 cpu=  11.47 peak=  263MB fp=274MB path=ntt  W=[512] slabs=1 win=10 uses=0 forney=0.0 load=5.0/5.0
LEG m160-128-force-r11-rotmain17sep arm_pos=0 rc=0 ok=True wall=  2.28 cpu=  10.47 peak=  275MB fp=287MB path=ntt  W=[512] slabs=1 win=7 uses=0 forney=0.0 load=4.7/4.7
LEG m160-128-auto-r11-rotmain17sep arm_pos=1 rc=0 ok=True wall=  1.94 cpu=   9.21 peak=  161MB fp=167MB path=fold W=[] slabs=1 win=0 uses=0 forney=0.0 load=4.7/4.7
LEG m160-128-fold-r11-rotmain17sep arm_pos=2 rc=0 ok=True wall=  1.94 cpu=   9.23 peak=  154MB fp=159MB path=fold W=[] slabs=1 win=0 uses=0 forney=0.0 load=4.7/4.7
LEG m192-128-force-r11-rotmain17sep arm_pos=0 rc=0 ok=True wall=  2.30 cpu=  10.56 peak=  280MB fp=291MB path=ntt  W=[512] slabs=1 win=7 uses=0 forney=0.0 load=4.7/4.8
LEG m192-128-auto-r11-rotmain17sep arm_pos=1 rc=0 ok=True wall=  2.23 cpu=  10.35 peak=  167MB fp=173MB path=fold W=[] slabs=1 win=0 uses=0 forney=0.0 load=4.8/4.8
LEG m192-128-fold-r11-rotmain17sep arm_pos=2 rc=0 ok=True wall=  2.23 cpu=  10.37 peak=  163MB fp=168MB path=fold W=[] slabs=1 win=0 uses=0 forney=0.0 load=4.8/4.8
LEG m224-128-force-r11-rotmain17sep arm_pos=0 rc=0 ok=True wall=  2.33 cpu=  10.67 peak=  284MB fp=295MB path=ntt  W=[512] slabs=1 win=7 uses=0 forney=0.0 load=4.8/4.9
LEG m224-128-auto-r11-rotmain17sep arm_pos=1 rc=0 ok=True wall=  2.45 cpu=  11.14 peak=  256MB fp=266MB path=ntt  W=[512] slabs=1 win=9 uses=0 forney=0.0 load=4.9/4.9
LEG m224-128-fold-r11-rotmain17sep arm_pos=2 rc=0 ok=True wall=  2.53 cpu=  11.52 peak=  167MB fp=173MB path=fold W=[] slabs=1 win=0 uses=0 forney=0.0 load=4.6/4.6
LEG m256-128-force-r11-rotmain17sep arm_pos=0 rc=0 ok=True wall=  2.36 cpu=  10.80 peak=  306MB fp=318MB path=ntt  W=[512] slabs=1 win=7 uses=0 forney=0.0 load=4.6/4.8
LEG m256-128-auto-r11-rotmain17sep arm_pos=1 rc=0 ok=True wall=  2.54 cpu=  11.52 peak=  265MB fp=275MB path=ntt  W=[512] slabs=1 win=10 uses=0 forney=0.0 load=4.8/4.8
LEG m256-128-fold-r11-rotmain17sep arm_pos=2 rc=0 ok=True wall=  2.81 cpu=  12.65 peak=  173MB fp=179MB path=fold W=[] slabs=1 win=0 uses=0 forney=0.0 load=4.8/4.5
LEG m160-128-auto-r12-rotmain17sep arm_pos=0 rc=0 ok=True wall=  1.95 cpu=   9.23 peak=  154MB fp=160MB path=fold W=[] slabs=1 win=0 uses=0 forney=0.0 load=4.5/4.6
LEG m160-128-fold-r12-rotmain17sep arm_pos=1 rc=0 ok=True wall=  1.94 cpu=   9.22 peak=  160MB fp=165MB path=fold W=[] slabs=1 win=0 uses=0 forney=0.0 load=4.6/4.6
LEG m160-128-force-r12-rotmain17sep arm_pos=2 rc=0 ok=True wall=  2.28 cpu=  10.47 peak=  284MB fp=296MB path=ntt  W=[512] slabs=1 win=7 uses=0 forney=0.0 load=4.6/4.8
LEG m192-128-auto-r12-rotmain17sep arm_pos=0 rc=0 ok=True wall=  2.23 cpu=  10.36 peak=  161MB fp=167MB path=fold W=[] slabs=1 win=0 uses=0 forney=0.0 load=4.8/4.8
LEG m192-128-fold-r12-rotmain17sep arm_pos=1 rc=0 ok=True wall=  2.23 cpu=  10.37 peak=  158MB fp=164MB path=fold W=[] slabs=1 win=0 uses=0 forney=0.0 load=4.6/4.6
LEG m192-128-force-r12-rotmain17sep arm_pos=2 rc=0 ok=True wall=  2.31 cpu=  10.59 peak=  288MB fp=300MB path=ntt  W=[512] slabs=1 win=7 uses=0 forney=0.0 load=4.6/4.7
LEG m224-128-auto-r12-rotmain17sep arm_pos=0 rc=0 ok=True wall=  2.45 cpu=  11.15 peak=  263MB fp=274MB path=ntt  W=[512] slabs=1 win=9 uses=0 forney=0.0 load=4.7/4.7
LEG m224-128-fold-r12-rotmain17sep arm_pos=1 rc=0 ok=True wall=  2.52 cpu=  11.51 peak=  174MB fp=180MB path=fold W=[] slabs=1 win=0 uses=0 forney=0.0 load=4.7/4.9
LEG m224-128-force-r12-rotmain17sep arm_pos=2 rc=0 ok=True wall=  2.34 cpu=  10.67 peak=  285MB fp=297MB path=ntt  W=[512] slabs=1 win=7 uses=0 forney=0.0 load=4.9/5.0
LEG m256-128-auto-r12-rotmain17sep arm_pos=0 rc=0 ok=True wall=  2.53 cpu=  11.44 peak=  256MB fp=266MB path=ntt  W=[512] slabs=1 win=10 uses=0 forney=0.0 load=5.0/5.0
LEG m256-128-fold-r12-rotmain17sep arm_pos=1 rc=0 ok=True wall=  2.82 cpu=  12.67 peak=  177MB fp=184MB path=fold W=[] slabs=1 win=0 uses=0 forney=0.0 load=5.0/5.3
LEG m256-128-force-r12-rotmain17sep arm_pos=2 rc=0 ok=True wall=  2.36 cpu=  10.78 peak=  294MB fp=306MB path=ntt  W=[512] slabs=1 win=7 uses=0 forney=0.0 load=5.3/5.3
LEG m160-128-fold-r13-rotmain17sep arm_pos=0 rc=0 ok=True wall=  1.95 cpu=   9.21 peak=  161MB fp=167MB path=fold W=[] slabs=1 win=0 uses=0 forney=0.0 load=5.3/5.3
LEG m160-128-force-r13-rotmain17sep arm_pos=1 rc=0 ok=True wall=  2.28 cpu=  10.47 peak=  275MB fp=286MB path=ntt  W=[512] slabs=1 win=7 uses=0 forney=0.0 load=5.3/5.3
LEG m160-128-auto-r13-rotmain17sep arm_pos=2 rc=0 ok=True wall=  1.95 cpu=   9.22 peak=  155MB fp=161MB path=fold W=[] slabs=1 win=0 uses=0 forney=0.0 load=5.3/5.3
LEG m192-128-fold-r13-rotmain17sep arm_pos=0 rc=0 ok=True wall=  2.24 cpu=  10.38 peak=  168MB fp=174MB path=fold W=[] slabs=1 win=0 uses=0 forney=0.0 load=5.2/5.2
LEG m192-128-force-r13-rotmain17sep arm_pos=1 rc=0 ok=True wall=  2.31 cpu=  10.58 peak=  278MB fp=290MB path=ntt  W=[512] slabs=1 win=7 uses=0 forney=0.0 load=5.2/5.9
LEG m192-128-auto-r13-rotmain17sep arm_pos=2 rc=0 ok=True wall=  2.24 cpu=  10.37 peak=  160MB fp=165MB path=fold W=[] slabs=1 win=0 uses=0 forney=0.0 load=5.9/5.9
LEG m224-128-fold-r13-rotmain17sep arm_pos=0 rc=0 ok=True wall=  2.52 cpu=  11.51 peak=  166MB fp=172MB path=fold W=[] slabs=1 win=0 uses=0 forney=0.0 load=5.9/6.0
LEG m224-128-force-r13-rotmain17sep arm_pos=1 rc=0 ok=True wall=  2.35 cpu=  10.72 peak=  287MB fp=299MB path=ntt  W=[512] slabs=1 win=7 uses=0 forney=0.0 load=6.0/6.8
LEG m224-128-auto-r13-rotmain17sep arm_pos=2 rc=0 ok=True wall=  2.47 cpu=  11.18 peak=  276MB fp=288MB path=ntt  W=[512] slabs=1 win=9 uses=0 forney=0.0 load=6.8/6.8
LEG m256-128-fold-r13-rotmain17sep arm_pos=0 rc=0 ok=True wall=  2.81 cpu=  12.65 peak=  178MB fp=184MB path=fold W=[] slabs=1 win=0 uses=0 forney=0.0 load=6.8/6.9
LEG m256-128-force-r13-rotmain17sep arm_pos=1 rc=0 ok=True wall=  2.36 cpu=  10.78 peak=  305MB fp=317MB path=ntt  W=[512] slabs=1 win=7 uses=0 forney=0.0 load=6.9/6.9
LEG m256-128-auto-r13-rotmain17sep arm_pos=2 rc=0 ok=True wall=  2.54 cpu=  11.49 peak=  255MB fp=266MB path=ntt  W=[512] slabs=1 win=10 uses=0 forney=0.0 load=6.9/6.9
LEG m160-128-force-r14-rotmain17sep arm_pos=0 rc=0 ok=True wall=  2.29 cpu=  10.50 peak=  280MB fp=291MB path=ntt  W=[512] slabs=1 win=7 uses=0 forney=0.0 load=6.9/6.8
LEG m160-128-auto-r14-rotmain17sep arm_pos=1 rc=0 ok=True wall=  1.96 cpu=   9.23 peak=  162MB fp=168MB path=fold W=[] slabs=1 win=0 uses=0 forney=0.0 load=6.8/6.8
LEG m160-128-fold-r14-rotmain17sep arm_pos=2 rc=0 ok=True wall=  1.96 cpu=   9.23 peak=  157MB fp=162MB path=fold W=[] slabs=1 win=0 uses=0 forney=0.0 load=6.4/6.4
LEG m192-128-force-r14-rotmain17sep arm_pos=0 rc=0 ok=True wall=  2.31 cpu=  10.58 peak=  279MB fp=291MB path=ntt  W=[512] slabs=1 win=7 uses=0 forney=0.0 load=6.4/6.5
LEG m192-128-auto-r14-rotmain17sep arm_pos=1 rc=0 ok=True wall=  2.24 cpu=  10.38 peak=  160MB fp=165MB path=fold W=[] slabs=1 win=0 uses=0 forney=0.0 load=6.5/6.5
LEG m192-128-fold-r14-rotmain17sep arm_pos=2 rc=0 ok=True wall=  2.24 cpu=  10.36 peak=  161MB fp=167MB path=fold W=[] slabs=1 win=0 uses=0 forney=0.0 load=6.5/6.1
LEG m224-128-force-r14-rotmain17sep arm_pos=0 rc=0 ok=True wall=  2.34 cpu=  10.68 peak=  298MB fp=310MB path=ntt  W=[512] slabs=1 win=7 uses=0 forney=0.0 load=6.1/5.9
LEG m224-128-auto-r14-rotmain17sep arm_pos=1 rc=0 ok=True wall=  2.46 cpu=  11.15 peak=  260MB fp=270MB path=ntt  W=[512] slabs=1 win=9 uses=0 forney=0.0 load=5.9/5.9
LEG m224-128-fold-r14-rotmain17sep arm_pos=2 rc=0 ok=True wall=  2.53 cpu=  11.51 peak=  166MB fp=172MB path=fold W=[] slabs=1 win=0 uses=0 forney=0.0 load=5.9/5.9
LEG m256-128-force-r14-rotmain17sep arm_pos=0 rc=0 ok=True wall=  2.38 cpu=  10.82 peak=  307MB fp=320MB path=ntt  W=[512] slabs=1 win=7 uses=0 forney=0.0 load=5.9/5.9
LEG m256-128-auto-r14-rotmain17sep arm_pos=1 rc=0 ok=True wall=  2.55 cpu=  11.52 peak=  258MB fp=268MB path=ntt  W=[512] slabs=1 win=10 uses=0 forney=0.0 load=5.5/5.5
LEG m256-128-fold-r14-rotmain17sep arm_pos=2 rc=0 ok=True wall=  2.82 cpu=  12.66 peak=  180MB fp=186MB path=fold W=[] slabs=1 win=0 uses=0 forney=0.0 load=5.5/5.5
LEG m160-128-auto-r15-rotmain17sep arm_pos=0 rc=0 ok=True wall=  1.96 cpu=   9.23 peak=  154MB fp=159MB path=fold W=[] slabs=1 win=0 uses=0 forney=0.0 load=5.5/5.5
LEG m160-128-fold-r15-rotmain17sep arm_pos=1 rc=0 ok=True wall=  1.96 cpu=   9.24 peak=  156MB fp=161MB path=fold W=[] slabs=1 win=0 uses=0 forney=0.0 load=5.2/5.2
LEG m160-128-force-r15-rotmain17sep arm_pos=2 rc=0 ok=True wall=  2.29 cpu=  10.48 peak=  287MB fp=298MB path=ntt  W=[512] slabs=1 win=7 uses=0 forney=0.0 load=5.2/5.2
LEG m192-128-auto-r15-rotmain17sep arm_pos=0 rc=0 ok=True wall=  2.26 cpu=  10.37 peak=  163MB fp=169MB path=fold W=[] slabs=1 win=0 uses=0 forney=0.0 load=5.2/5.2
LEG m192-128-fold-r15-rotmain17sep arm_pos=1 rc=0 ok=True wall=  2.25 cpu=  10.39 peak=  159MB fp=165MB path=fold W=[] slabs=1 win=0 uses=0 forney=0.0 load=5.2/5.2
LEG m192-128-force-r15-rotmain17sep arm_pos=2 rc=0 ok=True wall=  2.32 cpu=  10.58 peak=  280MB fp=291MB path=ntt  W=[512] slabs=1 win=7 uses=0 forney=0.0 load=5.2/5.2
LEG m224-128-auto-r15-rotmain17sep arm_pos=0 rc=0 ok=True wall=  2.47 cpu=  11.16 peak=  258MB fp=268MB path=ntt  W=[512] slabs=1 win=9 uses=0 forney=0.0 load=4.9/4.9
LEG m224-128-fold-r15-rotmain17sep arm_pos=1 rc=0 ok=True wall=  2.54 cpu=  11.56 peak=  174MB fp=180MB path=fold W=[] slabs=1 win=0 uses=0 forney=0.0 load=4.9/5.2
LEG m224-128-force-r15-rotmain17sep arm_pos=2 rc=0 ok=True wall=  2.35 cpu=  10.69 peak=  284MB fp=296MB path=ntt  W=[512] slabs=1 win=7 uses=0 forney=0.0 load=5.2/5.2
LEG m256-128-auto-r15-rotmain17sep arm_pos=0 rc=0 ok=True wall=  2.54 cpu=  11.47 peak=  259MB fp=269MB path=ntt  W=[512] slabs=1 win=10 uses=0 forney=0.0 load=4.9/4.9
LEG m256-128-fold-r15-rotmain17sep arm_pos=1 rc=0 ok=True wall=  2.82 cpu=  12.66 peak=  168MB fp=175MB path=fold W=[] slabs=1 win=0 uses=0 forney=0.0 load=4.9/4.9
LEG m256-128-force-r15-rotmain17sep arm_pos=2 rc=0 ok=True wall=  2.37 cpu=  10.79 peak=  287MB fp=299MB path=ntt  W=[512] slabs=1 win=7 uses=0 forney=0.0 load=4.9/5.9
LEG m160-128-fold-r16-rotmain17sep arm_pos=0 rc=0 ok=True wall=  1.96 cpu=   9.22 peak=  163MB fp=169MB path=fold W=[] slabs=1 win=0 uses=0 forney=0.0 load=5.9/5.9
LEG m160-128-force-r16-rotmain17sep arm_pos=1 rc=0 ok=True wall=  2.30 cpu=  10.49 peak=  282MB fp=293MB path=ntt  W=[512] slabs=1 win=7 uses=0 forney=0.0 load=5.9/5.9
LEG m160-128-auto-r16-rotmain17sep arm_pos=2 rc=0 ok=True wall=  1.96 cpu=   9.22 peak=  156MB fp=162MB path=fold W=[] slabs=1 win=0 uses=0 forney=0.0 load=5.9/5.9
LEG m192-128-fold-r16-rotmain17sep arm_pos=0 rc=0 ok=True wall=  2.25 cpu=  10.39 peak=  158MB fp=164MB path=fold W=[] slabs=1 win=0 uses=0 forney=0.0 load=5.9/5.6
LEG m192-128-force-r16-rotmain17sep arm_pos=1 rc=0 ok=True wall=  2.33 cpu=  10.61 peak=  283MB fp=295MB path=ntt  W=[512] slabs=1 win=7 uses=0 forney=0.0 load=5.6/5.6
LEG m192-128-auto-r16-rotmain17sep arm_pos=2 rc=0 ok=True wall=  2.25 cpu=  10.38 peak=  168MB fp=174MB path=fold W=[] slabs=1 win=0 uses=0 forney=0.0 load=5.3/5.3
LEG m224-128-fold-r16-rotmain17sep arm_pos=0 rc=0 ok=True wall=  2.54 cpu=  11.52 peak=  162MB fp=168MB path=fold W=[] slabs=1 win=0 uses=0 forney=0.0 load=5.3/5.5
LEG m224-128-force-r16-rotmain17sep arm_pos=1 rc=0 ok=True wall=  2.35 cpu=  10.68 peak=  285MB fp=296MB path=ntt  W=[512] slabs=1 win=7 uses=0 forney=0.0 load=5.5/5.5
LEG m224-128-auto-r16-rotmain17sep arm_pos=2 rc=0 ok=True wall=  2.46 cpu=  11.16 peak=  256MB fp=267MB path=ntt  W=[512] slabs=1 win=9 uses=0 forney=0.0 load=5.2/5.2
LEG m256-128-fold-r16-rotmain17sep arm_pos=0 rc=0 ok=True wall=  2.84 cpu=  12.68 peak=  176MB fp=182MB path=fold W=[] slabs=1 win=0 uses=0 forney=0.0 load=5.2/5.2
LEG m256-128-force-r16-rotmain17sep arm_pos=1 rc=0 ok=True wall=  2.38 cpu=  10.80 peak=  307MB fp=320MB path=ntt  W=[512] slabs=1 win=7 uses=0 forney=0.0 load=5.2/5.2
LEG m256-128-auto-r16-rotmain17sep arm_pos=2 rc=0 ok=True wall=  2.54 cpu=  11.45 peak=  267MB fp=277MB path=ntt  W=[512] slabs=1 win=10 uses=0 forney=0.0 load=5.3/5.3
LEG m160-128-force-r17-rotmain17sep arm_pos=0 rc=0 ok=True wall=  2.30 cpu=  10.49 peak=  277MB fp=288MB path=ntt  W=[512] slabs=1 win=7 uses=0 forney=0.0 load=5.3/5.3
LEG m160-128-auto-r17-rotmain17sep arm_pos=1 rc=0 ok=True wall=  1.97 cpu=   9.26 peak=  156MB fp=161MB path=fold W=[] slabs=1 win=0 uses=0 forney=0.0 load=5.3/5.3
LEG m160-128-fold-r17-rotmain17sep arm_pos=2 rc=0 ok=True wall=  1.97 cpu=   9.26 peak=  160MB fp=165MB path=fold W=[] slabs=1 win=0 uses=0 forney=0.0 load=5.3/5.7
LEG m192-128-force-r17-rotmain17sep arm_pos=0 rc=0 ok=True wall=  2.33 cpu=  10.58 peak=  287MB fp=299MB path=ntt  W=[512] slabs=1 win=7 uses=0 forney=0.0 load=5.7/6.6
LEG m192-128-auto-r17-rotmain17sep arm_pos=1 rc=0 ok=True wall=  2.25 cpu=  10.38 peak=  159MB fp=165MB path=fold W=[] slabs=1 win=0 uses=0 forney=0.0 load=6.6/6.6
LEG m192-128-fold-r17-rotmain17sep arm_pos=2 rc=0 ok=True wall=  2.25 cpu=  10.38 peak=  161MB fp=166MB path=fold W=[] slabs=1 win=0 uses=0 forney=0.0 load=6.6/6.5
LEG m224-128-force-r17-rotmain17sep arm_pos=0 rc=0 ok=True wall=  2.36 cpu=  10.70 peak=  301MB fp=313MB path=ntt  W=[512] slabs=1 win=7 uses=0 forney=0.0 load=6.5/6.5
LEG m224-128-auto-r17-rotmain17sep arm_pos=1 rc=0 ok=True wall=  2.48 cpu=  11.19 peak=  265MB fp=275MB path=ntt  W=[512] slabs=1 win=9 uses=0 forney=0.0 load=6.2/6.2
LEG m224-128-fold-r17-rotmain17sep arm_pos=2 rc=0 ok=True wall=  2.54 cpu=  11.53 peak=  175MB fp=182MB path=fold W=[] slabs=1 win=0 uses=0 forney=0.0 load=6.2/6.1
LEG m256-128-force-r17-rotmain17sep arm_pos=0 rc=0 ok=True wall=  2.38 cpu=  10.80 peak=  288MB fp=300MB path=ntt  W=[512] slabs=1 win=7 uses=0 forney=0.0 load=6.1/6.1
LEG m256-128-auto-r17-rotmain17sep arm_pos=1 rc=0 ok=True wall=  2.55 cpu=  11.48 peak=  260MB fp=271MB path=ntt  W=[512] slabs=1 win=10 uses=0 forney=0.0 load=5.8/5.8
LEG m256-128-fold-r17-rotmain17sep arm_pos=2 rc=0 ok=True wall=  2.84 cpu=  12.70 peak=  175MB fp=182MB path=fold W=[] slabs=1 win=0 uses=0 forney=0.0 load=5.8/5.8
LEG m160-128-auto-r18-rotmain17sep arm_pos=0 rc=0 ok=True wall=  1.97 cpu=   9.25 peak=  160MB fp=166MB path=fold W=[] slabs=1 win=0 uses=0 forney=0.0 load=5.8/5.8
LEG m160-128-fold-r18-rotmain17sep arm_pos=1 rc=0 ok=True wall=  1.97 cpu=   9.24 peak=  165MB fp=171MB path=fold W=[] slabs=1 win=0 uses=0 forney=0.0 load=5.6/5.6
LEG m160-128-force-r18-rotmain17sep arm_pos=2 rc=0 ok=True wall=  2.30 cpu=  10.49 peak=  275MB fp=286MB path=ntt  W=[512] slabs=1 win=7 uses=0 forney=0.0 load=5.6/7.7
LEG m192-128-auto-r18-rotmain17sep arm_pos=0 rc=0 ok=True wall=  2.25 cpu=  10.38 peak=  161MB fp=167MB path=fold W=[] slabs=1 win=0 uses=0 forney=0.0 load=7.7/7.7
LEG m192-128-fold-r18-rotmain17sep arm_pos=1 rc=0 ok=True wall=  2.27 cpu=  10.40 peak=  169MB fp=175MB path=fold W=[] slabs=1 win=0 uses=0 forney=0.0 load=7.7/7.5
LEG m192-128-force-r18-rotmain17sep arm_pos=2 rc=0 ok=True wall=  2.33 cpu=  10.59 peak=  283MB fp=295MB path=ntt  W=[512] slabs=1 win=7 uses=0 forney=0.0 load=7.5/7.5
LEG m224-128-auto-r18-rotmain17sep arm_pos=0 rc=0 ok=True wall=  2.48 cpu=  11.17 peak=  256MB fp=267MB path=ntt  W=[512] slabs=1 win=9 uses=0 forney=0.0 load=7.0/7.0
LEG m224-128-fold-r18-rotmain17sep arm_pos=1 rc=0 ok=True wall=  2.54 cpu=  11.54 peak=  164MB fp=169MB path=fold W=[] slabs=1 win=0 uses=0 forney=0.0 load=7.0/6.9
LEG m224-128-force-r18-rotmain17sep arm_pos=2 rc=0 ok=True wall=  2.37 cpu=  10.73 peak=  289MB fp=301MB path=ntt  W=[512] slabs=1 win=7 uses=0 forney=0.0 load=6.9/6.9
LEG m256-128-auto-r18-rotmain17sep arm_pos=0 rc=0 ok=True wall=  2.57 cpu=  11.55 peak=  279MB fp=290MB path=ntt  W=[512] slabs=1 win=10 uses=0 forney=0.0 load=6.6/6.6
LEG m256-128-fold-r18-rotmain17sep arm_pos=1 rc=0 ok=True wall=  2.83 cpu=  12.67 peak=  179MB fp=186MB path=fold W=[] slabs=1 win=0 uses=0 forney=0.0 load=6.6/6.5
LEG m256-128-force-r18-rotmain17sep arm_pos=2 rc=0 ok=True wall=  2.39 cpu=  10.80 peak=  289MB fp=301MB path=ntt  W=[512] slabs=1 win=7 uses=0 forney=0.0 load=6.5/6.5
LEG m160-128-fold-r19-rotmain17sep arm_pos=0 rc=0 ok=True wall=  1.97 cpu=   9.24 peak=  156MB fp=161MB path=fold W=[] slabs=1 win=0 uses=0 forney=0.0 load=6.3/6.3
LEG m160-128-force-r19-rotmain17sep arm_pos=1 rc=0 ok=True wall=  2.31 cpu=  10.49 peak=  275MB fp=286MB path=ntt  W=[512] slabs=1 win=7 uses=0 forney=0.0 load=6.3/6.2
LEG m160-128-auto-r19-rotmain17sep arm_pos=2 rc=0 ok=True wall=  1.97 cpu=   9.24 peak=  165MB fp=170MB path=fold W=[] slabs=1 win=0 uses=0 forney=0.0 load=6.2/6.2
LEG m192-128-fold-r19-rotmain17sep arm_pos=0 rc=0 ok=True wall=  2.26 cpu=  10.40 peak=  161MB fp=167MB path=fold W=[] slabs=1 win=0 uses=0 forney=0.0 load=6.2/6.1
LEG m192-128-force-r19-rotmain17sep arm_pos=1 rc=0 ok=True wall=  2.35 cpu=  10.61 peak=  280MB fp=292MB path=ntt  W=[512] slabs=1 win=7 uses=0 forney=0.0 load=6.1/6.1
LEG m192-128-auto-r19-rotmain17sep arm_pos=2 rc=0 ok=True wall=  2.26 cpu=  10.40 peak=  172MB fp=178MB path=fold W=[] slabs=1 win=0 uses=0 forney=0.0 load=5.9/5.9
LEG m224-128-fold-r19-rotmain17sep arm_pos=0 rc=0 ok=True wall=  2.55 cpu=  11.55 peak=  170MB fp=176MB path=fold W=[] slabs=1 win=0 uses=0 forney=0.0 load=5.9/5.9
LEG m224-128-force-r19-rotmain17sep arm_pos=1 rc=0 ok=True wall=  2.36 cpu=  10.69 peak=  287MB fp=299MB path=ntt  W=[512] slabs=1 win=7 uses=0 forney=0.0 load=5.9/5.9
LEG m224-128-auto-r19-rotmain17sep arm_pos=2 rc=0 ok=True wall=  2.48 cpu=  11.18 peak=  258MB fp=269MB path=ntt  W=[512] slabs=1 win=9 uses=0 forney=0.0 load=5.6/5.6
LEG m256-128-fold-r19-rotmain17sep arm_pos=0 rc=0 ok=True wall=  2.83 cpu=  12.68 peak=  169MB fp=176MB path=fold W=[] slabs=1 win=0 uses=0 forney=0.0 load=5.6/5.6
LEG m256-128-force-r19-rotmain17sep arm_pos=1 rc=0 ok=True wall=  2.39 cpu=  10.81 peak=  297MB fp=309MB path=ntt  W=[512] slabs=1 win=7 uses=0 forney=0.0 load=5.6/5.6
LEG m256-128-auto-r19-rotmain17sep arm_pos=2 rc=0 ok=True wall=  2.58 cpu=  11.51 peak=  264MB fp=274MB path=ntt  W=[512] slabs=1 win=10 uses=0 forney=0.0 load=5.4/5.4
LEG m160-128-force-r20-rotmain17sep arm_pos=0 rc=0 ok=True wall=  2.31 cpu=  10.50 peak=  287MB fp=299MB path=ntt  W=[512] slabs=1 win=7 uses=0 forney=0.0 load=5.4/5.4
LEG m160-128-auto-r20-rotmain17sep arm_pos=1 rc=0 ok=True wall=  1.98 cpu=   9.25 peak=  156MB fp=162MB path=fold W=[] slabs=1 win=0 uses=0 forney=0.0 load=5.4/5.4
LEG m160-128-fold-r20-rotmain17sep arm_pos=2 rc=0 ok=True wall=  1.98 cpu=   9.26 peak=  156MB fp=162MB path=fold W=[] slabs=1 win=0 uses=0 forney=0.0 load=5.4/5.3
LEG m192-128-force-r20-rotmain17sep arm_pos=0 rc=0 ok=True wall=  2.34 cpu=  10.62 peak=  295MB fp=307MB path=ntt  W=[512] slabs=1 win=7 uses=0 forney=0.0 load=5.3/5.3
LEG m192-128-auto-r20-rotmain17sep arm_pos=1 rc=0 ok=True wall=  2.27 cpu=  10.39 peak=  164MB fp=170MB path=fold W=[] slabs=1 win=0 uses=0 forney=0.0 load=5.1/5.1
LEG m192-128-fold-r20-rotmain17sep arm_pos=2 rc=0 ok=True wall=  2.27 cpu=  10.39 peak=  161MB fp=167MB path=fold W=[] slabs=1 win=0 uses=0 forney=0.0 load=5.1/5.1
LEG m224-128-force-r20-rotmain17sep arm_pos=0 rc=0 ok=True wall=  2.36 cpu=  10.70 peak=  286MB fp=298MB path=ntt  W=[512] slabs=1 win=7 uses=0 forney=0.0 load=5.1/5.1
LEG m224-128-auto-r20-rotmain17sep arm_pos=1 rc=0 ok=True wall=  2.48 cpu=  11.18 peak=  257MB fp=268MB path=ntt  W=[512] slabs=1 win=9 uses=0 forney=0.0 load=4.8/4.8
LEG m224-128-fold-r20-rotmain17sep arm_pos=2 rc=0 ok=True wall=  2.55 cpu=  11.53 peak=  176MB fp=183MB path=fold W=[] slabs=1 win=0 uses=0 forney=0.0 load=4.8/6.3
LEG m256-128-force-r20-rotmain17sep arm_pos=0 rc=0 ok=True wall=  2.39 cpu=  10.80 peak=  284MB fp=296MB path=ntt  W=[512] slabs=1 win=7 uses=0 forney=0.0 load=6.3/6.3
LEG m256-128-auto-r20-rotmain17sep arm_pos=1 rc=0 ok=True wall=  2.55 cpu=  11.45 peak=  257MB fp=267MB path=ntt  W=[512] slabs=1 win=10 uses=0 forney=0.0 load=6.3/5.9
LEG m256-128-fold-r20-rotmain17sep arm_pos=2 rc=0 ok=True wall=  2.84 cpu=  12.68 peak=  164MB fp=170MB path=fold W=[] slabs=1 win=0 uses=0 forney=0.0 load=5.9/7.0
LEG m160-128-auto-r21-rotmain17sep arm_pos=0 rc=0 ok=True wall=  1.99 cpu=   9.29 peak=  154MB fp=159MB path=fold W=[] slabs=1 win=0 uses=0 forney=0.0 load=7.0/7.0
LEG m160-128-fold-r21-rotmain17sep arm_pos=1 rc=0 ok=True wall=  1.98 cpu=   9.25 peak=  161MB fp=166MB path=fold W=[] slabs=1 win=0 uses=0 forney=0.0 load=7.0/6.8
LEG m160-128-force-r21-rotmain17sep arm_pos=2 rc=0 ok=True wall=  2.31 cpu=  10.50 peak=  275MB fp=287MB path=ntt  W=[512] slabs=1 win=7 uses=0 forney=0.0 load=6.8/6.8
LEG m192-128-auto-r21-rotmain17sep arm_pos=0 rc=0 ok=True wall=  2.27 cpu=  10.41 peak=  158MB fp=163MB path=fold W=[] slabs=1 win=0 uses=0 forney=0.0 load=6.4/6.4
LEG m192-128-fold-r21-rotmain17sep arm_pos=1 rc=0 ok=True wall=  2.27 cpu=  10.41 peak=  158MB fp=163MB path=fold W=[] slabs=1 win=0 uses=0 forney=0.0 load=6.4/6.3
LEG m192-128-force-r21-rotmain17sep arm_pos=2 rc=0 ok=True wall=  2.35 cpu=  10.63 peak=  277MB fp=289MB path=ntt  W=[512] slabs=1 win=7 uses=0 forney=0.0 load=6.3/6.3
LEG m224-128-auto-r21-rotmain17sep arm_pos=0 rc=0 ok=True wall=  2.51 cpu=  11.20 peak=  275MB fp=286MB path=ntt  W=[512] slabs=1 win=9 uses=0 forney=0.0 load=6.0/6.0
LEG m224-128-fold-r21-rotmain17sep arm_pos=1 rc=0 ok=True wall=  2.56 cpu=  11.53 peak=  171MB fp=177MB path=fold W=[] slabs=1 win=0 uses=0 forney=0.0 load=6.0/6.3
LEG m224-128-force-r21-rotmain17sep arm_pos=2 rc=0 ok=True wall=  2.36 cpu=  10.70 peak=  282MB fp=294MB path=ntt  W=[512] slabs=1 win=7 uses=0 forney=0.0 load=6.3/6.3
LEG m256-128-auto-r21-rotmain17sep arm_pos=0 rc=0 ok=True wall=  2.57 cpu=  11.54 peak=  254MB fp=264MB path=ntt  W=[512] slabs=1 win=10 uses=0 forney=0.0 load=5.9/5.9
LEG m256-128-fold-r21-rotmain17sep arm_pos=1 rc=0 ok=True wall=  2.85 cpu=  12.70 peak=  171MB fp=178MB path=fold W=[] slabs=1 win=0 uses=0 forney=0.0 load=5.9/5.9
LEG m256-128-force-r21-rotmain17sep arm_pos=2 rc=0 ok=True wall=  2.41 cpu=  10.86 peak=  302MB fp=314MB path=ntt  W=[512] slabs=1 win=7 uses=0 forney=0.0 load=5.9/5.9
LEG m160-128-fold-r22-rotmain17sep arm_pos=0 rc=0 ok=True wall=  1.99 cpu=   9.27 peak=  159MB fp=165MB path=fold W=[] slabs=1 win=0 uses=0 forney=0.0 load=5.6/5.6
LEG m160-128-force-r22-rotmain17sep arm_pos=1 rc=0 ok=True wall=  2.34 cpu=  10.53 peak=  274MB fp=285MB path=ntt  W=[512] slabs=1 win=7 uses=0 forney=0.0 load=5.6/5.5
LEG m160-128-auto-r22-rotmain17sep arm_pos=2 rc=0 ok=True wall=  1.99 cpu=   9.26 peak=  155MB fp=161MB path=fold W=[] slabs=1 win=0 uses=0 forney=0.0 load=5.5/5.5
LEG m192-128-fold-r22-rotmain17sep arm_pos=0 rc=0 ok=True wall=  2.27 cpu=  10.41 peak=  164MB fp=170MB path=fold W=[] slabs=1 win=0 uses=0 forney=0.0 load=5.5/5.5
LEG m192-128-force-r22-rotmain17sep arm_pos=1 rc=0 ok=True wall=  2.34 cpu=  10.60 peak=  292MB fp=304MB path=ntt  W=[512] slabs=1 win=7 uses=0 forney=0.0 load=5.5/5.5
LEG m192-128-auto-r22-rotmain17sep arm_pos=2 rc=0 ok=True wall=  2.30 cpu=  10.44 peak=  158MB fp=164MB path=fold W=[] slabs=1 win=0 uses=0 forney=0.0 load=5.2/5.2
LEG m224-128-fold-r22-rotmain17sep arm_pos=0 rc=0 ok=True wall=  2.58 cpu=  11.57 peak=  162MB fp=168MB path=fold W=[] slabs=1 win=0 uses=0 forney=0.0 load=5.2/5.2
LEG m224-128-force-r22-rotmain17sep arm_pos=1 rc=0 ok=True wall=  2.38 cpu=  10.73 peak=  297MB fp=309MB path=ntt  W=[512] slabs=1 win=7 uses=0 forney=0.0 load=5.2/5.2
LEG m224-128-auto-r22-rotmain17sep arm_pos=2 rc=0 ok=True wall=  2.49 cpu=  11.19 peak=  262MB fp=273MB path=ntt  W=[512] slabs=1 win=9 uses=0 forney=0.0 load=4.9/4.9
LEG m256-128-fold-r22-rotmain17sep arm_pos=0 rc=0 ok=True wall=  2.85 cpu=  12.69 peak=  178MB fp=185MB path=fold W=[] slabs=1 win=0 uses=0 forney=0.0 load=4.9/4.9
LEG m256-128-force-r22-rotmain17sep arm_pos=1 rc=0 ok=True wall=  2.40 cpu=  10.82 peak=  290MB fp=302MB path=ntt  W=[512] slabs=1 win=7 uses=0 forney=0.0 load=4.9/4.9
LEG m256-128-auto-r22-rotmain17sep arm_pos=2 rc=0 ok=True wall=  2.57 cpu=  11.49 peak=  257MB fp=268MB path=ntt  W=[512] slabs=1 win=10 uses=0 forney=0.0 load=4.9/4.9
LEG m160-128-force-r23-rotmain17sep arm_pos=0 rc=0 ok=True wall=  2.32 cpu=  10.51 peak=  278MB fp=289MB path=ntt  W=[512] slabs=1 win=7 uses=0 forney=0.0 load=4.9/4.9
LEG m160-128-auto-r23-rotmain17sep arm_pos=1 rc=0 ok=True wall=  1.99 cpu=   9.26 peak=  159MB fp=165MB path=fold W=[] slabs=1 win=0 uses=0 forney=0.0 load=4.9/4.9
LEG m160-128-fold-r23-rotmain17sep arm_pos=2 rc=0 ok=True wall=  1.99 cpu=   9.27 peak=  160MB fp=166MB path=fold W=[] slabs=1 win=0 uses=0 forney=0.0 load=4.9/5.4
LEG m192-128-force-r23-rotmain17sep arm_pos=0 rc=0 ok=True wall=  2.35 cpu=  10.61 peak=  282MB fp=293MB path=ntt  W=[512] slabs=1 win=7 uses=0 forney=0.0 load=5.4/6.4
LEG m192-128-auto-r23-rotmain17sep arm_pos=1 rc=0 ok=True wall=  2.28 cpu=  10.41 peak=  159MB fp=164MB path=fold W=[] slabs=1 win=0 uses=0 forney=0.0 load=6.4/6.4
LEG m192-128-fold-r23-rotmain17sep arm_pos=2 rc=0 ok=True wall=  2.28 cpu=  10.41 peak=  168MB fp=174MB path=fold W=[] slabs=1 win=0 uses=0 forney=0.0 load=6.4/6.2
LEG m224-128-force-r23-rotmain17sep arm_pos=0 rc=0 ok=True wall=  2.40 cpu=  10.74 peak=  293MB fp=306MB path=ntt  W=[512] slabs=1 win=7 uses=0 forney=0.0 load=6.2/6.2
LEG m224-128-auto-r23-rotmain17sep arm_pos=1 rc=0 ok=True wall=  2.49 cpu=  11.18 peak=  259MB fp=270MB path=ntt  W=[512] slabs=1 win=9 uses=0 forney=0.0 load=5.9/5.9
LEG m224-128-fold-r23-rotmain17sep arm_pos=2 rc=0 ok=True wall=  2.59 cpu=  11.58 peak=  162MB fp=168MB path=fold W=[] slabs=1 win=0 uses=0 forney=0.0 load=5.9/6.0
LEG m256-128-force-r23-rotmain17sep arm_pos=0 rc=0 ok=True wall=  2.42 cpu=  10.84 peak=  291MB fp=303MB path=ntt  W=[512] slabs=1 win=7 uses=0 forney=0.0 load=6.0/6.0
LEG m256-128-auto-r23-rotmain17sep arm_pos=1 rc=0 ok=True wall=  2.59 cpu=  11.57 peak=  276MB fp=288MB path=ntt  W=[512] slabs=1 win=10 uses=0 forney=0.0 load=5.7/5.7
LEG m256-128-fold-r23-rotmain17sep arm_pos=2 rc=0 ok=True wall=  2.86 cpu=  12.70 peak=  175MB fp=182MB path=fold W=[] slabs=1 win=0 uses=0 forney=0.0 load=5.7/5.6
LEG m160-128-auto-r24-rotmain17sep arm_pos=0 rc=0 ok=True wall=  1.99 cpu=   9.27 peak=  161MB fp=167MB path=fold W=[] slabs=1 win=0 uses=0 forney=0.0 load=5.6/5.6
LEG m160-128-fold-r24-rotmain17sep arm_pos=1 rc=0 ok=True wall=  2.00 cpu=   9.28 peak=  153MB fp=158MB path=fold W=[] slabs=1 win=0 uses=0 forney=0.0 load=5.3/5.3
LEG m160-128-force-r24-rotmain17sep arm_pos=2 rc=0 ok=True wall=  2.33 cpu=  10.53 peak=  277MB fp=289MB path=ntt  W=[512] slabs=1 win=7 uses=0 forney=0.0 load=5.3/5.3
LEG m192-128-auto-r24-rotmain17sep arm_pos=0 rc=0 ok=True wall=  2.30 cpu=  10.43 peak=  167MB fp=173MB path=fold W=[] slabs=1 win=0 uses=0 forney=0.0 load=5.3/5.3
LEG m192-128-fold-r24-rotmain17sep arm_pos=1 rc=0 ok=True wall=  2.28 cpu=  10.41 peak=  162MB fp=167MB path=fold W=[] slabs=1 win=0 uses=0 forney=0.0 load=5.3/5.3
LEG m192-128-force-r24-rotmain17sep arm_pos=2 rc=0 ok=True wall=  2.35 cpu=  10.61 peak=  282MB fp=293MB path=ntt  W=[512] slabs=1 win=7 uses=0 forney=0.0 load=5.3/5.3
LEG m224-128-auto-r24-rotmain17sep arm_pos=0 rc=0 ok=True wall=  2.50 cpu=  11.19 peak=  257MB fp=268MB path=ntt  W=[512] slabs=1 win=9 uses=0 forney=0.0 load=5.0/5.0
LEG m224-128-fold-r24-rotmain17sep arm_pos=1 rc=0 ok=True wall=  2.59 cpu=  11.58 peak=  171MB fp=177MB path=fold W=[] slabs=1 win=0 uses=0 forney=0.0 load=5.0/5.0
LEG m224-128-force-r24-rotmain17sep arm_pos=2 rc=0 ok=True wall=  2.40 cpu=  10.74 peak=  307MB fp=320MB path=ntt  W=[512] slabs=1 win=7 uses=0 forney=0.0 load=5.0/5.0
LEG m256-128-auto-r24-rotmain17sep arm_pos=0 rc=0 ok=True wall=  2.59 cpu=  11.57 peak=  268MB fp=279MB path=ntt  W=[512] slabs=1 win=10 uses=0 forney=0.0 load=4.8/4.8
LEG m256-128-fold-r24-rotmain17sep arm_pos=1 rc=0 ok=True wall=  2.86 cpu=  12.70 peak=  179MB fp=185MB path=fold W=[] slabs=1 win=0 uses=0 forney=0.0 load=4.8/4.8
LEG m256-128-force-r24-rotmain17sep arm_pos=2 rc=0 ok=True wall=  2.41 cpu=  10.83 peak=  297MB fp=309MB path=ntt  W=[512] slabs=1 win=7 uses=0 forney=0.0 load=4.8/4.9
ALL DONE
2026-09-17T18:02:44Z PHASE=done load=4.89 5.58 5.67
18:02:44Z rig lock RELEASED (truncated, not unlinked)
