RIGLOCK HELD pid=662627 18:30:25Z
=== 18:30:25Z LADDER shapes=32768:2:640,32768:2:896,32768:2:1152,32768:2:1408,32768:2:1900 ===
BANDONE start m-ladder reps=3 shapes=['32768:2:640', '32768:2:896', '32768:2:1152', '32768:2:1408', '32768:2:1900'] arms=['bands', 'nowin']
LEG 32768:2:640 bands rep0 rc=0 wall=79.34 inner=78.851 cpu=180.21 read=70.05 transform=78.8 chunks/windows=31 run=17408 readmb=47418 resident=0 admit=admitted digest=69100d1c5c1d1e4b
TIMING 32768:2:640/bands/r0 INFO repair-timing: create arms: n=32768 rows=655 batches=2 fused=false (fusable shape=false, fusion displaced by the transform=false)
TIMING 32768:2:640/bands/r0 INFO repair-timing: create stripe-first admitted: 2 batch(es), 655 rows, n=32768, bands of up to 582483968 B over copies
TIMING 32768:2:640/bands/r0 INFO repair-timing: fold tile budget 32 KiB (L2 per core 512 KiB)
TIMING 32768:2:640/bands/r0 INFO repair-timing: create stripe-first: 655 rows in 31 chunk(s) of 17 stripes (n=32768, bands of 570425344 B over copies, read 70.05s, probe 698.75ms, 8 reader(s), W=512, threads=8, probe ok): 78.80s
TIMING 32768:2:640/bands/r0 INFO repair-timing: create scan + fold: 78.81s; batch fold width 8 of 8 a priori (0 restore(s)); scan lanes 2 of 8 a priori
TIMING 32768:2:640/bands/r0 INFO repair-timing: plan prep: 6.15ms over 1 cold build(s), 512 stripe use(s) - 0.008% of the 78.84s create
LEG 32768:2:640 nowin rep0 rc=0 wall=56.14 inner=55.688 cpu=412.33 read=None transform=40.32 chunks/windows=29 run=None readmb=38881 resident=0 admit=refused digest=69100d1c5c1d1e4b
TIMING 32768:2:640/nowin/r0 INFO repair-timing: create arms: n=32768 rows=655 batches=2 fused=false (fusable shape=false, fusion displaced by the transform=false)
TIMING 32768:2:640/nowin/r0 INFO repair-timing: create stripe-first refused: the members are read through copies (not mapped, or the payload would not stay resident - see mapped_payload_fits_memory) and bands are off (NZBFAST_CREATE_STRIPE_BANDS=0) (2 batch(es), 655 rows, n=32768, fused=false)
TIMING 32768:2:640/nowin/r0 INFO repair-timing: fold tile budget 32 KiB (L2 per core 512 KiB)
TIMING 32768:2:640/nowin/r0 INFO repair-timing: create ntt rows 0+511 (n=32768, 29 window(s) of 1131, W=512, 512 stripe(s), threads=8, probe ok): 40.32s
TIMING 32768:2:640/nowin/r0 INFO repair-timing: create recovery batch 0+511: 40.55s (total 40.55s) (fold width 8 of 8)
TIMING 32768:2:640/nowin/r0 INFO repair-timing: create seals: mode=lanes rows=511 in 11.147349ms
TIMING 32768:2:640/nowin/r0 INFO repair-timing: fold unit dst budget 256 KiB (L2 per core 512 KiB)
TIMING 32768:2:640/nowin/r0 INFO repair-timing: create direct fold (257 windows of 128, read-ahead): first read 2.67ms, fold+read 14.89s (fold alone 14.24s, chain alone 0.00ns)
TIMING 32768:2:640/nowin/r0 INFO repair-timing: create recovery batch 511+144: 14.91s (total 55.58s) (fold width 8 of 8)
TIMING 32768:2:640/nowin/r0 INFO repair-timing: create seals: mode=lanes rows=144 in 4.082903ms
TIMING 32768:2:640/nowin/r0 INFO repair-timing: create scan + fold: 55.65s; batch fold width 8 of 8 a priori (0 restore(s)); scan lanes 2 of 8 a priori
TIMING 32768:2:640/nowin/r0 INFO repair-timing: plan prep: 10.18ms over 29 cold build(s), 14848 stripe use(s) - 0.018% of the 55.65s create
LEG 32768:2:640 nowin rep1 rc=0 wall=60.59 inner=60.071 cpu=447.18 read=None transform=43.96 chunks/windows=29 run=None readmb=43227 resident=0 admit=refused digest=69100d1c5c1d1e4b
TIMING 32768:2:640/nowin/r1 INFO repair-timing: create arms: n=32768 rows=655 batches=2 fused=false (fusable shape=false, fusion displaced by the transform=false)
TIMING 32768:2:640/nowin/r1 INFO repair-timing: create stripe-first refused: the members are read through copies (not mapped, or the payload would not stay resident - see mapped_payload_fits_memory) and bands are off (NZBFAST_CREATE_STRIPE_BANDS=0) (2 batch(es), 655 rows, n=32768, fused=false)
TIMING 32768:2:640/nowin/r1 INFO repair-timing: fold tile budget 32 KiB (L2 per core 512 KiB)
TIMING 32768:2:640/nowin/r1 INFO repair-timing: create ntt rows 0+511 (n=32768, 29 window(s) of 1131, W=512, 512 stripe(s), threads=8, probe ok): 43.96s
TIMING 32768:2:640/nowin/r1 INFO repair-timing: create recovery batch 0+511: 44.18s (total 44.18s) (fold width 8 of 8)
TIMING 32768:2:640/nowin/r1 INFO repair-timing: create seals: mode=lanes rows=511 in 17.632341ms
TIMING 32768:2:640/nowin/r1 INFO repair-timing: fold unit dst budget 256 KiB (L2 per core 512 KiB)
TIMING 32768:2:640/nowin/r1 INFO repair-timing: create direct fold (257 windows of 128, read-ahead): first read 767.01µs, fold+read 15.54s (fold alone 15.49s, chain alone 0.00ns)
TIMING 32768:2:640/nowin/r1 INFO repair-timing: create recovery batch 511+144: 15.56s (total 59.89s) (fold width 8 of 8)
TIMING 32768:2:640/nowin/r1 INFO repair-timing: create seals: mode=lanes rows=144 in 3.533558ms
TIMING 32768:2:640/nowin/r1 INFO repair-timing: create scan + fold: 59.97s; batch fold width 8 of 8 a priori (0 restore(s)); scan lanes 2 of 8 a priori
TIMING 32768:2:640/nowin/r1 INFO repair-timing: plan prep: 10.40ms over 29 cold build(s), 14848 stripe use(s) - 0.017% of the 60.04s create
LEG 32768:2:640 bands rep1 rc=0 wall=64.90 inner=64.428 cpu=172.87 read=56.01 transform=64.39 chunks/windows=31 run=17408 readmb=48642 resident=0 admit=admitted digest=69100d1c5c1d1e4b
TIMING 32768:2:640/bands/r1 INFO repair-timing: create arms: n=32768 rows=655 batches=2 fused=false (fusable shape=false, fusion displaced by the transform=false)
TIMING 32768:2:640/bands/r1 INFO repair-timing: create stripe-first admitted: 2 batch(es), 655 rows, n=32768, bands of up to 582483968 B over copies
TIMING 32768:2:640/bands/r1 INFO repair-timing: fold tile budget 32 KiB (L2 per core 512 KiB)
TIMING 32768:2:640/bands/r1 INFO repair-timing: create stripe-first: 655 rows in 31 chunk(s) of 17 stripes (n=32768, bands of 570425344 B over copies, read 56.01s, probe 633.69ms, 8 reader(s), W=512, threads=8, probe ok): 64.39s
TIMING 32768:2:640/bands/r1 INFO repair-timing: create scan + fold: 64.39s; batch fold width 8 of 8 a priori (0 restore(s)); scan lanes 2 of 8 a priori
TIMING 32768:2:640/bands/r1 INFO repair-timing: plan prep: 2.98ms over 1 cold build(s), 512 stripe use(s) - 0.005% of the 64.42s create
LEG 32768:2:640 bands rep2 rc=0 wall=85.32 inner=84.315 cpu=176.71 read=75.29 transform=84.26 chunks/windows=31 run=17408 readmb=46267 resident=0 admit=admitted digest=69100d1c5c1d1e4b
TIMING 32768:2:640/bands/r2 INFO repair-timing: create arms: n=32768 rows=655 batches=2 fused=false (fusable shape=false, fusion displaced by the transform=false)
TIMING 32768:2:640/bands/r2 INFO repair-timing: create stripe-first admitted: 2 batch(es), 655 rows, n=32768, bands of up to 582483968 B over copies
TIMING 32768:2:640/bands/r2 INFO repair-timing: fold tile budget 32 KiB (L2 per core 512 KiB)
TIMING 32768:2:640/bands/r2 INFO repair-timing: create stripe-first: 655 rows in 31 chunk(s) of 17 stripes (n=32768, bands of 570425344 B over copies, read 75.29s, probe 682.50ms, 8 reader(s), W=512, threads=8, probe ok): 84.26s
TIMING 32768:2:640/bands/r2 INFO repair-timing: create scan + fold: 84.27s; batch fold width 8 of 8 a priori (0 restore(s)); scan lanes 2 of 8 a priori
TIMING 32768:2:640/bands/r2 INFO repair-timing: plan prep: 6.17ms over 1 cold build(s), 512 stripe use(s) - 0.007% of the 84.30s create
LEG 32768:2:640 nowin rep2 rc=0 wall=59.57 inner=59.102 cpu=429.89 read=None transform=42.53 chunks/windows=29 run=None readmb=39193 resident=0 admit=refused digest=69100d1c5c1d1e4b
TIMING 32768:2:640/nowin/r2 INFO repair-timing: create arms: n=32768 rows=655 batches=2 fused=false (fusable shape=false, fusion displaced by the transform=false)
TIMING 32768:2:640/nowin/r2 INFO repair-timing: create stripe-first refused: the members are read through copies (not mapped, or the payload would not stay resident - see mapped_payload_fits_memory) and bands are off (NZBFAST_CREATE_STRIPE_BANDS=0) (2 batch(es), 655 rows, n=32768, fused=false)
TIMING 32768:2:640/nowin/r2 INFO repair-timing: fold tile budget 32 KiB (L2 per core 512 KiB)
TIMING 32768:2:640/nowin/r2 INFO repair-timing: create ntt rows 0+511 (n=32768, 29 window(s) of 1131, W=512, 512 stripe(s), threads=8, probe ok): 42.53s
TIMING 32768:2:640/nowin/r2 INFO repair-timing: create recovery batch 0+511: 42.77s (total 42.77s) (fold width 8 of 8)
TIMING 32768:2:640/nowin/r2 INFO repair-timing: create seals: mode=lanes rows=511 in 9.449806ms
TIMING 32768:2:640/nowin/r2 INFO repair-timing: fold unit dst budget 256 KiB (L2 per core 512 KiB)
TIMING 32768:2:640/nowin/r2 INFO repair-timing: create direct fold (257 windows of 128, read-ahead): first read 3.11ms, fold+read 16.06s (fold alone 15.24s, chain alone 0.00ns)
TIMING 32768:2:640/nowin/r2 INFO repair-timing: create recovery batch 511+144: 16.08s (total 58.99s) (fold width 8 of 8)
TIMING 32768:2:640/nowin/r2 INFO repair-timing: create seals: mode=lanes rows=144 in 4.424975ms
TIMING 32768:2:640/nowin/r2 INFO repair-timing: create scan + fold: 59.07s; batch fold width 8 of 8 a priori (0 restore(s)); scan lanes 2 of 8 a priori
TIMING 32768:2:640/nowin/r2 INFO repair-timing: plan prep: 10.32ms over 29 cold build(s), 14848 stripe use(s) - 0.017% of the 59.07s create
LEG 32768:2:896 bands rep0 rc=0 wall=56.35 inner=55.849 cpu=170.48 read=47.58 transform=55.8 chunks/windows=21 run=25600 readmb=46766 resident=0 admit=admitted digest=69100d1c5c1d1e4b
TIMING 32768:2:896/bands/r0 INFO repair-timing: create arms: n=32768 rows=655 batches=1 fused=false (fusable shape=false, fusion displaced by the transform=false)
TIMING 32768:2:896/bands/r0 INFO repair-timing: create stripe-first admitted: 1 batch(es), 655 rows, n=32768, bands of up to 850919424 B over copies
TIMING 32768:2:896/bands/r0 INFO repair-timing: fold tile budget 32 KiB (L2 per core 512 KiB)
TIMING 32768:2:896/bands/r0 INFO repair-timing: create stripe-first: 655 rows in 21 chunk(s) of 25 stripes (n=32768, bands of 838860800 B over copies, read 47.58s, probe 548.59ms, 8 reader(s), W=512, threads=8, probe ok): 55.80s
TIMING 32768:2:896/bands/r0 INFO repair-timing: create scan + fold: 55.81s; batch fold width 8 of 8 a priori (0 restore(s)); scan lanes 2 of 8 a priori
TIMING 32768:2:896/bands/r0 INFO repair-timing: plan prep: 2.24ms over 1 cold build(s), 512 stripe use(s) - 0.004% of the 55.84s create
LEG 32768:2:896 nowin rep0 rc=0 wall=39.01 inner=38.448 cpu=282.44 read=None transform=37.99 chunks/windows=21 run=None readmb=24957 resident=0 admit=refused digest=69100d1c5c1d1e4b
TIMING 32768:2:896/nowin/r0 INFO repair-timing: create arms: n=32768 rows=655 batches=1 fused=false (fusable shape=false, fusion displaced by the transform=false)
TIMING 32768:2:896/nowin/r0 INFO repair-timing: create stripe-first refused: the members are read through copies (not mapped, or the payload would not stay resident - see mapped_payload_fits_memory) and bands are off (NZBFAST_CREATE_STRIPE_BANDS=0) (1 batch(es), 655 rows, n=32768, fused=false)
TIMING 32768:2:896/nowin/r0 INFO repair-timing: fold tile budget 32 KiB (L2 per core 512 KiB)
TIMING 32768:2:896/nowin/r0 INFO repair-timing: create ntt rows 0+655 (n=32768, 21 window(s) of 1623, W=512, 512 stripe(s), threads=8, probe ok): 37.99s
TIMING 32768:2:896/nowin/r0 INFO repair-timing: create recovery batch 0+655: 38.27s (total 38.27s) (fold width 8 of 8)
TIMING 32768:2:896/nowin/r0 INFO repair-timing: create seals: mode=lanes rows=655 in 13.122976ms
TIMING 32768:2:896/nowin/r0 INFO repair-timing: create scan + fold: 38.40s; batch fold width 8 of 8 a priori (0 restore(s)); scan lanes 2 of 8 a priori
TIMING 32768:2:896/nowin/r0 INFO repair-timing: plan prep: 8.21ms over 21 cold build(s), 10752 stripe use(s) - 0.021% of the 38.41s create
LEG 32768:2:896 nowin rep1 rc=0 wall=36.07 inner=35.529 cpu=266.77 read=None transform=35.07 chunks/windows=21 run=None readmb=25133 resident=0 admit=refused digest=69100d1c5c1d1e4b
TIMING 32768:2:896/nowin/r1 INFO repair-timing: create arms: n=32768 rows=655 batches=1 fused=false (fusable shape=false, fusion displaced by the transform=false)
TIMING 32768:2:896/nowin/r1 INFO repair-timing: create stripe-first refused: the members are read through copies (not mapped, or the payload would not stay resident - see mapped_payload_fits_memory) and bands are off (NZBFAST_CREATE_STRIPE_BANDS=0) (1 batch(es), 655 rows, n=32768, fused=false)
TIMING 32768:2:896/nowin/r1 INFO repair-timing: fold tile budget 32 KiB (L2 per core 512 KiB)
TIMING 32768:2:896/nowin/r1 INFO repair-timing: create ntt rows 0+655 (n=32768, 21 window(s) of 1623, W=512, 512 stripe(s), threads=8, probe ok): 35.07s
TIMING 32768:2:896/nowin/r1 INFO repair-timing: create recovery batch 0+655: 35.35s (total 35.35s) (fold width 8 of 8)
TIMING 32768:2:896/nowin/r1 INFO repair-timing: create seals: mode=lanes rows=655 in 18.245355ms
TIMING 32768:2:896/nowin/r1 INFO repair-timing: create scan + fold: 35.49s; batch fold width 8 of 8 a priori (0 restore(s)); scan lanes 2 of 8 a priori
TIMING 32768:2:896/nowin/r1 INFO repair-timing: plan prep: 8.33ms over 21 cold build(s), 10752 stripe use(s) - 0.023% of the 35.49s create
LEG 32768:2:896 bands rep1 rc=0 wall=56.44 inner=56.031 cpu=169.1 read=48.14 transform=55.98 chunks/windows=21 run=25600 readmb=46945 resident=0 admit=admitted digest=69100d1c5c1d1e4b
TIMING 32768:2:896/bands/r1 INFO repair-timing: create arms: n=32768 rows=655 batches=1 fused=false (fusable shape=false, fusion displaced by the transform=false)
TIMING 32768:2:896/bands/r1 INFO repair-timing: create stripe-first admitted: 1 batch(es), 655 rows, n=32768, bands of up to 850919424 B over copies
TIMING 32768:2:896/bands/r1 INFO repair-timing: fold tile budget 32 KiB (L2 per core 512 KiB)
TIMING 32768:2:896/bands/r1 INFO repair-timing: create stripe-first: 655 rows in 21 chunk(s) of 25 stripes (n=32768, bands of 838860800 B over copies, read 48.14s, probe 527.48ms, 8 reader(s), W=512, threads=8, probe ok): 55.98s
TIMING 32768:2:896/bands/r1 INFO repair-timing: create scan + fold: 55.99s; batch fold width 8 of 8 a priori (0 restore(s)); scan lanes 2 of 8 a priori
TIMING 32768:2:896/bands/r1 INFO repair-timing: plan prep: 3.63ms over 1 cold build(s), 512 stripe use(s) - 0.006% of the 56.02s create
LEG 32768:2:896 bands rep2 rc=0 wall=52.86 inner=52.43 cpu=170.35 read=44.05 transform=52.38 chunks/windows=21 run=25600 readmb=46738 resident=0 admit=admitted digest=69100d1c5c1d1e4b
TIMING 32768:2:896/bands/r2 INFO repair-timing: create arms: n=32768 rows=655 batches=1 fused=false (fusable shape=false, fusion displaced by the transform=false)
TIMING 32768:2:896/bands/r2 INFO repair-timing: create stripe-first admitted: 1 batch(es), 655 rows, n=32768, bands of up to 850919424 B over copies
TIMING 32768:2:896/bands/r2 INFO repair-timing: fold tile budget 32 KiB (L2 per core 512 KiB)
TIMING 32768:2:896/bands/r2 INFO repair-timing: create stripe-first: 655 rows in 21 chunk(s) of 25 stripes (n=32768, bands of 838860800 B over copies, read 44.05s, probe 550.28ms, 8 reader(s), W=512, threads=8, probe ok): 52.38s
TIMING 32768:2:896/bands/r2 INFO repair-timing: create scan + fold: 52.39s; batch fold width 8 of 8 a priori (0 restore(s)); scan lanes 2 of 8 a priori
TIMING 32768:2:896/bands/r2 INFO repair-timing: plan prep: 3.00ms over 1 cold build(s), 512 stripe use(s) - 0.006% of the 52.42s create
LEG 32768:2:896 nowin rep2 rc=0 wall=38.38 inner=37.853 cpu=274.98 read=None transform=37.34 chunks/windows=21 run=None readmb=24998 resident=0 admit=refused digest=69100d1c5c1d1e4b
TIMING 32768:2:896/nowin/r2 INFO repair-timing: create arms: n=32768 rows=655 batches=1 fused=false (fusable shape=false, fusion displaced by the transform=false)
TIMING 32768:2:896/nowin/r2 INFO repair-timing: create stripe-first refused: the members are read through copies (not mapped, or the payload would not stay resident - see mapped_payload_fits_memory) and bands are off (NZBFAST_CREATE_STRIPE_BANDS=0) (1 batch(es), 655 rows, n=32768, fused=false)
TIMING 32768:2:896/nowin/r2 INFO repair-timing: fold tile budget 32 KiB (L2 per core 512 KiB)
TIMING 32768:2:896/nowin/r2 INFO repair-timing: create ntt rows 0+655 (n=32768, 21 window(s) of 1623, W=512, 512 stripe(s), threads=8, probe ok): 37.34s
TIMING 32768:2:896/nowin/r2 INFO repair-timing: create recovery batch 0+655: 37.67s (total 37.67s) (fold width 8 of 8)
TIMING 32768:2:896/nowin/r2 INFO repair-timing: create seals: mode=lanes rows=655 in 14.691128ms
TIMING 32768:2:896/nowin/r2 INFO repair-timing: create scan + fold: 37.81s; batch fold width 8 of 8 a priori (0 restore(s)); scan lanes 2 of 8 a priori
TIMING 32768:2:896/nowin/r2 INFO repair-timing: plan prep: 7.82ms over 21 cold build(s), 10752 stripe use(s) - 0.021% of the 37.81s create
LEG 32768:2:1152 bands rep0 rc=0 wall=48.11 inner=47.662 cpu=161.75 read=39.56 transform=47.61 chunks/windows=16 run=33792 readmb=41060 resident=0 admit=admitted digest=69100d1c5c1d1e4b
TIMING 32768:2:1152/bands/r0 INFO repair-timing: create arms: n=32768 rows=655 batches=1 fused=false (fusable shape=false, fusion displaced by the transform=false)
TIMING 32768:2:1152/bands/r0 INFO repair-timing: create stripe-first admitted: 1 batch(es), 655 rows, n=32768, bands of up to 1119354880 B over copies
TIMING 32768:2:1152/bands/r0 INFO repair-timing: fold tile budget 32 KiB (L2 per core 512 KiB)
TIMING 32768:2:1152/bands/r0 INFO repair-timing: create stripe-first: 655 rows in 16 chunk(s) of 33 stripes (n=32768, bands of 1107296256 B over copies, read 39.56s, probe 496.14ms, 8 reader(s), W=512, threads=8, probe ok): 47.61s
TIMING 32768:2:1152/bands/r0 INFO repair-timing: create scan + fold: 47.62s; batch fold width 8 of 8 a priori (0 restore(s)); scan lanes 2 of 8 a priori
TIMING 32768:2:1152/bands/r0 INFO repair-timing: plan prep: 2.55ms over 1 cold build(s), 512 stripe use(s) - 0.005% of the 47.65s create
LEG 32768:2:1152 nowin rep0 rc=0 wall=44.84 inner=44.335 cpu=293.8 read=None transform=37.58 chunks/windows=16 run=None readmb=36187 resident=0 admit=refused digest=69100d1c5c1d1e4b
TIMING 32768:2:1152/nowin/r0 INFO repair-timing: create arms: n=32768 rows=655 batches=1 fused=false (fusable shape=false, fusion displaced by the transform=false)
TIMING 32768:2:1152/nowin/r0 INFO repair-timing: create stripe-first refused: the members are read through copies (not mapped, or the payload would not stay resident - see mapped_payload_fits_memory) and bands are off (NZBFAST_CREATE_STRIPE_BANDS=0) (1 batch(es), 655 rows, n=32768, fused=false)
TIMING 32768:2:1152/nowin/r0 INFO repair-timing: fold tile budget 32 KiB (L2 per core 512 KiB)
TIMING 32768:2:1152/nowin/r0 INFO repair-timing: create ntt rows 0+655 (n=32768, 16 window(s) of 2135, W=512, 512 stripe(s), threads=8, probe ok): 37.58s
TIMING 32768:2:1152/nowin/r0 INFO repair-timing: create recovery batch 0+655: 37.86s (total 37.86s) (fold width 8 of 8)
TIMING 32768:2:1152/nowin/r0 INFO repair-timing: create seals: mode=lanes rows=655 in 51.486999ms
TIMING 32768:2:1152/nowin/r0 INFO repair-timing: create scan + fold: 44.20s; batch fold width 8 of 8 a priori (0 restore(s)); scan lanes 2 of 8 a priori
TIMING 32768:2:1152/nowin/r0 INFO repair-timing: plan prep: 11.04ms over 16 cold build(s), 8192 stripe use(s) - 0.025% of the 44.29s create
LEG 32768:2:1152 nowin rep1 rc=0 wall=36.28 inner=35.732 cpu=271.64 read=None transform=35.18 chunks/windows=16 run=None readmb=27872 resident=0 admit=refused digest=69100d1c5c1d1e4b
TIMING 32768:2:1152/nowin/r1 INFO repair-timing: create arms: n=32768 rows=655 batches=1 fused=false (fusable shape=false, fusion displaced by the transform=false)
TIMING 32768:2:1152/nowin/r1 INFO repair-timing: create stripe-first refused: the members are read through copies (not mapped, or the payload would not stay resident - see mapped_payload_fits_memory) and bands are off (NZBFAST_CREATE_STRIPE_BANDS=0) (1 batch(es), 655 rows, n=32768, fused=false)
TIMING 32768:2:1152/nowin/r1 INFO repair-timing: fold tile budget 32 KiB (L2 per core 512 KiB)
TIMING 32768:2:1152/nowin/r1 INFO repair-timing: create ntt rows 0+655 (n=32768, 16 window(s) of 2135, W=512, 512 stripe(s), threads=8, probe ok): 35.18s
TIMING 32768:2:1152/nowin/r1 INFO repair-timing: create recovery batch 0+655: 35.55s (total 35.56s) (fold width 8 of 8)
TIMING 32768:2:1152/nowin/r1 INFO repair-timing: create seals: mode=lanes rows=655 in 14.41436ms
TIMING 32768:2:1152/nowin/r1 INFO repair-timing: create scan + fold: 35.69s; batch fold width 8 of 8 a priori (0 restore(s)); scan lanes 2 of 8 a priori
TIMING 32768:2:1152/nowin/r1 INFO repair-timing: plan prep: 10.52ms over 16 cold build(s), 8192 stripe use(s) - 0.029% of the 35.69s create
LEG 32768:2:1152 bands rep1 rc=0 wall=49.26 inner=48.814 cpu=163.8 read=40.82 transform=48.77 chunks/windows=16 run=33792 readmb=41798 resident=0 admit=admitted digest=69100d1c5c1d1e4b
TIMING 32768:2:1152/bands/r1 INFO repair-timing: create arms: n=32768 rows=655 batches=1 fused=false (fusable shape=false, fusion displaced by the transform=false)
TIMING 32768:2:1152/bands/r1 INFO repair-timing: create stripe-first admitted: 1 batch(es), 655 rows, n=32768, bands of up to 1119354880 B over copies
TIMING 32768:2:1152/bands/r1 INFO repair-timing: fold tile budget 32 KiB (L2 per core 512 KiB)
TIMING 32768:2:1152/bands/r1 INFO repair-timing: create stripe-first: 655 rows in 16 chunk(s) of 33 stripes (n=32768, bands of 1107296256 B over copies, read 40.82s, probe 498.77ms, 8 reader(s), W=512, threads=8, probe ok): 48.77s
TIMING 32768:2:1152/bands/r1 INFO repair-timing: create scan + fold: 48.77s; batch fold width 8 of 8 a priori (0 restore(s)); scan lanes 2 of 8 a priori
TIMING 32768:2:1152/bands/r1 INFO repair-timing: plan prep: 3.54ms over 1 cold build(s), 512 stripe use(s) - 0.007% of the 48.80s create
LEG 32768:2:1152 bands rep2 rc=0 wall=49.81 inner=49.375 cpu=163.29 read=41.08 transform=49.32 chunks/windows=16 run=33792 readmb=41988 resident=0 admit=admitted digest=69100d1c5c1d1e4b
TIMING 32768:2:1152/bands/r2 INFO repair-timing: create arms: n=32768 rows=655 batches=1 fused=false (fusable shape=false, fusion displaced by the transform=false)
TIMING 32768:2:1152/bands/r2 INFO repair-timing: create stripe-first admitted: 1 batch(es), 655 rows, n=32768, bands of up to 1119354880 B over copies
TIMING 32768:2:1152/bands/r2 INFO repair-timing: fold tile budget 32 KiB (L2 per core 512 KiB)
TIMING 32768:2:1152/bands/r2 INFO repair-timing: create stripe-first: 655 rows in 16 chunk(s) of 33 stripes (n=32768, bands of 1107296256 B over copies, read 41.08s, probe 514.64ms, 8 reader(s), W=512, threads=8, probe ok): 49.32s
TIMING 32768:2:1152/bands/r2 INFO repair-timing: create scan + fold: 49.33s; batch fold width 8 of 8 a priori (0 restore(s)); scan lanes 2 of 8 a priori
TIMING 32768:2:1152/bands/r2 INFO repair-timing: plan prep: 3.99ms over 1 cold build(s), 512 stripe use(s) - 0.008% of the 49.36s create
LEG 32768:2:1152 nowin rep2 rc=0 wall=36.25 inner=35.659 cpu=264.01 read=None transform=35.17 chunks/windows=16 run=None readmb=24885 resident=0 admit=refused digest=69100d1c5c1d1e4b
TIMING 32768:2:1152/nowin/r2 INFO repair-timing: create arms: n=32768 rows=655 batches=1 fused=false (fusable shape=false, fusion displaced by the transform=false)
TIMING 32768:2:1152/nowin/r2 INFO repair-timing: create stripe-first refused: the members are read through copies (not mapped, or the payload would not stay resident - see mapped_payload_fits_memory) and bands are off (NZBFAST_CREATE_STRIPE_BANDS=0) (1 batch(es), 655 rows, n=32768, fused=false)
TIMING 32768:2:1152/nowin/r2 INFO repair-timing: fold tile budget 32 KiB (L2 per core 512 KiB)
TIMING 32768:2:1152/nowin/r2 INFO repair-timing: create ntt rows 0+655 (n=32768, 16 window(s) of 2135, W=512, 512 stripe(s), threads=8, probe ok): 35.17s
TIMING 32768:2:1152/nowin/r2 INFO repair-timing: create recovery batch 0+655: 35.46s (total 35.47s) (fold width 8 of 8)
TIMING 32768:2:1152/nowin/r2 INFO repair-timing: create seals: mode=lanes rows=655 in 18.936442ms
TIMING 32768:2:1152/nowin/r2 INFO repair-timing: create scan + fold: 35.61s; batch fold width 8 of 8 a priori (0 restore(s)); scan lanes 2 of 8 a priori
TIMING 32768:2:1152/nowin/r2 INFO repair-timing: plan prep: 10.38ms over 16 cold build(s), 8192 stripe use(s) - 0.029% of the 35.61s create
LEG 32768:2:1408 bands rep0 rc=0 wall=39.17 inner=38.749 cpu=147.6 read=31.07 transform=38.7 chunks/windows=13 run=41984 readmb=41350 resident=0 admit=admitted digest=69100d1c5c1d1e4b
TIMING 32768:2:1408/bands/r0 INFO repair-timing: create arms: n=32768 rows=655 batches=1 fused=false (fusable shape=false, fusion displaced by the transform=false)
TIMING 32768:2:1408/bands/r0 INFO repair-timing: create stripe-first admitted: 1 batch(es), 655 rows, n=32768, bands of up to 1387790336 B over copies
TIMING 32768:2:1408/bands/r0 INFO repair-timing: fold tile budget 32 KiB (L2 per core 512 KiB)
TIMING 32768:2:1408/bands/r0 INFO repair-timing: create stripe-first: 655 rows in 13 chunk(s) of 41 stripes (n=32768, bands of 1375731712 B over copies, read 31.07s, probe 449.50ms, 8 reader(s), W=512, threads=8, probe ok): 38.70s
TIMING 32768:2:1408/bands/r0 INFO repair-timing: create scan + fold: 38.71s; batch fold width 8 of 8 a priori (0 restore(s)); scan lanes 2 of 8 a priori
TIMING 32768:2:1408/bands/r0 INFO repair-timing: plan prep: 4.31ms over 1 cold build(s), 512 stripe use(s) - 0.011% of the 38.74s create
LEG 32768:2:1408 nowin rep0 rc=0 wall=35.74 inner=35.22 cpu=264.8 read=None transform=34.75 chunks/windows=13 run=None readmb=25204 resident=0 admit=refused digest=69100d1c5c1d1e4b
TIMING 32768:2:1408/nowin/r0 INFO repair-timing: create arms: n=32768 rows=655 batches=1 fused=false (fusable shape=false, fusion displaced by the transform=false)
TIMING 32768:2:1408/nowin/r0 INFO repair-timing: create stripe-first refused: the members are read through copies (not mapped, or the payload would not stay resident - see mapped_payload_fits_memory) and bands are off (NZBFAST_CREATE_STRIPE_BANDS=0) (1 batch(es), 655 rows, n=32768, fused=false)
TIMING 32768:2:1408/nowin/r0 INFO repair-timing: fold tile budget 32 KiB (L2 per core 512 KiB)
TIMING 32768:2:1408/nowin/r0 INFO repair-timing: create ntt rows 0+655 (n=32768, 13 window(s) of 2647, W=512, 512 stripe(s), threads=8, probe ok): 34.75s
TIMING 32768:2:1408/nowin/r0 INFO repair-timing: create recovery batch 0+655: 35.04s (total 35.04s) (fold width 8 of 8)
TIMING 32768:2:1408/nowin/r0 INFO repair-timing: create seals: mode=lanes rows=655 in 16.783237ms
TIMING 32768:2:1408/nowin/r0 INFO repair-timing: create scan + fold: 35.18s; batch fold width 8 of 8 a priori (0 restore(s)); scan lanes 2 of 8 a priori
TIMING 32768:2:1408/nowin/r0 INFO repair-timing: plan prep: 8.80ms over 13 cold build(s), 6656 stripe use(s) - 0.025% of the 35.18s create
LEG 32768:2:1408 nowin rep1 rc=0 wall=35.42 inner=34.903 cpu=261.83 read=None transform=34.44 chunks/windows=13 run=None readmb=25806 resident=0 admit=refused digest=69100d1c5c1d1e4b
TIMING 32768:2:1408/nowin/r1 INFO repair-timing: create arms: n=32768 rows=655 batches=1 fused=false (fusable shape=false, fusion displaced by the transform=false)
TIMING 32768:2:1408/nowin/r1 INFO repair-timing: create stripe-first refused: the members are read through copies (not mapped, or the payload would not stay resident - see mapped_payload_fits_memory) and bands are off (NZBFAST_CREATE_STRIPE_BANDS=0) (1 batch(es), 655 rows, n=32768, fused=false)
TIMING 32768:2:1408/nowin/r1 INFO repair-timing: fold tile budget 32 KiB (L2 per core 512 KiB)
TIMING 32768:2:1408/nowin/r1 INFO repair-timing: create ntt rows 0+655 (n=32768, 13 window(s) of 2647, W=512, 512 stripe(s), threads=8, probe ok): 34.44s
TIMING 32768:2:1408/nowin/r1 INFO repair-timing: create recovery batch 0+655: 34.73s (total 34.73s) (fold width 8 of 8)
TIMING 32768:2:1408/nowin/r1 INFO repair-timing: create seals: mode=lanes rows=655 in 15.132151ms
TIMING 32768:2:1408/nowin/r1 INFO repair-timing: create scan + fold: 34.86s; batch fold width 8 of 8 a priori (0 restore(s)); scan lanes 2 of 8 a priori
TIMING 32768:2:1408/nowin/r1 INFO repair-timing: plan prep: 7.78ms over 13 cold build(s), 6656 stripe use(s) - 0.022% of the 34.86s create
LEG 32768:2:1408 bands rep1 rc=0 wall=37.97 inner=37.536 cpu=146.44 read=28.78 transform=36.48 chunks/windows=13 run=41984 readmb=41330 resident=0 admit=admitted digest=69100d1c5c1d1e4b
TIMING 32768:2:1408/bands/r1 INFO repair-timing: create arms: n=32768 rows=655 batches=1 fused=false (fusable shape=false, fusion displaced by the transform=false)
TIMING 32768:2:1408/bands/r1 INFO repair-timing: create stripe-first admitted: 1 batch(es), 655 rows, n=32768, bands of up to 1387790336 B over copies
TIMING 32768:2:1408/bands/r1 INFO repair-timing: fold tile budget 32 KiB (L2 per core 512 KiB)
TIMING 32768:2:1408/bands/r1 INFO repair-timing: create stripe-first: 655 rows in 13 chunk(s) of 41 stripes (n=32768, bands of 1375731712 B over copies, read 28.78s, probe 432.16ms, 8 reader(s), W=512, threads=8, probe ok): 36.48s
TIMING 32768:2:1408/bands/r1 INFO repair-timing: create scan + fold: 37.50s; batch fold width 8 of 8 a priori (0 restore(s)); scan lanes 2 of 8 a priori
TIMING 32768:2:1408/bands/r1 INFO repair-timing: plan prep: 2.29ms over 1 cold build(s), 512 stripe use(s) - 0.006% of the 37.53s create
LEG 32768:2:1408 bands rep2 rc=0 wall=46.05 inner=45.578 cpu=156.99 read=37.55 transform=45.52 chunks/windows=13 run=41984 readmb=41121 resident=0 admit=admitted digest=69100d1c5c1d1e4b
TIMING 32768:2:1408/bands/r2 INFO repair-timing: create arms: n=32768 rows=655 batches=1 fused=false (fusable shape=false, fusion displaced by the transform=false)
TIMING 32768:2:1408/bands/r2 INFO repair-timing: create stripe-first admitted: 1 batch(es), 655 rows, n=32768, bands of up to 1387790336 B over copies
TIMING 32768:2:1408/bands/r2 INFO repair-timing: fold tile budget 32 KiB (L2 per core 512 KiB)
TIMING 32768:2:1408/bands/r2 INFO repair-timing: create stripe-first: 655 rows in 13 chunk(s) of 41 stripes (n=32768, bands of 1375731712 B over copies, read 37.55s, probe 481.39ms, 8 reader(s), W=512, threads=8, probe ok): 45.52s
TIMING 32768:2:1408/bands/r2 INFO repair-timing: create scan + fold: 45.53s; batch fold width 8 of 8 a priori (0 restore(s)); scan lanes 2 of 8 a priori
TIMING 32768:2:1408/bands/r2 INFO repair-timing: plan prep: 3.12ms over 1 cold build(s), 512 stripe use(s) - 0.007% of the 45.57s create
LEG 32768:2:1408 nowin rep2 rc=0 wall=36.66 inner=36.138 cpu=268.34 read=None transform=35.62 chunks/windows=13 run=None readmb=25206 resident=0 admit=refused digest=69100d1c5c1d1e4b
TIMING 32768:2:1408/nowin/r2 INFO repair-timing: create arms: n=32768 rows=655 batches=1 fused=false (fusable shape=false, fusion displaced by the transform=false)
TIMING 32768:2:1408/nowin/r2 INFO repair-timing: create stripe-first refused: the members are read through copies (not mapped, or the payload would not stay resident - see mapped_payload_fits_memory) and bands are off (NZBFAST_CREATE_STRIPE_BANDS=0) (1 batch(es), 655 rows, n=32768, fused=false)
TIMING 32768:2:1408/nowin/r2 INFO repair-timing: fold tile budget 32 KiB (L2 per core 512 KiB)
TIMING 32768:2:1408/nowin/r2 INFO repair-timing: create ntt rows 0+655 (n=32768, 13 window(s) of 2647, W=512, 512 stripe(s), threads=8, probe ok): 35.62s
TIMING 32768:2:1408/nowin/r2 INFO repair-timing: create recovery batch 0+655: 35.95s (total 35.95s) (fold width 8 of 8)
TIMING 32768:2:1408/nowin/r2 INFO repair-timing: create seals: mode=lanes rows=655 in 15.914642ms
TIMING 32768:2:1408/nowin/r2 INFO repair-timing: create scan + fold: 36.10s; batch fold width 8 of 8 a priori (0 restore(s)); scan lanes 2 of 8 a priori
TIMING 32768:2:1408/nowin/r2 INFO repair-timing: plan prep: 9.18ms over 13 cold build(s), 6656 stripe use(s) - 0.025% of the 36.10s create
LEG 32768:2:1900 bands rep0 rc=0 wall=36.95 inner=36.457 cpu=144.67 read=24.18 transform=31.99 chunks/windows=10 run=57344 readmb=38795 resident=0 admit=admitted digest=69100d1c5c1d1e4b
TIMING 32768:2:1900/bands/r0 INFO repair-timing: create arms: n=32768 rows=655 batches=1 fused=false (fusable shape=false, fusion displaced by the transform=false)
TIMING 32768:2:1900/bands/r0 INFO repair-timing: create stripe-first admitted: 1 batch(es), 655 rows, n=32768, bands of up to 1903689728 B over copies
TIMING 32768:2:1900/bands/r0 INFO repair-timing: fold tile budget 32 KiB (L2 per core 512 KiB)
TIMING 32768:2:1900/bands/r0 INFO repair-timing: create stripe-first: 655 rows in 10 chunk(s) of 56 stripes (n=32768, bands of 1879048192 B over copies, read 24.18s, probe 421.32ms, 8 reader(s), W=512, threads=8, probe ok): 31.99s
TIMING 32768:2:1900/bands/r0 INFO repair-timing: create scan + fold: 36.41s; batch fold width 8 of 8 a priori (0 restore(s)); scan lanes 2 of 8 a priori
TIMING 32768:2:1900/bands/r0 INFO repair-timing: plan prep: 2.72ms over 1 cold build(s), 512 stripe use(s) - 0.007% of the 36.45s create
LEG 32768:2:1900 nowin rep0 rc=0 wall=44.04 inner=43.547 cpu=289.92 read=None transform=37.15 chunks/windows=10 run=None readmb=33818 resident=0 admit=refused digest=69100d1c5c1d1e4b
TIMING 32768:2:1900/nowin/r0 INFO repair-timing: create arms: n=32768 rows=655 batches=1 fused=false (fusable shape=false, fusion displaced by the transform=false)
TIMING 32768:2:1900/nowin/r0 INFO repair-timing: create stripe-first refused: the members are read through copies (not mapped, or the payload would not stay resident - see mapped_payload_fits_memory) and bands are off (NZBFAST_CREATE_STRIPE_BANDS=0) (1 batch(es), 655 rows, n=32768, fused=false)
TIMING 32768:2:1900/nowin/r0 INFO repair-timing: fold tile budget 32 KiB (L2 per core 512 KiB)
TIMING 32768:2:1900/nowin/r0 INFO repair-timing: create ntt rows 0+655 (n=32768, 10 window(s) of 3631, W=512, 512 stripe(s), threads=8, probe ok): 37.15s
TIMING 32768:2:1900/nowin/r0 INFO repair-timing: create recovery batch 0+655: 37.45s (total 37.46s) (fold width 8 of 8)
TIMING 32768:2:1900/nowin/r0 INFO repair-timing: create seals: mode=lanes rows=655 in 22.678566ms
TIMING 32768:2:1900/nowin/r0 INFO repair-timing: create scan + fold: 43.49s; batch fold width 8 of 8 a priori (0 restore(s)); scan lanes 2 of 8 a priori
TIMING 32768:2:1900/nowin/r0 INFO repair-timing: plan prep: 8.64ms over 10 cold build(s), 5120 stripe use(s) - 0.020% of the 43.50s create
LEG 32768:2:1900 nowin rep1 rc=0 wall=43.25 inner=42.794 cpu=279.51 read=None transform=35.31 chunks/windows=10 run=None readmb=37655 resident=0 admit=refused digest=69100d1c5c1d1e4b
TIMING 32768:2:1900/nowin/r1 INFO repair-timing: create arms: n=32768 rows=655 batches=1 fused=false (fusable shape=false, fusion displaced by the transform=false)
TIMING 32768:2:1900/nowin/r1 INFO repair-timing: create stripe-first refused: the members are read through copies (not mapped, or the payload would not stay resident - see mapped_payload_fits_memory) and bands are off (NZBFAST_CREATE_STRIPE_BANDS=0) (1 batch(es), 655 rows, n=32768, fused=false)
TIMING 32768:2:1900/nowin/r1 INFO repair-timing: fold tile budget 32 KiB (L2 per core 512 KiB)
TIMING 32768:2:1900/nowin/r1 INFO repair-timing: create ntt rows 0+655 (n=32768, 10 window(s) of 3631, W=512, 512 stripe(s), threads=8, probe ok): 35.31s
TIMING 32768:2:1900/nowin/r1 INFO repair-timing: create recovery batch 0+655: 35.61s (total 35.62s) (fold width 8 of 8)
TIMING 32768:2:1900/nowin/r1 INFO repair-timing: create seals: mode=lanes rows=655 in 23.091701ms
TIMING 32768:2:1900/nowin/r1 INFO repair-timing: create scan + fold: 42.69s; batch fold width 8 of 8 a priori (0 restore(s)); scan lanes 2 of 8 a priori
TIMING 32768:2:1900/nowin/r1 INFO repair-timing: plan prep: 7.77ms over 10 cold build(s), 5120 stripe use(s) - 0.018% of the 42.75s create
LEG 32768:2:1900 bands rep1 rc=0 wall=38.71 inner=38.294 cpu=148.48 read=27.06 transform=34.75 chunks/windows=10 run=57344 readmb=38436 resident=0 admit=admitted digest=69100d1c5c1d1e4b
TIMING 32768:2:1900/bands/r1 INFO repair-timing: create arms: n=32768 rows=655 batches=1 fused=false (fusable shape=false, fusion displaced by the transform=false)
TIMING 32768:2:1900/bands/r1 INFO repair-timing: create stripe-first admitted: 1 batch(es), 655 rows, n=32768, bands of up to 1903689728 B over copies
TIMING 32768:2:1900/bands/r1 INFO repair-timing: fold tile budget 32 KiB (L2 per core 512 KiB)
TIMING 32768:2:1900/bands/r1 INFO repair-timing: create stripe-first: 655 rows in 10 chunk(s) of 56 stripes (n=32768, bands of 1879048192 B over copies, read 27.06s, probe 413.77ms, 8 reader(s), W=512, threads=8, probe ok): 34.75s
TIMING 32768:2:1900/bands/r1 INFO repair-timing: create scan + fold: 38.26s; batch fold width 8 of 8 a priori (0 restore(s)); scan lanes 2 of 8 a priori
TIMING 32768:2:1900/bands/r1 INFO repair-timing: plan prep: 2.07ms over 1 cold build(s), 512 stripe use(s) - 0.005% of the 38.29s create
LEG 32768:2:1900 bands rep2 rc=0 wall=39.01 inner=38.575 cpu=146.26 read=24.87 transform=32.52 chunks/windows=10 run=57344 readmb=38858 resident=0 admit=admitted digest=69100d1c5c1d1e4b
TIMING 32768:2:1900/bands/r2 INFO repair-timing: create arms: n=32768 rows=655 batches=1 fused=false (fusable shape=false, fusion displaced by the transform=false)
TIMING 32768:2:1900/bands/r2 INFO repair-timing: create stripe-first admitted: 1 batch(es), 655 rows, n=32768, bands of up to 1903689728 B over copies
TIMING 32768:2:1900/bands/r2 INFO repair-timing: fold tile budget 32 KiB (L2 per core 512 KiB)
TIMING 32768:2:1900/bands/r2 INFO repair-timing: create stripe-first: 655 rows in 10 chunk(s) of 56 stripes (n=32768, bands of 1879048192 B over copies, read 24.87s, probe 433.02ms, 8 reader(s), W=512, threads=8, probe ok): 32.52s
TIMING 32768:2:1900/bands/r2 INFO repair-timing: create scan + fold: 38.53s; batch fold width 8 of 8 a priori (0 restore(s)); scan lanes 2 of 8 a priori
TIMING 32768:2:1900/bands/r2 INFO repair-timing: plan prep: 2.39ms over 1 cold build(s), 512 stripe use(s) - 0.006% of the 38.57s create
LEG 32768:2:1900 nowin rep2 rc=0 wall=48.53 inner=47.531 cpu=300.69 read=None transform=38.5 chunks/windows=10 run=None readmb=37829 resident=0 admit=refused digest=69100d1c5c1d1e4b
TIMING 32768:2:1900/nowin/r2 INFO repair-timing: create arms: n=32768 rows=655 batches=1 fused=false (fusable shape=false, fusion displaced by the transform=false)
TIMING 32768:2:1900/nowin/r2 INFO repair-timing: create stripe-first refused: the members are read through copies (not mapped, or the payload would not stay resident - see mapped_payload_fits_memory) and bands are off (NZBFAST_CREATE_STRIPE_BANDS=0) (1 batch(es), 655 rows, n=32768, fused=false)
TIMING 32768:2:1900/nowin/r2 INFO repair-timing: fold tile budget 32 KiB (L2 per core 512 KiB)
TIMING 32768:2:1900/nowin/r2 INFO repair-timing: create ntt rows 0+655 (n=32768, 10 window(s) of 3631, W=512, 512 stripe(s), threads=8, probe ok): 38.50s
TIMING 32768:2:1900/nowin/r2 INFO repair-timing: create recovery batch 0+655: 39.07s (total 39.08s) (fold width 8 of 8)
TIMING 32768:2:1900/nowin/r2 INFO repair-timing: create seals: mode=lanes rows=655 in 26.887051ms
TIMING 32768:2:1900/nowin/r2 INFO repair-timing: create scan + fold: 47.41s; batch fold width 8 of 8 a priori (0 restore(s)); scan lanes 2 of 8 a priori
TIMING 32768:2:1900/nowin/r2 INFO repair-timing: plan prep: 8.06ms over 10 cold build(s), 5120 stripe use(s) - 0.017% of the 47.48s create
BANDONE done -> /root/bandm-18sep/ladder.jsonl
=== 18:55:50Z LADDER DONE ===
RIGLOCK RELEASING rc=0 18:55:50Z
