2026-09-18T02:44:51.8372263+01:00 CRBAND-ROUND start root=<rig>\crband-18sep bin=<rig>\crband-18sep\src\target\release\parfast.exe budget=21474836480 ladders=3 rungs_per_ladder=cband:384,392,400,408,416 csolo:320,352,384,416,448,480,512 cinter:320,352,384,416,448,480,512
2026-09-18T02:45:54.0038105+01:00 LOAD-GATE ok at=prebuild loads=4/1 waited_s=0
2026-09-18T02:46:01.8642571+01:00 CLASS-PROBE P-core0 mask=0x1 got=0x1 wall_s=7.802 cpu_s=7.734 SPIN ms=7650 x=72000065999996.6 
2026-09-18T02:46:15.1382662+01:00 CLASS-PROBE E-core4 mask=0x10 got=0x10 wall_s=13.273 cpu_s=13.172 SPIN ms=13082 x=72000065999996.6 
2026-09-18T02:46:28.6014472+01:00 CLASS-PROBE E-core8 mask=0x100 got=0x100 wall_s=13.476 cpu_s=13.453 SPIN ms=13283 x=72000065999996.6 
2026-09-18T02:46:41.8099751+01:00 CLASS-PROBE E-core11 mask=0x800 got=0x800 wall_s=13.197 cpu_s=13.172 SPIN ms=13005 x=72000065999996.6 
2026-09-18T02:46:57.5898675+01:00 CLASS-PROBE LPE-core12 mask=0x1000 got=0x1000 wall_s=15.769 cpu_s=15.703 SPIN ms=15531 x=72000065999996.6 
2026-09-18T02:47:03.4658839+01:00 EXTRACT rc=0 secs=5.9 into=<rig>\crband-18sep\src
2026-09-18T02:49:06.9796568+01:00 BUILD rc=0 secs=123.5 log=<rig>\crband-18sep\build-crband.log
2026-09-18T02:49:07.0751240+01:00 BIN bytes=4173312 want_bytes=4173312 sha256=190050E775FE662F569EA432CBF036DD50C43F12C7793A6D0DED52F4621821CE (a sha that matches no other round is EXPECTED and not a fault - the build embeds its own path; the byte count is the invariant across every build of 06d5734b7 on this fleet)
2026-09-18T02:49:07.0751240+01:00 FIXTURE ABSENT - ladder 1 builds it, then waits out the settle <rig>\crband-18sep\fix-4194304-1024
2026-09-18T02:50:04.4873879+01:00 LOAD-GATE ok at=cband loads=3 waited_s=0
2026-09-18T02:50:04.5094837+01:00 LADDER cband label=4mcb-band UNPINNED threads=16 rungs=384,392,400,408,416 log=<rig>\crband-18sep\harness\logs\cband.log
2026-09-18T02:50:04.5094837+01:00 ARGV powershell -NoProfile -ExecutionPolicy Bypass -File "<rig>\crband-18sep\harness\wcomb.ps1" -Root "<rig>\crband-18sep" -Bin "<rig>\crband-18sep\src\target\release\parfast.exe" -NoBuild -Phase create -Tag cband -Label 4mcb-band -Slice 4194304 -MemberMiB 1024 -Recovery 640 -Rungs "384,392,400,408,416" -Threads "16" -Reps 1 -Residency resident -NttBudget 21474836480
2026-09-18T03:17:20.8514010+01:00 ARM-DONE cband rc=0 legs=20 lock_waits=0
2026-09-18T03:17:21.8949601+01:00 LOAD-GATE ok at=csolo loads=1 waited_s=0
2026-09-18T03:17:21.9058801+01:00 LADDER csolo label=4mcb-solo UNPINNED threads=16 rungs=320,352,384,416,448,480,512 log=<rig>\crband-18sep\harness\logs\csolo.log
2026-09-18T03:17:21.9058801+01:00 ARGV powershell -NoProfile -ExecutionPolicy Bypass -File "<rig>\crband-18sep\harness\wcomb.ps1" -Root "<rig>\crband-18sep" -Bin "<rig>\crband-18sep\src\target\release\parfast.exe" -NoBuild -Phase create -Tag csolo -Label 4mcb-solo -Slice 4194304 -MemberMiB 1024 -Recovery 640 -Rungs "320,352,384,416,448,480,512" -Threads "16" -Reps 1 -Residency resident -NttBudget 21474836480
2026-09-18T03:31:13.7053876+01:00 ARM-DONE csolo rc=0 legs=28 lock_waits=0
2026-09-18T03:31:14.7369143+01:00 LOAD-GATE ok at=cinter loads=5 waited_s=0
2026-09-18T03:31:14.7369143+01:00 LADDER cinter label=4mcb-inter UNPINNED threads=4,16 rungs=320,352,384,416,448,480,512 log=<rig>\crband-18sep\harness\logs\cinter.log
2026-09-18T03:31:14.7369143+01:00 ARGV powershell -NoProfile -ExecutionPolicy Bypass -File "<rig>\crband-18sep\harness\wcomb.ps1" -Root "<rig>\crband-18sep" -Bin "<rig>\crband-18sep\src\target\release\parfast.exe" -NoBuild -Phase create -Tag cinter -Label 4mcb-inter -Slice 4194304 -MemberMiB 1024 -Recovery 640 -Rungs "320,352,384,416,448,480,512" -Threads "4,16" -Reps 1 -Residency resident -NttBudget 21474836480
2026-09-18T04:04:40.1789044+01:00 ARM-DONE cinter rc=0 legs=56 lock_waits=0
2026-09-18T04:04:40.1789044+01:00 CRBAND-ROUND end rc=0
