RIG-LOCK-TAKEN <rig>/pubrun/lad.lock pid=63833
MLAD-START 2026-09-10T16:16:00Z
BOX host=apple-m3-ultra cpu=Apple M3 Ultra cores=32 ram_gb=256.0 os=macOS 27.0 free_gb=383.9
BIN parfast sha256=0f859e0c351e896f0e6acd36ed1bd7bd335753b737bdb435d9f609399606f000 bytes=2706304 version=parfast version 1.5.0-beta.1
BIN par2turbo sha256=f15cc37cd102f9fd64bbe6adb84d9f4009406bea86e8748dbfca2f85d37d3a31 bytes=624712 version=par2cmdline-turbo version 1.5.0
PROTOCOL slice=768000 recovery_blocks=2098 source_blocks=13990 redundancy_pct=14.996 damage=scattered-seeded-slice-overwrite reps=2 gate=sha256-all-members prewarm=full-read-of-work-dir
ARGV parfast repair='r -q -t32 -T16 f.par2' verify='v -q -t32 -T16 f.par2'
ARGV par2turbo repair='r -q -t32 -T16 f.par2' verify='v -q -t32 -T16 f.par2'
FIXTURE members=10 distinct_member_sha=10/10 bytes=10737418240
SLICE-PROBE index=5 unique=10/10
GOLD p00.bin 661150901205f6af09a0aca2182824119ad7b332231ede7995ea4304272c60e8
GOLD p01.bin a646e76541272e65dbe8b833d35a33603ca3111b6092a18a0e19eb1b06815b04
GOLD p02.bin 9c1c03820d68799a93047b88566c391de84817b2431fb3e02fd2cbab6c2a3310
GOLD p03.bin 3eb01700cd7444dc1fb15298e7bdc49aeb2602f91f45a86900905af192f32bb0
GOLD p04.bin ed91bec47fcd2a0a89eb9e7ef04dbad9fc12901e9567a312f2fad3c0caceee24
GOLD p05.bin f751c525dfd7bff2c5366710f8b1a876398116f4ca6458122cb4a68fcef2bfca
GOLD p06.bin fe727a8e0b720128806752f82a2354e4d5f437e9b1a027d5baff09b281b5847d
GOLD p07.bin c1c507da8308a7dc0684d60643e0ff1e11101164f047c69e338a0ab748bfa4e9
GOLD p08.bin 617b8990d53cd9e55bf184bf932060e01f0d768f16bbdd4c78b47f30f2c27db0
GOLD p09.bin 7e50c3b79c03a27927afd8b96998b892417f62e2f59ca77aa34c336a481e5e25
CREATE tool=parfast rc=0 wall=3.916 cpu=111.311 peak_mb=12517.4 par2files=13 par2bytes=1632002172 errlen=0
VERIFY round=applad rep=1 tool=parfast argv='v -q -t32 -T16 f.par2' wall=1.492 cpu=14.472 cpu_over_wall=9.7 peak_mb=27.5 rc=0 intact=10/10 errlen=0 ts=2026-09-10T16:16:55Z
VERIFY round=applad rep=1 tool=par2turbo argv='v -q -t32 -T16 f.par2' wall=3.424 cpu=16.379 cpu_over_wall=4.78 peak_mb=13.3 rc=0 intact=10/10 errlen=0 ts=2026-09-10T16:17:00Z
LEG round=applad rep=1 m=1 tool=parfast argv='r -q -t32 -T16 f.par2' wall=2.176 cpu=22.11 cpu_over_wall=10.16 peak_mb=1766.5 rc=0 restored=10/10 damaged_members=1 touched_members=1 blocks_written=1 strays=1 seed=20260918 errlen=0 ts=2026-09-10T16:17:05Z
LEG round=applad rep=1 m=1 tool=par2turbo argv='r -q -t32 -T16 f.par2' wall=6.2 cpu=20.903 cpu_over_wall=3.37 peak_mb=42.0 rc=0 restored=10/10 damaged_members=1 touched_members=1 blocks_written=1 strays=1 seed=20260918 errlen=0 ts=2026-09-10T16:17:15Z
LEG round=applad rep=1 m=16 tool=parfast argv='r -q -t32 -T16 f.par2' wall=3.07 cpu=27.198 cpu_over_wall=8.86 peak_mb=1908.5 rc=0 restored=10/10 damaged_members=9 touched_members=9 blocks_written=16 strays=9 seed=20261023 errlen=0 ts=2026-09-10T16:17:23Z
LEG round=applad rep=1 m=16 tool=par2turbo argv='r -q -t32 -T16 f.par2' wall=10.346 cpu=48.605 cpu_over_wall=4.7 peak_mb=65.2 rc=0 restored=10/10 damaged_members=9 touched_members=9 blocks_written=16 strays=9 seed=20261023 errlen=0 ts=2026-09-10T16:17:37Z
LEG round=applad rep=1 m=64 tool=parfast argv='r -q -t32 -T16 f.par2' wall=3.207 cpu=47.834 cpu_over_wall=14.92 peak_mb=2024.6 rc=0 restored=10/10 damaged_members=10 touched_members=10 blocks_written=64 strays=10 seed=20261359 errlen=0 ts=2026-09-10T16:17:45Z
LEG round=applad rep=1 m=64 tool=par2turbo argv='r -q -t32 -T16 f.par2' wall=9.34 cpu=70.016 cpu_over_wall=7.5 peak_mb=103.3 rc=0 restored=10/10 damaged_members=10 touched_members=10 blocks_written=64 strays=10 seed=20261359 errlen=0 ts=2026-09-10T16:17:58Z
LEG round=applad rep=1 m=256 tool=parfast argv='r -q -t32 -T16 f.par2' wall=4.381 cpu=87.232 cpu_over_wall=19.91 peak_mb=12230.3 rc=0 restored=10/10 damaged_members=10 touched_members=10 blocks_written=256 strays=10 seed=20262703 errlen=0 ts=2026-09-10T16:18:07Z
LEG round=applad rep=1 m=256 tool=par2turbo argv='r -q -t32 -T16 f.par2' wall=11.661 cpu=145.293 cpu_over_wall=12.46 peak_mb=247.5 rc=0 restored=10/10 damaged_members=10 touched_members=10 blocks_written=256 strays=10 seed=20262703 errlen=0 ts=2026-09-10T16:18:23Z
LEG round=applad rep=1 m=512 tool=parfast argv='r -q -t32 -T16 f.par2' wall=4.645 cpu=94.189 cpu_over_wall=20.28 peak_mb=12474.0 rc=0 restored=10/10 damaged_members=10 touched_members=10 blocks_written=512 strays=10 seed=20264495 errlen=0 ts=2026-09-10T16:18:33Z
LEG round=applad rep=1 m=512 tool=par2turbo argv='r -q -t32 -T16 f.par2' wall=14.083 cpu=243.996 cpu_over_wall=17.33 peak_mb=438.2 rc=0 restored=10/10 damaged_members=10 touched_members=10 blocks_written=512 strays=10 seed=20264495 errlen=0 ts=2026-09-10T16:18:52Z
LEG round=applad rep=1 m=640 tool=parfast argv='r -q -t32 -T16 f.par2' wall=4.73 cpu=98.405 cpu_over_wall=20.8 peak_mb=12585.8 rc=0 restored=10/10 damaged_members=10 touched_members=10 blocks_written=640 strays=10 seed=20265391 errlen=0 ts=2026-09-10T16:19:01Z
LEG round=applad rep=1 m=640 tool=par2turbo argv='r -q -t32 -T16 f.par2' wall=15.997 cpu=293.94 cpu_over_wall=18.37 peak_mb=540.7 rc=0 restored=10/10 damaged_members=10 touched_members=10 blocks_written=640 strays=10 seed=20265391 errlen=0 ts=2026-09-10T16:19:23Z
LEG round=applad rep=1 m=704 tool=parfast argv='r -q -t32 -T16 f.par2' wall=4.877 cpu=101.812 cpu_over_wall=20.88 peak_mb=12666.5 rc=0 restored=10/10 damaged_members=10 touched_members=10 blocks_written=704 strays=10 seed=20265839 errlen=0 ts=2026-09-10T16:19:32Z
LEG round=applad rep=1 m=704 tool=par2turbo argv='r -q -t32 -T16 f.par2' wall=17.278 cpu=319.742 cpu_over_wall=18.51 peak_mb=589.2 rc=0 restored=10/10 damaged_members=10 touched_members=10 blocks_written=704 strays=10 seed=20265839 errlen=0 ts=2026-09-10T16:19:55Z
LEG round=applad rep=1 m=768 tool=parfast argv='r -q -t32 -T16 f.par2' wall=5.0 cpu=104.684 cpu_over_wall=20.94 peak_mb=12733.2 rc=0 restored=10/10 damaged_members=10 touched_members=10 blocks_written=768 strays=10 seed=20266287 errlen=0 ts=2026-09-10T16:20:05Z
LEG round=applad rep=1 m=768 tool=par2turbo argv='r -q -t32 -T16 f.par2' wall=18.563 cpu=344.14 cpu_over_wall=18.54 peak_mb=634.7 rc=0 restored=10/10 damaged_members=10 touched_members=10 blocks_written=768 strays=10 seed=20266287 errlen=0 ts=2026-09-10T16:20:29Z
LEG round=applad rep=1 m=896 tool=parfast argv='r -q -t32 -T16 f.par2' wall=4.904 cpu=102.565 cpu_over_wall=20.91 peak_mb=12850.7 rc=0 restored=10/10 damaged_members=10 touched_members=10 blocks_written=896 strays=10 seed=20267183 errlen=0 ts=2026-09-10T16:20:39Z
LEG round=applad rep=1 m=896 tool=par2turbo argv='r -q -t32 -T16 f.par2' wall=20.531 cpu=395.368 cpu_over_wall=19.26 peak_mb=731.3 rc=0 restored=10/10 damaged_members=10 touched_members=10 blocks_written=896 strays=10 seed=20267183 errlen=0 ts=2026-09-10T16:21:05Z
LEG round=applad rep=1 m=1024 tool=parfast argv='r -q -t32 -T16 f.par2' wall=5.184 cpu=104.926 cpu_over_wall=20.24 peak_mb=12961.7 rc=0 restored=10/10 damaged_members=10 touched_members=10 blocks_written=1024 strays=10 seed=20268079 errlen=0 ts=2026-09-10T16:21:16Z
LEG round=applad rep=1 m=1024 tool=par2turbo argv='r -q -t32 -T16 f.par2' wall=23.54 cpu=446.436 cpu_over_wall=18.96 peak_mb=832.2 rc=0 restored=10/10 damaged_members=10 touched_members=10 blocks_written=1024 strays=10 seed=20268079 errlen=0 ts=2026-09-10T16:21:45Z
LEG round=applad rep=1 m=1152 tool=parfast argv='r -q -t32 -T16 f.par2' wall=5.235 cpu=106.22 cpu_over_wall=20.29 peak_mb=13089.8 rc=0 restored=10/10 damaged_members=10 touched_members=10 blocks_written=1152 strays=10 seed=20268975 errlen=0 ts=2026-09-10T16:21:56Z
LEG round=applad rep=1 m=1152 tool=par2turbo argv='r -q -t32 -T16 f.par2' wall=22.913 cpu=494.686 cpu_over_wall=21.59 peak_mb=927.5 rc=0 restored=10/10 damaged_members=10 touched_members=10 blocks_written=1152 strays=10 seed=20268975 errlen=0 ts=2026-09-10T16:22:25Z
LEG round=applad rep=1 m=1280 tool=parfast argv='r -q -t32 -T16 f.par2' wall=5.262 cpu=108.062 cpu_over_wall=20.54 peak_mb=13215.0 rc=0 restored=10/10 damaged_members=10 touched_members=10 blocks_written=1280 strays=10 seed=20269871 errlen=0 ts=2026-09-10T16:22:36Z
LEG round=applad rep=1 m=1280 tool=par2turbo argv='r -q -t32 -T16 f.par2' wall=25.918 cpu=544.239 cpu_over_wall=21.0 peak_mb=1026.6 rc=0 restored=10/10 damaged_members=10 touched_members=10 blocks_written=1280 strays=10 seed=20269871 errlen=0 ts=2026-09-10T16:23:08Z
LEG round=applad rep=1 m=1408 tool=parfast argv='r -q -t32 -T16 f.par2' wall=5.435 cpu=110.154 cpu_over_wall=20.27 peak_mb=13334.4 rc=0 restored=10/10 damaged_members=10 touched_members=10 blocks_written=1408 strays=10 seed=20270767 errlen=0 ts=2026-09-10T16:23:19Z
LEG round=applad rep=1 m=1408 tool=par2turbo argv='r -q -t32 -T16 f.par2' wall=26.443 cpu=593.663 cpu_over_wall=22.45 peak_mb=1121.9 rc=0 restored=10/10 damaged_members=10 touched_members=10 blocks_written=1408 strays=10 seed=20270767 errlen=0 ts=2026-09-10T16:23:52Z
LEG round=applad rep=1 m=1600 tool=parfast argv='r -q -t32 -T16 f.par2' wall=5.687 cpu=113.109 cpu_over_wall=19.89 peak_mb=13520.4 rc=0 restored=10/10 damaged_members=10 touched_members=10 blocks_written=1600 strays=10 seed=20272111 errlen=0 ts=2026-09-10T16:24:04Z
LEG round=applad rep=1 m=1600 tool=par2turbo argv='r -q -t32 -T16 f.par2' wall=30.496 cpu=670.185 cpu_over_wall=21.98 peak_mb=1263.9 rc=0 restored=10/10 damaged_members=10 touched_members=10 blocks_written=1600 strays=10 seed=20272111 errlen=0 ts=2026-09-10T16:24:41Z
LEG round=applad rep=1 m=1792 tool=parfast argv='r -q -t32 -T16 f.par2' wall=5.61 cpu=116.689 cpu_over_wall=20.8 peak_mb=13665.9 rc=0 restored=10/10 damaged_members=10 touched_members=10 blocks_written=1792 strays=10 seed=20273455 errlen=0 ts=2026-09-10T16:24:54Z
LEG round=applad rep=1 m=1792 tool=par2turbo argv='r -q -t32 -T16 f.par2' wall=33.087 cpu=746.696 cpu_over_wall=22.57 peak_mb=1410.7 rc=0 restored=10/10 damaged_members=10 touched_members=10 blocks_written=1792 strays=10 seed=20273455 errlen=0 ts=2026-09-10T16:25:33Z
LEG round=applad rep=1 m=2048 tool=parfast argv='r -q -t32 -T16 f.par2' wall=5.957 cpu=120.7 cpu_over_wall=20.26 peak_mb=13916.4 rc=0 restored=10/10 damaged_members=10 touched_members=10 blocks_written=2048 strays=10 seed=20275247 errlen=0 ts=2026-09-10T16:25:46Z
LEG round=applad rep=1 m=2048 tool=par2turbo argv='r -q -t32 -T16 f.par2' wall=35.574 cpu=848.639 cpu_over_wall=23.86 peak_mb=1608.2 rc=0 restored=10/10 damaged_members=10 touched_members=10 blocks_written=2048 strays=10 seed=20275247 errlen=0 ts=2026-09-10T16:26:29Z
LEG round=applad rep=1 m=2098 tool=parfast argv='r -q -t32 -T16 f.par2' wall=6.02 cpu=122.238 cpu_over_wall=20.31 peak_mb=13983.9 rc=0 restored=10/10 damaged_members=10 touched_members=10 blocks_written=2098 strays=10 seed=20275597 errlen=0 ts=2026-09-10T16:26:42Z
LEG round=applad rep=1 m=2098 tool=par2turbo argv='r -q -t32 -T16 f.par2' wall=35.971 cpu=866.299 cpu_over_wall=24.08 peak_mb=1646.1 rc=0 restored=10/10 damaged_members=10 touched_members=10 blocks_written=2098 strays=10 seed=20275597 errlen=0 ts=2026-09-10T16:27:25Z
MLAD-REP-END rep=1 2026-09-10T16:27:27Z
VERIFY round=applad rep=2 tool=parfast argv='v -q -t32 -T16 f.par2' wall=1.494 cpu=14.545 cpu_over_wall=9.74 peak_mb=27.3 rc=0 intact=10/10 errlen=0 ts=2026-09-10T16:27:31Z
VERIFY round=applad rep=2 tool=par2turbo argv='v -q -t32 -T16 f.par2' wall=3.516 cpu=16.482 cpu_over_wall=4.69 peak_mb=13.3 rc=0 intact=10/10 errlen=0 ts=2026-09-10T16:27:36Z
LEG round=applad rep=2 m=1 tool=parfast argv='r -q -t32 -T16 f.par2' wall=2.25 cpu=22.344 cpu_over_wall=9.93 peak_mb=1772.7 rc=0 restored=10/10 damaged_members=1 touched_members=1 blocks_written=1 strays=1 seed=20260919 errlen=0 ts=2026-09-10T16:27:40Z
LEG round=applad rep=2 m=1 tool=par2turbo argv='r -q -t32 -T16 f.par2' wall=6.545 cpu=21.4 cpu_over_wall=3.27 peak_mb=41.9 rc=0 restored=10/10 damaged_members=1 touched_members=1 blocks_written=1 strays=1 seed=20260919 errlen=0 ts=2026-09-10T16:27:51Z
LEG round=applad rep=2 m=16 tool=parfast argv='r -q -t32 -T16 f.par2' wall=3.097 cpu=27.195 cpu_over_wall=8.78 peak_mb=1926.0 rc=0 restored=10/10 damaged_members=7 touched_members=7 blocks_written=16 strays=7 seed=20261024 errlen=0 ts=2026-09-10T16:27:59Z
LEG round=applad rep=2 m=16 tool=par2turbo argv='r -q -t32 -T16 f.par2' wall=8.308 cpu=43.154 cpu_over_wall=5.19 peak_mb=62.4 rc=0 restored=10/10 damaged_members=7 touched_members=7 blocks_written=16 strays=7 seed=20261024 errlen=0 ts=2026-09-10T16:28:11Z
LEG round=applad rep=2 m=64 tool=parfast argv='r -q -t32 -T16 f.par2' wall=3.396 cpu=47.885 cpu_over_wall=14.1 peak_mb=2022.0 rc=0 restored=10/10 damaged_members=10 touched_members=10 blocks_written=64 strays=10 seed=20261360 errlen=0 ts=2026-09-10T16:28:19Z
LEG round=applad rep=2 m=64 tool=par2turbo argv='r -q -t32 -T16 f.par2' wall=9.466 cpu=70.791 cpu_over_wall=7.48 peak_mb=100.3 rc=0 restored=10/10 damaged_members=10 touched_members=10 blocks_written=64 strays=10 seed=20261360 errlen=0 ts=2026-09-10T16:28:33Z
LEG round=applad rep=2 m=256 tool=parfast argv='r -q -t32 -T16 f.par2' wall=4.434 cpu=87.875 cpu_over_wall=19.82 peak_mb=12227.9 rc=0 restored=10/10 damaged_members=10 touched_members=10 blocks_written=256 strays=10 seed=20262704 errlen=0 ts=2026-09-10T16:28:41Z
LEG round=applad rep=2 m=256 tool=par2turbo argv='r -q -t32 -T16 f.par2' wall=12.133 cpu=146.142 cpu_over_wall=12.05 peak_mb=249.0 rc=0 restored=10/10 damaged_members=10 touched_members=10 blocks_written=256 strays=10 seed=20262704 errlen=0 ts=2026-09-10T16:28:58Z
LEG round=applad rep=2 m=512 tool=parfast argv='r -q -t32 -T16 f.par2' wall=4.578 cpu=93.882 cpu_over_wall=20.51 peak_mb=12473.1 rc=0 restored=10/10 damaged_members=10 touched_members=10 blocks_written=512 strays=10 seed=20264496 errlen=0 ts=2026-09-10T16:29:08Z
LEG round=applad rep=2 m=512 tool=par2turbo argv='r -q -t32 -T16 f.par2' wall=17.313 cpu=246.292 cpu_over_wall=14.23 peak_mb=436.6 rc=0 restored=10/10 damaged_members=10 touched_members=10 blocks_written=512 strays=10 seed=20264496 errlen=0 ts=2026-09-10T16:29:30Z
LEG round=applad rep=2 m=640 tool=parfast argv='r -q -t32 -T16 f.par2' wall=4.778 cpu=99.029 cpu_over_wall=20.73 peak_mb=12592.0 rc=0 restored=10/10 damaged_members=10 touched_members=10 blocks_written=640 strays=10 seed=20265392 errlen=0 ts=2026-09-10T16:29:40Z
LEG round=applad rep=2 m=640 tool=par2turbo argv='r -q -t32 -T16 f.par2' wall=17.056 cpu=295.675 cpu_over_wall=17.34 peak_mb=536.9 rc=0 restored=10/10 damaged_members=10 touched_members=10 blocks_written=640 strays=10 seed=20265392 errlen=0 ts=2026-09-10T16:30:02Z
LEG round=applad rep=2 m=704 tool=parfast argv='r -q -t32 -T16 f.par2' wall=4.875 cpu=101.784 cpu_over_wall=20.88 peak_mb=12668.0 rc=0 restored=10/10 damaged_members=10 touched_members=10 blocks_written=704 strays=10 seed=20265840 errlen=0 ts=2026-09-10T16:30:12Z
LEG round=applad rep=2 m=704 tool=par2turbo argv='r -q -t32 -T16 f.par2' wall=18.004 cpu=320.411 cpu_over_wall=17.8 peak_mb=586.2 rc=0 restored=10/10 damaged_members=10 touched_members=10 blocks_written=704 strays=10 seed=20265840 errlen=0 ts=2026-09-10T16:30:35Z
LEG round=applad rep=2 m=768 tool=parfast argv='r -q -t32 -T16 f.par2' wall=4.981 cpu=105.017 cpu_over_wall=21.08 peak_mb=12731.5 rc=0 restored=10/10 damaged_members=10 touched_members=10 blocks_written=768 strays=10 seed=20266288 errlen=0 ts=2026-09-10T16:30:45Z
LEG round=applad rep=2 m=768 tool=par2turbo argv='r -q -t32 -T16 f.par2' wall=18.923 cpu=345.252 cpu_over_wall=18.25 peak_mb=633.3 rc=0 restored=10/10 damaged_members=10 touched_members=10 blocks_written=768 strays=10 seed=20266288 errlen=0 ts=2026-09-10T16:31:10Z
LEG round=applad rep=2 m=896 tool=parfast argv='r -q -t32 -T16 f.par2' wall=5.087 cpu=102.646 cpu_over_wall=20.18 peak_mb=12844.3 rc=0 restored=10/10 damaged_members=10 touched_members=10 blocks_written=896 strays=10 seed=20267184 errlen=0 ts=2026-09-10T16:31:20Z
LEG round=applad rep=2 m=896 tool=par2turbo argv='r -q -t32 -T16 f.par2' wall=20.634 cpu=396.056 cpu_over_wall=19.19 peak_mb=733.3 rc=0 restored=10/10 damaged_members=10 touched_members=10 blocks_written=896 strays=10 seed=20267184 errlen=0 ts=2026-09-10T16:31:46Z
LEG round=applad rep=2 m=1024 tool=parfast argv='r -q -t32 -T16 f.par2' wall=5.101 cpu=104.36 cpu_over_wall=20.46 peak_mb=12972.7 rc=0 restored=10/10 damaged_members=10 touched_members=10 blocks_written=1024 strays=10 seed=20268080 errlen=0 ts=2026-09-10T16:31:57Z
LEG round=applad rep=2 m=1024 tool=par2turbo argv='r -q -t32 -T16 f.par2' wall=21.939 cpu=445.252 cpu_over_wall=20.29 peak_mb=825.9 rc=0 restored=10/10 damaged_members=10 touched_members=10 blocks_written=1024 strays=10 seed=20268080 errlen=0 ts=2026-09-10T16:32:25Z
LEG round=applad rep=2 m=1152 tool=parfast argv='r -q -t32 -T16 f.par2' wall=5.306 cpu=106.188 cpu_over_wall=20.01 peak_mb=13090.8 rc=0 restored=10/10 damaged_members=10 touched_members=10 blocks_written=1152 strays=10 seed=20268976 errlen=0 ts=2026-09-10T16:32:36Z
LEG round=applad rep=2 m=1152 tool=par2turbo argv='r -q -t32 -T16 f.par2' wall=24.455 cpu=494.494 cpu_over_wall=20.22 peak_mb=930.0 rc=0 restored=10/10 damaged_members=10 touched_members=10 blocks_written=1152 strays=10 seed=20268976 errlen=0 ts=2026-09-10T16:33:06Z
LEG round=applad rep=2 m=1280 tool=parfast argv='r -q -t32 -T16 f.par2' wall=5.347 cpu=108.148 cpu_over_wall=20.23 peak_mb=13215.0 rc=0 restored=10/10 damaged_members=10 touched_members=10 blocks_written=1280 strays=10 seed=20269872 errlen=0 ts=2026-09-10T16:33:17Z
LEG round=applad rep=2 m=1280 tool=par2turbo argv='r -q -t32 -T16 f.par2' wall=26.154 cpu=543.993 cpu_over_wall=20.8 peak_mb=1024.8 rc=0 restored=10/10 damaged_members=10 touched_members=10 blocks_written=1280 strays=10 seed=20269872 errlen=0 ts=2026-09-10T16:33:49Z
LEG round=applad rep=2 m=1408 tool=parfast argv='r -q -t32 -T16 f.par2' wall=5.468 cpu=109.693 cpu_over_wall=20.06 peak_mb=13343.5 rc=0 restored=10/10 damaged_members=10 touched_members=10 blocks_written=1408 strays=10 seed=20270768 errlen=0 ts=2026-09-10T16:34:01Z
LEG round=applad rep=2 m=1408 tool=par2turbo argv='r -q -t32 -T16 f.par2' wall=27.945 cpu=594.289 cpu_over_wall=21.27 peak_mb=1119.3 rc=0 restored=10/10 damaged_members=10 touched_members=10 blocks_written=1408 strays=10 seed=20270768 errlen=0 ts=2026-09-10T16:34:35Z
LEG round=applad rep=2 m=1600 tool=parfast argv='r -q -t32 -T16 f.par2' wall=5.567 cpu=112.879 cpu_over_wall=20.28 peak_mb=13514.9 rc=0 restored=10/10 damaged_members=10 touched_members=10 blocks_written=1600 strays=10 seed=20272112 errlen=0 ts=2026-09-10T16:34:47Z
LEG round=applad rep=2 m=1600 tool=par2turbo argv='r -q -t32 -T16 f.par2' wall=29.235 cpu=669.305 cpu_over_wall=22.89 peak_mb=1265.0 rc=0 restored=10/10 damaged_members=10 touched_members=10 blocks_written=1600 strays=10 seed=20272112 errlen=0 ts=2026-09-10T16:35:23Z
LEG round=applad rep=2 m=1792 tool=parfast argv='r -q -t32 -T16 f.par2' wall=5.735 cpu=116.432 cpu_over_wall=20.3 peak_mb=13670.0 rc=0 restored=10/10 damaged_members=10 touched_members=10 blocks_written=1792 strays=10 seed=20273456 errlen=0 ts=2026-09-10T16:35:35Z
LEG round=applad rep=2 m=1792 tool=par2turbo argv='r -q -t32 -T16 f.par2' wall=35.072 cpu=747.614 cpu_over_wall=21.32 peak_mb=1407.5 rc=0 restored=10/10 damaged_members=10 touched_members=10 blocks_written=1792 strays=10 seed=20273456 errlen=0 ts=2026-09-10T16:36:17Z
LEG round=applad rep=2 m=2048 tool=parfast argv='r -q -t32 -T16 f.par2' wall=6.002 cpu=120.876 cpu_over_wall=20.14 peak_mb=13912.1 rc=0 restored=10/10 damaged_members=10 touched_members=10 blocks_written=2048 strays=10 seed=20275248 errlen=0 ts=2026-09-10T16:36:30Z
LEG round=applad rep=2 m=2048 tool=par2turbo argv='r -q -t32 -T16 f.par2' wall=38.512 cpu=837.721 cpu_over_wall=21.75 peak_mb=1604.3 rc=0 restored=10/10 damaged_members=10 touched_members=10 blocks_written=2048 strays=10 seed=20275248 errlen=0 ts=2026-09-10T16:37:16Z
LEG round=applad rep=2 m=2098 tool=parfast argv='r -q -t32 -T16 f.par2' wall=6.053 cpu=122.331 cpu_over_wall=20.21 peak_mb=13983.9 rc=0 restored=10/10 damaged_members=10 touched_members=10 blocks_written=2098 strays=10 seed=20275598 errlen=0 ts=2026-09-10T16:37:29Z
LEG round=applad rep=2 m=2098 tool=par2turbo argv='r -q -t32 -T16 f.par2' wall=37.356 cpu=867.528 cpu_over_wall=23.22 peak_mb=1643.0 rc=0 restored=10/10 damaged_members=10 touched_members=10 blocks_written=2098 strays=10 seed=20275598 errlen=0 ts=2026-09-10T16:38:14Z
MLAD-REP-END rep=2 2026-09-10T16:38:16Z
MLAD-END 2026-09-10T16:38:16Z
RIG-LOCK-RELEASED <rig>/pubrun/lad.lock
