RIG-LOCK-TAKEN <rig>\RIG.lock round=lad pid=13396 started=2026-09-10T20:13:52.5476908Z
LAD-START 2026-09-10T20:13:52.5709153Z
BOX host=intel-i5-10600kf cpu=Intel(R) Core(TM) i5-10600KF CPU @ 4.10GHz caption=Intel64 Family 6 Model 165 Stepping 5 cores=6 threads=12 ram_gb=63.9 os=Microsoft Windows 11 Pro build=10.0.26200 Dfree_gb=7131.3
BIN parfast sha256=cae5a6f368af74f1eb31afa483eb935c663ea976ddd0eecb5b76e6c4487360e9 bytes=2596864 version=parfast version 1.5.0-beta.1 built from 8b0b67ec4d15
BIN par2turbo sha256=36ce11d92c895a552485ba8cb1ad4b92ca62a00333f1aa6308daafbc371e69e9 bytes=1653248 version=par2cmdline-turbo version 1.5.0 built from ?
BIN par2j64 sha256=8e75c2a3f256094cc0313f477b6e56e492cc7d258f9cb6b755bee98cf289620a bytes=416768 version=Parchive 2.0 client version 1.3.3.5 by Yutaka Sawada built from ?
PROTOCOL slice=768000 recovery_blocks=2098 source_blocks=13990 redundancy_pct=14.996 damage=scattered-seeded-slice-overwrite reps=2 gate=sha256-all-members prewarm=full-read-of-work-dir
ARGV parfast='r -q -t12 -T16 f.par2' par2turbo='r -q -t12 -T16 f.par2' par2j64='r f.par2'
FIXTURE members=10 distinct_member_sha=10/10 bytes=10737418240
GOLD p00.bin 784E10F9FE8A6DF557891FE77D7463B3C3EC30668A6E9190413ACE883929E8A2
GOLD p01.bin 427580D39068340A1A4683391B5CE621B61465BE3CCE59467D2B595464DBA289
GOLD p02.bin 9C874271C023166E4C8A149CB58F5151E16801FCB5A96D0ED67F135CCAF561A4
GOLD p03.bin 9794E8FBA5C555A7CFF08AF380DCFEA93CABA07C84E54789B0AB2D2E5F2B3CF2
GOLD p04.bin 0A795B0471940005BDCF32E1B12905DDD37070A3B7367939A6D24AD09EBBF8AA
GOLD p05.bin 76E334DC68D8592D2D62E73FC7EA708E74B1BF783C55176C6ABA016B6523BE51
GOLD p06.bin A963DD4BA69AE9E161CF038564A70FE83141EA0DA27DA99052C006F4602979C6
GOLD p07.bin 146457BF02A6CA615C0BF84542D678CF2C74159D6CE14A67DDF229AA86605779
GOLD p08.bin 4D87BF03C8D6333BD0D88C9E2BC54F2296F96772DD225640CB0FFE4208B20E81
GOLD p09.bin 6FEE4A4D667FC5B45997910871CBC94FD36EE62DC9D26B46859A45072BB2DDF8
CREATE tool=parfast rc=0 wall=18.867 cpu=192.125 peak_mb=12009.4 par2files=13 par2mb=1556.4 errlen=0
VERIFY round=i5lad rep=1 tool=parfast argv='v -q -t12 -T16 f.par2' wall=1.691 cpu=16.047 cpu_over_wall=9.49 peak_mb=25 rc=0 intact=10/10 errlen=0 ts=2026-09-10T20:15:26.8426144Z
VERIFY round=i5lad rep=1 tool=par2turbo argv='v -q -t12 -T16 f.par2' wall=4.327 cpu=24.672 cpu_over_wall=5.7 peak_mb=14.8 rc=0 intact=10/10 errlen=0 ts=2026-09-10T20:15:39.7190149Z
VERIFY round=i5lad rep=1 tool=par2j64 argv='v f.par2' wall=9.798 cpu=20.797 cpu_over_wall=2.12 peak_mb=11.8 rc=0 intact=10/10 errlen=0 ts=2026-09-10T20:15:58.1423752Z
LEG round=i5lad rep=1 m=1 tool=parfast argv='r -q -t12 -T16 f.par2' wall=4.753 cpu=32.109 cpu_over_wall=6.76 peak_mb=764.8 rc=0 restored=10/10 damaged_members=1 touched_members=1 blocks_written=1 strays=1 seed=20260918 errlen=0 ts=2026-09-10T20:16:15.2801893Z
LEG round=i5lad rep=1 m=1 tool=par2turbo argv='r -q -t12 -T16 f.par2' wall=9.559 cpu=35.359 cpu_over_wall=3.7 peak_mb=28.1 rc=0 restored=10/10 damaged_members=1 touched_members=1 blocks_written=1 strays=1 seed=20260918 errlen=0 ts=2026-09-10T20:16:44.0950622Z
LEG round=i5lad rep=1 m=1 tool=par2j64 argv='r f.par2' wall=22.71 cpu=29.766 cpu_over_wall=1.31 peak_mb=10255.6 rc=16 restored=10/10 damaged_members=1 touched_members=1 blocks_written=1 strays=0 seed=20260918 errlen=0 ts=2026-09-10T20:17:28.2732366Z
LEG round=i5lad rep=1 m=16 tool=parfast argv='r -q -t12 -T16 f.par2' wall=14.121 cpu=50.578 cpu_over_wall=3.58 peak_mb=763.7 rc=0 restored=10/10 damaged_members=6 touched_members=6 blocks_written=16 strays=6 seed=20261023 errlen=0 ts=2026-09-10T20:18:02.3537679Z
LEG round=i5lad rep=1 m=16 tool=par2turbo argv='r -q -t12 -T16 f.par2' wall=14.601 cpu=61.688 cpu_over_wall=4.22 peak_mb=39.4 rc=0 restored=10/10 damaged_members=6 touched_members=6 blocks_written=16 strays=6 seed=20261023 errlen=0 ts=2026-09-10T20:18:36.7447156Z
LEG round=i5lad rep=1 m=16 tool=par2j64 argv='r f.par2' wall=66.539 cpu=58.875 cpu_over_wall=0.88 peak_mb=10266.9 rc=16 restored=10/10 damaged_members=6 touched_members=6 blocks_written=16 strays=0 seed=20261023 errlen=0 ts=2026-09-10T20:20:05.6642294Z
LEG round=i5lad rep=1 m=64 tool=parfast argv='r -q -t12 -T16 f.par2' wall=27.455 cpu=100.562 cpu_over_wall=3.66 peak_mb=762.6 rc=0 restored=10/10 damaged_members=10 touched_members=10 blocks_written=64 strays=10 seed=20261359 errlen=0 ts=2026-09-10T20:20:53.7119565Z
LEG round=i5lad rep=1 m=64 tool=par2turbo argv='r -q -t12 -T16 f.par2' wall=26.824 cpu=119.297 cpu_over_wall=4.45 peak_mb=75.9 rc=0 restored=10/10 damaged_members=10 touched_members=10 blocks_written=64 strays=10 seed=20261359 errlen=0 ts=2026-09-10T20:21:40.9347730Z
LEG round=i5lad rep=1 m=64 tool=par2j64 argv='r f.par2' wall=75.654 cpu=95.094 cpu_over_wall=1.26 peak_mb=10303.3 rc=16 restored=10/10 damaged_members=10 touched_members=10 blocks_written=64 strays=0 seed=20261359 errlen=0 ts=2026-09-10T20:23:21.5378145Z
LEG round=i5lad rep=1 m=256 tool=parfast argv='r -q -t12 -T16 f.par2' wall=24.574 cpu=169.219 cpu_over_wall=6.89 peak_mb=10360.5 rc=0 restored=10/10 damaged_members=10 touched_members=10 blocks_written=256 strays=10 seed=20262703 errlen=0 ts=2026-09-10T20:24:07.6362861Z
LEG round=i5lad rep=1 m=256 tool=par2turbo argv='r -q -t12 -T16 f.par2' wall=35.192 cpu=281.344 cpu_over_wall=7.99 peak_mb=221.8 rc=0 restored=10/10 damaged_members=10 touched_members=10 blocks_written=256 strays=10 seed=20262703 errlen=0 ts=2026-09-10T20:25:04.4394166Z
LEG round=i5lad rep=1 m=256 tool=par2j64 argv='r f.par2' wall=81.758 cpu=189.453 cpu_over_wall=2.32 peak_mb=10449 rc=16 restored=10/10 damaged_members=10 touched_members=10 blocks_written=256 strays=0 seed=20262703 errlen=0 ts=2026-09-10T20:26:52.2217106Z
LEG round=i5lad rep=1 m=512 tool=parfast argv='r -q -t12 -T16 f.par2' wall=19.919 cpu=181.875 cpu_over_wall=9.13 peak_mb=10380.8 rc=0 restored=10/10 damaged_members=10 touched_members=10 blocks_written=512 strays=10 seed=20264495 errlen=0 ts=2026-09-10T20:27:34.3528214Z
LEG round=i5lad rep=1 m=512 tool=par2turbo argv='r -q -t12 -T16 f.par2' wall=49.152 cpu=491.672 cpu_over_wall=10 peak_mb=416.1 rc=0 restored=10/10 damaged_members=10 touched_members=10 blocks_written=512 strays=10 seed=20264495 errlen=0 ts=2026-09-10T20:28:48.0603642Z
LEG round=i5lad rep=1 m=512 tool=par2j64 argv='r f.par2' wall=107.434 cpu=316.391 cpu_over_wall=2.94 peak_mb=10643.4 rc=16 restored=10/10 damaged_members=10 touched_members=10 blocks_written=512 strays=0 seed=20264495 errlen=0 ts=2026-09-10T20:31:02.5823989Z
LEG round=i5lad rep=1 m=768 tool=parfast argv='r -q -t12 -T16 f.par2' wall=22.27 cpu=201.531 cpu_over_wall=9.05 peak_mb=10403.5 rc=0 restored=10/10 damaged_members=10 touched_members=10 blocks_written=768 strays=10 seed=20266287 errlen=0 ts=2026-09-10T20:31:48.7580687Z
LEG round=i5lad rep=1 m=768 tool=par2turbo argv='r -q -t12 -T16 f.par2' wall=67.634 cpu=696.688 cpu_over_wall=10.3 peak_mb=610.5 rc=0 restored=10/10 damaged_members=10 touched_members=10 blocks_written=768 strays=10 seed=20266287 errlen=0 ts=2026-09-10T20:33:38.2915687Z
LEG round=i5lad rep=1 m=768 tool=par2j64 argv='r f.par2' wall=149.95 cpu=443.672 cpu_over_wall=2.96 peak_mb=10837.8 rc=16 restored=10/10 damaged_members=10 touched_members=10 blocks_written=768 strays=0 seed=20266287 errlen=0 ts=2026-09-10T20:36:38.5412591Z
LEG round=i5lad rep=1 m=1024 tool=parfast argv='r -q -t12 -T16 f.par2' wall=24.44 cpu=235.078 cpu_over_wall=9.62 peak_mb=10424.3 rc=0 restored=10/10 damaged_members=10 touched_members=10 blocks_written=1024 strays=10 seed=20268079 errlen=0 ts=2026-09-10T20:37:27.9898013Z
LEG round=i5lad rep=1 m=1024 tool=par2turbo argv='r -q -t12 -T16 f.par2' wall=86.693 cpu=900 cpu_over_wall=10.38 peak_mb=804.8 rc=0 restored=10/10 damaged_members=10 touched_members=10 blocks_written=1024 strays=10 seed=20268079 errlen=0 ts=2026-09-10T20:39:21.3548053Z
LEG round=i5lad rep=1 m=1024 tool=par2j64 argv='r f.par2' wall=170.295 cpu=576.594 cpu_over_wall=3.39 peak_mb=11032.1 rc=16 restored=10/10 damaged_members=10 touched_members=10 blocks_written=1024 strays=0 seed=20268079 errlen=0 ts=2026-09-10T20:42:41.6437596Z
LEG round=i5lad rep=1 m=1152 tool=parfast argv='r -q -t12 -T16 f.par2' wall=26.409 cpu=257.359 cpu_over_wall=9.75 peak_mb=10445.5 rc=0 restored=10/10 damaged_members=10 touched_members=10 blocks_written=1152 strays=10 seed=20268975 errlen=0 ts=2026-09-10T20:43:34.4879208Z
LEG round=i5lad rep=1 m=1152 tool=par2turbo argv='r -q -t12 -T16 f.par2' wall=96.208 cpu=1006.562 cpu_over_wall=10.46 peak_mb=902 rc=0 restored=10/10 damaged_members=10 touched_members=10 blocks_written=1152 strays=10 seed=20268975 errlen=0 ts=2026-09-10T20:45:37.3590308Z
LEG round=i5lad rep=1 m=1152 tool=par2j64 argv='r f.par2' wall=160.874 cpu=642.312 cpu_over_wall=3.99 peak_mb=11129.2 rc=16 restored=10/10 damaged_members=10 touched_members=10 blocks_written=1152 strays=0 seed=20268975 errlen=0 ts=2026-09-10T20:48:46.9209728Z
LEG round=i5lad rep=1 m=1280 tool=parfast argv='r -q -t12 -T16 f.par2' wall=26.38 cpu=249.969 cpu_over_wall=9.48 peak_mb=10466.1 rc=0 restored=10/10 damaged_members=10 touched_members=10 blocks_written=1280 strays=10 seed=20269871 errlen=0 ts=2026-09-10T20:49:40.7394764Z
LEG round=i5lad rep=1 m=1280 tool=par2turbo argv='r -q -t12 -T16 f.par2' wall=105.723 cpu=1111.688 cpu_over_wall=10.52 peak_mb=999.2 rc=0 restored=10/10 damaged_members=10 touched_members=10 blocks_written=1280 strays=10 seed=20269871 errlen=0 ts=2026-09-10T20:51:57.2397766Z
LEG round=i5lad rep=1 m=1280 tool=par2j64 argv='r f.par2' wall=175.152 cpu=707.922 cpu_over_wall=4.04 peak_mb=11226.5 rc=16 restored=10/10 damaged_members=10 touched_members=10 blocks_written=1280 strays=0 seed=20269871 errlen=0 ts=2026-09-10T20:55:21.4909915Z
LEG round=i5lad rep=1 m=1408 tool=parfast argv='r -q -t12 -T16 f.par2' wall=26.913 cpu=254.844 cpu_over_wall=9.47 peak_mb=10456.5 rc=0 restored=10/10 damaged_members=10 touched_members=10 blocks_written=1408 strays=10 seed=20270767 errlen=0 ts=2026-09-10T20:56:16.7315358Z
LEG round=i5lad rep=1 m=1408 tool=par2turbo argv='r -q -t12 -T16 f.par2' wall=115.526 cpu=1214.875 cpu_over_wall=10.52 peak_mb=1096.4 rc=0 restored=10/10 damaged_members=10 touched_members=10 blocks_written=1408 strays=10 seed=20270767 errlen=0 ts=2026-09-10T20:58:40.8993363Z
LEG round=i5lad rep=1 m=1408 tool=par2j64 argv='r f.par2' wall=186.926 cpu=776.547 cpu_over_wall=4.15 peak_mb=11323.6 rc=16 restored=10/10 damaged_members=10 touched_members=10 blocks_written=1408 strays=0 seed=20270767 errlen=0 ts=2026-09-10T21:02:17.9702848Z
LEG round=i5lad rep=1 m=1600 tool=parfast argv='r -q -t12 -T16 f.par2' wall=28.027 cpu=265.125 cpu_over_wall=9.46 peak_mb=10472.5 rc=0 restored=10/10 damaged_members=10 touched_members=10 blocks_written=1600 strays=10 seed=20272111 errlen=0 ts=2026-09-10T21:03:15.3591004Z
LEG round=i5lad rep=1 m=1600 tool=par2turbo argv='r -q -t12 -T16 f.par2' wall=129.619 cpu=1372.578 cpu_over_wall=10.59 peak_mb=1242.1 rc=0 restored=10/10 damaged_members=10 touched_members=10 blocks_written=1600 strays=10 seed=20272111 errlen=0 ts=2026-09-10T21:05:58.7804629Z
LEG round=i5lad rep=1 m=1600 tool=par2j64 argv='r f.par2' wall=206.967 cpu=876.281 cpu_over_wall=4.23 peak_mb=11469.3 rc=16 restored=10/10 damaged_members=10 touched_members=10 blocks_written=1600 strays=0 seed=20272111 errlen=0 ts=2026-09-10T21:09:56.5474019Z
LEG round=i5lad rep=1 m=1792 tool=parfast argv='r -q -t12 -T16 f.par2' wall=29.003 cpu=275.344 cpu_over_wall=9.49 peak_mb=10487.4 rc=0 restored=10/10 damaged_members=10 touched_members=10 blocks_written=1792 strays=10 seed=20273455 errlen=0 ts=2026-09-10T21:10:56.5925885Z
LEG round=i5lad rep=1 m=1792 tool=par2turbo argv='r -q -t12 -T16 f.par2' wall=144.117 cpu=1525.828 cpu_over_wall=10.59 peak_mb=1387.9 rc=0 restored=10/10 damaged_members=10 touched_members=10 blocks_written=1792 strays=10 seed=20273455 errlen=0 ts=2026-09-10T21:13:56.4373079Z
LEG round=i5lad rep=1 m=1792 tool=par2j64 argv='r f.par2' wall=228.106 cpu=976.547 cpu_over_wall=4.28 peak_mb=11615.1 rc=16 restored=10/10 damaged_members=10 touched_members=10 blocks_written=1792 strays=0 seed=20273455 errlen=0 ts=2026-09-10T21:18:16.4176163Z
LEG round=i5lad rep=1 m=2048 tool=parfast argv='r -q -t12 -T16 f.par2' wall=30.497 cpu=288.031 cpu_over_wall=9.44 peak_mb=10510.7 rc=0 restored=10/10 damaged_members=10 touched_members=10 blocks_written=2048 strays=10 seed=20275247 errlen=0 ts=2026-09-10T21:19:19.3094091Z
LEG round=i5lad rep=1 m=2048 tool=par2turbo argv='r -q -t12 -T16 f.par2' wall=163.454 cpu=1740.453 cpu_over_wall=10.65 peak_mb=1582.3 rc=0 restored=10/10 damaged_members=10 touched_members=10 blocks_written=2048 strays=10 seed=20275247 errlen=0 ts=2026-09-10T21:22:35.3273180Z
LEG round=i5lad rep=1 m=2048 tool=par2j64 argv='r f.par2' wall=252.319 cpu=1101.828 cpu_over_wall=4.37 peak_mb=11809.4 rc=16 restored=10/10 damaged_members=10 touched_members=10 blocks_written=2048 strays=0 seed=20275247 errlen=0 ts=2026-09-10T21:27:21.1159450Z
LEG round=i5lad rep=1 m=2098 tool=parfast argv='r -q -t12 -T16 f.par2' wall=30.704 cpu=290.828 cpu_over_wall=9.47 peak_mb=10533.5 rc=0 restored=10/10 damaged_members=10 touched_members=10 blocks_written=2098 strays=10 seed=20275597 errlen=0 ts=2026-09-10T21:28:24.9290606Z
LEG round=i5lad rep=1 m=2098 tool=par2turbo argv='r -q -t12 -T16 f.par2' wall=167.31 cpu=1779.734 cpu_over_wall=10.64 peak_mb=1620.2 rc=0 restored=10/10 damaged_members=10 touched_members=10 blocks_written=2098 strays=10 seed=20275597 errlen=0 ts=2026-09-10T21:31:44.4732569Z
LEG round=i5lad rep=1 m=2098 tool=par2j64 argv='r f.par2' wall=257.14 cpu=1131.625 cpu_over_wall=4.4 peak_mb=11847.5 rc=16 restored=10/10 damaged_members=10 touched_members=10 blocks_written=2098 strays=0 seed=20275597 errlen=0 ts=2026-09-10T21:36:35.3182129Z
LAD-REP-END rep=1 2026-09-10T21:36:45.6229899Z
VERIFY round=i5lad rep=2 tool=parfast argv='v -q -t12 -T16 f.par2' wall=1.624 cpu=15.438 cpu_over_wall=9.51 peak_mb=25.3 rc=0 intact=10/10 errlen=0 ts=2026-09-10T21:36:55.4096897Z
VERIFY round=i5lad rep=2 tool=par2turbo argv='v -q -t12 -T16 f.par2' wall=4.301 cpu=24.438 cpu_over_wall=5.68 peak_mb=14.9 rc=0 intact=10/10 errlen=0 ts=2026-09-10T21:37:07.5988333Z
VERIFY round=i5lad rep=2 tool=par2j64 argv='v f.par2' wall=9.609 cpu=20.438 cpu_over_wall=2.13 peak_mb=11.8 rc=0 intact=10/10 errlen=0 ts=2026-09-10T21:37:25.3765745Z
LEG round=i5lad rep=2 m=1 tool=parfast argv='r -q -t12 -T16 f.par2' wall=4.242 cpu=32.156 cpu_over_wall=7.58 peak_mb=764.6 rc=0 restored=10/10 damaged_members=1 touched_members=1 blocks_written=1 strays=1 seed=20260919 errlen=0 ts=2026-09-10T21:37:41.6371972Z
LEG round=i5lad rep=2 m=1 tool=par2turbo argv='r -q -t12 -T16 f.par2' wall=8.482 cpu=33.906 cpu_over_wall=4 peak_mb=28.1 rc=0 restored=10/10 damaged_members=1 touched_members=1 blocks_written=1 strays=1 seed=20260919 errlen=0 ts=2026-09-10T21:38:08.8739456Z
LEG round=i5lad rep=2 m=1 tool=par2j64 argv='r f.par2' wall=17.614 cpu=27.609 cpu_over_wall=1.57 peak_mb=10255.5 rc=16 restored=10/10 damaged_members=1 touched_members=1 blocks_written=1 strays=0 seed=20260919 errlen=0 ts=2026-09-10T21:38:45.9270934Z
LEG round=i5lad rep=2 m=16 tool=parfast argv='r -q -t12 -T16 f.par2' wall=7.96 cpu=60.562 cpu_over_wall=7.61 peak_mb=763.2 rc=0 restored=10/10 damaged_members=8 touched_members=8 blocks_written=16 strays=8 seed=20261024 errlen=0 ts=2026-09-10T21:39:13.6650040Z
LEG round=i5lad rep=2 m=16 tool=par2turbo argv='r -q -t12 -T16 f.par2' wall=12.71 cpu=66.562 cpu_over_wall=5.24 peak_mb=39.5 rc=0 restored=10/10 damaged_members=8 touched_members=8 blocks_written=16 strays=8 seed=20261024 errlen=0 ts=2026-09-10T21:39:46.2678591Z
LEG round=i5lad rep=2 m=16 tool=par2j64 argv='r f.par2' wall=46.276 cpu=59.266 cpu_over_wall=1.28 peak_mb=10267 rc=16 restored=10/10 damaged_members=8 touched_members=8 blocks_written=16 strays=0 seed=20261024 errlen=0 ts=2026-09-10T21:40:54.6007753Z
LEG round=i5lad rep=2 m=64 tool=parfast argv='r -q -t12 -T16 f.par2' wall=12.541 cpu=102.047 cpu_over_wall=8.14 peak_mb=762.2 rc=0 restored=10/10 damaged_members=10 touched_members=10 blocks_written=64 strays=10 seed=20261360 errlen=0 ts=2026-09-10T21:41:27.0741005Z
LEG round=i5lad rep=2 m=64 tool=par2turbo argv='r -q -t12 -T16 f.par2' wall=16.757 cpu=118.328 cpu_over_wall=7.06 peak_mb=75.9 rc=0 restored=10/10 damaged_members=10 touched_members=10 blocks_written=64 strays=10 seed=20261360 errlen=0 ts=2026-09-10T21:42:04.0491235Z
LEG round=i5lad rep=2 m=64 tool=par2j64 argv='r f.par2' wall=53.573 cpu=91.047 cpu_over_wall=1.7 peak_mb=10303.3 rc=16 restored=10/10 damaged_members=10 touched_members=10 blocks_written=64 strays=0 seed=20261360 errlen=0 ts=2026-09-10T21:43:20.7693906Z
LEG round=i5lad rep=2 m=256 tool=parfast argv='r -q -t12 -T16 f.par2' wall=18.051 cpu=169.344 cpu_over_wall=9.38 peak_mb=10359.7 rc=0 restored=10/10 damaged_members=10 touched_members=10 blocks_written=256 strays=10 seed=20262704 errlen=0 ts=2026-09-10T21:43:59.8127019Z
LEG round=i5lad rep=2 m=256 tool=par2turbo argv='r -q -t12 -T16 f.par2' wall=30.382 cpu=280.875 cpu_over_wall=9.24 peak_mb=221.8 rc=0 restored=10/10 damaged_members=10 touched_members=10 blocks_written=256 strays=10 seed=20262704 errlen=0 ts=2026-09-10T21:44:51.6055407Z
LEG round=i5lad rep=2 m=256 tool=par2j64 argv='r f.par2' wall=72.617 cpu=188.562 cpu_over_wall=2.6 peak_mb=10449.1 rc=16 restored=10/10 damaged_members=10 touched_members=10 blocks_written=256 strays=0 seed=20262704 errlen=0 ts=2026-09-10T21:46:28.5061840Z
LEG round=i5lad rep=2 m=512 tool=parfast argv='r -q -t12 -T16 f.par2' wall=19.8 cpu=185.906 cpu_over_wall=9.39 peak_mb=10380.1 rc=0 restored=10/10 damaged_members=10 touched_members=10 blocks_written=512 strays=10 seed=20264496 errlen=0 ts=2026-09-10T21:47:10.3712809Z
LEG round=i5lad rep=2 m=512 tool=par2turbo argv='r -q -t12 -T16 f.par2' wall=48.841 cpu=489.422 cpu_over_wall=10.02 peak_mb=416.1 rc=0 restored=10/10 damaged_members=10 touched_members=10 blocks_written=512 strays=10 seed=20264496 errlen=0 ts=2026-09-10T21:48:22.7352503Z
LEG round=i5lad rep=2 m=512 tool=par2j64 argv='r f.par2' wall=97.401 cpu=316.25 cpu_over_wall=3.25 peak_mb=10643.4 rc=16 restored=10/10 damaged_members=10 touched_members=10 blocks_written=512 strays=0 seed=20264496 errlen=0 ts=2026-09-10T21:50:25.4648170Z
LEG round=i5lad rep=2 m=768 tool=parfast argv='r -q -t12 -T16 f.par2' wall=21.688 cpu=204.844 cpu_over_wall=9.45 peak_mb=10402 rc=0 restored=10/10 damaged_members=10 touched_members=10 blocks_written=768 strays=10 seed=20266288 errlen=0 ts=2026-09-10T21:51:10.6903680Z
LEG round=i5lad rep=2 m=768 tool=par2turbo argv='r -q -t12 -T16 f.par2' wall=67.725 cpu=698.234 cpu_over_wall=10.31 peak_mb=610.5 rc=0 restored=10/10 damaged_members=10 touched_members=10 blocks_written=768 strays=10 seed=20266288 errlen=0 ts=2026-09-10T21:52:42.6656172Z
LEG round=i5lad rep=2 m=768 tool=par2j64 argv='r f.par2' wall=122.542 cpu=446.562 cpu_over_wall=3.64 peak_mb=10837.7 rc=16 restored=10/10 damaged_members=10 touched_members=10 blocks_written=768 strays=0 seed=20266288 errlen=0 ts=2026-09-10T21:55:12.4339548Z
LEG round=i5lad rep=2 m=1024 tool=parfast argv='r -q -t12 -T16 f.par2' wall=24.59 cpu=236.297 cpu_over_wall=9.61 peak_mb=10426.3 rc=0 restored=10/10 damaged_members=10 touched_members=10 blocks_written=1024 strays=10 seed=20268080 errlen=0 ts=2026-09-10T21:56:01.7906037Z
LEG round=i5lad rep=2 m=1024 tool=par2turbo argv='r -q -t12 -T16 f.par2' wall=87.025 cpu=904.109 cpu_over_wall=10.39 peak_mb=804.8 rc=0 restored=10/10 damaged_members=10 touched_members=10 blocks_written=1024 strays=10 seed=20268080 errlen=0 ts=2026-09-10T21:57:55.0747393Z
LEG round=i5lad rep=2 m=1024 tool=par2j64 argv='r f.par2' wall=147.107 cpu=572.969 cpu_over_wall=3.89 peak_mb=11032 rc=16 restored=10/10 damaged_members=10 touched_members=10 blocks_written=1024 strays=0 seed=20268080 errlen=0 ts=2026-09-10T22:00:50.2608879Z
LEG round=i5lad rep=2 m=1152 tool=parfast argv='r -q -t12 -T16 f.par2' wall=26.591 cpu=258.734 cpu_over_wall=9.73 peak_mb=10446.4 rc=0 restored=10/10 damaged_members=10 touched_members=10 blocks_written=1152 strays=10 seed=20268976 errlen=0 ts=2026-09-10T22:01:43.2350718Z
LEG round=i5lad rep=2 m=1152 tool=par2turbo argv='r -q -t12 -T16 f.par2' wall=96.362 cpu=1004.547 cpu_over_wall=10.42 peak_mb=902 rc=0 restored=10/10 damaged_members=10 touched_members=10 blocks_written=1152 strays=10 seed=20268976 errlen=0 ts=2026-09-10T22:03:46.0070945Z
LEG round=i5lad rep=2 m=1152 tool=par2j64 argv='r f.par2' wall=161.571 cpu=646.328 cpu_over_wall=4 peak_mb=11129.2 rc=16 restored=10/10 damaged_members=10 touched_members=10 blocks_written=1152 strays=0 seed=20268976 errlen=0 ts=2026-09-10T22:06:56.2842438Z
LEG round=i5lad rep=2 m=1280 tool=parfast argv='r -q -t12 -T16 f.par2' wall=26.268 cpu=248.516 cpu_over_wall=9.46 peak_mb=10468.9 rc=0 restored=10/10 damaged_members=10 touched_members=10 blocks_written=1280 strays=10 seed=20269872 errlen=0 ts=2026-09-10T22:07:49.9578384Z
LEG round=i5lad rep=2 m=1280 tool=par2turbo argv='r -q -t12 -T16 f.par2' wall=105.483 cpu=1113.703 cpu_over_wall=10.56 peak_mb=999.2 rc=0 restored=10/10 damaged_members=10 touched_members=10 blocks_written=1280 strays=10 seed=20269872 errlen=0 ts=2026-09-10T22:10:02.9968254Z
LEG round=i5lad rep=2 m=1280 tool=par2j64 argv='r f.par2' wall=174.399 cpu=709.312 cpu_over_wall=4.07 peak_mb=11226.4 rc=16 restored=10/10 damaged_members=10 touched_members=10 blocks_written=1280 strays=0 seed=20269872 errlen=0 ts=2026-09-10T22:13:26.3309561Z
LEG round=i5lad rep=2 m=1408 tool=parfast argv='r -q -t12 -T16 f.par2' wall=26.832 cpu=251.969 cpu_over_wall=9.39 peak_mb=10460.3 rc=0 restored=10/10 damaged_members=10 touched_members=10 blocks_written=1408 strays=10 seed=20270768 errlen=0 ts=2026-09-10T22:14:21.6034920Z
LEG round=i5lad rep=2 m=1408 tool=par2turbo argv='r -q -t12 -T16 f.par2' wall=115.198 cpu=1214.438 cpu_over_wall=10.54 peak_mb=1096.4 rc=0 restored=10/10 damaged_members=10 touched_members=10 blocks_written=1408 strays=10 seed=20270768 errlen=0 ts=2026-09-10T22:16:44.7616163Z
LEG round=i5lad rep=2 m=1408 tool=par2j64 argv='r f.par2' wall=187.546 cpu=775.75 cpu_over_wall=4.14 peak_mb=11323.6 rc=16 restored=10/10 damaged_members=10 touched_members=10 blocks_written=1408 strays=0 seed=20270768 errlen=0 ts=2026-09-10T22:20:22.6236692Z
LEG round=i5lad rep=2 m=1600 tool=parfast argv='r -q -t12 -T16 f.par2' wall=28.26 cpu=267 cpu_over_wall=9.45 peak_mb=10471.2 rc=0 restored=10/10 damaged_members=10 touched_members=10 blocks_written=1600 strays=10 seed=20272112 errlen=0 ts=2026-09-10T22:21:20.3050240Z
LEG round=i5lad rep=2 m=1600 tool=par2turbo argv='r -q -t12 -T16 f.par2' wall=129.852 cpu=1370.547 cpu_over_wall=10.55 peak_mb=1242.1 rc=0 restored=10/10 damaged_members=10 touched_members=10 blocks_written=1600 strays=10 seed=20272112 errlen=0 ts=2026-09-10T22:23:59.6969057Z
LEG round=i5lad rep=2 m=1600 tool=par2j64 argv='r f.par2' wall=207.449 cpu=876.688 cpu_over_wall=4.23 peak_mb=11469.3 rc=16 restored=10/10 damaged_members=10 touched_members=10 blocks_written=1600 strays=0 seed=20272112 errlen=0 ts=2026-09-10T22:27:57.7693990Z
LEG round=i5lad rep=2 m=1792 tool=parfast argv='r -q -t12 -T16 f.par2' wall=29.415 cpu=278.156 cpu_over_wall=9.46 peak_mb=10487.3 rc=0 restored=10/10 damaged_members=10 touched_members=10 blocks_written=1792 strays=10 seed=20273456 errlen=0 ts=2026-09-10T22:28:58.0532656Z
LEG round=i5lad rep=2 m=1792 tool=par2turbo argv='r -q -t12 -T16 f.par2' wall=144.034 cpu=1526.406 cpu_over_wall=10.6 peak_mb=1387.9 rc=0 restored=10/10 damaged_members=10 touched_members=10 blocks_written=1792 strays=10 seed=20273456 errlen=0 ts=2026-09-10T22:31:52.8388407Z
LEG round=i5lad rep=2 m=1792 tool=par2j64 argv='r f.par2' wall=226.663 cpu=977.703 cpu_over_wall=4.31 peak_mb=11615.1 rc=16 restored=10/10 damaged_members=10 touched_members=10 blocks_written=1792 strays=0 seed=20273456 errlen=0 ts=2026-09-10T22:36:11.2637255Z
LEG round=i5lad rep=2 m=2048 tool=parfast argv='r -q -t12 -T16 f.par2' wall=30.919 cpu=289.688 cpu_over_wall=9.37 peak_mb=10510.2 rc=0 restored=10/10 damaged_members=10 touched_members=10 blocks_written=2048 strays=10 seed=20275248 errlen=0 ts=2026-09-10T22:37:14.3407984Z
LEG round=i5lad rep=2 m=2048 tool=par2turbo argv='r -q -t12 -T16 f.par2' wall=163.833 cpu=1740.562 cpu_over_wall=10.62 peak_mb=1582.3 rc=0 restored=10/10 damaged_members=10 touched_members=10 blocks_written=2048 strays=10 seed=20275248 errlen=0 ts=2026-09-10T22:40:30.6271147Z
LEG round=i5lad rep=2 m=2048 tool=par2j64 argv='r f.par2' wall=253.362 cpu=1107.625 cpu_over_wall=4.37 peak_mb=11809.4 rc=16 restored=10/10 damaged_members=10 touched_members=10 blocks_written=2048 strays=0 seed=20275248 errlen=0 ts=2026-09-10T22:45:17.0016685Z
LEG round=i5lad rep=2 m=2098 tool=parfast argv='r -q -t12 -T16 f.par2' wall=31.522 cpu=290.219 cpu_over_wall=9.21 peak_mb=10528.1 rc=0 restored=10/10 damaged_members=10 touched_members=10 blocks_written=2098 strays=10 seed=20275598 errlen=0 ts=2026-09-10T22:46:21.8889144Z
LEG round=i5lad rep=2 m=2098 tool=par2turbo argv='r -q -t12 -T16 f.par2' wall=166.882 cpu=1774.406 cpu_over_wall=10.63 peak_mb=1620.2 rc=0 restored=10/10 damaged_members=10 touched_members=10 blocks_written=2098 strays=10 seed=20275598 errlen=0 ts=2026-09-10T22:49:41.3779045Z
LEG round=i5lad rep=2 m=2098 tool=par2j64 argv='r f.par2' wall=257.135 cpu=1130.969 cpu_over_wall=4.4 peak_mb=11847.4 rc=16 restored=10/10 damaged_members=10 touched_members=10 blocks_written=2098 strays=0 seed=20275598 errlen=0 ts=2026-09-10T22:54:33.1158403Z
LAD-REP-END rep=2 2026-09-10T22:54:43.5251807Z
LEG round=i5lad rep=9 m=1024 tool=par2j64 argv='r f.par2' wall=148.653 cpu=575.5 cpu_over_wall=3.87 peak_mb=11032.1 rc=16 restored=10/10 damaged_members=10 touched_members=10 blocks_written=1024 strays=0 seed=20268087 errlen=0 ts=2026-09-10T22:57:33.1896805Z
LEG round=i5lad rep=9 m=1024 tool=par2j64 argv='r /lc1 f.par2' wall=779.816 cpu=776.156 cpu_over_wall=1 peak_mb=10408.2 rc=16 restored=10/10 damaged_members=10 touched_members=10 blocks_written=1024 strays=0 seed=20268087 errlen=0 ts=2026-09-10T23:11:02.0181490Z
LEG round=i5lad rep=9 m=1024 tool=par2j64 argv='r /lc8 f.par2' wall=139.041 cpu=663.125 cpu_over_wall=4.77 peak_mb=11032.1 rc=16 restored=10/10 damaged_members=10 touched_members=10 blocks_written=1024 strays=0 seed=20268087 errlen=0 ts=2026-09-10T23:13:50.9015850Z
LEG round=i5lad rep=9 m=1024 tool=par2j64 argv='r /lc16 f.par2' wall=134.281 cpu=853.125 cpu_over_wall=6.35 peak_mb=11032.2 rc=16 restored=10/10 damaged_members=10 touched_members=10 blocks_written=1024 strays=0 seed=20268087 errlen=0 ts=2026-09-10T23:16:33.5354144Z
LEG round=i5lad rep=9 m=1024 tool=par2j64 argv='r /lc24 f.par2' wall=135.132 cpu=850.984 cpu_over_wall=6.3 peak_mb=11032.3 rc=16 restored=10/10 damaged_members=10 touched_members=10 blocks_written=1024 strays=0 seed=20268087 errlen=0 ts=2026-09-10T23:19:17.1263036Z
LEG round=i5lad rep=9 m=1024 tool=par2j64 argv='r /lc32 f.par2' wall=133.968 cpu=851.641 cpu_over_wall=6.36 peak_mb=11032.2 rc=16 restored=10/10 damaged_members=10 touched_members=10 blocks_written=1024 strays=0 seed=20268087 errlen=0 ts=2026-09-10T23:21:59.7581072Z
LAD-END 2026-09-10T23:22:07.6018659Z
RIG-LOCK-RELEASED <rig>\RIG.lock
