RIG-LOCK-TAKEN <rig>/.parfast-rig.lock pid=9993
MFULL-START 2026-09-11T04:02:35Z
BOX host=apple-m3-ultra cpu=Apple M3 Ultra cores=32 ram_gb=256.0 os=macOS 27.0 free_gb=365.7
BIN parfast sha256=5d0707ee7581f46ef06f84b27973fb85328ffc226c5a49fbcd93993609b1f571 bytes=2723536 version=parfast version 1.5.0-beta.1 built from 8b0b67ec4d15
BIN par2turbo sha256=f15cc37cd102f9fd64bbe6adb84d9f4009406bea86e8748dbfca2f85d37d3a31 bytes=624712 version=par2cmdline-turbo version 1.5.0 built from ?
PROTOCOL slice=768000 recovery_blocks=32177 source_blocks=32177 redundancy_pct=100.0 damage=scattered-seeded-slice-overwrite reps=2 gate=sha256-all-members prewarm=full-read-of-work-dir
ARGV parfast repair='r -q -t32 -T23 f.par2' verify='v -q -t32 -T23 f.par2'
ARGV par2turbo repair='r -q -t32 -T23 f.par2' verify='v -q -t32 -T23 f.par2'
FIXTURE members=23 distinct_member_sha=23/23 bytes=24696061952
SLICE-PROBE index=5 unique=23/23
GOLD p00.bin de03cc991dd267b3bc7a629eca312a59f6b711950590b015b2adec2e80cdd574
GOLD p01.bin 14bd8c0e6d8212b29046689979c3f0df03b23159342ce7cf4fe1f256e84310b0
GOLD p02.bin a7bf741f8d5ba611b73b333a95d918b6cdf3563009d2778a122ba1dbc4f4e7f9
GOLD p03.bin e808ed1eb8296a97a64b8f8d523181aef78aef7c9af824bd30c227902d4828e9
GOLD p04.bin e3d30cc7da8af5157c4d3d6c771281360b953abad9628e798a571a806ddbcf41
GOLD p05.bin 517830915b2862c7290a226fbf561f1e45e109d28819511bb4af610f69f1ef0a
GOLD p06.bin dd77301c4f6e2f30c2890db010b68ba978cfcf53ab9cb38bb72b38c5422078c8
GOLD p07.bin 8c995d016ef9dc2195fbba8fa093334cfe4e937cafa4ce0aaaafb6af0550a069
GOLD p08.bin 434522bf6591f887784e3be841b0a147fd35eacac8b72eff2ef7d24b33ec746e
GOLD p09.bin 0db539037f282bab7678fe3a594728ac9b8fae6a0b24ad97206ac8a339724c7f
GOLD p10.bin 0066c99775b2bb9e7824eefc6e3ae20b742394119d1a7540dbd8449d35a36c7a
GOLD p11.bin b56a7dee9fb975f17f2dbefbf61abd99c1c2d81f40e68ec454ff0f9ba5186792
GOLD p12.bin 28103599e68709b75bc2d629a818bb06e9be97463abae1abcb6e565543abba7b
GOLD p13.bin dfe240bd1ba7ba116cfa37ddbddf98457fba7419e9d8983888d4c1eda1a1cd60
GOLD p14.bin 51e27de4b4ce078cd7c1a0b0419617d4ffc88716b0b8c69a2b3b4c65279c51a0
GOLD p15.bin 10470bf9f00e35ebe190cc3f1cde4ea8ed7ee035b7ddfb7810bc1d991f9f6422
GOLD p16.bin ec576726676587f34809113a30491c97c7386b24cb4df0ab908a7764295a6930
GOLD p17.bin bad029477d4b35ddb32ff30f7780f462ba694fcfc3a12828e2b3d201c8998a4f
GOLD p18.bin 566489111e6f211c02ebf07ad6d8a05cd3b8a031922a7548cb882ac4c089d7d7
GOLD p19.bin a5a09c96860fdf29c91d00ffee4acafc3a4980d138685d330adff29941f30222
GOLD p20.bin 68d172ad3458cc80c78ccbee9575e19c6d204297fe65836c5f9869e2e27e2894
GOLD p21.bin d455cf42f2741a16c8e56451103f10c3f4328b4a70f5ef5590c952d28d64a46d
GOLD p22.bin 613d208c2124a6d090dd0784c88b694f34a778f7f41a1ad6886c88454f40c587
CREATE tool=parfast rc=0 wall=23.94 cpu=325.423 peak_mb=30803.9 par2files=17 par2bytes=24800411540 errlen=0
VERIFY round=appfull rep=1 tool=parfast argv='v -q -t32 -T23 f.par2' wall=1.549 cpu=33.905 cpu_over_wall=21.89 peak_mb=98.9 rc=0 intact=23/23 errlen=0 ts=2026-09-11T04:03:21Z
VERIFY round=appfull rep=1 tool=par2turbo argv='v -q -t32 -T23 f.par2' wall=30.92 cpu=62.814 cpu_over_wall=2.03 peak_mb=31.4 rc=0 intact=23/23 errlen=0 ts=2026-09-11T04:03:56Z
LEG round=appfull rep=1 m=1 tool=parfast argv='r -q -t32 -T23 f.par2' wall=3.243 cpu=81.862 cpu_over_wall=25.24 peak_mb=23753.7 rc=0 restored=23/23 damaged_members=1 touched_members=1 blocks_written=1 strays=1 seed=20260918 errlen=0 ts=2026-09-11T04:04:04Z
LEG round=appfull rep=1 m=1 tool=par2turbo argv='r -q -t32 -T23 f.par2' wall=34.949 cpu=71.149 cpu_over_wall=2.04 peak_mb=57.9 rc=0 restored=23/23 damaged_members=1 touched_members=1 blocks_written=1 strays=1 seed=20260918 errlen=0 ts=2026-09-11T04:04:57Z
LEG round=appfull rep=1 m=4 tool=parfast argv='r -q -t32 -T23 f.par2' wall=4.431 cpu=83.788 cpu_over_wall=18.91 peak_mb=22247.6 rc=0 restored=23/23 damaged_members=4 touched_members=4 blocks_written=4 strays=4 seed=20260939 errlen=0 ts=2026-09-11T04:05:19Z
LEG round=appfull rep=1 m=4 tool=par2turbo argv='r -q -t32 -T23 f.par2' wall=36.752 cpu=82.911 cpu_over_wall=2.26 peak_mb=62.5 rc=0 restored=23/23 damaged_members=4 touched_members=4 blocks_written=4 strays=4 seed=20260939 errlen=0 ts=2026-09-11T04:06:13Z
LEG round=appfull rep=1 m=16 tool=parfast argv='r -q -t32 -T23 f.par2' wall=4.841 cpu=94.143 cpu_over_wall=19.45 peak_mb=22230.3 rc=0 restored=23/23 damaged_members=12 touched_members=12 blocks_written=16 strays=12 seed=20261023 errlen=0 ts=2026-09-11T04:06:35Z
LEG round=appfull rep=1 m=16 tool=par2turbo argv='r -q -t32 -T23 f.par2' wall=37.733 cpu=108.707 cpu_over_wall=2.88 peak_mb=81.0 rc=0 restored=23/23 damaged_members=12 touched_members=12 blocks_written=16 strays=12 seed=20261023 errlen=0 ts=2026-09-11T04:07:31Z
WARN-FOREIGN-CPU at=r1-m64-parfast foreign_cpu=119% ceiling=320% top=[/usr/bin/top(10470)=97% <app>)=18% /Library/Developer/CoreSimulator<rig>/Library/Developer/CoreSimulator/Profiles/Runtimes/iOS 26.5.simruntime/Contents/Resources/RuntimeRoot/usr/libexec/diagnosticd(2294)=2% /System/Cryptexes/App/usr/libexec/SafariBookmarksSyncAgent(1416)=1%]
LEG round=appfull rep=1 m=64 tool=parfast argv='r -q -t32 -T23 f.par2' wall=6.258 cpu=140.879 cpu_over_wall=22.51 peak_mb=22247.2 rc=0 restored=23/23 damaged_members=23 touched_members=23 blocks_written=64 strays=23 seed=20261359 errlen=0 ts=2026-09-11T04:07:55Z
LEG round=appfull rep=1 m=64 tool=par2turbo argv='r -q -t32 -T23 f.par2' wall=40.6 cpu=180.322 cpu_over_wall=4.44 peak_mb=131.2 rc=0 restored=23/23 damaged_members=23 touched_members=23 blocks_written=64 strays=23 seed=20261359 errlen=0 ts=2026-09-11T04:08:53Z
LEG round=appfull rep=1 m=256 tool=parfast argv='r -q -t32 -T23 f.par2' wall=6.593 cpu=161.774 cpu_over_wall=24.54 peak_mb=25646.1 rc=0 restored=23/23 damaged_members=23 touched_members=23 blocks_written=256 strays=23 seed=20262703 errlen=0 ts=2026-09-11T04:09:17Z
LEG round=appfull rep=1 m=256 tool=par2turbo argv='r -q -t32 -T23 f.par2' wall=46.606 cpu=355.633 cpu_over_wall=7.63 peak_mb=288.2 rc=0 restored=23/23 damaged_members=23 touched_members=23 blocks_written=256 strays=23 seed=20262703 errlen=0 ts=2026-09-11T04:10:22Z
WARN-FOREIGN-CPU at=r1-m1024-parfast foreign_cpu=109% ceiling=320% top=[xpcproxy_sim(10690)=96% /System/Library/Frameworks/CoreServices.framework/Versions/A/Frameworks/Metadata.framework/Versions/A/Support/mds_stores(883)=8% /System/Library/Frameworks/CoreServices.framework/Versions/A/Frameworks/Metadata.framework/Versions/A/Support/mds(608)=4%]
LEG round=appfull rep=1 m=1024 tool=parfast argv='r -q -t32 -T23 f.par2' wall=7.528 cpu=182.146 cpu_over_wall=24.2 peak_mb=26378.8 rc=0 restored=23/23 damaged_members=23 touched_members=23 blocks_written=1024 strays=23 seed=20268079 errlen=0 ts=2026-09-11T04:10:48Z
LEG round=appfull rep=1 m=1024 tool=par2turbo argv='r -q -t32 -T23 f.par2' wall=66.547 cpu=1032.561 cpu_over_wall=15.52 peak_mb=895.6 rc=0 restored=23/23 damaged_members=23 touched_members=23 blocks_written=1024 strays=23 seed=20268079 errlen=0 ts=2026-09-11T04:12:14Z
LEG round=appfull rep=1 m=2048 tool=parfast argv='r -q -t32 -T23 f.par2' wall=8.533 cpu=202.724 cpu_over_wall=23.76 peak_mb=27311.7 rc=0 restored=23/23 damaged_members=23 touched_members=23 blocks_written=2048 strays=23 seed=20275247 errlen=0 ts=2026-09-11T04:12:43Z
LEG round=appfull rep=1 m=2048 tool=par2turbo argv='r -q -t32 -T23 f.par2' wall=95.9 cpu=1937.326 cpu_over_wall=20.2 peak_mb=1708.9 rc=0 restored=23/23 damaged_members=23 touched_members=23 blocks_written=2048 strays=23 seed=20275247 errlen=0 ts=2026-09-11T04:14:39Z
LEG round=appfull rep=1 m=4096 tool=parfast argv='r -q -t32 -T23 f.par2' wall=10.874 cpu=252.819 cpu_over_wall=23.25 peak_mb=27872.1 rc=0 restored=23/23 damaged_members=23 touched_members=23 blocks_written=4096 strays=23 seed=20289583 errlen=0 ts=2026-09-11T04:15:13Z
LEG round=appfull rep=1 m=4096 tool=par2turbo argv='r -q -t32 -T23 f.par2' wall=154.577 cpu=3768.696 cpu_over_wall=24.38 peak_mb=3338.1 rc=0 restored=23/23 damaged_members=23 touched_members=23 blocks_written=4096 strays=23 seed=20289583 errlen=0 ts=2026-09-11T04:18:11Z
LEG round=appfull rep=1 m=8192 tool=parfast argv='r -q -t32 -T23 f.par2' wall=15.491 cpu=359.651 cpu_over_wall=23.22 peak_mb=31329.5 rc=0 restored=23/23 damaged_members=23 touched_members=23 blocks_written=8192 strays=23 seed=20318255 errlen=0 ts=2026-09-11T04:18:55Z
LEG round=appfull rep=1 m=8192 tool=par2turbo argv='r -q -t32 -T23 f.par2' wall=277.18 cpu=7494.189 cpu_over_wall=27.04 peak_mb=6589.9 rc=0 restored=23/23 damaged_members=23 touched_members=23 blocks_written=8192 strays=23 seed=20318255 errlen=0 ts=2026-09-11T04:24:01Z
LEG round=appfull rep=1 m=16384 tool=parfast argv='r -q -t32 -T23 f.par2' wall=27.63 cpu=645.743 cpu_over_wall=23.37 peak_mb=49846.6 rc=0 restored=23/23 damaged_members=23 touched_members=23 blocks_written=16384 strays=23 seed=20375599 errlen=0 ts=2026-09-11T04:25:07Z
WARN-FOREIGN-CPU at=r1-m16384-par2turbo foreign_cpu=133% ceiling=320% top=[/Library/Developer/CoreSimulator<rig>/Library/Developer/CoreSimulator/Profiles/Runtimes/iOS 26.5.simruntime/Contents/Resources/RuntimeRoot/System/Library/PrivateFrameworks/PairedSync.framework/Support/pairedsyncd(11707)=91% /sbin/launchd(1)=27% /usr/bin/top(11704)=8% /Library/Developer/CoreSimulator<rig>/Library/Developer/CoreSimulator/Profiles/Runtimes/iOS 26.5.simruntime/Contents/Resources/RuntimeRoot/usr/libexec/diagnosticd(2294)=3%]
LEG round=appfull rep=1 m=16384 tool=par2turbo argv='r -q -t32 -T23 f.par2' wall=534.173 cpu=15123.009 cpu_over_wall=28.31 peak_mb=13095.0 rc=0 restored=23/23 damaged_members=23 touched_members=23 blocks_written=16384 strays=23 seed=20375599 errlen=0 ts=2026-09-11T04:34:44Z
LEG round=appfull rep=1 m=24576 tool=parfast argv='r -q -t32 -T23 f.par2' wall=41.921 cpu=1012.995 cpu_over_wall=24.16 peak_mb=57460.2 rc=0 restored=23/23 damaged_members=23 touched_members=23 blocks_written=24576 strays=23 seed=20432943 errlen=0 ts=2026-09-11T04:36:19Z
WARN-FOREIGN-CPU at=r1-m24576-par2turbo foreign_cpu=145% ceiling=320% top=[/Library/Developer/CoreSimulator<rig>/Library/Developer/CoreSimulator/Profiles/Runtimes/iOS 26.5.simruntime/Contents/Resources/RuntimeRoot/System/Library/PrivateFrameworks/PairedSync.framework/Support/pairedsyncd(12380)=76% /usr/bin/top(12382)=32% com.macpaw.CleanMyMac5.HealthMonitor(1571)=16% /System/Library/PrivateFrameworks/TCC.framework/Support/tccd(652)=6%]
LEG round=appfull rep=1 m=24576 tool=par2turbo argv='r -q -t32 -T23 f.par2' wall=805.753 cpu=23175.747 cpu_over_wall=28.76 peak_mb=19600.0 rc=0 restored=23/23 damaged_members=23 touched_members=23 blocks_written=24576 strays=23 seed=20432943 errlen=0 ts=2026-09-11T04:50:44Z
LEG round=appfull rep=1 m=32177 tool=parfast argv='r -q -t32 -T23 f.par2' wall=109.66 cpu=1836.158 cpu_over_wall=16.74 peak_mb=71723.9 rc=0 restored=23/23 damaged_members=23 touched_members=23 blocks_written=32177 strays=23 seed=20486150 errlen=0 ts=2026-09-11T04:53:33Z
LEG round=appfull rep=1 m=32177 tool=par2turbo argv='r -q -t32 -T23 f.par2' wall=1071.638 cpu=31012.214 cpu_over_wall=28.94 peak_mb=25626.0 rc=0 restored=23/23 damaged_members=23 touched_members=23 blocks_written=32177 strays=23 seed=20486150 errlen=0 ts=2026-09-11T05:12:42Z
MFULL-REP-END rep=1 2026-09-11T05:13:15Z
VERIFY round=appfull rep=2 tool=parfast argv='v -q -t32 -T23 f.par2' wall=1.544 cpu=33.854 cpu_over_wall=21.93 peak_mb=98.6 rc=0 intact=23/23 errlen=0 ts=2026-09-11T05:13:23Z
VERIFY round=appfull rep=2 tool=par2turbo argv='v -q -t32 -T23 f.par2' wall=31.056 cpu=62.933 cpu_over_wall=2.03 peak_mb=31.4 rc=0 intact=23/23 errlen=0 ts=2026-09-11T05:13:58Z
LEG round=appfull rep=2 m=1 tool=parfast argv='r -q -t32 -T23 f.par2' wall=3.462 cpu=81.704 cpu_over_wall=23.6 peak_mb=21135.9 rc=0 restored=23/23 damaged_members=1 touched_members=1 blocks_written=1 strays=1 seed=20260919 errlen=0 ts=2026-09-11T05:14:07Z
LEG round=appfull rep=2 m=1 tool=par2turbo argv='r -q -t32 -T23 f.par2' wall=35.099 cpu=71.262 cpu_over_wall=2.03 peak_mb=57.9 rc=0 restored=23/23 damaged_members=1 touched_members=1 blocks_written=1 strays=1 seed=20260919 errlen=0 ts=2026-09-11T05:15:19Z
LEG round=appfull rep=2 m=4 tool=parfast argv='r -q -t32 -T23 f.par2' wall=4.289 cpu=85.522 cpu_over_wall=19.94 peak_mb=22246.2 rc=0 restored=23/23 damaged_members=4 touched_members=4 blocks_written=4 strays=4 seed=20260940 errlen=0 ts=2026-09-11T05:16:01Z
LEG round=appfull rep=2 m=4 tool=par2turbo argv='r -q -t32 -T23 f.par2' wall=36.507 cpu=81.881 cpu_over_wall=2.24 peak_mb=62.6 rc=0 restored=23/23 damaged_members=4 touched_members=4 blocks_written=4 strays=4 seed=20260940 errlen=0 ts=2026-09-11T05:17:14Z
LEG round=appfull rep=2 m=16 tool=parfast argv='r -q -t32 -T23 f.par2' wall=4.466 cpu=91.916 cpu_over_wall=20.58 peak_mb=22247.5 rc=0 restored=23/23 damaged_members=11 touched_members=11 blocks_written=16 strays=11 seed=20261024 errlen=0 ts=2026-09-11T05:17:56Z
LEG round=appfull rep=2 m=16 tool=par2turbo argv='r -q -t32 -T23 f.par2' wall=37.451 cpu=108.636 cpu_over_wall=2.9 peak_mb=79.5 rc=0 restored=23/23 damaged_members=11 touched_members=11 blocks_written=16 strays=11 seed=20261024 errlen=0 ts=2026-09-11T05:19:10Z
LEG round=appfull rep=2 m=64 tool=parfast argv='r -q -t32 -T23 f.par2' wall=6.093 cpu=140.283 cpu_over_wall=23.02 peak_mb=21848.5 rc=0 restored=23/23 damaged_members=22 touched_members=22 blocks_written=64 strays=22 seed=20261360 errlen=0 ts=2026-09-11T05:19:53Z
LEG round=appfull rep=2 m=64 tool=par2turbo argv='r -q -t32 -T23 f.par2' wall=41.871 cpu=181.978 cpu_over_wall=4.35 peak_mb=127.4 rc=0 restored=23/23 damaged_members=22 touched_members=22 blocks_written=64 strays=22 seed=20261360 errlen=0 ts=2026-09-11T05:21:13Z
LEG round=appfull rep=2 m=256 tool=parfast argv='r -q -t32 -T23 f.par2' wall=6.654 cpu=161.308 cpu_over_wall=24.24 peak_mb=25629.3 rc=0 restored=23/23 damaged_members=23 touched_members=23 blocks_written=256 strays=23 seed=20262704 errlen=0 ts=2026-09-11T05:21:53Z
LEG round=appfull rep=2 m=256 tool=par2turbo argv='r -q -t32 -T23 f.par2' wall=46.452 cpu=355.735 cpu_over_wall=7.66 peak_mb=288.9 rc=0 restored=23/23 damaged_members=23 touched_members=23 blocks_written=256 strays=23 seed=20262704 errlen=0 ts=2026-09-11T05:23:17Z
LEG round=appfull rep=2 m=1024 tool=parfast argv='r -q -t32 -T23 f.par2' wall=7.398 cpu=181.868 cpu_over_wall=24.58 peak_mb=26377.7 rc=0 restored=23/23 damaged_members=23 touched_members=23 blocks_written=1024 strays=23 seed=20268080 errlen=0 ts=2026-09-11T05:24:03Z
LEG round=appfull rep=2 m=1024 tool=par2turbo argv='r -q -t32 -T23 f.par2' wall=67.078 cpu=1031.458 cpu_over_wall=15.38 peak_mb=896.6 rc=0 restored=23/23 damaged_members=23 touched_members=23 blocks_written=1024 strays=23 seed=20268080 errlen=0 ts=2026-09-11T05:25:49Z
WARN-FOREIGN-CPU at=r2-m2048-parfast foreign_cpu=136% ceiling=320% top=[/System/Library/PrivateFrameworks/MediaAnalysis.framework/Versions/A/mediaanalysisd(1260)=92% /System/Library/Frameworks/SafariServices.framework/Versions/A/XPCServices/com.apple.SafariServices.ExtensionHelper.xpc/Contents/MacOS/com.apple.SafariServices.ExtensionHelper(1719)=19% /usr/libexec/dasd(631)=19% /sbin/launchd(1)=5%]
LEG round=appfull rep=2 m=2048 tool=parfast argv='r -q -t32 -T23 f.par2' wall=8.424 cpu=202.386 cpu_over_wall=24.02 peak_mb=27330.4 rc=0 restored=23/23 damaged_members=23 touched_members=23 blocks_written=2048 strays=23 seed=20275248 errlen=0 ts=2026-09-11T05:26:37Z
WARN-FOREIGN-CPU at=r2-m2048-par2turbo foreign_cpu=114% ceiling=320% top=[/Library/Developer/CoreSimulator<rig>/Library/Developer/CoreSimulator/Profiles/Runtimes/iOS 26.5.simruntime/Contents/Resources/RuntimeRoot/System/Library/PrivateFrameworks/PairedSync.framework/Support/pairedsyncd(15419)=98% com.macpaw.CleanMyMac5.HealthMonitor(1571)=10% /System/Library/PrivateFrameworks/MediaAnalysis.framework/Versions/A/mediaanalysisd(1260)=3% /System<app> Monitor.app/Contents/MacOS/Activity Monitor(1475)=2%]
LEG round=appfull rep=2 m=2048 tool=par2turbo argv='r -q -t32 -T23 f.par2' wall=95.783 cpu=1942.335 cpu_over_wall=20.28 peak_mb=1706.5 rc=0 restored=23/23 damaged_members=23 touched_members=23 blocks_written=2048 strays=23 seed=20275248 errlen=0 ts=2026-09-11T05:28:51Z
LEG round=appfull rep=2 m=4096 tool=parfast argv='r -q -t32 -T23 f.par2' wall=10.882 cpu=254.913 cpu_over_wall=23.43 peak_mb=27870.0 rc=0 restored=23/23 damaged_members=23 touched_members=23 blocks_written=4096 strays=23 seed=20289584 errlen=0 ts=2026-09-11T05:29:44Z
LEG round=appfull rep=2 m=4096 tool=par2turbo argv='r -q -t32 -T23 f.par2' wall=154.195 cpu=3772.419 cpu_over_wall=24.47 peak_mb=3331.2 rc=0 restored=23/23 damaged_members=23 touched_members=23 blocks_written=4096 strays=23 seed=20289584 errlen=0 ts=2026-09-11T05:33:02Z
LEG round=appfull rep=2 m=8192 tool=parfast argv='r -q -t32 -T23 f.par2' wall=15.306 cpu=358.264 cpu_over_wall=23.41 peak_mb=31328.8 rc=0 restored=23/23 damaged_members=23 touched_members=23 blocks_written=8192 strays=23 seed=20318256 errlen=0 ts=2026-09-11T05:34:02Z
LEG round=appfull rep=2 m=8192 tool=par2turbo argv='r -q -t32 -T23 f.par2' wall=278.028 cpu=7470.365 cpu_over_wall=26.87 peak_mb=6589.2 rc=0 restored=23/23 damaged_members=23 touched_members=23 blocks_written=8192 strays=23 seed=20318256 errlen=0 ts=2026-09-11T05:39:26Z
LEG round=appfull rep=2 m=16384 tool=parfast argv='r -q -t32 -T23 f.par2' wall=27.527 cpu=646.832 cpu_over_wall=23.5 peak_mb=42204.5 rc=0 restored=23/23 damaged_members=23 touched_members=23 blocks_written=16384 strays=23 seed=20375600 errlen=0 ts=2026-09-11T05:40:49Z
LEG round=appfull rep=2 m=16384 tool=par2turbo argv='r -q -t32 -T23 f.par2' wall=534.137 cpu=15183.419 cpu_over_wall=28.43 peak_mb=13094.2 rc=0 restored=23/23 damaged_members=23 touched_members=23 blocks_written=16384 strays=23 seed=20375600 errlen=0 ts=2026-09-11T05:50:40Z
LEG round=appfull rep=2 m=24576 tool=parfast argv='r -q -t32 -T23 f.par2' wall=42.282 cpu=1016.796 cpu_over_wall=24.05 peak_mb=70817.3 rc=0 restored=23/23 damaged_members=23 touched_members=23 blocks_written=24576 strays=23 seed=20432944 errlen=0 ts=2026-09-11T05:52:32Z
LEG round=appfull rep=2 m=24576 tool=par2turbo argv='r -q -t32 -T23 f.par2' wall=806.126 cpu=23220.722 cpu_over_wall=28.81 peak_mb=19598.6 rc=0 restored=23/23 damaged_members=23 touched_members=23 blocks_written=24576 strays=23 seed=20432944 errlen=0 ts=2026-09-11T06:07:10Z
WARN-FOREIGN-CPU at=r2-m32177-parfast foreign_cpu=201% ceiling=320% top=[/Library/Developer/CoreSimulator<rig>/Library/Developer/CoreSimulator/Profiles/Runtimes/iOS 26.5.simruntime/Contents/Resources/RuntimeRoot/System/Library/PrivateFrameworks/PairedSync.framework/Support/pairedsyncd(17934)=98% /Library/Developer/CoreSimulator<rig>/Library/Developer/CoreSimulator/Profiles/Runtimes/iOS 26.5.simruntime/Contents/Resources/RuntimeRoot/System/Library/PrivateFrameworks/FaceTimeMessageStore.framework/facetimemessagestored(17935)=62% <app> Teams.app/Contents/Helpers/Microsoft Teams WebView.app/Contents/Frameworks/Microsoft Edge Framework.framework/Versions/151.0.4129.78/Helpers/Microsoft Teams WebView Helper (Renderer).app/Contents/MacOS/Microsoft Teams WebView Helper (Renderer)(2285)=27% /usr/libexec/runningboardd(657)=11%]
LEG round=appfull rep=2 m=32177 tool=parfast argv='r -q -t32 -T23 f.par2' wall=109.016 cpu=1844.362 cpu_over_wall=16.92 peak_mb=92725.4 rc=0 restored=23/23 damaged_members=23 touched_members=23 blocks_written=32177 strays=23 seed=20486151 errlen=0 ts=2026-09-11T06:10:16Z
LEG round=appfull rep=2 m=32177 tool=par2turbo argv='r -q -t32 -T23 f.par2' wall=1073.186 cpu=31084.447 cpu_over_wall=28.96 peak_mb=25635.6 rc=0 restored=23/23 damaged_members=23 touched_members=23 blocks_written=32177 strays=23 seed=20486151 errlen=0 ts=2026-09-11T06:29:30Z
MFULL-REP-END rep=2 2026-09-11T06:30:08Z
MFULL-END 2026-09-11T06:30:08Z
RIG-LOCK-RELEASED <rig>/.parfast-rig.lock
