RIG-LOCK-TAKEN <rig>/pubrun/lad.lock pid=75268
MLAD-START 2026-09-10T18:48:43Z
BOX host=apple-m5-max cpu=Apple M5 Max cores=18 ram_gb=128.0 os=macOS 27.0 free_gb=1997.0
BIN parfast sha256=5d0707ee7581f46ef06f84b27973fb85328ffc226c5a49fbcd93993609b1f571 bytes=2723536 version=parfast version 1.5.0-beta.1
BIN par2turbo sha256=f15cc37cd102f9fd64bbe6adb84d9f4009406bea86e8748dbfca2f85d37d3a31 bytes=624712 version=par2cmdline-turbo version 1.5.0
PROTOCOL slice=768000 recovery_blocks=2098 source_blocks=13990 redundancy_pct=14.996 damage=scattered-seeded-slice-overwrite reps=2 gate=sha256-all-members prewarm=full-read-of-work-dir
ARGV parfast repair='r -q -t18 -T16 f.par2' verify='v -q -t18 -T16 f.par2'
ARGV par2turbo repair='r -q -t18 -T16 f.par2' verify='v -q -t18 -T16 f.par2'
FIXTURE members=10 distinct_member_sha=10/10 bytes=10737418240
SLICE-PROBE index=5 unique=10/10
GOLD p00.bin 3f8df911b086b5c666a7bc62d3b0e6ba413f66a97a572698f30333642fe4a24b
GOLD p01.bin cd977d0bca4957995b702b79e7da1090a4ef363c4c35e5b9872319cb6a2a6ca5
GOLD p02.bin 738dd08cab274117ce67a36c784326ab1c7b1360d0a200ac9d76ee9c7673e543
GOLD p03.bin 76fd1bd7f02cdcfa559fdfdde489e139d697d530d4e6a251bc1b7c2cb69ac9be
GOLD p04.bin 7614a77b48c94fbda8e0916173e97e9a69a964f5212df233bc45a6301d3cf343
GOLD p05.bin 43f49a79b02d46291ec192b1a89738a851e1895d57e17bfcf2540c56ae32aeca
GOLD p06.bin bf3fcba628d0b132274aced87152229902090b79869c904fe66ff0e17170baab
GOLD p07.bin 3def6968ad7ec9d2db594bb6ea8591186328bd385d4111fe4350daf6640ddf38
GOLD p08.bin 78859b7c95336a473f01070ef9fa6497f3604e3e1884eb3443fdfb0b3da0bd6b
GOLD p09.bin e86be454e695c28852244df0eec189caab180e2a6f970cdf5008513a838c4dd9
CREATE tool=parfast rc=0 wall=6.587 cpu=107.294 peak_mb=12183.0 par2files=13 par2bytes=1632002172 errlen=0
VERIFY round=m5lad rep=1 tool=parfast argv='v -q -t18 -T16 f.par2' wall=1.264 cpu=12.263 cpu_over_wall=9.7 peak_mb=26.7 rc=0 intact=10/10 errlen=0 ts=2026-09-10T18:49:22Z
VERIFY round=m5lad rep=1 tool=par2turbo argv='v -q -t18 -T16 f.par2' wall=2.997 cpu=14.394 cpu_over_wall=4.8 peak_mb=13.0 rc=0 intact=10/10 errlen=0 ts=2026-09-10T18:49:26Z
LEG round=m5lad rep=1 m=1 tool=parfast argv='r -q -t18 -T16 f.par2' wall=1.897 cpu=16.524 cpu_over_wall=8.71 peak_mb=1794.2 rc=0 restored=10/10 damaged_members=1 touched_members=1 blocks_written=1 strays=1 seed=20260918 errlen=0 ts=2026-09-10T18:49:30Z
LEG round=m5lad rep=1 m=1 tool=par2turbo argv='r -q -t18 -T16 f.par2' wall=5.767 cpu=18.428 cpu_over_wall=3.2 peak_mb=39.5 rc=0 restored=10/10 damaged_members=1 touched_members=1 blocks_written=1 strays=1 seed=20260918 errlen=0 ts=2026-09-10T18:49:39Z
LEG round=m5lad rep=1 m=16 tool=parfast argv='r -q -t18 -T16 f.par2' wall=2.86 cpu=21.894 cpu_over_wall=7.66 peak_mb=1892.2 rc=0 restored=10/10 damaged_members=9 touched_members=9 blocks_written=16 strays=9 seed=20261023 errlen=0 ts=2026-09-10T18:49:45Z
LEG round=m5lad rep=1 m=16 tool=par2turbo argv='r -q -t18 -T16 f.par2' wall=7.225 cpu=41.084 cpu_over_wall=5.69 peak_mb=59.2 rc=0 restored=10/10 damaged_members=9 touched_members=9 blocks_written=16 strays=9 seed=20261023 errlen=0 ts=2026-09-10T18:49:55Z
LEG round=m5lad rep=1 m=64 tool=parfast argv='r -q -t18 -T16 f.par2' wall=3.483 cpu=40.314 cpu_over_wall=11.57 peak_mb=1978.0 rc=0 restored=10/10 damaged_members=10 touched_members=10 blocks_written=64 strays=10 seed=20261359 errlen=0 ts=2026-09-10T18:50:02Z
LEG round=m5lad rep=1 m=64 tool=par2turbo argv='r -q -t18 -T16 f.par2' wall=8.305 cpu=62.152 cpu_over_wall=7.48 peak_mb=96.4 rc=0 restored=10/10 damaged_members=10 touched_members=10 blocks_written=64 strays=10 seed=20261359 errlen=0 ts=2026-09-10T18:50:14Z
LEG round=m5lad rep=1 m=256 tool=parfast argv='r -q -t18 -T16 f.par2' wall=7.02 cpu=102.194 cpu_over_wall=14.56 peak_mb=12147.5 rc=0 restored=10/10 damaged_members=10 touched_members=10 blocks_written=256 strays=10 seed=20262703 errlen=0 ts=2026-09-10T18:50:24Z
LEG round=m5lad rep=1 m=256 tool=par2turbo argv='r -q -t18 -T16 f.par2' wall=13.013 cpu=144.027 cpu_over_wall=11.07 peak_mb=244.4 rc=0 restored=10/10 damaged_members=10 touched_members=10 blocks_written=256 strays=10 seed=20262703 errlen=0 ts=2026-09-10T18:50:41Z
LEG round=m5lad rep=1 m=512 tool=parfast argv='r -q -t18 -T16 f.par2' wall=7.746 cpu=113.589 cpu_over_wall=14.66 peak_mb=12366.3 rc=0 restored=10/10 damaged_members=10 touched_members=10 blocks_written=512 strays=10 seed=20264495 errlen=0 ts=2026-09-10T18:50:52Z
LEG round=m5lad rep=1 m=512 tool=par2turbo argv='r -q -t18 -T16 f.par2' wall=19.409 cpu=249.971 cpu_over_wall=12.88 peak_mb=437.3 rc=0 restored=10/10 damaged_members=10 touched_members=10 blocks_written=512 strays=10 seed=20264495 errlen=0 ts=2026-09-10T18:51:15Z
LEG round=m5lad rep=1 m=640 tool=parfast argv='r -q -t18 -T16 f.par2' wall=7.828 cpu=115.425 cpu_over_wall=14.75 peak_mb=12470.0 rc=0 restored=10/10 damaged_members=10 touched_members=10 blocks_written=640 strays=10 seed=20265391 errlen=0 ts=2026-09-10T18:51:27Z
LEG round=m5lad rep=1 m=640 tool=par2turbo argv='r -q -t18 -T16 f.par2' wall=21.962 cpu=290.931 cpu_over_wall=13.25 peak_mb=533.8 rc=0 restored=10/10 damaged_members=10 touched_members=10 blocks_written=640 strays=10 seed=20265391 errlen=0 ts=2026-09-10T18:51:53Z
LEG round=m5lad rep=1 m=704 tool=parfast argv='r -q -t18 -T16 f.par2' wall=7.716 cpu=112.236 cpu_over_wall=14.55 peak_mb=12534.5 rc=0 restored=10/10 damaged_members=10 touched_members=10 blocks_written=704 strays=10 seed=20265839 errlen=0 ts=2026-09-10T18:52:04Z
LEG round=m5lad rep=1 m=704 tool=par2turbo argv='r -q -t18 -T16 f.par2' wall=23.888 cpu=328.114 cpu_over_wall=13.74 peak_mb=582.4 rc=0 restored=10/10 damaged_members=10 touched_members=10 blocks_written=704 strays=10 seed=20265839 errlen=0 ts=2026-09-10T18:52:32Z
LEG round=m5lad rep=1 m=768 tool=parfast argv='r -q -t18 -T16 f.par2' wall=8.117 cpu=118.968 cpu_over_wall=14.66 peak_mb=12592.7 rc=0 restored=10/10 damaged_members=10 touched_members=10 blocks_written=768 strays=10 seed=20266287 errlen=0 ts=2026-09-10T18:52:44Z
LEG round=m5lad rep=1 m=768 tool=par2turbo argv='r -q -t18 -T16 f.par2' wall=27.144 cpu=371.541 cpu_over_wall=13.69 peak_mb=631.7 rc=0 restored=10/10 damaged_members=10 touched_members=10 blocks_written=768 strays=10 seed=20266287 errlen=0 ts=2026-09-10T18:53:15Z
LEG round=m5lad rep=1 m=896 tool=parfast argv='r -q -t18 -T16 f.par2' wall=8.128 cpu=119.153 cpu_over_wall=14.66 peak_mb=12704.1 rc=0 restored=10/10 damaged_members=10 touched_members=10 blocks_written=896 strays=10 seed=20267183 errlen=0 ts=2026-09-10T18:53:27Z
LEG round=m5lad rep=1 m=896 tool=par2turbo argv='r -q -t18 -T16 f.par2' wall=30.061 cpu=426.377 cpu_over_wall=14.18 peak_mb=728.1 rc=0 restored=10/10 damaged_members=10 touched_members=10 blocks_written=896 strays=10 seed=20267183 errlen=0 ts=2026-09-10T18:54:01Z
LEG round=m5lad rep=1 m=1024 tool=parfast argv='r -q -t18 -T16 f.par2' wall=8.595 cpu=123.251 cpu_over_wall=14.34 peak_mb=12818.0 rc=0 restored=10/10 damaged_members=10 touched_members=10 blocks_written=1024 strays=10 seed=20268079 errlen=0 ts=2026-09-10T18:54:14Z
LEG round=m5lad rep=1 m=1024 tool=par2turbo argv='r -q -t18 -T16 f.par2' wall=34.371 cpu=482.154 cpu_over_wall=14.03 peak_mb=826.0 rc=0 restored=10/10 damaged_members=10 touched_members=10 blocks_written=1024 strays=10 seed=20268079 errlen=0 ts=2026-09-10T18:54:53Z
LEG round=m5lad rep=1 m=1152 tool=parfast argv='r -q -t18 -T16 f.par2' wall=8.565 cpu=120.05 cpu_over_wall=14.02 peak_mb=12915.4 rc=0 restored=10/10 damaged_members=10 touched_members=10 blocks_written=1152 strays=10 seed=20268975 errlen=0 ts=2026-09-10T18:55:06Z
LEG round=m5lad rep=1 m=1152 tool=par2turbo argv='r -q -t18 -T16 f.par2' wall=36.908 cpu=535.696 cpu_over_wall=14.51 peak_mb=923.3 rc=0 restored=10/10 damaged_members=10 touched_members=10 blocks_written=1152 strays=10 seed=20268975 errlen=0 ts=2026-09-10T18:55:47Z
LEG round=m5lad rep=1 m=1280 tool=parfast argv='r -q -t18 -T16 f.par2' wall=8.329 cpu=120.507 cpu_over_wall=14.47 peak_mb=13024.4 rc=0 restored=10/10 damaged_members=10 touched_members=10 blocks_written=1280 strays=10 seed=20269871 errlen=0 ts=2026-09-10T18:56:00Z
LEG round=m5lad rep=1 m=1280 tool=par2turbo argv='r -q -t18 -T16 f.par2' wall=40.303 cpu=591.637 cpu_over_wall=14.68 peak_mb=1021.2 rc=0 restored=10/10 damaged_members=10 touched_members=10 blocks_written=1280 strays=10 seed=20269871 errlen=0 ts=2026-09-10T18:56:45Z
LEG round=m5lad rep=1 m=1408 tool=parfast argv='r -q -t18 -T16 f.par2' wall=8.369 cpu=122.344 cpu_over_wall=14.62 peak_mb=13137.7 rc=0 restored=10/10 damaged_members=10 touched_members=10 blocks_written=1408 strays=10 seed=20270767 errlen=0 ts=2026-09-10T18:56:58Z
LEG round=m5lad rep=1 m=1408 tool=par2turbo argv='r -q -t18 -T16 f.par2' wall=43.66 cpu=644.864 cpu_over_wall=14.77 peak_mb=1118.4 rc=0 restored=10/10 damaged_members=10 touched_members=10 blocks_written=1408 strays=10 seed=20270767 errlen=0 ts=2026-09-10T18:57:46Z
LEG round=m5lad rep=1 m=1600 tool=parfast argv='r -q -t18 -T16 f.par2' wall=8.549 cpu=124.748 cpu_over_wall=14.59 peak_mb=13297.7 rc=0 restored=10/10 damaged_members=10 touched_members=10 blocks_written=1600 strays=10 seed=20272111 errlen=0 ts=2026-09-10T18:57:59Z
LEG round=m5lad rep=1 m=1600 tool=par2turbo argv='r -q -t18 -T16 f.par2' wall=48.775 cpu=729.817 cpu_over_wall=14.96 peak_mb=1263.5 rc=0 restored=10/10 damaged_members=10 touched_members=10 blocks_written=1600 strays=10 seed=20272111 errlen=0 ts=2026-09-10T18:58:53Z
LEG round=m5lad rep=1 m=1792 tool=parfast argv='r -q -t18 -T16 f.par2' wall=8.951 cpu=127.142 cpu_over_wall=14.2 peak_mb=13440.0 rc=0 restored=10/10 damaged_members=10 touched_members=10 blocks_written=1792 strays=10 seed=20273455 errlen=0 ts=2026-09-10T18:59:07Z
LEG round=m5lad rep=1 m=1792 tool=par2turbo argv='r -q -t18 -T16 f.par2' wall=53.915 cpu=816.441 cpu_over_wall=15.14 peak_mb=1406.9 rc=0 restored=10/10 damaged_members=10 touched_members=10 blocks_written=1792 strays=10 seed=20273455 errlen=0 ts=2026-09-10T19:00:06Z
LEG round=m5lad rep=1 m=2048 tool=parfast argv='r -q -t18 -T16 f.par2' wall=9.373 cpu=131.182 cpu_over_wall=14.0 peak_mb=13655.1 rc=0 restored=10/10 damaged_members=10 touched_members=10 blocks_written=2048 strays=10 seed=20275247 errlen=0 ts=2026-09-10T19:00:21Z
LEG round=m5lad rep=1 m=2048 tool=par2turbo argv='r -q -t18 -T16 f.par2' wall=60.418 cpu=923.272 cpu_over_wall=15.28 peak_mb=1603.5 rc=0 restored=10/10 damaged_members=10 touched_members=10 blocks_written=2048 strays=10 seed=20275247 errlen=0 ts=2026-09-10T19:01:27Z
LEG round=m5lad rep=1 m=2098 tool=parfast argv='r -q -t18 -T16 f.par2' wall=9.729 cpu=134.604 cpu_over_wall=13.84 peak_mb=13718.1 rc=0 restored=10/10 damaged_members=10 touched_members=10 blocks_written=2098 strays=10 seed=20275597 errlen=0 ts=2026-09-10T19:01:42Z
LEG round=m5lad rep=1 m=2098 tool=par2turbo argv='r -q -t18 -T16 f.par2' wall=62.314 cpu=947.869 cpu_over_wall=15.21 peak_mb=1641.5 rc=0 restored=10/10 damaged_members=10 touched_members=10 blocks_written=2098 strays=10 seed=20275597 errlen=0 ts=2026-09-10T19:02:49Z
MLAD-REP-END rep=1 2026-09-10T19:02:51Z
VERIFY round=m5lad rep=2 tool=parfast argv='v -q -t18 -T16 f.par2' wall=1.262 cpu=12.266 cpu_over_wall=9.72 peak_mb=26.9 rc=0 intact=10/10 errlen=0 ts=2026-09-10T19:02:53Z
VERIFY round=m5lad rep=2 tool=par2turbo argv='v -q -t18 -T16 f.par2' wall=3.079 cpu=14.593 cpu_over_wall=4.74 peak_mb=13.0 rc=0 intact=10/10 errlen=0 ts=2026-09-10T19:02:57Z
LEG round=m5lad rep=2 m=1 tool=parfast argv='r -q -t18 -T16 f.par2' wall=2.02 cpu=16.779 cpu_over_wall=8.31 peak_mb=1743.2 rc=0 restored=10/10 damaged_members=1 touched_members=1 blocks_written=1 strays=1 seed=20260919 errlen=0 ts=2026-09-10T19:03:01Z
LEG round=m5lad rep=2 m=1 tool=par2turbo argv='r -q -t18 -T16 f.par2' wall=5.804 cpu=18.464 cpu_over_wall=3.18 peak_mb=39.6 rc=0 restored=10/10 damaged_members=1 touched_members=1 blocks_written=1 strays=1 seed=20260919 errlen=0 ts=2026-09-10T19:03:10Z
LEG round=m5lad rep=2 m=16 tool=parfast argv='r -q -t18 -T16 f.par2' wall=2.837 cpu=21.844 cpu_over_wall=7.7 peak_mb=1897.5 rc=0 restored=10/10 damaged_members=7 touched_members=7 blocks_written=16 strays=7 seed=20261024 errlen=0 ts=2026-09-10T19:03:16Z
LEG round=m5lad rep=2 m=16 tool=par2turbo argv='r -q -t18 -T16 f.par2' wall=6.922 cpu=36.995 cpu_over_wall=5.34 peak_mb=56.2 rc=0 restored=10/10 damaged_members=7 touched_members=7 blocks_written=16 strays=7 seed=20261024 errlen=0 ts=2026-09-10T19:03:26Z
LEG round=m5lad rep=2 m=64 tool=parfast argv='r -q -t18 -T16 f.par2' wall=3.697 cpu=41.814 cpu_over_wall=11.31 peak_mb=1978.0 rc=0 restored=10/10 damaged_members=10 touched_members=10 blocks_written=64 strays=10 seed=20261360 errlen=0 ts=2026-09-10T19:03:33Z
LEG round=m5lad rep=2 m=64 tool=par2turbo argv='r -q -t18 -T16 f.par2' wall=8.157 cpu=61.702 cpu_over_wall=7.56 peak_mb=94.2 rc=0 restored=10/10 damaged_members=10 touched_members=10 blocks_written=64 strays=10 seed=20261360 errlen=0 ts=2026-09-10T19:03:45Z
LEG round=m5lad rep=2 m=256 tool=parfast argv='r -q -t18 -T16 f.par2' wall=7.377 cpu=106.077 cpu_over_wall=14.38 peak_mb=12141.8 rc=0 restored=10/10 damaged_members=10 touched_members=10 blocks_written=256 strays=10 seed=20262704 errlen=0 ts=2026-09-10T19:03:55Z
LEG round=m5lad rep=2 m=256 tool=par2turbo argv='r -q -t18 -T16 f.par2' wall=12.349 cpu=132.703 cpu_over_wall=10.75 peak_mb=242.9 rc=0 restored=10/10 damaged_members=10 touched_members=10 blocks_written=256 strays=10 seed=20262704 errlen=0 ts=2026-09-10T19:04:11Z
LEG round=m5lad rep=2 m=512 tool=parfast argv='r -q -t18 -T16 f.par2' wall=7.333 cpu=103.949 cpu_over_wall=14.18 peak_mb=12364.9 rc=0 restored=10/10 damaged_members=10 touched_members=10 blocks_written=512 strays=10 seed=20264496 errlen=0 ts=2026-09-10T19:04:22Z
LEG round=m5lad rep=2 m=512 tool=par2turbo argv='r -q -t18 -T16 f.par2' wall=20.003 cpu=253.78 cpu_over_wall=12.69 peak_mb=437.3 rc=0 restored=10/10 damaged_members=10 touched_members=10 blocks_written=512 strays=10 seed=20264496 errlen=0 ts=2026-09-10T19:04:46Z
LEG round=m5lad rep=2 m=640 tool=parfast argv='r -q -t18 -T16 f.par2' wall=7.389 cpu=108.798 cpu_over_wall=14.72 peak_mb=12466.2 rc=0 restored=10/10 damaged_members=10 touched_members=10 blocks_written=640 strays=10 seed=20265392 errlen=0 ts=2026-09-10T19:04:57Z
LEG round=m5lad rep=2 m=640 tool=par2turbo argv='r -q -t18 -T16 f.par2' wall=21.796 cpu=286.892 cpu_over_wall=13.16 peak_mb=535.2 rc=0 restored=10/10 damaged_members=10 touched_members=10 blocks_written=640 strays=10 seed=20265392 errlen=0 ts=2026-09-10T19:05:23Z
LEG round=m5lad rep=2 m=704 tool=parfast argv='r -q -t18 -T16 f.par2' wall=7.854 cpu=111.283 cpu_over_wall=14.17 peak_mb=12534.1 rc=0 restored=10/10 damaged_members=10 touched_members=10 blocks_written=704 strays=10 seed=20265840 errlen=0 ts=2026-09-10T19:05:34Z
LEG round=m5lad rep=2 m=704 tool=par2turbo argv='r -q -t18 -T16 f.par2' wall=24.261 cpu=324.395 cpu_over_wall=13.37 peak_mb=581.6 rc=0 restored=10/10 damaged_members=10 touched_members=10 blocks_written=704 strays=10 seed=20265840 errlen=0 ts=2026-09-10T19:06:03Z
LEG round=m5lad rep=2 m=768 tool=parfast argv='r -q -t18 -T16 f.par2' wall=7.904 cpu=113.286 cpu_over_wall=14.33 peak_mb=12590.6 rc=0 restored=10/10 damaged_members=10 touched_members=10 blocks_written=768 strays=10 seed=20266288 errlen=0 ts=2026-09-10T19:06:14Z
LEG round=m5lad rep=2 m=768 tool=par2turbo argv='r -q -t18 -T16 f.par2' wall=26.445 cpu=360.076 cpu_over_wall=13.62 peak_mb=630.9 rc=0 restored=10/10 damaged_members=10 touched_members=10 blocks_written=768 strays=10 seed=20266288 errlen=0 ts=2026-09-10T19:06:45Z
LEG round=m5lad rep=2 m=896 tool=parfast argv='r -q -t18 -T16 f.par2' wall=7.923 cpu=113.949 cpu_over_wall=14.38 peak_mb=12701.0 rc=0 restored=10/10 damaged_members=10 touched_members=10 blocks_written=896 strays=10 seed=20267184 errlen=0 ts=2026-09-10T19:06:57Z
LEG round=m5lad rep=2 m=896 tool=par2turbo argv='r -q -t18 -T16 f.par2' wall=29.187 cpu=416.189 cpu_over_wall=14.26 peak_mb=729.6 rc=0 restored=10/10 damaged_members=10 touched_members=10 blocks_written=896 strays=10 seed=20267184 errlen=0 ts=2026-09-10T19:07:30Z
LEG round=m5lad rep=2 m=1024 tool=parfast argv='r -q -t18 -T16 f.par2' wall=8.098 cpu=117.708 cpu_over_wall=14.54 peak_mb=12810.5 rc=0 restored=10/10 damaged_members=10 touched_members=10 blocks_written=1024 strays=10 seed=20268080 errlen=0 ts=2026-09-10T19:07:42Z
LEG round=m5lad rep=2 m=1024 tool=par2turbo argv='r -q -t18 -T16 f.par2' wall=33.189 cpu=470.35 cpu_over_wall=14.17 peak_mb=826.0 rc=0 restored=10/10 damaged_members=10 touched_members=10 blocks_written=1024 strays=10 seed=20268080 errlen=0 ts=2026-09-10T19:08:20Z
LEG round=m5lad rep=2 m=1152 tool=parfast argv='r -q -t18 -T16 f.par2' wall=8.129 cpu=116.695 cpu_over_wall=14.36 peak_mb=12915.3 rc=0 restored=10/10 damaged_members=10 touched_members=10 blocks_written=1152 strays=10 seed=20268976 errlen=0 ts=2026-09-10T19:08:32Z
LEG round=m5lad rep=2 m=1152 tool=par2turbo argv='r -q -t18 -T16 f.par2' wall=36.411 cpu=525.987 cpu_over_wall=14.45 peak_mb=922.5 rc=0 restored=10/10 damaged_members=10 touched_members=10 blocks_written=1152 strays=10 seed=20268976 errlen=0 ts=2026-09-10T19:09:13Z
LEG round=m5lad rep=2 m=1280 tool=parfast argv='r -q -t18 -T16 f.par2' wall=8.867 cpu=124.058 cpu_over_wall=13.99 peak_mb=13022.4 rc=0 restored=10/10 damaged_members=10 touched_members=10 blocks_written=1280 strays=10 seed=20269872 errlen=0 ts=2026-09-10T19:09:26Z
LEG round=m5lad rep=2 m=1280 tool=par2turbo argv='r -q -t18 -T16 f.par2' wall=39.924 cpu=584.983 cpu_over_wall=14.65 peak_mb=1020.5 rc=0 restored=10/10 damaged_members=10 touched_members=10 blocks_written=1280 strays=10 seed=20269872 errlen=0 ts=2026-09-10T19:10:11Z
LEG round=m5lad rep=2 m=1408 tool=parfast argv='r -q -t18 -T16 f.par2' wall=8.469 cpu=122.536 cpu_over_wall=14.47 peak_mb=13136.9 rc=0 restored=10/10 damaged_members=10 touched_members=10 blocks_written=1408 strays=10 seed=20270768 errlen=0 ts=2026-09-10T19:10:24Z
LEG round=m5lad rep=2 m=1408 tool=par2turbo argv='r -q -t18 -T16 f.par2' wall=43.424 cpu=643.721 cpu_over_wall=14.82 peak_mb=1117.7 rc=0 restored=10/10 damaged_members=10 touched_members=10 blocks_written=1408 strays=10 seed=20270768 errlen=0 ts=2026-09-10T19:11:12Z
LEG round=m5lad rep=2 m=1600 tool=parfast argv='r -q -t18 -T16 f.par2' wall=8.469 cpu=123.041 cpu_over_wall=14.53 peak_mb=13307.7 rc=0 restored=10/10 damaged_members=10 touched_members=10 blocks_written=1600 strays=10 seed=20272112 errlen=0 ts=2026-09-10T19:11:25Z
LEG round=m5lad rep=2 m=1600 tool=par2turbo argv='r -q -t18 -T16 f.par2' wall=48.682 cpu=729.527 cpu_over_wall=14.99 peak_mb=1262.7 rc=0 restored=10/10 damaged_members=10 touched_members=10 blocks_written=1600 strays=10 seed=20272112 errlen=0 ts=2026-09-10T19:12:19Z
LEG round=m5lad rep=2 m=1792 tool=parfast argv='r -q -t18 -T16 f.par2' wall=9.069 cpu=126.036 cpu_over_wall=13.9 peak_mb=13437.8 rc=0 restored=10/10 damaged_members=10 touched_members=10 blocks_written=1792 strays=10 seed=20273456 errlen=0 ts=2026-09-10T19:12:33Z
LEG round=m5lad rep=2 m=1792 tool=par2turbo argv='r -q -t18 -T16 f.par2' wall=53.06 cpu=810.404 cpu_over_wall=15.27 peak_mb=1409.2 rc=0 restored=10/10 damaged_members=10 touched_members=10 blocks_written=1792 strays=10 seed=20273456 errlen=0 ts=2026-09-10T19:13:31Z
LEG round=m5lad rep=2 m=2048 tool=parfast argv='r -q -t18 -T16 f.par2' wall=8.98 cpu=128.728 cpu_over_wall=14.33 peak_mb=13655.4 rc=0 restored=10/10 damaged_members=10 touched_members=10 blocks_written=2048 strays=10 seed=20275248 errlen=0 ts=2026-09-10T19:13:45Z
LEG round=m5lad rep=2 m=2048 tool=par2turbo argv='r -q -t18 -T16 f.par2' wall=60.533 cpu=920.949 cpu_over_wall=15.21 peak_mb=1604.3 rc=0 restored=10/10 damaged_members=10 touched_members=10 blocks_written=2048 strays=10 seed=20275248 errlen=0 ts=2026-09-10T19:14:51Z
LEG round=m5lad rep=2 m=2098 tool=parfast argv='r -q -t18 -T16 f.par2' wall=9.288 cpu=130.382 cpu_over_wall=14.04 peak_mb=13719.0 rc=0 restored=10/10 damaged_members=10 touched_members=10 blocks_written=2098 strays=10 seed=20275598 errlen=0 ts=2026-09-10T19:15:06Z
LEG round=m5lad rep=2 m=2098 tool=par2turbo argv='r -q -t18 -T16 f.par2' wall=61.581 cpu=943.899 cpu_over_wall=15.33 peak_mb=1641.5 rc=0 restored=10/10 damaged_members=10 touched_members=10 blocks_written=2098 strays=10 seed=20275598 errlen=0 ts=2026-09-10T19:16:13Z
MLAD-REP-END rep=2 2026-09-10T19:16:14Z
MLAD-END 2026-09-10T19:16:14Z
RIG-LOCK-RELEASED <rig>/pubrun/lad.lock
