RIG-LOCK-TAKEN <rig>\lad.lock pid=11448 started=2026-09-10T18:54:24.5901308Z
ZLAD-START 2026-09-10T18:54:24.5984273Z
BOX host=intel-core-ultra-9-386h cpu=Intel(R) Core(TM) Ultra 9 386H caption=Intel64 Family 6 Model 204 Stepping 2 cores=16 threads=16 ram_gb=31.4 os=Microsoft Windows 11 Home build=10.0.26200 Cfree_gb=669.9
BIN parfast sha256=cae5a6f368af74f1eb31afa483eb935c663ea976ddd0eecb5b76e6c4487360e9 bytes=2596864
BIN par2turbo sha256=36ce11d92c895a552485ba8cb1ad4b92ca62a00333f1aa6308daafbc371e69e9 bytes=1653248
BIN par2j64 sha256=8e75c2a3f256094cc0313f477b6e56e492cc7d258f9cb6b755bee98cf289620a bytes=416768
PROTOCOL slice=768000 recovery_blocks=2098 source_blocks=13990 redundancy_pct=14.996 damage=scattered-seeded-slice-overwrite reps=2 gate=sha256-all-members prewarm=full-read-of-work-dir
ARGV parfast='r -q -t16 -T16 f.par2' par2turbo='r -q -t16 -T16 f.par2' par2j64='r f.par2'
PAYLOAD-READY members=10 bytes=10737418240
FIXTURE members=10 distinct_member_sha=10/10 bytes=10737418240
SLICE-PROBE index=5 unique=10/10
GOLD p00.bin 784E10F9FE8A6DF557891FE77D7463B3C3EC30668A6E9190413ACE883929E8A2
GOLD p01.bin 427580D39068340A1A4683391B5CE621B61465BE3CCE59467D2B595464DBA289
GOLD p02.bin 9C874271C023166E4C8A149CB58F5151E16801FCB5A96D0ED67F135CCAF561A4
GOLD p03.bin 9794E8FBA5C555A7CFF08AF380DCFEA93CABA07C84E54789B0AB2D2E5F2B3CF2
GOLD p04.bin 0A795B0471940005BDCF32E1B12905DDD37070A3B7367939A6D24AD09EBBF8AA
GOLD p05.bin 76E334DC68D8592D2D62E73FC7EA708E74B1BF783C55176C6ABA016B6523BE51
GOLD p06.bin A963DD4BA69AE9E161CF038564A70FE83141EA0DA27DA99052C006F4602979C6
GOLD p07.bin 146457BF02A6CA615C0BF84542D678CF2C74159D6CE14A67DDF229AA86605779
GOLD p08.bin 4D87BF03C8D6333BD0D88C9E2BC54F2296F96772DD225640CB0FFE4208B20E81
GOLD p09.bin 6FEE4A4D667FC5B45997910871CBC94FD36EE62DC9D26B46859A45072BB2DDF8
CREATE tool=parfast rc=0 wall=56.817 cpu=152.766 peak_mb=12030.3 par2files=13 par2mb=1556.4 errlen=0
VERIFY round=zenlad rep=1 tool=parfast argv='v -q -t16 -T16 f.par2' wall=1.712 cpu=15.484 cpu_over_wall=9.04 peak_mb=25.3 rc=0 intact=10/10 errlen=0 ts=2026-09-10T18:56:51.1992836Z
VERIFY round=zenlad rep=1 tool=par2turbo argv='v -q -t16 -T16 f.par2' wall=3.627 cpu=17.578 cpu_over_wall=4.85 peak_mb=15.3 rc=0 intact=10/10 errlen=0 ts=2026-09-10T18:56:57.5985789Z
VERIFY round=zenlad rep=1 tool=par2j64 argv='v f.par2' wall=10.25 cpu=17.938 cpu_over_wall=1.75 peak_mb=14.4 rc=0 intact=10/10 errlen=0 ts=2026-09-10T18:57:10.6020062Z
LEG round=zenlad rep=1 m=1 tool=parfast argv='r -q -t16 -T16 f.par2' wall=4.849 cpu=25.453 cpu_over_wall=5.25 peak_mb=764.9 rc=0 restored=10/10 damaged_members=1 touched_members=1 blocks_written=1 strays=1 seed=20260918 errlen=0 ts=2026-09-10T18:57:17.9032333Z
LEG round=zenlad rep=1 m=1 tool=par2turbo argv='r -q -t16 -T16 f.par2' wall=11.414 cpu=26.844 cpu_over_wall=2.35 peak_mb=28.3 rc=0 restored=10/10 damaged_members=1 touched_members=1 blocks_written=1 strays=1 seed=20260918 errlen=0 ts=2026-09-10T18:57:35.4648053Z
LEG round=zenlad rep=1 m=1 tool=par2j64 argv='r f.par2' wall=23.818 cpu=27.969 cpu_over_wall=1.17 peak_mb=10256 rc=16 restored=10/10 damaged_members=1 touched_members=1 blocks_written=1 strays=0 seed=20260918 errlen=0 ts=2026-09-10T18:58:07.1905945Z
LEG round=zenlad rep=1 m=16 tool=parfast argv='r -q -t16 -T16 f.par2' wall=9.479 cpu=36.688 cpu_over_wall=3.87 peak_mb=764.1 rc=0 restored=10/10 damaged_members=6 touched_members=6 blocks_written=16 strays=6 seed=20261023 errlen=0 ts=2026-09-10T18:58:23.1983368Z
LEG round=zenlad rep=1 m=16 tool=par2turbo argv='r -q -t16 -T16 f.par2' wall=17.061 cpu=43.422 cpu_over_wall=2.55 peak_mb=39.7 rc=0 restored=10/10 damaged_members=6 touched_members=6 blocks_written=16 strays=6 seed=20261023 errlen=0 ts=2026-09-10T18:58:46.5483479Z
LEG round=zenlad rep=1 m=16 tool=par2j64 argv='r f.par2' wall=42.496 cpu=53.922 cpu_over_wall=1.27 peak_mb=10267.3 rc=16 restored=10/10 damaged_members=6 touched_members=6 blocks_written=16 strays=0 seed=20261023 errlen=0 ts=2026-09-10T18:59:36.2916085Z
LEG round=zenlad rep=1 m=64 tool=parfast argv='r -q -t16 -T16 f.par2' wall=10.077 cpu=53.422 cpu_over_wall=5.3 peak_mb=763.3 rc=0 restored=10/10 damaged_members=10 touched_members=10 blocks_written=64 strays=10 seed=20261359 errlen=0 ts=2026-09-10T18:59:52.7065440Z
LEG round=zenlad rep=1 m=64 tool=par2turbo argv='r -q -t16 -T16 f.par2' wall=24.33 cpu=71.203 cpu_over_wall=2.93 peak_mb=76 rc=0 restored=10/10 damaged_members=10 touched_members=10 blocks_written=64 strays=10 seed=20261359 errlen=0 ts=2026-09-10T19:00:23.1691713Z
LEG round=zenlad rep=1 m=64 tool=par2j64 argv='r f.par2' wall=58.895 cpu=104.562 cpu_over_wall=1.78 peak_mb=10303.9 rc=16 restored=10/10 damaged_members=10 touched_members=10 blocks_written=64 strays=0 seed=20261359 errlen=0 ts=2026-09-10T19:01:29.8953435Z
LEG round=zenlad rep=1 m=256 tool=parfast argv='r -q -t16 -T16 f.par2' wall=14.168 cpu=127.266 cpu_over_wall=8.98 peak_mb=763.7 rc=0 restored=10/10 damaged_members=10 touched_members=10 blocks_written=256 strays=10 seed=20262703 errlen=0 ts=2026-09-10T19:01:51.5691114Z
LEG round=zenlad rep=1 m=256 tool=par2turbo argv='r -q -t16 -T16 f.par2' wall=25.29 cpu=129.344 cpu_over_wall=5.11 peak_mb=221.9 rc=0 restored=10/10 damaged_members=10 touched_members=10 blocks_written=256 strays=10 seed=20262703 errlen=0 ts=2026-09-10T19:02:24.4630808Z
LEG round=zenlad rep=1 m=256 tool=par2j64 argv='r f.par2' wall=71.816 cpu=261.031 cpu_over_wall=3.63 peak_mb=10449.6 rc=16 restored=10/10 damaged_members=10 touched_members=10 blocks_written=256 strays=0 seed=20262703 errlen=0 ts=2026-09-10T19:03:45.3599488Z
LEG round=zenlad rep=1 m=512 tool=parfast argv='r -q -t16 -T16 f.par2' wall=22.913 cpu=164.531 cpu_over_wall=7.18 peak_mb=8594.6 rc=0 restored=10/10 damaged_members=10 touched_members=10 blocks_written=512 strays=10 seed=20264495 errlen=0 ts=2026-09-10T19:04:17.0611416Z
LEG round=zenlad rep=1 m=512 tool=par2turbo argv='r -q -t16 -T16 f.par2' wall=30.445 cpu=215.766 cpu_over_wall=7.09 peak_mb=416.3 rc=0 restored=10/10 damaged_members=10 touched_members=10 blocks_written=512 strays=10 seed=20264495 errlen=0 ts=2026-09-10T19:04:56.5554411Z
LEG round=zenlad rep=1 m=512 tool=par2j64 argv='r f.par2' wall=89.194 cpu=478.969 cpu_over_wall=5.37 peak_mb=10643.9 rc=16 restored=10/10 damaged_members=10 touched_members=10 blocks_written=512 strays=0 seed=20264495 errlen=0 ts=2026-09-10T19:06:36.4473304Z
LEG round=zenlad rep=1 m=768 tool=parfast argv='r -q -t16 -T16 f.par2' wall=24.044 cpu=172.672 cpu_over_wall=7.18 peak_mb=8763.1 rc=0 restored=10/10 damaged_members=10 touched_members=10 blocks_written=768 strays=10 seed=20266287 errlen=0 ts=2026-09-10T19:07:10.8825044Z
LEG round=zenlad rep=1 m=768 tool=par2turbo argv='r -q -t16 -T16 f.par2' wall=33.822 cpu=314.234 cpu_over_wall=9.29 peak_mb=610.9 rc=0 restored=10/10 damaged_members=10 touched_members=10 blocks_written=768 strays=10 seed=20266287 errlen=0 ts=2026-09-10T19:07:55.6113755Z
LEG round=zenlad rep=1 m=768 tool=par2j64 argv='r f.par2' wall=105.606 cpu=696.719 cpu_over_wall=6.6 peak_mb=10838.2 rc=16 restored=10/10 damaged_members=10 touched_members=10 blocks_written=768 strays=0 seed=20266287 errlen=0 ts=2026-09-10T19:09:53.6562075Z
LEG round=zenlad rep=1 m=1024 tool=parfast argv='r -q -t16 -T16 f.par2' wall=24.58 cpu=192.422 cpu_over_wall=7.83 peak_mb=8951.4 rc=0 restored=10/10 damaged_members=10 touched_members=10 blocks_written=1024 strays=10 seed=20268079 errlen=0 ts=2026-09-10T19:10:29.7281764Z
LEG round=zenlad rep=1 m=1024 tool=par2turbo argv='r -q -t16 -T16 f.par2' wall=40.009 cpu=406.484 cpu_over_wall=10.16 peak_mb=805.3 rc=0 restored=10/10 damaged_members=10 touched_members=10 blocks_written=1024 strays=10 seed=20268079 errlen=0 ts=2026-09-10T19:11:22.0423130Z
LEG round=zenlad rep=1 m=1024 tool=par2j64 argv='r f.par2' wall=123.568 cpu=910.656 cpu_over_wall=7.37 peak_mb=11032.5 rc=16 restored=10/10 damaged_members=10 touched_members=10 blocks_written=1024 strays=0 seed=20268079 errlen=0 ts=2026-09-10T19:13:39.6214740Z
LEG round=zenlad rep=1 m=1152 tool=parfast argv='r -q -t16 -T16 f.par2' wall=25.994 cpu=204.312 cpu_over_wall=7.86 peak_mb=9036.1 rc=0 restored=10/10 damaged_members=10 touched_members=10 blocks_written=1152 strays=10 seed=20268975 errlen=0 ts=2026-09-10T19:14:18.1202108Z
LEG round=zenlad rep=1 m=1152 tool=par2turbo argv='r -q -t16 -T16 f.par2' wall=42.731 cpu=458.984 cpu_over_wall=10.74 peak_mb=902.4 rc=0 restored=10/10 damaged_members=10 touched_members=10 blocks_written=1152 strays=10 seed=20268975 errlen=0 ts=2026-09-10T19:15:13.7435198Z
LEG round=zenlad rep=1 m=1152 tool=par2j64 argv='r f.par2' wall=132.064 cpu=1018.484 cpu_over_wall=7.71 peak_mb=11129.7 rc=16 restored=10/10 damaged_members=10 touched_members=10 blocks_written=1152 strays=0 seed=20268975 errlen=0 ts=2026-09-10T19:17:40.5704172Z
LEG round=zenlad rep=1 m=1280 tool=parfast argv='r -q -t16 -T16 f.par2' wall=25.564 cpu=189.125 cpu_over_wall=7.4 peak_mb=9146.6 rc=0 restored=10/10 damaged_members=10 touched_members=10 blocks_written=1280 strays=10 seed=20269871 errlen=0 ts=2026-09-10T19:18:19.6374603Z
LEG round=zenlad rep=1 m=1280 tool=par2turbo argv='r -q -t16 -T16 f.par2' wall=46.505 cpu=506.375 cpu_over_wall=10.89 peak_mb=999.6 rc=0 restored=10/10 damaged_members=10 touched_members=10 blocks_written=1280 strays=10 seed=20269871 errlen=0 ts=2026-09-10T19:19:19.7655288Z
LEG round=zenlad rep=1 m=1280 tool=par2j64 argv='r f.par2' wall=140.95 cpu=1127.609 cpu_over_wall=8 peak_mb=11227 rc=16 restored=10/10 damaged_members=10 touched_members=10 blocks_written=1280 strays=0 seed=20269871 errlen=0 ts=2026-09-10T19:21:56.3942045Z
LEG round=zenlad rep=1 m=1408 tool=parfast argv='r -q -t16 -T16 f.par2' wall=26.766 cpu=196.906 cpu_over_wall=7.36 peak_mb=9238 rc=0 restored=10/10 damaged_members=10 touched_members=10 blocks_written=1408 strays=10 seed=20270767 errlen=0 ts=2026-09-10T19:22:37.1384987Z
LEG round=zenlad rep=1 m=1408 tool=par2turbo argv='r -q -t16 -T16 f.par2' wall=49.558 cpu=556.281 cpu_over_wall=11.22 peak_mb=1096.9 rc=0 restored=10/10 damaged_members=10 touched_members=10 blocks_written=1408 strays=10 seed=20270767 errlen=0 ts=2026-09-10T19:23:41.1868268Z
LEG round=zenlad rep=1 m=1408 tool=par2j64 argv='r f.par2' wall=149.787 cpu=1237.719 cpu_over_wall=8.26 peak_mb=11324.1 rc=16 restored=10/10 damaged_members=10 touched_members=10 blocks_written=1408 strays=0 seed=20270767 errlen=0 ts=2026-09-10T19:26:27.1491347Z
LEG round=zenlad rep=1 m=1600 tool=parfast argv='r -q -t16 -T16 f.par2' wall=26.082 cpu=199.984 cpu_over_wall=7.67 peak_mb=9346.5 rc=0 restored=10/10 damaged_members=10 touched_members=10 blocks_written=1600 strays=10 seed=20272111 errlen=0 ts=2026-09-10T19:27:08.0585906Z
LEG round=zenlad rep=1 m=1600 tool=par2turbo argv='r -q -t16 -T16 f.par2' wall=54.35 cpu=623.234 cpu_over_wall=11.47 peak_mb=1242.7 rc=0 restored=10/10 damaged_members=10 touched_members=10 blocks_written=1600 strays=10 seed=20272111 errlen=0 ts=2026-09-10T19:28:18.0324295Z
LEG round=zenlad rep=1 m=1600 tool=par2j64 argv='r f.par2' wall=162.268 cpu=1404.078 cpu_over_wall=8.65 peak_mb=11469.9 rc=16 restored=10/10 damaged_members=10 touched_members=10 blocks_written=1600 strays=0 seed=20272111 errlen=0 ts=2026-09-10T19:31:17.5729959Z
LEG round=zenlad rep=1 m=1792 tool=parfast argv='r -q -t16 -T16 f.par2' wall=27.247 cpu=203.25 cpu_over_wall=7.46 peak_mb=9489.5 rc=0 restored=10/10 damaged_members=10 touched_members=10 blocks_written=1792 strays=10 seed=20273455 errlen=0 ts=2026-09-10T19:32:00.7213458Z
LEG round=zenlad rep=1 m=1792 tool=par2turbo argv='r -q -t16 -T16 f.par2' wall=62.758 cpu=691.703 cpu_over_wall=11.02 peak_mb=1388.6 rc=0 restored=10/10 damaged_members=10 touched_members=10 blocks_written=1792 strays=10 seed=20273455 errlen=0 ts=2026-09-10T19:33:19.9332775Z
LEG round=zenlad rep=1 m=1792 tool=par2j64 argv='r f.par2' wall=177.155 cpu=1568.906 cpu_over_wall=8.86 peak_mb=11615.6 rc=16 restored=10/10 damaged_members=10 touched_members=10 blocks_written=1792 strays=0 seed=20273455 errlen=0 ts=2026-09-10T19:36:35.5219628Z
LEG round=zenlad rep=1 m=2048 tool=parfast argv='r -q -t16 -T16 f.par2' wall=25.987 cpu=211.25 cpu_over_wall=8.13 peak_mb=9675 rc=0 restored=10/10 damaged_members=10 touched_members=10 blocks_written=2048 strays=10 seed=20275247 errlen=0 ts=2026-09-10T19:37:18.1685793Z
LEG round=zenlad rep=1 m=2048 tool=par2turbo argv='r -q -t16 -T16 f.par2' wall=66.614 cpu=797.609 cpu_over_wall=11.97 peak_mb=1582.9 rc=0 restored=10/10 damaged_members=10 touched_members=10 blocks_written=2048 strays=10 seed=20275247 errlen=0 ts=2026-09-10T19:38:42.5154869Z
LEG round=zenlad rep=1 m=2048 tool=par2j64 argv='r f.par2' wall=194.097 cpu=1793.453 cpu_over_wall=9.24 peak_mb=11810 rc=16 restored=10/10 damaged_members=10 touched_members=10 blocks_written=2048 strays=0 seed=20275247 errlen=0 ts=2026-09-10T19:42:15.9170375Z
LEG round=zenlad rep=1 m=2098 tool=parfast argv='r -q -t16 -T16 f.par2' wall=27.238 cpu=211.094 cpu_over_wall=7.75 peak_mb=9705.6 rc=0 restored=10/10 damaged_members=10 touched_members=10 blocks_written=2098 strays=10 seed=20275597 errlen=0 ts=2026-09-10T19:43:00.5341630Z
LEG round=zenlad rep=1 m=2098 tool=par2turbo argv='r -q -t16 -T16 f.par2' wall=67.149 cpu=814.438 cpu_over_wall=12.13 peak_mb=1620.9 rc=0 restored=10/10 damaged_members=10 touched_members=10 blocks_written=2098 strays=10 seed=20275597 errlen=0 ts=2026-09-10T19:44:25.1382067Z
LEG round=zenlad rep=1 m=2098 tool=par2j64 argv='r f.par2' wall=197.54 cpu=1833.297 cpu_over_wall=9.28 peak_mb=11847.9 rc=16 restored=10/10 damaged_members=10 touched_members=10 blocks_written=2098 strays=0 seed=20275597 errlen=0 ts=2026-09-10T19:48:02.5738943Z
ZLAD-REP-END rep=1 2026-09-10T19:48:07.4221839Z
VERIFY round=zenlad rep=2 tool=parfast argv='v -q -t16 -T16 f.par2' wall=1.668 cpu=15.016 cpu_over_wall=9 peak_mb=26.1 rc=0 intact=10/10 errlen=0 ts=2026-09-10T19:48:13.0038004Z
VERIFY round=zenlad rep=2 tool=par2turbo argv='v -q -t16 -T16 f.par2' wall=3.471 cpu=17.531 cpu_over_wall=5.05 peak_mb=15 rc=0 intact=10/10 errlen=0 ts=2026-09-10T19:48:19.0795901Z
VERIFY round=zenlad rep=2 tool=par2j64 argv='v f.par2' wall=10.127 cpu=17.828 cpu_over_wall=1.76 peak_mb=13.5 rc=0 intact=10/10 errlen=0 ts=2026-09-10T19:48:31.7943450Z
LEG round=zenlad rep=2 m=1 tool=parfast argv='r -q -t16 -T16 f.par2' wall=3.38 cpu=25.25 cpu_over_wall=7.47 peak_mb=764.9 rc=0 restored=10/10 damaged_members=1 touched_members=1 blocks_written=1 strays=1 seed=20260919 errlen=0 ts=2026-09-10T19:48:37.5429502Z
LEG round=zenlad rep=2 m=1 tool=par2turbo argv='r -q -t16 -T16 f.par2' wall=7.699 cpu=24.016 cpu_over_wall=3.12 peak_mb=28.2 rc=0 restored=10/10 damaged_members=1 touched_members=1 blocks_written=1 strays=1 seed=20260919 errlen=0 ts=2026-09-10T19:48:50.1950233Z
LEG round=zenlad rep=2 m=1 tool=par2j64 argv='r f.par2' wall=22.758 cpu=27.188 cpu_over_wall=1.19 peak_mb=10256 rc=16 restored=10/10 damaged_members=1 touched_members=1 blocks_written=1 strays=0 seed=20260919 errlen=0 ts=2026-09-10T19:49:19.9596647Z
LEG round=zenlad rep=2 m=16 tool=parfast argv='r -q -t16 -T16 f.par2' wall=8.081 cpu=37.328 cpu_over_wall=4.62 peak_mb=763.6 rc=0 restored=10/10 damaged_members=8 touched_members=8 blocks_written=16 strays=8 seed=20261024 errlen=0 ts=2026-09-10T19:49:33.6253732Z
LEG round=zenlad rep=2 m=16 tool=par2turbo argv='r -q -t16 -T16 f.par2' wall=17.734 cpu=49.422 cpu_over_wall=2.79 peak_mb=39.7 rc=0 restored=10/10 damaged_members=8 touched_members=8 blocks_written=16 strays=8 seed=20261024 errlen=0 ts=2026-09-10T19:49:57.3303301Z
LEG round=zenlad rep=2 m=16 tool=par2j64 argv='r f.par2' wall=50.274 cpu=58.5 cpu_over_wall=1.16 peak_mb=10267.4 rc=16 restored=10/10 damaged_members=8 touched_members=8 blocks_written=16 strays=0 seed=20261024 errlen=0 ts=2026-09-10T19:50:54.7513541Z
LEG round=zenlad rep=2 m=64 tool=parfast argv='r -q -t16 -T16 f.par2' wall=9.711 cpu=51.953 cpu_over_wall=5.35 peak_mb=762.6 rc=0 restored=10/10 damaged_members=10 touched_members=10 blocks_written=64 strays=10 seed=20261360 errlen=0 ts=2026-09-10T19:51:09.7304686Z
LEG round=zenlad rep=2 m=64 tool=par2turbo argv='r -q -t16 -T16 f.par2' wall=21.267 cpu=72.312 cpu_over_wall=3.4 peak_mb=76.2 rc=0 restored=10/10 damaged_members=10 touched_members=10 blocks_written=64 strays=10 seed=20261360 errlen=0 ts=2026-09-10T19:51:36.1660347Z
LEG round=zenlad rep=2 m=64 tool=par2j64 argv='r f.par2' wall=58.724 cpu=105.172 cpu_over_wall=1.79 peak_mb=10303.9 rc=16 restored=10/10 damaged_members=10 touched_members=10 blocks_written=64 strays=0 seed=20261360 errlen=0 ts=2026-09-10T19:52:42.1791534Z
LEG round=zenlad rep=2 m=256 tool=parfast argv='r -q -t16 -T16 f.par2' wall=12.542 cpu=126.25 cpu_over_wall=10.07 peak_mb=762.5 rc=0 restored=10/10 damaged_members=10 touched_members=10 blocks_written=256 strays=10 seed=20262704 errlen=0 ts=2026-09-10T19:53:01.1095617Z
LEG round=zenlad rep=2 m=256 tool=par2turbo argv='r -q -t16 -T16 f.par2' wall=25.046 cpu=135.703 cpu_over_wall=5.42 peak_mb=222 rc=0 restored=10/10 damaged_members=10 touched_members=10 blocks_written=256 strays=10 seed=20262704 errlen=0 ts=2026-09-10T19:53:32.9291549Z
LEG round=zenlad rep=2 m=256 tool=par2j64 argv='r f.par2' wall=71.049 cpu=263.984 cpu_over_wall=3.72 peak_mb=10449.6 rc=16 restored=10/10 damaged_members=10 touched_members=10 blocks_written=256 strays=0 seed=20262704 errlen=0 ts=2026-09-10T19:54:52.5379598Z
LEG round=zenlad rep=2 m=512 tool=parfast argv='r -q -t16 -T16 f.par2' wall=22.373 cpu=166.344 cpu_over_wall=7.44 peak_mb=8582.2 rc=0 restored=10/10 damaged_members=10 touched_members=10 blocks_written=512 strays=10 seed=20264496 errlen=0 ts=2026-09-10T19:55:23.0907294Z
LEG round=zenlad rep=2 m=512 tool=par2turbo argv='r -q -t16 -T16 f.par2' wall=32.18 cpu=219.562 cpu_over_wall=6.82 peak_mb=416.5 rc=0 restored=10/10 damaged_members=10 touched_members=10 blocks_written=512 strays=10 seed=20264496 errlen=0 ts=2026-09-10T19:56:03.2735604Z
LEG round=zenlad rep=2 m=512 tool=par2j64 argv='r f.par2' wall=89.965 cpu=485.672 cpu_over_wall=5.4 peak_mb=10643.9 rc=16 restored=10/10 damaged_members=10 touched_members=10 blocks_written=512 strays=0 seed=20264496 errlen=0 ts=2026-09-10T19:57:43.8808531Z
LEG round=zenlad rep=2 m=768 tool=parfast argv='r -q -t16 -T16 f.par2' wall=23.323 cpu=175.453 cpu_over_wall=7.52 peak_mb=8767.5 rc=0 restored=10/10 damaged_members=10 touched_members=10 blocks_written=768 strays=10 seed=20266288 errlen=0 ts=2026-09-10T19:58:16.6083029Z
LEG round=zenlad rep=2 m=768 tool=par2turbo argv='r -q -t16 -T16 f.par2' wall=34.038 cpu=315.5 cpu_over_wall=9.27 peak_mb=610.9 rc=0 restored=10/10 damaged_members=10 touched_members=10 blocks_written=768 strays=10 seed=20266288 errlen=0 ts=2026-09-10T19:59:00.8537704Z
LEG round=zenlad rep=2 m=768 tool=par2j64 argv='r f.par2' wall=107.332 cpu=693.703 cpu_over_wall=6.46 peak_mb=10838.3 rc=16 restored=10/10 damaged_members=10 touched_members=10 blocks_written=768 strays=0 seed=20266288 errlen=0 ts=2026-09-10T20:01:00.0487724Z
LEG round=zenlad rep=2 m=1024 tool=parfast argv='r -q -t16 -T16 f.par2' wall=24.3 cpu=192.406 cpu_over_wall=7.92 peak_mb=8952.8 rc=0 restored=10/10 damaged_members=10 touched_members=10 blocks_written=1024 strays=10 seed=20268080 errlen=0 ts=2026-09-10T20:01:35.6935850Z
LEG round=zenlad rep=2 m=1024 tool=par2turbo argv='r -q -t16 -T16 f.par2' wall=40.037 cpu=414.328 cpu_over_wall=10.35 peak_mb=805.2 rc=0 restored=10/10 damaged_members=10 touched_members=10 blocks_written=1024 strays=10 seed=20268080 errlen=0 ts=2026-09-10T20:02:27.2296210Z
LEG round=zenlad rep=2 m=1024 tool=par2j64 argv='r f.par2' wall=122.906 cpu=916.016 cpu_over_wall=7.45 peak_mb=11032.5 rc=16 restored=10/10 damaged_members=10 touched_members=10 blocks_written=1024 strays=0 seed=20268080 errlen=0 ts=2026-09-10T20:04:43.4940634Z
LEG round=zenlad rep=2 m=1152 tool=parfast argv='r -q -t16 -T16 f.par2' wall=25.111 cpu=203 cpu_over_wall=8.08 peak_mb=9036.8 rc=0 restored=10/10 damaged_members=10 touched_members=10 blocks_written=1152 strays=10 seed=20268976 errlen=0 ts=2026-09-10T20:05:20.7794736Z
LEG round=zenlad rep=2 m=1152 tool=par2turbo argv='r -q -t16 -T16 f.par2' wall=42.702 cpu=467.625 cpu_over_wall=10.95 peak_mb=902.4 rc=0 restored=10/10 damaged_members=10 touched_members=10 blocks_written=1152 strays=10 seed=20268976 errlen=0 ts=2026-09-10T20:06:15.3041595Z
LEG round=zenlad rep=2 m=1152 tool=par2j64 argv='r f.par2' wall=131.591 cpu=1019.141 cpu_over_wall=7.74 peak_mb=11129.8 rc=16 restored=10/10 damaged_members=10 touched_members=10 blocks_written=1152 strays=0 seed=20268976 errlen=0 ts=2026-09-10T20:08:40.9503870Z
LEG round=zenlad rep=2 m=1280 tool=parfast argv='r -q -t16 -T16 f.par2' wall=24.576 cpu=189.516 cpu_over_wall=7.71 peak_mb=9135.7 rc=0 restored=10/10 damaged_members=10 touched_members=10 blocks_written=1280 strays=10 seed=20269872 errlen=0 ts=2026-09-10T20:09:17.3895338Z
LEG round=zenlad rep=2 m=1280 tool=par2turbo argv='r -q -t16 -T16 f.par2' wall=46.774 cpu=506.547 cpu_over_wall=10.83 peak_mb=999.7 rc=0 restored=10/10 damaged_members=10 touched_members=10 blocks_written=1280 strays=10 seed=20269872 errlen=0 ts=2026-09-10T20:10:16.9106004Z
LEG round=zenlad rep=2 m=1280 tool=par2j64 argv='r f.par2' wall=140.333 cpu=1135.656 cpu_over_wall=8.09 peak_mb=11226.9 rc=16 restored=10/10 damaged_members=10 touched_members=10 blocks_written=1280 strays=0 seed=20269872 errlen=0 ts=2026-09-10T20:12:51.4228924Z
LEG round=zenlad rep=2 m=1408 tool=parfast argv='r -q -t16 -T16 f.par2' wall=24.08 cpu=195.734 cpu_over_wall=8.13 peak_mb=9220 rc=0 restored=10/10 damaged_members=10 touched_members=10 blocks_written=1408 strays=10 seed=20270768 errlen=0 ts=2026-09-10T20:13:28.5439523Z
LEG round=zenlad rep=2 m=1408 tool=par2turbo argv='r -q -t16 -T16 f.par2' wall=49.267 cpu=555.312 cpu_over_wall=11.27 peak_mb=1096.9 rc=0 restored=10/10 damaged_members=10 touched_members=10 blocks_written=1408 strays=10 seed=20270768 errlen=0 ts=2026-09-10T20:14:30.9984793Z
LEG round=zenlad rep=2 m=1408 tool=par2j64 argv='r f.par2' wall=149.422 cpu=1237.516 cpu_over_wall=8.28 peak_mb=11324.1 rc=16 restored=10/10 damaged_members=10 touched_members=10 blocks_written=1408 strays=0 seed=20270768 errlen=0 ts=2026-09-10T20:17:15.9897208Z
LEG round=zenlad rep=2 m=1600 tool=parfast argv='r -q -t16 -T16 f.par2' wall=25.521 cpu=198.406 cpu_over_wall=7.77 peak_mb=9347.1 rc=0 restored=10/10 damaged_members=10 touched_members=10 blocks_written=1600 strays=10 seed=20272112 errlen=0 ts=2026-09-10T20:17:55.0838650Z
LEG round=zenlad rep=2 m=1600 tool=par2turbo argv='r -q -t16 -T16 f.par2' wall=55.158 cpu=621.5 cpu_over_wall=11.27 peak_mb=1242.7 rc=0 restored=10/10 damaged_members=10 touched_members=10 blocks_written=1600 strays=10 seed=20272112 errlen=0 ts=2026-09-10T20:19:05.3416718Z
LEG round=zenlad rep=2 m=1600 tool=par2j64 argv='r f.par2' wall=163.452 cpu=1404.547 cpu_over_wall=8.59 peak_mb=11469.9 rc=16 restored=10/10 damaged_members=10 touched_members=10 blocks_written=1600 strays=0 seed=20272112 errlen=0 ts=2026-09-10T20:22:05.3724285Z
LEG round=zenlad rep=2 m=1792 tool=parfast argv='r -q -t16 -T16 f.par2' wall=26.934 cpu=207.141 cpu_over_wall=7.69 peak_mb=9488.3 rc=0 restored=10/10 damaged_members=10 touched_members=10 blocks_written=1792 strays=10 seed=20273456 errlen=0 ts=2026-09-10T20:22:47.8514168Z
LEG round=zenlad rep=2 m=1792 tool=par2turbo argv='r -q -t16 -T16 f.par2' wall=58.367 cpu=694.234 cpu_over_wall=11.89 peak_mb=1388.5 rc=0 restored=10/10 damaged_members=10 touched_members=10 blocks_written=1792 strays=10 seed=20273456 errlen=0 ts=2026-09-10T20:24:01.5207091Z
LEG round=zenlad rep=2 m=1792 tool=par2j64 argv='r f.par2' wall=176.862 cpu=1574.141 cpu_over_wall=8.9 peak_mb=11615.6 rc=16 restored=10/10 damaged_members=10 touched_members=10 blocks_written=1792 strays=0 seed=20273456 errlen=0 ts=2026-09-10T20:27:16.4542473Z
LEG round=zenlad rep=2 m=2048 tool=parfast argv='r -q -t16 -T16 f.par2' wall=26.095 cpu=207.828 cpu_over_wall=7.96 peak_mb=9643.9 rc=0 restored=10/10 damaged_members=10 touched_members=10 blocks_written=2048 strays=10 seed=20275248 errlen=0 ts=2026-09-10T20:27:58.6498677Z
LEG round=zenlad rep=2 m=2048 tool=par2turbo argv='r -q -t16 -T16 f.par2' wall=65.354 cpu=787.156 cpu_over_wall=12.04 peak_mb=1582.9 rc=0 restored=10/10 damaged_members=10 touched_members=10 blocks_written=2048 strays=10 seed=20275248 errlen=0 ts=2026-09-10T20:29:21.6640237Z
LEG round=zenlad rep=2 m=2048 tool=par2j64 argv='r f.par2' wall=194.269 cpu=1795.016 cpu_over_wall=9.24 peak_mb=11809.9 rc=16 restored=10/10 damaged_members=10 touched_members=10 blocks_written=2048 strays=0 seed=20275248 errlen=0 ts=2026-09-10T20:32:54.8213040Z
LEG round=zenlad rep=2 m=2098 tool=parfast argv='r -q -t16 -T16 f.par2' wall=26.437 cpu=211.859 cpu_over_wall=8.01 peak_mb=9703.8 rc=0 restored=10/10 damaged_members=10 touched_members=10 blocks_written=2098 strays=10 seed=20275598 errlen=0 ts=2026-09-10T20:33:38.5302915Z
LEG round=zenlad rep=2 m=2098 tool=par2turbo argv='r -q -t16 -T16 f.par2' wall=66.892 cpu=800.688 cpu_over_wall=11.97 peak_mb=1620.8 rc=0 restored=10/10 damaged_members=10 touched_members=10 blocks_written=2098 strays=10 seed=20275598 errlen=0 ts=2026-09-10T20:35:03.0003752Z
LEG round=zenlad rep=2 m=2098 tool=par2j64 argv='r f.par2' wall=196.704 cpu=1832.828 cpu_over_wall=9.32 peak_mb=11847.9 rc=16 restored=10/10 damaged_members=10 touched_members=10 blocks_written=2098 strays=0 seed=20275598 errlen=0 ts=2026-09-10T20:38:39.4352476Z
ZLAD-REP-END rep=2 2026-09-10T20:38:44.4206136Z
ZLAD-END 2026-09-10T20:38:44.4226146Z
RIG-LOCK-RELEASED <rig>\lad.lock
