2026-09-16T14:44:28.1451809Z T6WAIT start pid=11800 lane=parfast-t6-1mib-nibble-smt ahead=nibble-crossover-quiet-box-confirm-16sep,parfast-stripe-halving-nibble-i5-native-16sep,parfast-nibble-windowed-ask-1mib-16sep
2026-09-16T14:44:28.2016816Z WAIT ahead=nibble-crossover-quiet-box-confirm-16sep,parfast-stripe-halving-nibble-i5-native-16sep,parfast-nibble-windowed-ask-1mib-16sep
2026-09-16T14:46:28.2342134Z WAIT ahead=nibble-crossover-quiet-box-confirm-16sep,parfast-stripe-halving-nibble-i5-native-16sep,parfast-nibble-windowed-ask-1mib-16sep
2026-09-16T14:48:28.2517571Z WAIT ahead=nibble-crossover-quiet-box-confirm-16sep,parfast-stripe-halving-nibble-i5-native-16sep,parfast-nibble-windowed-ask-1mib-16sep
2026-09-16T14:50:28.2787747Z WAIT ahead=nibble-crossover-quiet-box-confirm-16sep,parfast-stripe-halving-nibble-i5-native-16sep,parfast-nibble-windowed-ask-1mib-16sep
2026-09-16T14:52:28.3926420Z WAIT ahead=nibble-crossover-quiet-box-confirm-16sep,parfast-stripe-halving-nibble-i5-native-16sep,parfast-nibble-windowed-ask-1mib-16sep
2026-09-16T14:54:28.4791643Z WAIT ahead=nibble-crossover-quiet-box-confirm-16sep,parfast-stripe-halving-nibble-i5-native-16sep,parfast-nibble-windowed-ask-1mib-16sep
2026-09-16T14:56:28.5058112Z WAIT ahead=nibble-crossover-quiet-box-confirm-16sep,parfast-stripe-halving-nibble-i5-native-16sep,parfast-nibble-windowed-ask-1mib-16sep
2026-09-16T14:58:28.5444503Z WAIT ahead=nibble-crossover-quiet-box-confirm-16sep,parfast-stripe-halving-nibble-i5-native-16sep,parfast-nibble-windowed-ask-1mib-16sep
2026-09-16T15:00:28.5676463Z WAIT ahead=nibble-crossover-quiet-box-confirm-16sep,parfast-stripe-halving-nibble-i5-native-16sep,parfast-nibble-windowed-ask-1mib-16sep
2026-09-16T15:02:28.6193684Z WAIT ahead=nibble-crossover-quiet-box-confirm-16sep,parfast-stripe-halving-nibble-i5-native-16sep,parfast-nibble-windowed-ask-1mib-16sep
2026-09-16T15:04:28.7793574Z WAIT ahead=nibble-crossover-quiet-box-confirm-16sep,parfast-stripe-halving-nibble-i5-native-16sep,parfast-nibble-windowed-ask-1mib-16sep
2026-09-16T15:06:28.8540480Z WAIT ahead=nibble-crossover-quiet-box-confirm-16sep,parfast-stripe-halving-nibble-i5-native-16sep,parfast-nibble-windowed-ask-1mib-16sep
2026-09-16T15:08:28.8671716Z WAIT ahead=nibble-crossover-quiet-box-confirm-16sep,parfast-stripe-halving-nibble-i5-native-16sep,parfast-nibble-windowed-ask-1mib-16sep
2026-09-16T15:10:28.8857910Z WAIT ahead=nibble-crossover-quiet-box-confirm-16sep,parfast-stripe-halving-nibble-i5-native-16sep,parfast-nibble-windowed-ask-1mib-16sep
2026-09-16T15:12:28.8878568Z WAIT ahead=nibble-crossover-quiet-box-confirm-16sep,parfast-stripe-halving-nibble-i5-native-16sep,parfast-nibble-windowed-ask-1mib-16sep
2026-09-16T15:14:28.9268741Z WAIT ahead=nibble-crossover-quiet-box-confirm-16sep,parfast-stripe-halving-nibble-i5-native-16sep,parfast-nibble-windowed-ask-1mib-16sep
2026-09-16T15:16:28.9386427Z WAIT ahead=nibble-crossover-quiet-box-confirm-16sep,parfast-stripe-halving-nibble-i5-native-16sep,parfast-nibble-windowed-ask-1mib-16sep
2026-09-16T15:18:29.1140261Z WAIT ahead=nibble-crossover-quiet-box-confirm-16sep,parfast-stripe-halving-nibble-i5-native-16sep,parfast-nibble-windowed-ask-1mib-16sep
2026-09-16T15:20:29.1568940Z WAIT ahead=nibble-crossover-quiet-box-confirm-16sep,parfast-stripe-halving-nibble-i5-native-16sep,parfast-nibble-windowed-ask-1mib-16sep
2026-09-16T15:22:29.1942887Z WAIT ahead=nibble-crossover-quiet-box-confirm-16sep,parfast-stripe-halving-nibble-i5-native-16sep,parfast-nibble-windowed-ask-1mib-16sep
2026-09-16T15:24:29.2308144Z WAIT ahead=nibble-crossover-quiet-box-confirm-16sep,parfast-stripe-halving-nibble-i5-native-16sep,parfast-nibble-windowed-ask-1mib-16sep
2026-09-16T15:26:29.2432899Z WAIT ahead=nibble-crossover-quiet-box-confirm-16sep,parfast-stripe-halving-nibble-i5-native-16sep,parfast-nibble-windowed-ask-1mib-16sep
2026-09-16T15:28:29.2650187Z WAIT ahead=nibble-crossover-quiet-box-confirm-16sep,parfast-stripe-halving-nibble-i5-native-16sep,parfast-nibble-windowed-ask-1mib-16sep
2026-09-16T15:30:29.2830924Z WAIT ahead=nibble-crossover-quiet-box-confirm-16sep,parfast-stripe-halving-nibble-i5-native-16sep,parfast-nibble-windowed-ask-1mib-16sep
2026-09-16T15:32:29.4057588Z WAIT ahead=nibble-crossover-quiet-box-confirm-16sep,parfast-stripe-halving-nibble-i5-native-16sep,parfast-nibble-windowed-ask-1mib-16sep
2026-09-16T15:34:29.4543641Z WAIT ahead=nibble-crossover-quiet-box-confirm-16sep,parfast-stripe-halving-nibble-i5-native-16sep,parfast-nibble-windowed-ask-1mib-16sep
2026-09-16T15:36:29.4714887Z WAIT ahead=nibble-crossover-quiet-box-confirm-16sep,parfast-stripe-halving-nibble-i5-native-16sep,parfast-nibble-windowed-ask-1mib-16sep
2026-09-16T15:38:29.6163003Z WAIT ahead=nibble-crossover-quiet-box-confirm-16sep,parfast-stripe-halving-nibble-i5-native-16sep,parfast-nibble-windowed-ask-1mib-16sep
2026-09-16T15:40:29.7392839Z WAIT ahead=nibble-crossover-quiet-box-confirm-16sep,parfast-stripe-halving-nibble-i5-native-16sep,parfast-nibble-windowed-ask-1mib-16sep
2026-09-16T15:42:29.7806343Z WAIT ahead=nibble-crossover-quiet-box-confirm-16sep,parfast-stripe-halving-nibble-i5-native-16sep,parfast-nibble-windowed-ask-1mib-16sep
2026-09-16T15:44:29.8193392Z WAIT ahead=nibble-crossover-quiet-box-confirm-16sep,parfast-stripe-halving-nibble-i5-native-16sep,parfast-nibble-windowed-ask-1mib-16sep
2026-09-16T15:46:29.8315331Z WAIT ahead=nibble-crossover-quiet-box-confirm-16sep,parfast-stripe-halving-nibble-i5-native-16sep,parfast-nibble-windowed-ask-1mib-16sep
2026-09-16T15:48:29.8688453Z WAIT ahead=nibble-crossover-quiet-box-confirm-16sep,parfast-stripe-halving-nibble-i5-native-16sep,parfast-nibble-windowed-ask-1mib-16sep
2026-09-16T15:50:29.8856159Z WAIT ahead=nibble-crossover-quiet-box-confirm-16sep,parfast-stripe-halving-nibble-i5-native-16sep,parfast-nibble-windowed-ask-1mib-16sep
2026-09-16T15:52:29.9102860Z WAIT ahead=nibble-crossover-quiet-box-confirm-16sep,parfast-stripe-halving-nibble-i5-native-16sep,parfast-nibble-windowed-ask-1mib-16sep
2026-09-16T15:54:29.9379298Z WAIT ahead=nibble-crossover-quiet-box-confirm-16sep,parfast-stripe-halving-nibble-i5-native-16sep,parfast-nibble-windowed-ask-1mib-16sep
2026-09-16T15:56:29.9612026Z WAIT ahead=nibble-crossover-quiet-box-confirm-16sep,parfast-stripe-halving-nibble-i5-native-16sep,parfast-nibble-windowed-ask-1mib-16sep
2026-09-16T15:58:30.1473017Z WAIT ahead=nibble-crossover-quiet-box-confirm-16sep,parfast-stripe-halving-nibble-i5-native-16sep,parfast-nibble-windowed-ask-1mib-16sep
2026-09-16T16:00:30.1962957Z WAIT ahead=nibble-crossover-quiet-box-confirm-16sep,parfast-stripe-halving-nibble-i5-native-16sep,parfast-nibble-windowed-ask-1mib-16sep
2026-09-16T16:02:30.2358791Z WAIT ahead=nibble-crossover-quiet-box-confirm-16sep,parfast-stripe-halving-nibble-i5-native-16sep,parfast-nibble-windowed-ask-1mib-16sep
2026-09-16T16:04:30.2532960Z WAIT ahead=nibble-crossover-quiet-box-confirm-16sep,parfast-stripe-halving-nibble-i5-native-16sep,parfast-nibble-windowed-ask-1mib-16sep
2026-09-16T16:06:30.3916784Z WAIT ahead=nibble-crossover-quiet-box-confirm-16sep,parfast-stripe-halving-nibble-i5-native-16sep,parfast-nibble-windowed-ask-1mib-16sep
2026-09-16T16:08:30.4116036Z WAIT ahead=nibble-crossover-quiet-box-confirm-16sep,parfast-stripe-halving-nibble-i5-native-16sep,parfast-nibble-windowed-ask-1mib-16sep
2026-09-16T16:10:30.4139713Z WAIT ahead=nibble-crossover-quiet-box-confirm-16sep,parfast-stripe-halving-nibble-i5-native-16sep,parfast-nibble-windowed-ask-1mib-16sep
2026-09-16T16:12:30.4272956Z WAIT ahead=nibble-crossover-quiet-box-confirm-16sep,parfast-stripe-halving-nibble-i5-native-16sep,parfast-nibble-windowed-ask-1mib-16sep
2026-09-16T16:14:30.4496527Z WAIT ahead=nibble-crossover-quiet-box-confirm-16sep,parfast-stripe-halving-nibble-i5-native-16sep,parfast-nibble-windowed-ask-1mib-16sep
2026-09-16T16:16:30.4747883Z WAIT ahead=nibble-crossover-quiet-box-confirm-16sep,parfast-stripe-halving-nibble-i5-native-16sep,parfast-nibble-windowed-ask-1mib-16sep
2026-09-16T16:18:30.4950885Z WAIT ahead=nibble-crossover-quiet-box-confirm-16sep,parfast-stripe-halving-nibble-i5-native-16sep,parfast-nibble-windowed-ask-1mib-16sep
2026-09-16T16:20:30.5183064Z WAIT ahead=nibble-crossover-quiet-box-confirm-16sep,parfast-stripe-halving-nibble-i5-native-16sep,parfast-nibble-windowed-ask-1mib-16sep
2026-09-16T16:22:30.5573523Z WAIT ahead=nibble-crossover-quiet-box-confirm-16sep,parfast-stripe-halving-nibble-i5-native-16sep,parfast-nibble-windowed-ask-1mib-16sep
2026-09-16T16:24:30.6668664Z WAIT ahead=nibble-crossover-quiet-box-confirm-16sep,parfast-stripe-halving-nibble-i5-native-16sep,parfast-nibble-windowed-ask-1mib-16sep
2026-09-16T16:26:30.7133894Z WAIT ahead=nibble-crossover-quiet-box-confirm-16sep,parfast-stripe-halving-nibble-i5-native-16sep,parfast-nibble-windowed-ask-1mib-16sep
2026-09-16T16:28:30.7312227Z WAIT ahead=nibble-crossover-quiet-box-confirm-16sep,parfast-stripe-halving-nibble-i5-native-16sep,parfast-nibble-windowed-ask-1mib-16sep
2026-09-16T16:30:30.7492074Z WAIT ahead=nibble-crossover-quiet-box-confirm-16sep,parfast-stripe-halving-nibble-i5-native-16sep,parfast-nibble-windowed-ask-1mib-16sep
2026-09-16T16:32:30.8015990Z WAIT ahead=nibble-crossover-quiet-box-confirm-16sep,parfast-stripe-halving-nibble-i5-native-16sep,parfast-nibble-windowed-ask-1mib-16sep
2026-09-16T16:34:30.9604705Z WAIT ahead=nibble-crossover-quiet-box-confirm-16sep,parfast-stripe-halving-nibble-i5-native-16sep,parfast-nibble-windowed-ask-1mib-16sep
2026-09-16T16:36:31.0170281Z WAIT ahead=nibble-crossover-quiet-box-confirm-16sep,parfast-stripe-halving-nibble-i5-native-16sep,parfast-nibble-windowed-ask-1mib-16sep
2026-09-16T16:38:31.0339616Z WAIT ahead=nibble-crossover-quiet-box-confirm-16sep,parfast-stripe-halving-nibble-i5-native-16sep,parfast-nibble-windowed-ask-1mib-16sep
2026-09-16T16:40:31.0648791Z WAIT ahead=nibble-crossover-quiet-box-confirm-16sep,parfast-stripe-halving-nibble-i5-native-16sep,parfast-nibble-windowed-ask-1mib-16sep
2026-09-16T16:42:31.5263666Z WAIT ahead=nibble-crossover-quiet-box-confirm-16sep,parfast-stripe-halving-nibble-i5-native-16sep,parfast-nibble-windowed-ask-1mib-16sep
2026-09-16T16:44:31.5391630Z WAIT ahead=nibble-crossover-quiet-box-confirm-16sep,parfast-stripe-halving-nibble-i5-native-16sep,parfast-nibble-windowed-ask-1mib-16sep
2026-09-16T16:46:31.5726424Z WAIT ahead=nibble-crossover-quiet-box-confirm-16sep,parfast-stripe-halving-nibble-i5-native-16sep,parfast-nibble-windowed-ask-1mib-16sep
2026-09-16T16:48:31.5898855Z WAIT ahead=nibble-crossover-quiet-box-confirm-16sep,parfast-stripe-halving-nibble-i5-native-16sep,parfast-nibble-windowed-ask-1mib-16sep
2026-09-16T16:50:31.6045483Z WAIT ahead=nibble-crossover-quiet-box-confirm-16sep,parfast-stripe-halving-nibble-i5-native-16sep,parfast-nibble-windowed-ask-1mib-16sep
2026-09-16T16:52:31.6219139Z WAIT ahead=nibble-crossover-quiet-box-confirm-16sep,parfast-stripe-halving-nibble-i5-native-16sep,parfast-nibble-windowed-ask-1mib-16sep
2026-09-16T16:54:31.6683963Z WAIT ahead=nibble-crossover-quiet-box-confirm-16sep,parfast-stripe-halving-nibble-i5-native-16sep,parfast-nibble-windowed-ask-1mib-16sep
2026-09-16T16:56:31.7045495Z WAIT ahead=nibble-crossover-quiet-box-confirm-16sep,parfast-stripe-halving-nibble-i5-native-16sep,parfast-nibble-windowed-ask-1mib-16sep
2026-09-16T16:58:31.7680168Z WAIT ahead=nibble-crossover-quiet-box-confirm-16sep,parfast-stripe-halving-nibble-i5-native-16sep,parfast-nibble-windowed-ask-1mib-16sep
2026-09-16T17:00:31.9477666Z WAIT ahead=nibble-crossover-quiet-box-confirm-16sep,parfast-stripe-halving-nibble-i5-native-16sep,parfast-nibble-windowed-ask-1mib-16sep
2026-09-16T17:02:32.0086520Z WAIT ahead=nibble-crossover-quiet-box-confirm-16sep,parfast-stripe-halving-nibble-i5-native-16sep,parfast-nibble-windowed-ask-1mib-16sep
2026-09-16T17:04:32.0280650Z WAIT ahead=nibble-crossover-quiet-box-confirm-16sep,parfast-stripe-halving-nibble-i5-native-16sep,parfast-nibble-windowed-ask-1mib-16sep
2026-09-16T17:06:32.0397301Z WAIT ahead=nibble-crossover-quiet-box-confirm-16sep,parfast-stripe-halving-nibble-i5-native-16sep,parfast-nibble-windowed-ask-1mib-16sep
2026-09-16T17:08:32.1216239Z WAIT ahead=nibble-crossover-quiet-box-confirm-16sep,parfast-stripe-halving-nibble-i5-native-16sep,parfast-nibble-windowed-ask-1mib-16sep
2026-09-16T17:10:32.1625660Z WAIT ahead=nibble-crossover-quiet-box-confirm-16sep,parfast-stripe-halving-nibble-i5-native-16sep,parfast-nibble-windowed-ask-1mib-16sep
2026-09-16T17:12:32.1770729Z WAIT ahead=nibble-crossover-quiet-box-confirm-16sep,parfast-stripe-halving-nibble-i5-native-16sep,parfast-nibble-windowed-ask-1mib-16sep
2026-09-16T17:14:32.5188143Z WAIT ahead=nibble-crossover-quiet-box-confirm-16sep,parfast-stripe-halving-nibble-i5-native-16sep,parfast-nibble-windowed-ask-1mib-16sep
2026-09-16T17:16:32.6069469Z WAIT ahead=nibble-crossover-quiet-box-confirm-16sep,parfast-stripe-halving-nibble-i5-native-16sep,parfast-nibble-windowed-ask-1mib-16sep
2026-09-16T17:18:32.6406372Z WAIT ahead=nibble-crossover-quiet-box-confirm-16sep,parfast-stripe-halving-nibble-i5-native-16sep,parfast-nibble-windowed-ask-1mib-16sep
2026-09-16T17:20:32.6678369Z WAIT ahead=nibble-crossover-quiet-box-confirm-16sep,parfast-stripe-halving-nibble-i5-native-16sep,parfast-nibble-windowed-ask-1mib-16sep
2026-09-16T17:22:32.8372354Z WAIT ahead=nibble-crossover-quiet-box-confirm-16sep,parfast-stripe-halving-nibble-i5-native-16sep,parfast-nibble-windowed-ask-1mib-16sep
2026-09-16T17:24:32.8632679Z WAIT ahead=nibble-crossover-quiet-box-confirm-16sep,parfast-stripe-halving-nibble-i5-native-16sep,parfast-nibble-windowed-ask-1mib-16sep
2026-09-16T17:26:32.8928138Z WAIT ahead=nibble-crossover-quiet-box-confirm-16sep,parfast-stripe-halving-nibble-i5-native-16sep,parfast-nibble-windowed-ask-1mib-16sep
2026-09-16T17:28:32.9230874Z WAIT ahead=nibble-crossover-quiet-box-confirm-16sep,parfast-stripe-halving-nibble-i5-native-16sep,parfast-nibble-windowed-ask-1mib-16sep
2026-09-16T17:30:32.9237180Z WAIT ahead=nibble-crossover-quiet-box-confirm-16sep,parfast-stripe-halving-nibble-i5-native-16sep,parfast-nibble-windowed-ask-1mib-16sep
2026-09-16T17:32:32.9399865Z WAIT ahead=nibble-crossover-quiet-box-confirm-16sep,parfast-stripe-halving-nibble-i5-native-16sep,parfast-nibble-windowed-ask-1mib-16sep
2026-09-16T17:34:32.9870805Z WAIT ahead=nibble-crossover-quiet-box-confirm-16sep,parfast-stripe-halving-nibble-i5-native-16sep,parfast-nibble-windowed-ask-1mib-16sep
2026-09-16T17:36:33.0093017Z WAIT ahead=nibble-crossover-quiet-box-confirm-16sep,parfast-stripe-halving-nibble-i5-native-16sep,parfast-nibble-windowed-ask-1mib-16sep
2026-09-16T17:38:33.0326171Z WAIT ahead=nibble-crossover-quiet-box-confirm-16sep,parfast-stripe-halving-nibble-i5-native-16sep,parfast-nibble-windowed-ask-1mib-16sep
2026-09-16T17:40:33.0836598Z WAIT ahead=nibble-crossover-quiet-box-confirm-16sep,parfast-stripe-halving-nibble-i5-native-16sep,parfast-nibble-windowed-ask-1mib-16sep
2026-09-16T17:42:33.1096634Z WAIT ahead=nibble-crossover-quiet-box-confirm-16sep,parfast-stripe-halving-nibble-i5-native-16sep,parfast-nibble-windowed-ask-1mib-16sep
2026-09-16T17:44:33.2500822Z WAIT ahead=nibble-crossover-quiet-box-confirm-16sep,parfast-stripe-halving-nibble-i5-native-16sep,parfast-nibble-windowed-ask-1mib-16sep
2026-09-16T17:46:33.2890298Z WAIT ahead=nibble-crossover-quiet-box-confirm-16sep,parfast-stripe-halving-nibble-i5-native-16sep,parfast-nibble-windowed-ask-1mib-16sep
2026-09-16T17:48:33.3156878Z WAIT ahead=nibble-crossover-quiet-box-confirm-16sep,parfast-stripe-halving-nibble-i5-native-16sep,parfast-nibble-windowed-ask-1mib-16sep
2026-09-16T17:50:33.5013545Z WAIT ahead=nibble-crossover-quiet-box-confirm-16sep,parfast-stripe-halving-nibble-i5-native-16sep,parfast-nibble-windowed-ask-1mib-16sep
2026-09-16T17:52:33.5423645Z WAIT ahead=nibble-crossover-quiet-box-confirm-16sep,parfast-stripe-halving-nibble-i5-native-16sep,parfast-nibble-windowed-ask-1mib-16sep
2026-09-16T17:54:33.5684711Z WAIT ahead=nibble-crossover-quiet-box-confirm-16sep,parfast-stripe-halving-nibble-i5-native-16sep,parfast-nibble-windowed-ask-1mib-16sep
2026-09-16T17:56:33.5865496Z WAIT ahead=nibble-crossover-quiet-box-confirm-16sep,parfast-stripe-halving-nibble-i5-native-16sep,parfast-nibble-windowed-ask-1mib-16sep
2026-09-16T17:58:33.6040041Z WAIT ahead=nibble-crossover-quiet-box-confirm-16sep,parfast-stripe-halving-nibble-i5-native-16sep,parfast-nibble-windowed-ask-1mib-16sep
2026-09-16T18:00:33.7615877Z WAIT ahead=nibble-crossover-quiet-box-confirm-16sep,parfast-stripe-halving-nibble-i5-native-16sep,parfast-nibble-windowed-ask-1mib-16sep
2026-09-16T18:02:33.8118679Z WAIT ahead=nibble-crossover-quiet-box-confirm-16sep,parfast-stripe-halving-nibble-i5-native-16sep,parfast-nibble-windowed-ask-1mib-16sep
2026-09-16T18:04:33.9829577Z WAIT ahead=nibble-crossover-quiet-box-confirm-16sep,parfast-stripe-halving-nibble-i5-native-16sep,parfast-nibble-windowed-ask-1mib-16sep
2026-09-16T18:06:34.0089091Z WAIT ahead=nibble-crossover-quiet-box-confirm-16sep,parfast-stripe-halving-nibble-i5-native-16sep,parfast-nibble-windowed-ask-1mib-16sep
2026-09-16T18:08:34.0203878Z WAIT ahead=nibble-crossover-quiet-box-confirm-16sep,parfast-stripe-halving-nibble-i5-native-16sep,parfast-nibble-windowed-ask-1mib-16sep
2026-09-16T18:10:34.0455013Z WAIT ahead=nibble-crossover-quiet-box-confirm-16sep,parfast-stripe-halving-nibble-i5-native-16sep,parfast-nibble-windowed-ask-1mib-16sep
2026-09-16T18:12:34.0747021Z WAIT ahead=nibble-crossover-quiet-box-confirm-16sep,parfast-stripe-halving-nibble-i5-native-16sep,parfast-nibble-windowed-ask-1mib-16sep
2026-09-16T18:14:34.0809532Z WAIT ahead=nibble-crossover-quiet-box-confirm-16sep,parfast-stripe-halving-nibble-i5-native-16sep,parfast-nibble-windowed-ask-1mib-16sep
2026-09-16T18:16:34.1360693Z WAIT ahead=nibble-crossover-quiet-box-confirm-16sep,parfast-stripe-halving-nibble-i5-native-16sep,parfast-nibble-windowed-ask-1mib-16sep
2026-09-16T18:18:34.1850621Z WAIT ahead=nibble-crossover-quiet-box-confirm-16sep,parfast-stripe-halving-nibble-i5-native-16sep,parfast-nibble-windowed-ask-1mib-16sep
2026-09-16T18:20:34.2386149Z WAIT ahead=nibble-crossover-quiet-box-confirm-16sep,parfast-stripe-halving-nibble-i5-native-16sep,parfast-nibble-windowed-ask-1mib-16sep
2026-09-16T18:22:34.3084214Z WAIT ahead=nibble-crossover-quiet-box-confirm-16sep,parfast-stripe-halving-nibble-i5-native-16sep,parfast-nibble-windowed-ask-1mib-16sep
2026-09-16T18:24:34.3618686Z WAIT ahead=nibble-crossover-quiet-box-confirm-16sep,parfast-stripe-halving-nibble-i5-native-16sep,parfast-nibble-windowed-ask-1mib-16sep
2026-09-16T18:26:34.4088262Z WAIT ahead=nibble-crossover-quiet-box-confirm-16sep,parfast-stripe-halving-nibble-i5-native-16sep,parfast-nibble-windowed-ask-1mib-16sep
2026-09-16T18:28:34.4638581Z WAIT ahead=nibble-crossover-quiet-box-confirm-16sep,parfast-stripe-halving-nibble-i5-native-16sep,parfast-nibble-windowed-ask-1mib-16sep
2026-09-16T18:30:34.4912950Z WAIT ahead=nibble-crossover-quiet-box-confirm-16sep,parfast-stripe-halving-nibble-i5-native-16sep,parfast-nibble-windowed-ask-1mib-16sep
2026-09-16T18:32:34.5526687Z WAIT ahead=nibble-crossover-quiet-box-confirm-16sep,parfast-stripe-halving-nibble-i5-native-16sep,parfast-nibble-windowed-ask-1mib-16sep
2026-09-16T18:34:34.6084102Z WAIT ahead=nibble-crossover-quiet-box-confirm-16sep,parfast-stripe-halving-nibble-i5-native-16sep,parfast-nibble-windowed-ask-1mib-16sep
2026-09-16T18:36:34.6606786Z WAIT ahead=nibble-crossover-quiet-box-confirm-16sep,parfast-stripe-halving-nibble-i5-native-16sep,parfast-nibble-windowed-ask-1mib-16sep
2026-09-16T18:38:34.7040542Z WAIT ahead=nibble-crossover-quiet-box-confirm-16sep,parfast-stripe-halving-nibble-i5-native-16sep,parfast-nibble-windowed-ask-1mib-16sep
2026-09-16T18:40:34.7359835Z WAIT ahead=nibble-crossover-quiet-box-confirm-16sep,parfast-stripe-halving-nibble-i5-native-16sep,parfast-nibble-windowed-ask-1mib-16sep
2026-09-16T18:42:34.7876142Z WAIT ahead=parfast-stripe-halving-nibble-i5-native-16sep,parfast-nibble-windowed-ask-1mib-16sep
2026-09-16T18:44:34.8506477Z WAIT ahead=parfast-stripe-halving-nibble-i5-native-16sep,parfast-nibble-windowed-ask-1mib-16sep
2026-09-16T18:46:34.8894621Z WAIT ahead=parfast-stripe-halving-nibble-i5-native-16sep,parfast-nibble-windowed-ask-1mib-16sep
2026-09-16T18:48:34.9277756Z WAIT ahead=parfast-stripe-halving-nibble-i5-native-16sep,parfast-nibble-windowed-ask-1mib-16sep
2026-09-16T18:50:34.9875844Z WAIT ahead=parfast-stripe-halving-nibble-i5-native-16sep,parfast-nibble-windowed-ask-1mib-16sep
2026-09-16T18:52:35.0278232Z WAIT ahead=parfast-stripe-halving-nibble-i5-native-16sep,parfast-nibble-windowed-ask-1mib-16sep
2026-09-16T18:54:35.0852259Z WAIT ahead=parfast-stripe-halving-nibble-i5-native-16sep,parfast-nibble-windowed-ask-1mib-16sep
2026-09-16T18:56:35.1435426Z WAIT ahead=parfast-stripe-halving-nibble-i5-native-16sep,parfast-nibble-windowed-ask-1mib-16sep
2026-09-16T18:58:35.1825649Z WAIT ahead=parfast-stripe-halving-nibble-i5-native-16sep,parfast-nibble-windowed-ask-1mib-16sep
2026-09-16T19:00:35.2422462Z WAIT ahead=parfast-stripe-halving-nibble-i5-native-16sep,parfast-nibble-windowed-ask-1mib-16sep
2026-09-16T19:02:35.2791989Z WAIT ahead=parfast-stripe-halving-nibble-i5-native-16sep,parfast-nibble-windowed-ask-1mib-16sep
2026-09-16T19:04:35.3260513Z WAIT ahead=parfast-stripe-halving-nibble-i5-native-16sep,parfast-nibble-windowed-ask-1mib-16sep
2026-09-16T19:06:35.3439483Z WAIT ahead=parfast-stripe-halving-nibble-i5-native-16sep,parfast-nibble-windowed-ask-1mib-16sep
2026-09-16T19:08:35.5145567Z WAIT ahead=parfast-stripe-halving-nibble-i5-native-16sep,parfast-nibble-windowed-ask-1mib-16sep
2026-09-16T19:10:35.5580694Z WAIT ahead=parfast-stripe-halving-nibble-i5-native-16sep,parfast-nibble-windowed-ask-1mib-16sep
2026-09-16T19:12:35.5771423Z WAIT ahead=parfast-stripe-halving-nibble-i5-native-16sep,parfast-nibble-windowed-ask-1mib-16sep
2026-09-16T19:14:35.6054644Z WAIT ahead=parfast-stripe-halving-nibble-i5-native-16sep,parfast-nibble-windowed-ask-1mib-16sep
2026-09-16T19:16:35.6249957Z WAIT ahead=parfast-stripe-halving-nibble-i5-native-16sep,parfast-nibble-windowed-ask-1mib-16sep
2026-09-16T19:18:35.6683349Z WAIT ahead=parfast-stripe-halving-nibble-i5-native-16sep,parfast-nibble-windowed-ask-1mib-16sep
2026-09-16T19:20:35.7342866Z WAIT ahead=parfast-stripe-halving-nibble-i5-native-16sep,parfast-nibble-windowed-ask-1mib-16sep
2026-09-16T19:22:35.7648917Z WAIT ahead=parfast-stripe-halving-nibble-i5-native-16sep,parfast-nibble-windowed-ask-1mib-16sep
2026-09-16T19:24:35.9398196Z WAIT ahead=parfast-stripe-halving-nibble-i5-native-16sep,parfast-nibble-windowed-ask-1mib-16sep
2026-09-16T19:26:36.0134606Z WAIT ahead=parfast-stripe-halving-nibble-i5-native-16sep,parfast-nibble-windowed-ask-1mib-16sep
2026-09-16T19:28:36.0546312Z WAIT ahead=parfast-stripe-halving-nibble-i5-native-16sep,parfast-nibble-windowed-ask-1mib-16sep
2026-09-16T19:30:36.2601507Z WAIT ahead=parfast-stripe-halving-nibble-i5-native-16sep,parfast-nibble-windowed-ask-1mib-16sep
2026-09-16T19:32:36.5395216Z WAIT ahead=parfast-stripe-halving-nibble-i5-native-16sep,parfast-nibble-windowed-ask-1mib-16sep
2026-09-16T19:34:36.6149561Z WAIT ahead=parfast-stripe-halving-nibble-i5-native-16sep,parfast-nibble-windowed-ask-1mib-16sep
2026-09-16T19:36:36.8419943Z WAIT ahead=parfast-stripe-halving-nibble-i5-native-16sep,parfast-nibble-windowed-ask-1mib-16sep
2026-09-16T19:38:36.9741128Z WAIT ahead=parfast-stripe-halving-nibble-i5-native-16sep,parfast-nibble-windowed-ask-1mib-16sep
2026-09-16T19:40:36.9963511Z WAIT ahead=parfast-stripe-halving-nibble-i5-native-16sep,parfast-nibble-windowed-ask-1mib-16sep
2026-09-16T19:42:37.0225800Z WAIT ahead=parfast-stripe-halving-nibble-i5-native-16sep,parfast-nibble-windowed-ask-1mib-16sep
2026-09-16T19:44:37.2746655Z WAIT ahead=parfast-stripe-halving-nibble-i5-native-16sep,parfast-nibble-windowed-ask-1mib-16sep
2026-09-16T19:46:37.3450130Z WAIT ahead=parfast-stripe-halving-nibble-i5-native-16sep,parfast-nibble-windowed-ask-1mib-16sep
2026-09-16T19:48:37.3662646Z WAIT ahead=parfast-stripe-halving-nibble-i5-native-16sep,parfast-nibble-windowed-ask-1mib-16sep
2026-09-16T19:50:37.5362114Z WAIT ahead=parfast-stripe-halving-nibble-i5-native-16sep,parfast-nibble-windowed-ask-1mib-16sep
2026-09-16T19:52:37.6004293Z WAIT ahead=parfast-stripe-halving-nibble-i5-native-16sep,parfast-nibble-windowed-ask-1mib-16sep
2026-09-16T19:54:37.9108588Z WAIT ahead=parfast-stripe-halving-nibble-i5-native-16sep,parfast-nibble-windowed-ask-1mib-16sep
2026-09-16T19:56:37.9655905Z WAIT ahead=parfast-stripe-halving-nibble-i5-native-16sep,parfast-nibble-windowed-ask-1mib-16sep
2026-09-16T19:58:37.9899425Z WAIT ahead=parfast-stripe-halving-nibble-i5-native-16sep,parfast-nibble-windowed-ask-1mib-16sep
2026-09-16T20:00:38.0131412Z WAIT ahead=parfast-stripe-halving-nibble-i5-native-16sep,parfast-nibble-windowed-ask-1mib-16sep
2026-09-16T20:02:38.0532228Z WAIT ahead=parfast-stripe-halving-nibble-i5-native-16sep,parfast-nibble-windowed-ask-1mib-16sep
2026-09-16T20:04:38.0935323Z WAIT ahead=parfast-stripe-halving-nibble-i5-native-16sep,parfast-nibble-windowed-ask-1mib-16sep
2026-09-16T20:06:38.1455863Z WAIT ahead=parfast-stripe-halving-nibble-i5-native-16sep,parfast-nibble-windowed-ask-1mib-16sep
2026-09-16T20:08:38.1692090Z WAIT ahead=parfast-stripe-halving-nibble-i5-native-16sep,parfast-nibble-windowed-ask-1mib-16sep
2026-09-16T20:10:38.3777233Z WAIT ahead=parfast-stripe-halving-nibble-i5-native-16sep,parfast-nibble-windowed-ask-1mib-16sep
2026-09-16T20:12:38.5840033Z WAIT ahead=parfast-stripe-halving-nibble-i5-native-16sep,parfast-nibble-windowed-ask-1mib-16sep
2026-09-16T20:14:38.7986278Z WAIT ahead=parfast-stripe-halving-nibble-i5-native-16sep,parfast-nibble-windowed-ask-1mib-16sep
2026-09-16T20:16:38.8641165Z WAIT ahead=parfast-stripe-halving-nibble-i5-native-16sep,parfast-nibble-windowed-ask-1mib-16sep
2026-09-16T20:18:39.1566114Z WAIT ahead=parfast-stripe-halving-nibble-i5-native-16sep,parfast-nibble-windowed-ask-1mib-16sep
2026-09-16T20:20:39.3355192Z WAIT ahead=parfast-stripe-halving-nibble-i5-native-16sep,parfast-nibble-windowed-ask-1mib-16sep
2026-09-16T20:22:39.3539855Z WAIT ahead=parfast-stripe-halving-nibble-i5-native-16sep,parfast-nibble-windowed-ask-1mib-16sep
2026-09-16T20:24:39.5152177Z WAIT ahead=parfast-stripe-halving-nibble-i5-native-16sep,parfast-nibble-windowed-ask-1mib-16sep
2026-09-16T20:26:39.6759399Z WAIT ahead=parfast-stripe-halving-nibble-i5-native-16sep,parfast-nibble-windowed-ask-1mib-16sep
2026-09-16T20:28:39.9292498Z WAIT ahead=parfast-stripe-halving-nibble-i5-native-16sep,parfast-nibble-windowed-ask-1mib-16sep
2026-09-16T20:30:40.0211852Z WAIT ahead=parfast-stripe-halving-nibble-i5-native-16sep,parfast-nibble-windowed-ask-1mib-16sep
2026-09-16T20:32:40.0520426Z WAIT ahead=parfast-stripe-halving-nibble-i5-native-16sep,parfast-nibble-windowed-ask-1mib-16sep
2026-09-16T20:34:40.0868696Z WAIT ahead=parfast-stripe-halving-nibble-i5-native-16sep,parfast-nibble-windowed-ask-1mib-16sep
2026-09-16T20:36:40.1233261Z WAIT ahead=parfast-stripe-halving-nibble-i5-native-16sep,parfast-nibble-windowed-ask-1mib-16sep
2026-09-16T20:38:40.1656182Z WAIT ahead=parfast-stripe-halving-nibble-i5-native-16sep,parfast-nibble-windowed-ask-1mib-16sep
2026-09-16T20:40:40.2307575Z WAIT ahead=parfast-stripe-halving-nibble-i5-native-16sep,parfast-nibble-windowed-ask-1mib-16sep
2026-09-16T20:42:40.2617536Z WAIT ahead=parfast-stripe-halving-nibble-i5-native-16sep,parfast-nibble-windowed-ask-1mib-16sep
2026-09-16T20:44:40.5147437Z WAIT ahead=parfast-stripe-halving-nibble-i5-native-16sep,parfast-nibble-windowed-ask-1mib-16sep
2026-09-16T20:46:41.3268589Z WAIT ahead=parfast-stripe-halving-nibble-i5-native-16sep,parfast-nibble-windowed-ask-1mib-16sep
2026-09-16T20:48:41.3802099Z WAIT ahead=parfast-stripe-halving-nibble-i5-native-16sep,parfast-nibble-windowed-ask-1mib-16sep
2026-09-16T20:50:41.4298369Z WAIT ahead=parfast-stripe-halving-nibble-i5-native-16sep,parfast-nibble-windowed-ask-1mib-16sep
2026-09-16T20:52:41.4915231Z WAIT ahead=parfast-stripe-halving-nibble-i5-native-16sep,parfast-nibble-windowed-ask-1mib-16sep
2026-09-16T20:54:41.5665315Z WAIT ahead=parfast-stripe-halving-nibble-i5-native-16sep
2026-09-16T20:56:41.6186987Z WAIT ahead=parfast-stripe-halving-nibble-i5-native-16sep
2026-09-16T20:58:41.6709822Z WAIT ahead=parfast-stripe-halving-nibble-i5-native-16sep
2026-09-16T21:00:41.6951965Z FREE-1 ahead-list clear and box free; confirming in 60s
2026-09-16T21:01:41.7253639Z FREE-2 confirmed - taking the box
2026-09-16T21:01:41.7414589Z CLAIM posted; launching t6ctl.ps1
2026-09-16T22:24:38.9243834Z T6CTL rc=0
2026-09-16T22:24:38.9243834Z T6WAIT done rc=0
