=== P0a-128m-cold-PIN32-floor-w1-vs-w2   set=set-4x128 cache=cold runs=32   box_before:  2.20 2.17 2.22   foreign_1core:  99.8 /usr/libexec/spotlightknowledged.updater
  ... 16/64
  ... 32/64
  ... 48/64
  ... 64/64

P0a-128m-cold-PIN32-floor-w1-vs-w2  drop=2 width=default runs=32/arm cache=cold
  base   median  180.750 ms   min  179.627   span 179.6-587.5   process CPU   180.1 ms
  new    median  176.678 ms   min  175.879   span 175.9-341.2   process CPU   214.8 ms
  new/base  median 0.977   min/min 0.979
  cache cold: resident before 49154-49154/49154 (100.00-100.00%), after 0-0/49154 (0.00% worst)
  kept set sha256 41fa3d0eb56f7311 unchanged
    box_after:  2.37 2.21 2.23

=== P0a-128m-cold-PIN32-floor-w1-vs-w3   set=set-4x128 cache=cold runs=32   box_before:  2.37 2.21 2.23   foreign_1core: 100.0 /usr/libexec/spotlightknowledged.updater
  ... 16/64
  ... 32/64
  ... 48/64
  ... 64/64

P0a-128m-cold-PIN32-floor-w1-vs-w3  drop=2 width=default runs=32/arm cache=cold
  base   median  180.605 ms   min  179.378   span 179.4-182.8   process CPU   180.2 ms
  new    median  175.669 ms   min  173.727   span 173.7-185.0   process CPU   242.3 ms
  new/base  median 0.973   min/min 0.968
  cache cold: resident before 49154-49154/49154 (100.00-100.00%), after 0-0/49154 (0.00% worst)
  kept set sha256 41fa3d0eb56f7311 unchanged
    box_after:  2.26 2.20 2.22

=== P0a-128m-cold-PIN32-floor-w1-vs-w4   set=set-4x128 cache=cold runs=32   box_before:  2.26 2.20 2.22   foreign_1core: 100.0 /usr/libexec/spotlightknowledged.updater
  ... 16/64
  ... 32/64
  ... 48/64
  ... 64/64

P0a-128m-cold-PIN32-floor-w1-vs-w4  drop=2 width=default runs=32/arm cache=cold
  base   median  180.577 ms   min  179.354   span 179.4-185.8   process CPU   179.7 ms
  new    median  180.611 ms   min  178.564   span 178.6-185.8   process CPU   293.0 ms
  new/base  median 1.000   min/min 0.996
  cache cold: resident before 49154-49154/49154 (100.00-100.00%), after 0-0/49154 (0.00% worst)
  kept set sha256 41fa3d0eb56f7311 unchanged
    box_after:  2.45 2.25 2.24

=== P0a-128m-cold-PIN32-floor-w1-vs-w8   set=set-4x128 cache=cold runs=32   box_before:  2.45 2.25 2.24   foreign_1core: 100.0 /usr/libexec/spotlightknowledged.updater
  ... 16/64
  ... 32/64
  ... 48/64
  ... 64/64

P0a-128m-cold-PIN32-floor-w1-vs-w8  drop=2 width=default runs=32/arm cache=cold
  base   median  180.717 ms   min  178.696   span 178.7-183.7   process CPU   180.7 ms
  new    median  214.702 ms   min  210.847   span 210.8-225.9   process CPU   812.0 ms
  new/base  median 1.188   min/min 1.180
  cache cold: resident before 49154-49154/49154 (100.00-100.00%), after 0-0/49154 (0.00% worst)
  kept set sha256 41fa3d0eb56f7311 unchanged
    box_after:  2.79 2.34 2.28

=== P0a-128m-cold-PIN32-AA-floor-w1   set=set-4x128 cache=cold runs=32   box_before:  2.79 2.34 2.28   foreign_1core: 100.2 /usr/libexec/spotlightknowledged.updater
  ... 16/64
  ... 32/64
  ... 48/64
  ... 64/64

P0a-128m-cold-PIN32-AA-floor-w1  drop=2 width=default runs=32/arm cache=cold
  base   median  181.034 ms   min  179.044   span 179.0-185.3   process CPU   179.5 ms
  new    median  180.748 ms   min  178.407   span 178.4-193.7   process CPU   179.3 ms
  new/base  median 0.998   min/min 0.996
  cache cold: resident before 49154-49154/49154 (100.00-100.00%), after 0-0/49154 (0.00% worst)
  kept set sha256 41fa3d0eb56f7311 unchanged
    box_after:  2.70 2.35 2.28

