=== P3-128m-cold-PIN32-AA-floor-w1-head   set=set-4x128 cache=cold runs=32   box_before:  5.01 4.59 3.67   foreign_1core: 200.5 /usr/libexec/spotlightknowledged.updater
  ... 16/64
  ... 32/64
  ... 48/64
  ... 64/64

P3-128m-cold-PIN32-AA-floor-w1-head  drop=2 width=default runs=32/arm cache=cold
  base   median  181.922 ms   min  179.432   span 179.4-266.6   process CPU   180.0 ms
  new    median  182.149 ms   min  180.175   span 180.2-266.8   process CPU   180.6 ms
  new/base  median 1.001   min/min 1.004
  cache cold: resident before 49154-49154/49154 (100.00-100.00%), after 0-0/49154 (0.00% worst)
  kept set sha256 41fa3d0eb56f7311 unchanged
    box_after:  4.52 4.51 3.66

=== P3-128m-cold-PIN32-floor-w1-vs-w3   set=set-4x128 cache=cold runs=32   box_before:  4.52 4.51 3.66   foreign_1core: 229.9 /usr/libexec/spotlightknowledged.updater
  ... 16/64
  ... 32/64
  ... 48/64
  ... 64/64

P3-128m-cold-PIN32-floor-w1-vs-w3  drop=2 width=default runs=32/arm cache=cold
  base   median  181.259 ms   min  179.611   span 179.6-182.7   process CPU   180.2 ms
  new    median  175.966 ms   min  174.503   span 174.5-180.0   process CPU   240.3 ms
  new/base  median 0.971   min/min 0.972
  cache cold: resident before 49154-49154/49154 (100.00-100.00%), after 0-0/49154 (0.00% worst)
  kept set sha256 41fa3d0eb56f7311 unchanged
    box_after:  4.57 4.52 3.69

=== P3-128m-cold-PIN20-floor-w1-vs-w3   set=set-4x128 cache=cold runs=32   box_before:  4.57 4.52 3.69   foreign_1core: 209.7 /usr/libexec/spotlightknowledged.updater
  ... 16/64
  ... 32/64
  ... 48/64
  ... 64/64

P3-128m-cold-PIN20-floor-w1-vs-w3  drop=2 width=default runs=32/arm cache=cold
  base   median  180.729 ms   min  179.433   span 179.4-185.6   process CPU   178.8 ms
  new    median  174.844 ms   min  173.528   span 173.5-179.3   process CPU   230.0 ms
  new/base  median 0.967   min/min 0.967
  cache cold: resident before 49154-49154/49154 (100.00-100.00%), after 0-0/49154 (0.00% worst)
  kept set sha256 41fa3d0eb56f7311 unchanged
    box_after:  4.20 4.44 3.67

=== P3-128m-cold-PIN12-floor-w1-vs-w3   set=set-4x128 cache=cold runs=32   box_before:  4.20 4.44 3.67   foreign_1core: 199.0 /usr/libexec/spotlightknowledged.updater
  ... 16/64
  ... 32/64
  ... 48/64
  ... 64/64

P3-128m-cold-PIN12-floor-w1-vs-w3  drop=2 width=default runs=32/arm cache=cold
  base   median  181.141 ms   min  180.483   span 180.5-182.7   process CPU   179.2 ms
  new    median  174.683 ms   min  173.441   span 173.4-178.9   process CPU   224.7 ms
  new/base  median 0.964   min/min 0.961
  cache cold: resident before 49154-49154/49154 (100.00-100.00%), after 0-0/49154 (0.00% worst)
  kept set sha256 41fa3d0eb56f7311 unchanged
    box_after:  4.88 4.59 3.75

=== P3-128m-cold-PIN8-floor-w1-vs-w3   set=set-4x128 cache=cold runs=32   box_before:  4.88 4.59 3.75   foreign_1core: 207.3 /usr/libexec/spotlightknowledged.updater
  ... 16/64
  ... 32/64
  ... 48/64
  ... 64/64

P3-128m-cold-PIN8-floor-w1-vs-w3  drop=2 width=default runs=32/arm cache=cold
  base   median  180.870 ms   min  178.764   span 178.8-182.9   process CPU   178.7 ms
  new    median  174.431 ms   min  173.056   span 173.1-178.1   process CPU   221.6 ms
  new/base  median 0.964   min/min 0.968
  cache cold: resident before 49154-49154/49154 (100.00-100.00%), after 0-0/49154 (0.00% worst)
  kept set sha256 41fa3d0eb56f7311 unchanged
    box_after:  4.35 4.48 3.73

=== P3-128m-cold-PIN4-floor-w1-vs-w3   set=set-4x128 cache=cold runs=32   box_before:  4.35 4.48 3.73   foreign_1core: 242.6 /usr/libexec/spotlightknowledged.updater
  ... 16/64
  ... 32/64
  ... 48/64
  ... 64/64

P3-128m-cold-PIN4-floor-w1-vs-w3  drop=2 width=default runs=32/arm cache=cold
  base   median  180.851 ms   min  179.250   span 179.2-183.7   process CPU   178.1 ms
  new    median  171.707 ms   min  170.626   span 170.6-175.0   process CPU   202.0 ms
  new/base  median 0.949   min/min 0.952
  cache cold: resident before 49154-49154/49154 (100.00-100.00%), after 0-0/49154 (0.00% worst)
  kept set sha256 41fa3d0eb56f7311 unchanged
    box_after:  4.11 4.42 3.72

=== P3-128m-cold-PIN32-AA-floor-w1-tail   set=set-4x128 cache=cold runs=32   box_before:  4.11 4.42 3.72   foreign_1core: 199.8 /usr/libexec/spotlightknowledged.updater
  ... 16/64
  ... 32/64
  ... 48/64
  ... 64/64

P3-128m-cold-PIN32-AA-floor-w1-tail  drop=2 width=default runs=32/arm cache=cold
  base   median  181.358 ms   min  180.035   span 180.0-185.2   process CPU   179.9 ms
  new    median  181.010 ms   min  180.424   span 180.4-194.4   process CPU   180.1 ms
  new/base  median 0.998   min/min 1.002
  cache cold: resident before 49154-49154/49154 (100.00-100.00%), after 0-0/49154 (0.00% worst)
  kept set sha256 41fa3d0eb56f7311 unchanged
    box_after:  3.80 4.33 3.70

