RIG-LOCK-TAKEN <rig>\.parfast-rig.lock round=cband pid=10092 started=2026-09-18T01:50:04.8356270Z
ROUND tag=cband phase=create root=<rig>\crband-18sep bin=<rig>\crband-18sep\src\target\release\parfast.exe reps=1 gf16force= start=2026-09-18T01:50:04.8571679Z
BOX host=intel-core-ultra-9-386h cpu=Intel(R) Core(TM) Ultra 9 386H caption=Intel64 Family 6 Model 204 Stepping 2 cores=16 threads=16 ram_gb=31.4 os=Microsoft Windows 11 Home build=10.0.26200 Cfree_gb=455
HARNESS plib.ps1 sha256=1a7140689ac3d6c0c6f27a142099c115cabbe87fedc7adff00f5a881fec3c63d bytes=100991
HARNESS wcomb.ps1 sha256=70fe0efe3de9ca50cafa7426e6a44fcb8056e921a8faacd5f5be2c5d615aa709 bytes=60590
HARNESS-RIG plib.ps1:1a7140689ac3d6c0+wcomb.ps1:70fe0efe3de9ca50
SRC-NOINDEX-ENTRY rc=0 src=<rig>\crband-18sep\src
BIN parfast sha256=190050e775fe662f569ea432cbf036dd50c43f12c7793a6d0ded52f4621821ce bytes=4173312 version=parfast version 1.5.0-beta.3 built from unknown
CREATE rc=0 wall=20.527 cpu=282.609 peak_mb=19079.7
FIXTURE-NOINDEX rc=0 fix=<rig>\crband-18sep\fix-4194304-1024
SRC-NOINDEX rc=0 src=<rig>\crband-18sep\src
FIXTURE fix=<rig>\crband-18sep\fix-4194304-1024 members=16 slice=4194304 n=4096 parfiles=11
FIXTURE-RECOVERY 640 source=shape.txt
FIXTURE-SETTLE-WAIT foreign_cpu=103.5 thresh=25 waited_s=1 cap_s=1200 at=fixture-cband
FIXTURE-SETTLE-WAIT foreign_cpu=104.9 thresh=25 waited_s=101 cap_s=1200 at=fixture-cband
FIXTURE-SETTLE-WAIT foreign_cpu=123.3 thresh=25 waited_s=223 cap_s=1200 at=fixture-cband
FIXTURE-SETTLE-WAIT foreign_cpu=104.2 thresh=25 waited_s=367 cap_s=1200 at=fixture-cband
FIXTURE-SETTLE-WAIT foreign_cpu=94.4 thresh=25 waited_s=489 cap_s=1200 at=fixture-cband
FIXTURE-SETTLE-WAIT foreign_cpu=93.2 thresh=25 waited_s=556 cap_s=1200 at=fixture-cband
FIXTURE-SETTLE-WAIT foreign_cpu=84.1 thresh=25 waited_s=634 cap_s=1200 at=fixture-cband
FIXTURE-SETTLE-WAIT foreign_cpu=97.5 thresh=25 waited_s=756 cap_s=1200 at=fixture-cband
FIXTURE-SETTLE-WAIT foreign_cpu=111.5 thresh=25 waited_s=867 cap_s=1200 at=fixture-cband
FIXTURE-SETTLE ok=1 foreign_cpu=16.9 thresh=25 waited_s=989 busy_samples=53 at=fixture-cband ts=2026-09-18T02:07:46.2763791Z
LEG round=c-m384-big-fold-t16-r1 label=4mcb-band slice=4194304 payload=random n=4096 phase=create rep=1 m=384 budget=big arm=fold ntt_budget=21474836480 threads=16 prof=0 rc=0 restored=16/16 match=1 out_files=10 out_bytes=1614490748 wall=16.142 cpu=248.359 peak_mb=2446.8 path=fold route=none windows=0 win_slices=none residency=resident cold_builds=0 gf16force= foreign_cpu=3.1 foreign_after=115 load_before=1 load_after=5 errlen=1403 rig=plib.ps1:1a7140689ac3d6c0+wcomb.ps1:70fe0efe3de9ca50 ts=2026-09-18T02:08:08.9870258Z
LEG round=c-m384-big-force-t16-r1 label=4mcb-band slice=4194304 payload=random n=4096 phase=create rep=1 m=384 budget=big arm=force ntt_budget=21474836480 threads=16 prof=0 rc=0 restored=16/16 match=1 out_files=10 out_bytes=1614490748 wall=19.627 cpu=271.547 peak_mb=18022.4 path=ntt route=mapped windows=1 win_slices=mapped residency=resident cold_builds=1 gf16force= foreign_cpu=4.6 foreign_after=46.2 load_before=0 load_after=1 errlen=1325 rig=plib.ps1:1a7140689ac3d6c0+wcomb.ps1:70fe0efe3de9ca50 ts=2026-09-18T02:08:35.0892785Z
LEG round=c-m384-big-force2-t16-r1 label=4mcb-band slice=4194304 payload=random n=4096 phase=create rep=1 m=384 budget=big arm=force2 ntt_budget=21474836480 threads=16 prof=0 rc=0 restored=16/16 match=1 out_files=10 out_bytes=1614490748 wall=20.245 cpu=288.906 peak_mb=18010.7 path=ntt route=mapped windows=1 win_slices=mapped residency=resident cold_builds=1 gf16force= foreign_cpu=3.1 foreign_after=18.7 load_before=0 load_after=9 errlen=1325 rig=plib.ps1:1a7140689ac3d6c0+wcomb.ps1:70fe0efe3de9ca50 ts=2026-09-18T02:09:01.7344744Z
LEG round=c-m384-big-fold2-t16-r1 label=4mcb-band slice=4194304 payload=random n=4096 phase=create rep=1 m=384 budget=big arm=fold2 ntt_budget=21474836480 threads=16 prof=0 rc=0 restored=16/16 match=1 out_files=10 out_bytes=1614490748 wall=21.593 cpu=336.438 peak_mb=2447.7 path=fold route=none windows=0 win_slices=none residency=resident cold_builds=0 gf16force= foreign_cpu=4.6 foreign_after=15.3 load_before=2 load_after=2 errlen=1403 rig=plib.ps1:1a7140689ac3d6c0+wcomb.ps1:70fe0efe3de9ca50 ts=2026-09-18T02:09:29.8220246Z
LEG round=c-m392-big-fold-t16-r1 label=4mcb-band slice=4194304 payload=random n=4096 phase=create rep=1 m=392 budget=big arm=fold ntt_budget=21474836480 threads=16 prof=0 rc=0 restored=16/16 match=1 out_files=10 out_bytes=1648045724 wall=22.742 cpu=354.641 peak_mb=2388.8 path=fold route=none windows=0 win_slices=none residency=resident cold_builds=0 gf16force= foreign_cpu=3 foreign_after=12.1 load_before=6 load_after=4 errlen=1404 rig=plib.ps1:1a7140689ac3d6c0+wcomb.ps1:70fe0efe3de9ca50 ts=2026-09-18T02:09:59.0655172Z
LEG round=c-m392-big-force-t16-r1 label=4mcb-band slice=4194304 payload=random n=4096 phase=create rep=1 m=392 budget=big arm=force ntt_budget=21474836480 threads=16 prof=0 rc=0 restored=16/16 match=1 out_files=10 out_bytes=1648045724 wall=22.24 cpu=321.094 peak_mb=18051.3 path=ntt route=mapped windows=1 win_slices=mapped residency=resident cold_builds=1 gf16force= foreign_cpu=6.1 foreign_after=21.6 load_before=0 load_after=6 errlen=1324 rig=plib.ps1:1a7140689ac3d6c0+wcomb.ps1:70fe0efe3de9ca50 ts=2026-09-18T02:10:27.7875084Z
LEG round=c-m392-big-force2-t16-r1 label=4mcb-band slice=4194304 payload=random n=4096 phase=create rep=1 m=392 budget=big arm=force2 ntt_budget=21474836480 threads=16 prof=0 rc=0 restored=16/16 match=1 out_files=10 out_bytes=1648045724 wall=22.208 cpu=319.812 peak_mb=18064.1 path=ntt route=mapped windows=1 win_slices=mapped residency=resident cold_builds=1 gf16force= foreign_cpu=6.2 foreign_after=16.7 load_before=2 load_after=7 errlen=1325 rig=plib.ps1:1a7140689ac3d6c0+wcomb.ps1:70fe0efe3de9ca50 ts=2026-09-18T02:10:56.4824954Z
LEG round=c-m392-big-fold2-t16-r1 label=4mcb-band slice=4194304 payload=random n=4096 phase=create rep=1 m=392 budget=big arm=fold2 ntt_budget=21474836480 threads=16 prof=0 rc=0 restored=16/16 match=1 out_files=10 out_bytes=1648045724 wall=22.389 cpu=350.578 peak_mb=2496.1 path=fold route=none windows=0 win_slices=none residency=resident cold_builds=0 gf16force= foreign_cpu=6.1 foreign_after=24.4 load_before=2 load_after=3 errlen=1403 rig=plib.ps1:1a7140689ac3d6c0+wcomb.ps1:70fe0efe3de9ca50 ts=2026-09-18T02:11:25.3657211Z
LEG round=c-m400-big-fold-t16-r1 label=4mcb-band slice=4194304 payload=random n=4096 phase=create rep=1 m=400 budget=big arm=fold ntt_budget=21474836480 threads=16 prof=0 rc=0 restored=16/16 match=1 out_files=10 out_bytes=1681600700 wall=22.874 cpu=355.578 peak_mb=2513.4 path=fold route=none windows=0 win_slices=none residency=resident cold_builds=0 gf16force= foreign_cpu=7.6 foreign_after=49.6 load_before=1 load_after=11 errlen=1405 rig=plib.ps1:1a7140689ac3d6c0+wcomb.ps1:70fe0efe3de9ca50 ts=2026-09-18T02:11:54.7052717Z
LEG round=c-m400-big-force-t16-r1 label=4mcb-band slice=4194304 payload=random n=4096 phase=create rep=1 m=400 budget=big arm=force ntt_budget=21474836480 threads=16 prof=0 rc=0 restored=16/16 match=1 out_files=10 out_bytes=1681600700 wall=22.332 cpu=323.125 peak_mb=18093.2 path=ntt route=mapped windows=1 win_slices=mapped residency=resident cold_builds=1 gf16force= foreign_cpu=4.6 foreign_after=13.8 load_before=2 load_after=8 errlen=1325 rig=plib.ps1:1a7140689ac3d6c0+wcomb.ps1:70fe0efe3de9ca50 ts=2026-09-18T02:12:23.5665191Z
LEG round=c-m400-big-force2-t16-r1 label=4mcb-band slice=4194304 payload=random n=4096 phase=create rep=1 m=400 budget=big arm=force2 ntt_budget=21474836480 threads=16 prof=0 rc=0 restored=16/16 match=1 out_files=10 out_bytes=1681600700 wall=22.279 cpu=319.453 peak_mb=18087.1 path=ntt route=mapped windows=1 win_slices=mapped residency=resident cold_builds=1 gf16force= foreign_cpu=10.8 foreign_after=20.2 load_before=7 load_after=8 errlen=1325 rig=plib.ps1:1a7140689ac3d6c0+wcomb.ps1:70fe0efe3de9ca50 ts=2026-09-18T02:12:52.3263694Z
LEG round=c-m400-big-fold2-t16-r1 label=4mcb-band slice=4194304 payload=random n=4096 phase=create rep=1 m=400 budget=big arm=fold2 ntt_budget=21474836480 threads=16 prof=0 rc=0 restored=16/16 match=1 out_files=10 out_bytes=1681600700 wall=22.73 cpu=353.719 peak_mb=2544.2 path=fold route=none windows=0 win_slices=none residency=resident cold_builds=0 gf16force= foreign_cpu=7.6 foreign_after=16.8 load_before=5 load_after=4 errlen=1404 rig=plib.ps1:1a7140689ac3d6c0+wcomb.ps1:70fe0efe3de9ca50 ts=2026-09-18T02:13:21.5646799Z
LEG round=c-m408-big-fold-t16-r1 label=4mcb-band slice=4194304 payload=random n=4096 phase=create rep=1 m=408 budget=big arm=fold ntt_budget=21474836480 threads=16 prof=0 rc=0 restored=16/16 match=1 out_files=10 out_bytes=1715155676 wall=23.608 cpu=365.516 peak_mb=2592.8 path=fold route=none windows=0 win_slices=none residency=resident cold_builds=0 gf16force= foreign_cpu=10.8 foreign_after=18.6 load_before=1 load_after=1 errlen=1405 rig=plib.ps1:1a7140689ac3d6c0+wcomb.ps1:70fe0efe3de9ca50 ts=2026-09-18T02:13:51.6801067Z
LEG round=c-m408-big-force-t16-r1 label=4mcb-band slice=4194304 payload=random n=4096 phase=create rep=1 m=408 budget=big arm=force ntt_budget=21474836480 threads=16 prof=0 rc=0 restored=16/16 match=1 out_files=10 out_bytes=1715155676 wall=22.515 cpu=323.562 peak_mb=18106 path=ntt route=mapped windows=1 win_slices=mapped residency=resident cold_builds=1 gf16force= foreign_cpu=24.6 foreign_after=13.8 load_before=2 load_after=7 errlen=1324 rig=plib.ps1:1a7140689ac3d6c0+wcomb.ps1:70fe0efe3de9ca50 ts=2026-09-18T02:14:20.7592121Z
LEG round=c-m408-big-force2-t16-r1 label=4mcb-band slice=4194304 payload=random n=4096 phase=create rep=1 m=408 budget=big arm=force2 ntt_budget=21474836480 threads=16 prof=0 rc=0 restored=16/16 match=1 out_files=10 out_bytes=1715155676 wall=22.315 cpu=320.578 peak_mb=18120.4 path=ntt route=mapped windows=1 win_slices=mapped residency=resident cold_builds=1 gf16force= foreign_cpu=32.4 foreign_after=49.2 load_before=2 load_after=6 errlen=1325 rig=plib.ps1:1a7140689ac3d6c0+wcomb.ps1:70fe0efe3de9ca50 ts=2026-09-18T02:14:49.5945540Z
LEG round=c-m408-big-fold2-t16-r1 label=4mcb-band slice=4194304 payload=random n=4096 phase=create rep=1 m=408 budget=big arm=fold2 ntt_budget=21474836480 threads=16 prof=0 rc=0 restored=16/16 match=1 out_files=10 out_bytes=1715155676 wall=22.633 cpu=351.453 peak_mb=2512.6 path=fold route=none windows=0 win_slices=none residency=resident cold_builds=0 gf16force= foreign_cpu=10.9 foreign_after=19.9 load_before=0 load_after=7 errlen=1405 rig=plib.ps1:1a7140689ac3d6c0+wcomb.ps1:70fe0efe3de9ca50 ts=2026-09-18T02:15:22.3515555Z
LEG round=c-m416-big-fold-t16-r1 label=4mcb-band slice=4194304 payload=random n=4096 phase=create rep=1 m=416 budget=big arm=fold ntt_budget=21474836480 threads=16 prof=0 rc=0 restored=16/16 match=1 out_files=10 out_bytes=1748710652 wall=23.851 cpu=371.516 peak_mb=2641 path=fold route=none windows=0 win_slices=none residency=resident cold_builds=0 gf16force= foreign_cpu=18.5 foreign_after=17.1 load_before=5 load_after=6 errlen=1405 rig=plib.ps1:1a7140689ac3d6c0+wcomb.ps1:70fe0efe3de9ca50 ts=2026-09-18T02:15:52.7007403Z
LEG round=c-m416-big-force-t16-r1 label=4mcb-band slice=4194304 payload=random n=4096 phase=create rep=1 m=416 budget=big arm=force ntt_budget=21474836480 threads=16 prof=0 rc=0 restored=16/16 match=1 out_files=10 out_bytes=1748710652 wall=22.605 cpu=325.344 peak_mb=18152.6 path=ntt route=mapped windows=1 win_slices=mapped residency=resident cold_builds=1 gf16force= foreign_cpu=10.7 foreign_after=55.6 load_before=3 load_after=5 errlen=1325 rig=plib.ps1:1a7140689ac3d6c0+wcomb.ps1:70fe0efe3de9ca50 ts=2026-09-18T02:16:21.8612246Z
LEG round=c-m416-big-force2-t16-r1 label=4mcb-band slice=4194304 payload=random n=4096 phase=create rep=1 m=416 budget=big arm=force2 ntt_budget=21474836480 threads=16 prof=0 rc=0 restored=16/16 match=1 out_files=10 out_bytes=1748710652 wall=22.385 cpu=322.109 peak_mb=18161.4 path=ntt route=mapped windows=1 win_slices=mapped residency=resident cold_builds=1 gf16force= foreign_cpu=3.1 foreign_after=46.8 load_before=0 load_after=1 errlen=1325 rig=plib.ps1:1a7140689ac3d6c0+wcomb.ps1:70fe0efe3de9ca50 ts=2026-09-18T02:16:50.7796448Z
LEG round=c-m416-big-fold2-t16-r1 label=4mcb-band slice=4194304 payload=random n=4096 phase=create rep=1 m=416 budget=big arm=fold2 ntt_budget=21474836480 threads=16 prof=0 rc=0 restored=16/16 match=1 out_files=10 out_bytes=1748710652 wall=23.56 cpu=365.469 peak_mb=2640.8 path=fold route=none windows=0 win_slices=none residency=resident cold_builds=0 gf16force= foreign_cpu=43.1 foreign_after=18.6 load_before=0 load_after=21 errlen=1404 rig=plib.ps1:1a7140689ac3d6c0+wcomb.ps1:70fe0efe3de9ca50 ts=2026-09-18T02:17:20.8143823Z
ALL DONE end=2026-09-18T02:17:20.8143823Z
RIG-LOCK-RELEASED <rig>\.parfast-rig.lock
