2026-09-17T19:06:50.2818542Z CFWAIT start pid=4796 lane=parfast-load-term-and-third-binary-i5 ahead=ntt-depth1-tile-second-class-17sep,parfast-nibble-windowed-ask-t4-16sep
2026-09-17T19:06:50.3740931Z WAIT ahead=ntt-depth1-tile-second-class-17sep,parfast-nibble-windowed-ask-t4-16sep
2026-09-17T19:08:50.3938685Z WAIT ahead=ntt-depth1-tile-second-class-17sep,parfast-nibble-windowed-ask-t4-16sep
2026-09-17T19:10:50.4196644Z WAIT ahead=ntt-depth1-tile-second-class-17sep,parfast-nibble-windowed-ask-t4-16sep
2026-09-17T19:12:50.4263419Z WAIT ahead=ntt-depth1-tile-second-class-17sep,parfast-nibble-windowed-ask-t4-16sep
2026-09-17T19:14:50.4544644Z WAIT ahead=ntt-depth1-tile-second-class-17sep,parfast-nibble-windowed-ask-t4-16sep
2026-09-17T19:16:50.4788742Z WAIT ahead=ntt-depth1-tile-second-class-17sep,parfast-nibble-windowed-ask-t4-16sep
2026-09-17T19:18:50.5143379Z WAIT ahead=ntt-depth1-tile-second-class-17sep,parfast-nibble-windowed-ask-t4-16sep
2026-09-17T19:20:50.5497449Z WAIT ahead=ntt-depth1-tile-second-class-17sep,parfast-nibble-windowed-ask-t4-16sep
2026-09-17T19:22:50.5647505Z WAIT ahead=ntt-depth1-tile-second-class-17sep,parfast-nibble-windowed-ask-t4-16sep
2026-09-17T19:24:50.5735980Z WAIT ahead=ntt-depth1-tile-second-class-17sep,parfast-nibble-windowed-ask-t4-16sep
2026-09-17T19:26:50.6073644Z WAIT ahead=ntt-depth1-tile-second-class-17sep,parfast-nibble-windowed-ask-t4-16sep
2026-09-17T19:28:50.6416322Z WAIT ahead=ntt-depth1-tile-second-class-17sep,parfast-nibble-windowed-ask-t4-16sep
2026-09-17T19:30:50.6807004Z WAIT ahead=ntt-depth1-tile-second-class-17sep,parfast-nibble-windowed-ask-t4-16sep
2026-09-17T19:32:50.6957510Z WAIT ahead=ntt-depth1-tile-second-class-17sep,parfast-nibble-windowed-ask-t4-16sep
2026-09-17T19:34:50.7121060Z WAIT ahead=ntt-depth1-tile-second-class-17sep,parfast-nibble-windowed-ask-t4-16sep
2026-09-17T19:36:50.7352929Z WAIT ahead=ntt-depth1-tile-second-class-17sep,parfast-nibble-windowed-ask-t4-16sep
2026-09-17T19:38:50.7844443Z WAIT ahead=ntt-depth1-tile-second-class-17sep,parfast-nibble-windowed-ask-t4-16sep
2026-09-17T19:40:50.8177918Z WAIT ahead=ntt-depth1-tile-second-class-17sep,parfast-nibble-windowed-ask-t4-16sep
2026-09-17T19:42:50.8433960Z WAIT ahead=ntt-depth1-tile-second-class-17sep,parfast-nibble-windowed-ask-t4-16sep
2026-09-17T19:44:50.8765998Z WAIT ahead=ntt-depth1-tile-second-class-17sep,parfast-nibble-windowed-ask-t4-16sep
2026-09-17T19:46:50.8889058Z WAIT ahead=ntt-depth1-tile-second-class-17sep,parfast-nibble-windowed-ask-t4-16sep
2026-09-17T19:48:50.9088073Z WAIT ahead=ntt-depth1-tile-second-class-17sep,parfast-nibble-windowed-ask-t4-16sep
2026-09-17T19:50:50.9296002Z WAIT ahead=ntt-depth1-tile-second-class-17sep,parfast-nibble-windowed-ask-t4-16sep
2026-09-17T19:52:50.9450847Z WAIT ahead=ntt-depth1-tile-second-class-17sep,parfast-nibble-windowed-ask-t4-16sep
2026-09-17T19:54:50.9622770Z WAIT ahead=ntt-depth1-tile-second-class-17sep,parfast-nibble-windowed-ask-t4-16sep
2026-09-17T19:56:50.9657771Z WAIT ahead=ntt-depth1-tile-second-class-17sep,parfast-nibble-windowed-ask-t4-16sep
2026-09-17T19:58:50.9915594Z WAIT ahead=ntt-depth1-tile-second-class-17sep,parfast-nibble-windowed-ask-t4-16sep
2026-09-17T20:00:51.0101580Z WAIT ahead=ntt-depth1-tile-second-class-17sep,parfast-nibble-windowed-ask-t4-16sep
2026-09-17T20:02:51.0216020Z WAIT ahead=ntt-depth1-tile-second-class-17sep,parfast-nibble-windowed-ask-t4-16sep
2026-09-17T20:04:51.4211836Z WAIT ahead=ntt-depth1-tile-second-class-17sep,parfast-nibble-windowed-ask-t4-16sep
2026-09-17T20:06:51.4517765Z WAIT ahead=ntt-depth1-tile-second-class-17sep,parfast-nibble-windowed-ask-t4-16sep
2026-09-17T20:08:51.4936184Z WAIT ahead=parfast-nibble-windowed-ask-t4-16sep
2026-09-17T20:10:51.5293352Z WAIT ahead=parfast-nibble-windowed-ask-t4-16sep
2026-09-17T20:12:51.5761323Z WAIT ahead=parfast-nibble-windowed-ask-t4-16sep
2026-09-17T20:14:51.5923216Z WAIT ahead=parfast-nibble-windowed-ask-t4-16sep
2026-09-17T20:16:51.6178032Z WAIT ahead=parfast-nibble-windowed-ask-t4-16sep
2026-09-17T20:18:51.6415828Z WAIT ahead=parfast-nibble-windowed-ask-t4-16sep
2026-09-17T20:20:51.6768384Z WAIT ahead=parfast-nibble-windowed-ask-t4-16sep
2026-09-17T20:22:51.6842764Z WAIT ahead=parfast-nibble-windowed-ask-t4-16sep
2026-09-17T20:24:51.6912581Z WAIT ahead=parfast-nibble-windowed-ask-t4-16sep
2026-09-17T20:26:51.7089628Z WAIT ahead=parfast-nibble-windowed-ask-t4-16sep
2026-09-17T20:28:51.7425108Z WAIT ahead=parfast-nibble-windowed-ask-t4-16sep
2026-09-17T20:30:51.7660697Z WAIT ahead=parfast-nibble-windowed-ask-t4-16sep
2026-09-17T20:32:51.7905802Z WAIT ahead=parfast-nibble-windowed-ask-t4-16sep
2026-09-17T20:34:51.9877369Z WAIT ahead=parfast-nibble-windowed-ask-t4-16sep
2026-09-17T20:36:51.9988094Z WAIT ahead=parfast-nibble-windowed-ask-t4-16sep
2026-09-17T20:38:52.0202460Z WAIT ahead=parfast-nibble-windowed-ask-t4-16sep
2026-09-17T20:40:52.0418962Z WAIT ahead=parfast-nibble-windowed-ask-t4-16sep
2026-09-17T20:42:52.0607661Z WAIT ahead=parfast-nibble-windowed-ask-t4-16sep
2026-09-17T20:44:52.0751257Z WAIT ahead=parfast-nibble-windowed-ask-t4-16sep
2026-09-17T20:46:52.0877420Z WAIT ahead=parfast-nibble-windowed-ask-t4-16sep
2026-09-17T20:48:52.1095513Z WAIT ahead=parfast-nibble-windowed-ask-t4-16sep
2026-09-17T20:50:52.1486152Z WAIT ahead=parfast-nibble-windowed-ask-t4-16sep
2026-09-17T20:52:52.1823366Z WAIT ahead=parfast-nibble-windowed-ask-t4-16sep
2026-09-17T20:54:52.1947380Z WAIT ahead=parfast-nibble-windowed-ask-t4-16sep
2026-09-17T20:56:52.2100479Z WAIT ahead=parfast-nibble-windowed-ask-t4-16sep
2026-09-17T20:58:52.2197947Z WAIT ahead=parfast-nibble-windowed-ask-t4-16sep
2026-09-17T21:00:52.2637822Z WAIT ahead=parfast-nibble-windowed-ask-t4-16sep
2026-09-17T21:02:52.2701685Z WAIT ahead=parfast-nibble-windowed-ask-t4-16sep
2026-09-17T21:04:52.2789722Z WAIT ahead=parfast-nibble-windowed-ask-t4-16sep
2026-09-17T21:06:52.2945129Z WAIT ahead=parfast-nibble-windowed-ask-t4-16sep
2026-09-17T21:08:52.2995774Z WAIT ahead=parfast-nibble-windowed-ask-t4-16sep
2026-09-17T21:10:52.3782477Z WAIT ahead=parfast-nibble-windowed-ask-t4-16sep
2026-09-17T21:12:52.4206823Z WAIT ahead=parfast-nibble-windowed-ask-t4-16sep
2026-09-17T21:14:52.4308344Z WAIT ahead=parfast-nibble-windowed-ask-t4-16sep
2026-09-17T21:16:52.6479588Z WAIT ahead=parfast-nibble-windowed-ask-t4-16sep
2026-09-17T21:18:52.7322060Z WAIT ahead=parfast-nibble-windowed-ask-t4-16sep
2026-09-17T21:20:52.7421528Z WAIT ahead=parfast-nibble-windowed-ask-t4-16sep
2026-09-17T21:22:52.7603205Z WAIT ahead=parfast-nibble-windowed-ask-t4-16sep
2026-09-17T21:24:52.7824351Z WAIT ahead=parfast-nibble-windowed-ask-t4-16sep
2026-09-17T21:26:52.7826826Z WAIT ahead=parfast-nibble-windowed-ask-t4-16sep
2026-09-17T21:28:52.8897626Z WAIT ahead=parfast-nibble-windowed-ask-t4-16sep
2026-09-17T21:30:52.9248377Z WAIT ahead=parfast-nibble-windowed-ask-t4-16sep
2026-09-17T21:32:52.9420954Z WAIT ahead=parfast-nibble-windowed-ask-t4-16sep
2026-09-17T21:34:53.1972153Z WAIT ahead=parfast-nibble-windowed-ask-t4-16sep
2026-09-17T21:36:53.2176437Z WAIT ahead=parfast-nibble-windowed-ask-t4-16sep
2026-09-17T21:38:53.2567781Z WAIT ahead=parfast-nibble-windowed-ask-t4-16sep
2026-09-17T21:40:53.2599333Z WAIT ahead=parfast-nibble-windowed-ask-t4-16sep
2026-09-17T21:42:53.2631109Z WAIT ahead=parfast-nibble-windowed-ask-t4-16sep
2026-09-17T21:44:53.2817538Z WAIT ahead=parfast-nibble-windowed-ask-t4-16sep
2026-09-17T21:46:53.3188814Z WAIT ahead=parfast-nibble-windowed-ask-t4-16sep
2026-09-17T21:48:53.3440914Z WAIT ahead=parfast-nibble-windowed-ask-t4-16sep
2026-09-17T21:50:53.3611436Z WAIT ahead=parfast-nibble-windowed-ask-t4-16sep
2026-09-17T21:52:53.3700321Z WAIT ahead=parfast-nibble-windowed-ask-t4-16sep
2026-09-17T21:54:53.3918143Z WAIT ahead=parfast-nibble-windowed-ask-t4-16sep
2026-09-17T21:56:53.4042703Z WAIT ahead=parfast-nibble-windowed-ask-t4-16sep
2026-09-17T21:58:53.4189969Z WAIT ahead=parfast-nibble-windowed-ask-t4-16sep
2026-09-17T22:00:53.4533455Z WAIT ahead=parfast-nibble-windowed-ask-t4-16sep
2026-09-17T22:02:53.4669551Z WAIT ahead=parfast-nibble-windowed-ask-t4-16sep
2026-09-17T22:04:53.5099353Z WAIT ahead=parfast-nibble-windowed-ask-t4-16sep
2026-09-17T22:06:53.5849352Z WAIT ahead=parfast-nibble-windowed-ask-t4-16sep
2026-09-17T22:08:53.6163587Z WAIT ahead=parfast-nibble-windowed-ask-t4-16sep
2026-09-17T22:10:53.6243858Z WAIT ahead=parfast-nibble-windowed-ask-t4-16sep
2026-09-17T22:12:53.6963330Z WAIT ahead=parfast-nibble-windowed-ask-t4-16sep
2026-09-17T22:14:53.7491060Z WAIT ahead=parfast-nibble-windowed-ask-t4-16sep
2026-09-17T22:16:53.7748032Z WAIT ahead=parfast-nibble-windowed-ask-t4-16sep
2026-09-17T22:18:53.7957861Z WAIT ahead=parfast-nibble-windowed-ask-t4-16sep
2026-09-17T22:20:53.8139905Z WAIT ahead=parfast-nibble-windowed-ask-t4-16sep
2026-09-17T22:22:53.8241811Z WAIT ahead=parfast-nibble-windowed-ask-t4-16sep
2026-09-17T22:24:53.8317899Z WAIT ahead=parfast-nibble-windowed-ask-t4-16sep
2026-09-17T22:26:53.8478684Z WAIT ahead=parfast-nibble-windowed-ask-t4-16sep
2026-09-17T22:28:53.8627048Z WAIT ahead=parfast-nibble-windowed-ask-t4-16sep
2026-09-17T22:30:53.8754447Z WAIT ahead=parfast-nibble-windowed-ask-t4-16sep
2026-09-17T22:32:53.9635427Z WAIT ahead=parfast-nibble-windowed-ask-t4-16sep
2026-09-17T22:34:54.1483509Z WAIT ahead=parfast-nibble-windowed-ask-t4-16sep
2026-09-17T22:36:54.1557434Z WAIT ahead=parfast-nibble-windowed-ask-t4-16sep
2026-09-17T22:38:54.2617732Z WAIT ahead=parfast-nibble-windowed-ask-t4-16sep
2026-09-17T22:40:54.2985211Z WAIT ahead=parfast-nibble-windowed-ask-t4-16sep
2026-09-17T22:42:54.4197213Z WAIT ahead=parfast-nibble-windowed-ask-t4-16sep
2026-09-17T22:44:54.4549005Z WAIT ahead=parfast-nibble-windowed-ask-t4-16sep
2026-09-17T22:46:54.4647230Z WAIT ahead=parfast-nibble-windowed-ask-t4-16sep
2026-09-17T22:48:54.4829528Z WAIT ahead=parfast-nibble-windowed-ask-t4-16sep
2026-09-17T22:50:54.4947628Z WAIT ahead=parfast-nibble-windowed-ask-t4-16sep
2026-09-17T22:52:54.5148962Z WAIT ahead=parfast-nibble-windowed-ask-t4-16sep
2026-09-17T22:54:54.5478241Z WAIT ahead=parfast-nibble-windowed-ask-t4-16sep
2026-09-17T22:56:54.5683163Z WAIT ahead=parfast-nibble-windowed-ask-t4-16sep
2026-09-17T22:58:54.5848986Z WAIT ahead=parfast-nibble-windowed-ask-t4-16sep
2026-09-17T23:00:54.5978168Z WAIT ahead=parfast-nibble-windowed-ask-t4-16sep
2026-09-17T23:02:54.6089767Z WAIT ahead=parfast-nibble-windowed-ask-t4-16sep
2026-09-17T23:04:54.6177072Z WAIT ahead=parfast-nibble-windowed-ask-t4-16sep
2026-09-17T23:06:54.6296177Z WAIT ahead=parfast-nibble-windowed-ask-t4-16sep
2026-09-17T23:08:54.6494945Z WAIT ahead=parfast-nibble-windowed-ask-t4-16sep
2026-09-17T23:10:54.6706315Z WAIT ahead=parfast-nibble-windowed-ask-t4-16sep
2026-09-17T23:12:54.6912767Z WAIT ahead=parfast-nibble-windowed-ask-t4-16sep
2026-09-17T23:14:54.8166903Z WAIT ahead=parfast-nibble-windowed-ask-t4-16sep
2026-09-17T23:16:54.9644449Z WAIT ahead=parfast-nibble-windowed-ask-t4-16sep
2026-09-17T23:18:55.0080043Z WAIT ahead=parfast-nibble-windowed-ask-t4-16sep
2026-09-17T23:20:55.0523225Z WAIT ahead=parfast-nibble-windowed-ask-t4-16sep
2026-09-17T23:22:55.0722742Z WAIT ahead=parfast-nibble-windowed-ask-t4-16sep
2026-09-17T23:24:55.0903422Z WAIT ahead=parfast-nibble-windowed-ask-t4-16sep
2026-09-17T23:26:55.2140945Z WAIT ahead=parfast-nibble-windowed-ask-t4-16sep
2026-09-17T23:28:55.2348824Z WAIT ahead=parfast-nibble-windowed-ask-t4-16sep
2026-09-17T23:30:55.2548964Z WAIT ahead=parfast-nibble-windowed-ask-t4-16sep
2026-09-17T23:32:55.3173352Z WAIT ahead=parfast-nibble-windowed-ask-t4-16sep
2026-09-17T23:34:55.3725128Z WAIT ahead=parfast-nibble-windowed-ask-t4-16sep
2026-09-17T23:36:55.3915810Z WAIT ahead=parfast-nibble-windowed-ask-t4-16sep
2026-09-17T23:38:55.4032713Z WAIT ahead=parfast-nibble-windowed-ask-t4-16sep
2026-09-17T23:40:55.4140127Z WAIT ahead=parfast-nibble-windowed-ask-t4-16sep
2026-09-17T23:42:55.4335183Z WAIT ahead=parfast-nibble-windowed-ask-t4-16sep
2026-09-17T23:44:55.4506613Z WAIT ahead=parfast-nibble-windowed-ask-t4-16sep
2026-09-17T23:46:55.4646759Z WAIT ahead=parfast-nibble-windowed-ask-t4-16sep
2026-09-17T23:48:55.4873927Z WAIT ahead=parfast-nibble-windowed-ask-t4-16sep
2026-09-17T23:50:55.5113256Z WAIT ahead=parfast-nibble-windowed-ask-t4-16sep
2026-09-17T23:52:55.5631388Z WAIT ahead=parfast-nibble-windowed-ask-t4-16sep
2026-09-17T23:54:55.6773188Z WAIT ahead=parfast-nibble-windowed-ask-t4-16sep
2026-09-17T23:56:55.7324129Z WAIT ahead=parfast-nibble-windowed-ask-t4-16sep
2026-09-17T23:58:55.7636955Z WAIT ahead=parfast-nibble-windowed-ask-t4-16sep
2026-09-18T00:00:55.7717010Z WAIT ahead=parfast-nibble-windowed-ask-t4-16sep
2026-09-18T00:02:55.9065588Z WAIT ahead=parfast-nibble-windowed-ask-t4-16sep
2026-09-18T00:04:56.0534876Z WAIT ahead=parfast-nibble-windowed-ask-t4-16sep
2026-09-18T00:06:56.1035939Z WAIT ahead=parfast-nibble-windowed-ask-t4-16sep
2026-09-18T00:08:56.1312820Z WAIT ahead=parfast-nibble-windowed-ask-t4-16sep
2026-09-18T00:10:56.1529481Z WAIT ahead=parfast-nibble-windowed-ask-t4-16sep
2026-09-18T00:12:56.1708215Z WAIT ahead=parfast-nibble-windowed-ask-t4-16sep
2026-09-18T00:14:56.2018894Z WAIT ahead=parfast-nibble-windowed-ask-t4-16sep
2026-09-18T00:16:56.2160820Z WAIT ahead=parfast-nibble-windowed-ask-t4-16sep
2026-09-18T00:18:56.2460536Z WAIT ahead=parfast-nibble-windowed-ask-t4-16sep
2026-09-18T00:20:56.2580993Z WAIT ahead=parfast-nibble-windowed-ask-t4-16sep
2026-09-18T00:22:56.2696812Z WAIT ahead=parfast-nibble-windowed-ask-t4-16sep
2026-09-18T00:24:56.3690908Z WAIT ahead=parfast-nibble-windowed-ask-t4-16sep
2026-09-18T00:26:56.3765443Z WAIT ahead=parfast-nibble-windowed-ask-t4-16sep
2026-09-18T00:28:56.3836614Z WAIT ahead=parfast-nibble-windowed-ask-t4-16sep
2026-09-18T00:30:56.3973578Z WAIT ahead=parfast-nibble-windowed-ask-t4-16sep
2026-09-18T00:32:56.4836537Z WAIT ahead=parfast-nibble-windowed-ask-t4-16sep
2026-09-18T00:34:56.6397615Z WAIT ahead=parfast-nibble-windowed-ask-t4-16sep
2026-09-18T00:36:56.6749268Z WAIT ahead=parfast-nibble-windowed-ask-t4-16sep
2026-09-18T00:38:56.6949559Z WAIT ahead=parfast-nibble-windowed-ask-t4-16sep
2026-09-18T00:40:56.7521146Z WAIT ahead=parfast-nibble-windowed-ask-t4-16sep
2026-09-18T00:42:56.8547846Z WAIT ahead=parfast-nibble-windowed-ask-t4-16sep
2026-09-18T00:44:56.9027355Z WAIT ahead=parfast-nibble-windowed-ask-t4-16sep
2026-09-18T00:46:56.9344613Z WAIT ahead=parfast-nibble-windowed-ask-t4-16sep
2026-09-18T00:48:56.9535691Z WAIT ahead=parfast-nibble-windowed-ask-t4-16sep
2026-09-18T00:50:57.0298438Z WAIT ahead=parfast-nibble-windowed-ask-t4-16sep
2026-09-18T00:52:57.1012217Z WAIT ahead=parfast-nibble-windowed-ask-t4-16sep
2026-09-18T00:54:57.1403545Z WAIT ahead=parfast-nibble-windowed-ask-t4-16sep
2026-09-18T00:56:57.1802584Z FREE-1 ahead-list clear and box free; confirming in 60s
2026-09-18T00:57:57.2314277Z FREE-2 confirmed - handing to cfload.ps1
2026-09-18T01:49:49.3358885Z CFLOAD rc=0
2026-09-18T01:49:49.3378973Z CFWAIT done rc=0
