RIG-LOCK-TAKEN <rig>/.parfast-rig.lock pid=33318
CSWP-START 2026-09-13T20:33:33Z
BOX host=apple-m3-ultra-512gb cpu=Apple M3 Ultra cores=32 ram_gb=512.0 os=macOS 27.0 free_gb=1954.4
BIN parfast sha256=1c95c3c30d69f6221f8b7ad88020bdb577f62295b19824e9b5637910736e3621 bytes=2875408 version=parfast version 1.5.0-beta.2
BIN parfast-beta2 sha256=04f16670ac90904b4601260c16067af0272e0be77151b7ff8ac2b6f5aa1cbfb9 bytes=5315792 version=parfast version 1.5.0-beta.2
BIN turbo sha256=f15cc37cd102f9fd64bbe6adb84d9f4009406bea86e8748dbfca2f85d37d3a31 bytes=624712 version=par2cmdline-turbo version 1.5.0
BIN parpar sha256=a5d4bccd5172d191b20d27c9046bc7fecaeb2d895a83435f80ea1f56f03335fe bytes=34229608 version=0.4.6
PROTOCOL sizes_gib=[1, 4, 10, 20] redundancy_pct=[10, 20] threads=32 file_threads=16 base_slice=768000 slice_cap=32768 reps=2 members=1GiB-each driver=ladder.py
PAYLOAD-READY members=20 bytes=21474836480
CC size=1 red=10 bs=768000 blocks=1399 arm=parfast rep=1 wall=1.427 cpu=9.138 cpu_over_wall=6.40 peak_mb=361.3 recovery_mb=103 files=9 rc=0 foreign_cpu=5.21 foreign_after=5.11 waited=0s errlen=0 ts=2026-09-13T20:33:59Z
CC size=1 red=10 bs=768000 blocks=1399 arm=parfast-beta2 rep=1 wall=1.494 cpu=9.156 cpu_over_wall=6.13 peak_mb=361.4 recovery_mb=103 files=9 rc=0 foreign_cpu=5.11 foreign_after=5.11 waited=0s errlen=0 ts=2026-09-13T20:34:00Z
CC size=1 red=10 bs=768000 blocks=1399 arm=turbo rep=1 wall=1.634 cpu=7.069 cpu_over_wall=4.33 peak_mb=361.4 recovery_mb=103 files=9 rc=0 foreign_cpu=5.11 foreign_after=5.11 waited=0s errlen=0 ts=2026-09-13T20:34:02Z
CC size=1 red=10 bs=768000 blocks=1399 arm=parpar rep=1 wall=1.532 cpu=7.135 cpu_over_wall=4.66 peak_mb=361.4 recovery_mb=103 files=9 rc=0 foreign_cpu=5.11 foreign_after=7.50 waited=0s errlen=0 ts=2026-09-13T20:34:04Z
CC size=1 red=10 bs=768000 blocks=1399 arm=parpar rep=2 wall=1.493 cpu=7.069 cpu_over_wall=4.73 peak_mb=361.4 recovery_mb=103 files=9 rc=0 foreign_cpu=7.50 foreign_after=7.50 waited=0s errlen=0 ts=2026-09-13T20:34:05Z
CC size=1 red=10 bs=768000 blocks=1399 arm=turbo rep=2 wall=1.644 cpu=7.060 cpu_over_wall=4.29 peak_mb=361.4 recovery_mb=103 files=9 rc=0 foreign_cpu=7.50 foreign_after=7.50 waited=0s errlen=0 ts=2026-09-13T20:34:07Z
CC size=1 red=10 bs=768000 blocks=1399 arm=parfast-beta2 rep=2 wall=1.386 cpu=9.039 cpu_over_wall=6.52 peak_mb=361.4 recovery_mb=103 files=9 rc=0 foreign_cpu=7.50 foreign_after=7.46 waited=0s errlen=0 ts=2026-09-13T20:34:09Z
CC size=1 red=10 bs=768000 blocks=1399 arm=parfast rep=2 wall=1.444 cpu=9.170 cpu_over_wall=6.35 peak_mb=361.4 recovery_mb=103 files=9 rc=0 foreign_cpu=7.46 foreign_after=7.46 waited=0s errlen=0 ts=2026-09-13T20:34:10Z
CC size=1 red=20 bs=768000 blocks=1399 arm=parfast rep=1 wall=1.453 cpu=13.343 cpu_over_wall=9.19 peak_mb=1548.8 recovery_mb=206 files=10 rc=0 foreign_cpu=7.46 foreign_after=7.46 waited=0s errlen=0 ts=2026-09-13T20:34:12Z
CC size=1 red=20 bs=768000 blocks=1399 arm=parfast-beta2 rep=1 wall=1.497 cpu=13.247 cpu_over_wall=8.85 peak_mb=1548.9 recovery_mb=206 files=10 rc=0 foreign_cpu=7.46 foreign_after=7.51 waited=0s errlen=0 ts=2026-09-13T20:34:13Z
CC size=1 red=20 bs=768000 blocks=1399 arm=turbo rep=1 wall=1.794 cpu=12.173 cpu_over_wall=6.79 peak_mb=1548.9 recovery_mb=206 files=10 rc=0 foreign_cpu=7.51 foreign_after=7.51 waited=0s errlen=0 ts=2026-09-13T20:34:15Z
CC size=1 red=20 bs=768000 blocks=1399 arm=parpar rep=1 wall=1.588 cpu=12.208 cpu_over_wall=7.69 peak_mb=1548.9 recovery_mb=206 files=10 rc=0 foreign_cpu=7.51 foreign_after=7.51 waited=0s errlen=0 ts=2026-09-13T20:34:17Z
CC size=1 red=20 bs=768000 blocks=1399 arm=parpar rep=2 wall=1.552 cpu=12.185 cpu_over_wall=7.85 peak_mb=1548.9 recovery_mb=206 files=10 rc=0 foreign_cpu=7.51 foreign_after=7.15 waited=0s errlen=0 ts=2026-09-13T20:34:19Z
CC size=1 red=20 bs=768000 blocks=1399 arm=turbo rep=2 wall=1.794 cpu=12.300 cpu_over_wall=6.86 peak_mb=1548.9 recovery_mb=206 files=10 rc=0 foreign_cpu=7.15 foreign_after=7.15 waited=0s errlen=0 ts=2026-09-13T20:34:21Z
CC size=1 red=20 bs=768000 blocks=1399 arm=parfast-beta2 rep=2 wall=1.484 cpu=13.307 cpu_over_wall=8.96 peak_mb=1548.9 recovery_mb=206 files=10 rc=0 foreign_cpu=7.15 foreign_after=7.15 waited=0s errlen=0 ts=2026-09-13T20:34:22Z
CC size=1 red=20 bs=768000 blocks=1399 arm=parfast rep=2 wall=1.495 cpu=13.148 cpu_over_wall=8.80 peak_mb=1548.9 recovery_mb=206 files=10 rc=0 foreign_cpu=7.15 foreign_after=10.34 waited=0s errlen=0 ts=2026-09-13T20:34:24Z
CC size=4 red=10 bs=768000 blocks=5596 arm=parfast rep=1 wall=1.936 cpu=43.095 cpu_over_wall=22.26 peak_mb=4894.5 recovery_mb=415 files=11 rc=0 foreign_cpu=9.67 foreign_after=9.67 waited=5s errlen=0 ts=2026-09-13T20:34:32Z
CC size=4 red=10 bs=768000 blocks=5596 arm=parfast-beta2 rep=1 wall=1.897 cpu=42.622 cpu_over_wall=22.46 peak_mb=4894.7 recovery_mb=415 files=11 rc=0 foreign_cpu=9.67 foreign_after=12.66 waited=0s errlen=0 ts=2026-09-13T20:34:34Z
CC size=4 red=10 bs=768000 blocks=5596 arm=turbo rep=1 wall=6.957 cpu=87.974 cpu_over_wall=12.65 peak_mb=4894.7 recovery_mb=415 files=11 rc=0 foreign_cpu=9.90 foreign_after=12.15 waited=20s errlen=0 ts=2026-09-13T20:35:02Z
CC size=4 red=10 bs=768000 blocks=5596 arm=parpar rep=1 wall=4.089 cpu=88.995 cpu_over_wall=21.76 peak_mb=4894.7 recovery_mb=414 files=11 rc=0 foreign_cpu=9.37 foreign_after=11.98 waited=25s errlen=0 ts=2026-09-13T20:35:32Z
CC size=4 red=10 bs=768000 blocks=5596 arm=parpar rep=2 wall=3.954 cpu=89.787 cpu_over_wall=22.71 peak_mb=4894.7 recovery_mb=414 files=11 rc=0 foreign_cpu=9.76 foreign_after=12.26 waited=20s errlen=0 ts=2026-09-13T20:35:56Z
CC size=4 red=10 bs=768000 blocks=5596 arm=turbo rep=2 wall=6.950 cpu=88.999 cpu_over_wall=12.81 peak_mb=4894.7 recovery_mb=415 files=11 rc=0 foreign_cpu=9.84 foreign_after=14.19 waited=15s errlen=0 ts=2026-09-13T20:36:19Z
CC size=4 red=10 bs=768000 blocks=5596 arm=parfast-beta2 rep=2 wall=1.925 cpu=43.026 cpu_over_wall=22.36 peak_mb=4894.7 recovery_mb=415 files=11 rc=0 foreign_cpu=9.95 foreign_after=9.95 waited=25s errlen=0 ts=2026-09-13T20:36:46Z
CC size=4 red=10 bs=768000 blocks=5596 arm=parfast rep=2 wall=1.899 cpu=42.887 cpu_over_wall=22.59 peak_mb=4894.7 recovery_mb=415 files=11 rc=0 foreign_cpu=9.95 foreign_after=13.39 waited=0s errlen=0 ts=2026-09-13T20:36:49Z
CC size=4 red=20 bs=768000 blocks=5596 arm=parfast rep=1 wall=1.982 cpu=47.397 cpu_over_wall=23.92 peak_mb=5427.8 recovery_mb=826 files=12 rc=0 foreign_cpu=9.40 foreign_after=9.40 waited=30s errlen=0 ts=2026-09-13T20:37:21Z
CC size=4 red=20 bs=768000 blocks=5596 arm=parfast-beta2 rep=1 wall=1.941 cpu=46.781 cpu_over_wall=24.10 peak_mb=5427.8 recovery_mb=826 files=12 rc=0 foreign_cpu=9.40 foreign_after=11.85 waited=0s errlen=0 ts=2026-09-13T20:37:24Z
CC size=4 red=20 bs=768000 blocks=5596 arm=turbo rep=1 wall=8.766 cpu=170.484 cpu_over_wall=19.45 peak_mb=5427.8 recovery_mb=826 files=12 rc=0 foreign_cpu=9.97 foreign_after=10.38 waited=15s errlen=0 ts=2026-09-13T20:37:48Z
CC size=4 red=20 bs=768000 blocks=5596 arm=parpar rep=1 wall=6.720 cpu=173.493 cpu_over_wall=25.82 peak_mb=5427.8 recovery_mb=825 files=12 rc=0 foreign_cpu=9.79 foreign_after=11.81 waited=5s errlen=0 ts=2026-09-13T20:38:01Z
CC size=4 red=20 bs=768000 blocks=5596 arm=parpar rep=2 wall=6.766 cpu=172.207 cpu_over_wall=25.45 peak_mb=5427.8 recovery_mb=825 files=12 rc=0 foreign_cpu=9.69 foreign_after=11.87 waited=15s errlen=0 ts=2026-09-13T20:38:23Z
CC size=4 red=20 bs=768000 blocks=5596 arm=turbo rep=2 wall=8.791 cpu=170.434 cpu_over_wall=19.39 peak_mb=5427.8 recovery_mb=826 files=12 rc=0 foreign_cpu=9.39 foreign_after=11.44 waited=15s errlen=0 ts=2026-09-13T20:38:47Z
CC size=4 red=20 bs=768000 blocks=5596 arm=parfast-beta2 rep=2 wall=1.894 cpu=46.852 cpu_over_wall=24.74 peak_mb=5427.8 recovery_mb=826 files=12 rc=0 foreign_cpu=9.73 foreign_after=12.16 waited=15s errlen=0 ts=2026-09-13T20:39:05Z
CC size=4 red=20 bs=768000 blocks=5596 arm=parfast rep=2 wall=1.954 cpu=47.289 cpu_over_wall=24.20 peak_mb=5427.8 recovery_mb=826 files=12 rc=0 foreign_cpu=9.49 foreign_after=9.49 waited=20s errlen=0 ts=2026-09-13T20:39:28Z
CC size=10 red=10 bs=768000 blocks=13990 arm=parfast rep=1 wall=3.795 cpu=107.334 cpu_over_wall=28.28 peak_mb=11847.7 recovery_mb=1042 files=12 rc=0 foreign_cpu=9.13 foreign_after=9.13 waited=0s errlen=0 ts=2026-09-13T20:39:33Z
CC size=10 red=10 bs=768000 blocks=13990 arm=parfast-beta2 rep=1 wall=3.702 cpu=106.993 cpu_over_wall=28.90 peak_mb=11847.7 recovery_mb=1042 files=12 rc=0 foreign_cpu=8.88 foreign_after=8.49 waited=0s errlen=0 ts=2026-09-13T20:39:38Z
CC size=10 red=10 bs=768000 blocks=13990 arm=turbo rep=1 wall=23.391 cpu=527.657 cpu_over_wall=22.56 peak_mb=11847.7 recovery_mb=1042 files=12 rc=0 foreign_cpu=8.49 foreign_after=12.37 waited=0s errlen=0 ts=2026-09-13T20:40:03Z
CC size=10 red=10 bs=768000 blocks=13990 arm=parpar rep=1 wall=19.789 cpu=535.282 cpu_over_wall=27.05 peak_mb=11847.7 recovery_mb=1039 files=12 rc=0 foreign_cpu=9.61 foreign_after=17.04 waited=25s errlen=0 ts=2026-09-13T20:40:50Z
CC size=10 red=10 bs=768000 blocks=13990 arm=parpar rep=2 wall=19.845 cpu=535.223 cpu_over_wall=26.97 peak_mb=11847.7 recovery_mb=1039 files=12 rc=0 foreign_cpu=9.94 foreign_after=17.31 waited=50s errlen=0 ts=2026-09-13T20:42:01Z
CC size=10 red=10 bs=768000 blocks=13990 arm=turbo rep=2 wall=23.531 cpu=530.088 cpu_over_wall=22.53 peak_mb=11847.7 recovery_mb=1042 files=12 rc=0 foreign_cpu=9.77 foreign_after=14.41 waited=45s errlen=0 ts=2026-09-13T20:43:11Z
CC size=10 red=10 bs=768000 blocks=13990 arm=parfast-beta2 rep=2 wall=3.761 cpu=107.936 cpu_over_wall=28.70 peak_mb=11847.7 recovery_mb=1042 files=12 rc=0 foreign_cpu=9.39 foreign_after=15.37 waited=35s errlen=0 ts=2026-09-13T20:43:51Z
CC size=10 red=10 bs=768000 blocks=13990 arm=parfast rep=2 wall=3.831 cpu=108.289 cpu_over_wall=28.27 peak_mb=11847.7 recovery_mb=1042 files=12 rc=0 foreign_cpu=9.65 foreign_after=12.40 waited=40s errlen=0 ts=2026-09-13T20:44:37Z
CC size=10 red=20 bs=768000 blocks=13990 arm=parfast rep=1 wall=4.247 cpu=116.497 cpu_over_wall=27.43 peak_mb=13186.2 recovery_mb=2070 files=13 rc=0 foreign_cpu=9.45 foreign_after=9.45 waited=15s errlen=0 ts=2026-09-13T20:44:58Z
CC size=10 red=20 bs=768000 blocks=13990 arm=parfast-beta2 rep=1 wall=4.404 cpu=115.161 cpu_over_wall=26.15 peak_mb=13186.2 recovery_mb=2070 files=13 rc=0 foreign_cpu=8.94 foreign_after=8.62 waited=0s errlen=0 ts=2026-09-13T20:45:04Z
CC size=10 red=20 bs=768000 blocks=13990 arm=turbo rep=1 wall=41.561 cpu=1051.644 cpu_over_wall=25.30 peak_mb=13186.2 recovery_mb=2070 files=13 rc=0 foreign_cpu=8.62 foreign_after=21.35 waited=0s errlen=0 ts=2026-09-13T20:45:47Z
CC size=10 red=20 bs=768000 blocks=13990 arm=parpar rep=1 wall=39.685 cpu=1050.992 cpu_over_wall=26.48 peak_mb=13186.2 recovery_mb=2067 files=13 rc=0 foreign_cpu=9.50 foreign_after=20.49 waited=70s errlen=0 ts=2026-09-13T20:47:38Z
CC size=10 red=20 bs=768000 blocks=13990 arm=parpar rep=2 wall=42.220 cpu=1063.030 cpu_over_wall=25.18 peak_mb=13186.2 recovery_mb=2067 files=13 rc=0 foreign_cpu=9.98 foreign_after=23.54 waited=65s errlen=0 ts=2026-09-13T20:49:27Z
CC size=10 red=20 bs=768000 blocks=13990 arm=turbo rep=2 wall=42.820 cpu=1047.641 cpu_over_wall=24.47 peak_mb=13186.2 recovery_mb=2070 files=13 rc=0 foreign_cpu=9.61 foreign_after=21.33 waited=140s errlen=0 ts=2026-09-13T20:52:32Z
CC size=10 red=20 bs=768000 blocks=13990 arm=parfast-beta2 rep=2 wall=4.658 cpu=117.458 cpu_over_wall=25.21 peak_mb=13186.2 recovery_mb=2070 files=13 rc=0 foreign_cpu=9.69 foreign_after=12.76 waited=75s errlen=0 ts=2026-09-13T20:53:53Z
CC size=10 red=20 bs=768000 blocks=13990 arm=parfast rep=2 wall=4.650 cpu=116.322 cpu_over_wall=25.01 peak_mb=13186.3 recovery_mb=2070 files=13 rc=0 foreign_cpu=9.62 foreign_after=10.45 waited=45s errlen=0 ts=2026-09-13T20:54:44Z
CC size=20 red=10 bs=768000 blocks=27980 arm=parfast rep=1 wall=6.777 cpu=172.509 cpu_over_wall=25.46 peak_mb=23420.6 recovery_mb=2090 files=13 rc=0 foreign_cpu=9.68 foreign_after=17.63 waited=10s errlen=0 ts=2026-09-13T20:55:04Z
CC size=20 red=10 bs=768000 blocks=27980 arm=parfast-beta2 rep=1 wall=6.209 cpu=170.838 cpu_over_wall=27.51 peak_mb=23420.9 recovery_mb=2090 files=13 rc=0 foreign_cpu=9.94 foreign_after=17.23 waited=60s errlen=0 ts=2026-09-13T20:56:13Z
CC size=20 red=10 bs=768000 blocks=27980 arm=turbo rep=1 wall=80.667 cpu=2083.177 cpu_over_wall=25.82 peak_mb=23420.9 recovery_mb=2090 files=13 rc=0 foreign_cpu=9.99 foreign_after=31.99 waited=50s errlen=0 ts=2026-09-13T20:58:27Z
CC size=20 red=10 bs=768000 blocks=27980 arm=parpar rep=1 wall=76.638 cpu=2102.034 cpu_over_wall=27.43 peak_mb=23420.9 recovery_mb=2085 files=13 rc=0 foreign_cpu=9.98 foreign_after=32.27 waited=100s errlen=0 ts=2026-09-13T21:01:27Z
CC size=20 red=10 bs=768000 blocks=27980 arm=parpar rep=2 wall=79.523 cpu=2094.442 cpu_over_wall=26.34 peak_mb=23420.9 recovery_mb=2085 files=13 rc=0 foreign_cpu=9.92 foreign_after=27.01 waited=90s errlen=0 ts=2026-09-13T21:04:20Z
CC size=20 red=10 bs=768000 blocks=27980 arm=turbo rep=2 wall=79.660 cpu=2089.736 cpu_over_wall=26.23 peak_mb=23420.9 recovery_mb=2090 files=13 rc=0 foreign_cpu=9.87 foreign_after=30.64 waited=100s errlen=0 ts=2026-09-13T21:07:23Z
CC size=20 red=10 bs=768000 blocks=27980 arm=parfast-beta2 rep=2 wall=6.400 cpu=169.310 cpu_over_wall=26.45 peak_mb=23420.9 recovery_mb=2090 files=13 rc=0 foreign_cpu=9.84 foreign_after=16.42 waited=395s errlen=0 ts=2026-09-13T21:14:08Z
CC size=20 red=10 bs=768000 blocks=27980 arm=parfast rep=2 wall=6.409 cpu=169.537 cpu_over_wall=26.45 peak_mb=23420.9 recovery_mb=2090 files=13 rc=0 foreign_cpu=9.48 foreign_after=13.12 waited=55s errlen=0 ts=2026-09-13T21:15:12Z
CC size=20 red=20 bs=768000 blocks=27980 arm=parfast rep=1 wall=7.055 cpu=182.588 cpu_over_wall=25.88 peak_mb=25943.6 recovery_mb=4147 files=14 rc=0 foreign_cpu=9.30 foreign_after=13.44 waited=40s errlen=0 ts=2026-09-13T21:16:02Z
CC size=20 red=20 bs=768000 blocks=27980 arm=parfast-beta2 rep=1 wall=7.030 cpu=182.464 cpu_over_wall=25.96 peak_mb=25943.6 recovery_mb=4147 files=14 rc=0 foreign_cpu=9.55 foreign_after=12.87 waited=35s errlen=0 ts=2026-09-13T21:16:48Z
CC size=20 red=20 bs=768000 blocks=27980 arm=turbo rep=1 wall=150.224 cpu=4159.542 cpu_over_wall=27.69 peak_mb=25943.6 recovery_mb=4147 files=14 rc=0 foreign_cpu=9.99 foreign_after=37.60 waited=25s errlen=0 ts=2026-09-13T21:19:46Z
CC size=20 red=20 bs=768000 blocks=27980 arm=parpar rep=1 wall=149.660 cpu=4174.006 cpu_over_wall=27.89 peak_mb=25943.6 recovery_mb=4141 files=14 rc=0 foreign_cpu=9.81 foreign_after=37.88 waited=115s errlen=0 ts=2026-09-13T21:24:14Z
CC size=20 red=20 bs=768000 blocks=27980 arm=parpar rep=2 wall=153.249 cpu=4171.623 cpu_over_wall=27.22 peak_mb=25943.6 recovery_mb=4141 files=14 rc=0 foreign_cpu=9.81 foreign_after=39.50 waited=120s errlen=0 ts=2026-09-13T21:28:50Z
CC size=20 red=20 bs=768000 blocks=27980 arm=turbo rep=2 wall=164.891 cpu=4124.961 cpu_over_wall=25.02 peak_mb=25943.6 recovery_mb=4147 files=14 rc=0 foreign_cpu=9.72 foreign_after=36.28 waited=235s errlen=0 ts=2026-09-13T21:35:33Z
CC size=20 red=20 bs=768000 blocks=27980 arm=parfast-beta2 rep=2 wall=7.094 cpu=182.921 cpu_over_wall=25.79 peak_mb=25943.8 recovery_mb=4147 files=14 rc=0 foreign_cpu=9.56 foreign_after=13.44 waited=110s errlen=0 ts=2026-09-13T21:37:34Z
CC size=20 red=20 bs=768000 blocks=27980 arm=parfast rep=2 wall=7.104 cpu=182.538 cpu_over_wall=25.70 peak_mb=25943.8 recovery_mb=4147 files=14 rc=0 foreign_cpu=9.86 foreign_after=15.48 waited=25s errlen=0 ts=2026-09-13T21:38:09Z
CSWP-END 2026-09-13T21:38:09Z
