RIG-LOCK-TAKEN <rig>/.parfast-rig.lock pid=26221
LAD-START 2026-09-13T18:25:20Z
BOX host=apple-m3-ultra-512gb cpu=Apple M3 Ultra cores=32 ram_gb=512.0 os=macOS 27.0 free_gb=1938.1
BIN parfast sha256=1c95c3c30d69f6221f8b7ad88020bdb577f62295b19824e9b5637910736e3621 bytes=2875408 version=parfast version 1.5.0-beta.2
BIN parfast-beta2 sha256=04f16670ac90904b4601260c16067af0272e0be77151b7ff8ac2b6f5aa1cbfb9 bytes=5315792 version=parfast version 1.5.0-beta.2
BIN par2turbo sha256=f15cc37cd102f9fd64bbe6adb84d9f4009406bea86e8748dbfca2f85d37d3a31 bytes=624712 version=par2cmdline-turbo version 1.5.0
PROTOCOL slice=768000 recovery_blocks=2098 source_blocks=13990 redundancy_pct=14.996 damage=scattered-seeded-slice-overwrite reps=3 gate=sha256-all-members prewarm=recovery-set-read driver=ladder.py
ARGV parfast='r -q -t32 -T16 f.par2' parfast-beta2='r -q -t32 -T16 f.par2' par2turbo='r -q -t32 -T16 f.par2'
VARGV parfast='v -q -t32 -T16 f.par2' parfast-beta2='v -q -t32 -T16 f.par2' par2turbo='v -q -t32 -T16 f.par2'
FIXTURE members=10 distinct_member_sha=10/10 bytes=10737418240
GOLD p00.bin 83589102fc168118f3b9f4274fe0e6feaa76eee4645e460f71b68cd13786c6f8
GOLD p01.bin 067a924762d50215270d6c7382eb0688af32199bb28cb9b62b312a195a63016e
GOLD p02.bin ceaa85ed3af3dac16dc5bbb8d325de48579c1c1e90feb5dbb6f2c0e4ae67bc11
GOLD p03.bin 18b7e415145ce88b085e4d50844f71af6f47886fc9b5d218daf88e680ce5926d
GOLD p04.bin 641332845c75918c7f0c0281084cc244870ed5dbc3ee81117ddbae4d4ea1be6b
GOLD p05.bin 9a1d2c367351744186d2f7f05742c87acfb510de2602bb6ddb4d24a28ad88db3
GOLD p06.bin e2b8e4d974f6e9d92b6a9e1f9eced4ee333c44e0570e079d842e3d76595fb694
GOLD p07.bin c309c305f7ad3e71d0eebb7e08077ba23b2feb3e93af36e6eb3c1d534c6174e5
GOLD p08.bin ce8f424f103c973204c5dfdcdf28d6361c57def43f1853d1a3254e8392e34359
GOLD p09.bin aa3d47996b2ccd9df4d4f82226f8e9793f2ab8a1ad9463e9bde1e7735d1fbc04
CREATE round=m3lad2 tool=parfast argv='c -q -t32 -T16 -s768000 -c2098 f.par2 ...' rc=0 wall=4.212 cpu=110.465 peak_mb=12517.3 par2files=13 par2bytes=1632002172 errlen=0 ts=2026-09-13T18:25:56Z
LEG round=m3lad2 rep=0 m=64 tool=parfast argv='r -q -t32 -T16 f.par2' wall=2.439 cpu=65.104 cpu_over_wall=26.69 peak_mb=12517.3 rc=0 restored=10/10 damaged_members=10 touched_members=10 blocks_written=64 strays=10 seed=20260913 foreign_cpu=8.57 foreign_after=8.57 waited=0s errlen=0 ts=2026-09-13T18:26:02Z
LEG round=m3lad2 rep=0 m=64 tool=parfast-beta2 argv='r -q -t32 -T16 f.par2' wall=2.943 cpu=48.459 cpu_over_wall=16.47 peak_mb=12517.3 rc=0 restored=10/10 damaged_members=10 touched_members=10 blocks_written=64 strays=10 seed=20260913 foreign_cpu=8.37 foreign_after=8.37 waited=0s errlen=0 ts=2026-09-13T18:26:07Z
LEG round=m3lad2 rep=0 m=64 tool=par2turbo argv='r -q -t32 -T16 f.par2' wall=11.160 cpu=71.330 cpu_over_wall=6.39 peak_mb=12517.3 rc=0 restored=10/10 damaged_members=10 touched_members=10 blocks_written=64 strays=10 seed=20260913 foreign_cpu=9.46 foreign_after=9.35 waited=0s errlen=0 ts=2026-09-13T18:26:20Z
VERIFY round=m3lad2 rep=1 tool=parfast argv='v -q -t32 -T16 f.par2' wall=0.608 cpu=15.667 cpu_over_wall=25.75 peak_mb=12517.3 rc=0 intact=10/10 foreign_cpu=9.35 foreign_after=9.35 waited=0s errlen=0 ts=2026-09-13T18:26:23Z
VERIFY round=m3lad2 rep=1 tool=parfast-beta2 argv='v -q -t32 -T16 f.par2' wall=1.494 cpu=14.489 cpu_over_wall=9.70 peak_mb=12517.3 rc=0 intact=10/10 foreign_cpu=9.48 foreign_after=9.48 waited=0s errlen=0 ts=2026-09-13T18:26:25Z
VERIFY round=m3lad2 rep=1 tool=par2turbo argv='v -q -t32 -T16 f.par2' wall=3.475 cpu=16.425 cpu_over_wall=4.73 peak_mb=12517.3 rc=0 intact=10/10 foreign_cpu=9.48 foreign_after=9.84 waited=0s errlen=0 ts=2026-09-13T18:26:29Z
LEG round=m3lad2 rep=1 m=1 tool=parfast argv='r -q -t32 -T16 f.par2' wall=1.008 cpu=25.022 cpu_over_wall=24.83 peak_mb=12517.3 rc=0 restored=10/10 damaged_members=1 touched_members=1 blocks_written=1 strays=1 seed=20260918 foreign_cpu=9.84 foreign_after=9.84 waited=0s errlen=0 ts=2026-09-13T18:26:31Z
LEG round=m3lad2 rep=1 m=1 tool=parfast-beta2 argv='r -q -t32 -T16 f.par2' wall=2.228 cpu=22.430 cpu_over_wall=10.07 peak_mb=12517.3 rc=0 restored=10/10 damaged_members=1 touched_members=1 blocks_written=1 strays=1 seed=20260918 foreign_cpu=9.29 foreign_after=9.29 waited=0s errlen=0 ts=2026-09-13T18:26:36Z
LEG round=m3lad2 rep=1 m=1 tool=par2turbo argv='r -q -t32 -T16 f.par2' wall=6.632 cpu=21.452 cpu_over_wall=3.23 peak_mb=12517.3 rc=0 restored=10/10 damaged_members=1 touched_members=1 blocks_written=1 strays=1 seed=20260918 foreign_cpu=10.00 foreign_after=9.68 waited=25s errlen=0 ts=2026-09-13T18:27:10Z
LEG round=m3lad2 rep=1 m=16 tool=parfast argv='r -q -t32 -T16 f.par2' wall=1.616 cpu=42.371 cpu_over_wall=26.22 peak_mb=12517.3 rc=0 restored=10/10 damaged_members=9 touched_members=9 blocks_written=16 strays=9 seed=20261023 foreign_cpu=9.68 foreign_after=11.07 waited=0s errlen=0 ts=2026-09-13T18:27:13Z
LEG round=m3lad2 rep=1 m=16 tool=parfast-beta2 argv='r -q -t32 -T16 f.par2' wall=3.101 cpu=27.295 cpu_over_wall=8.80 peak_mb=12517.3 rc=0 restored=10/10 damaged_members=9 touched_members=9 blocks_written=16 strays=9 seed=20261023 foreign_cpu=9.70 foreign_after=9.88 waited=15s errlen=0 ts=2026-09-13T18:27:34Z
LEG round=m3lad2 rep=1 m=16 tool=par2turbo argv='r -q -t32 -T16 f.par2' wall=9.183 cpu=48.161 cpu_over_wall=5.24 peak_mb=12517.3 rc=0 restored=10/10 damaged_members=9 touched_members=9 blocks_written=16 strays=9 seed=20261023 foreign_cpu=9.88 foreign_after=10.03 waited=0s errlen=0 ts=2026-09-13T18:27:45Z
LEG round=m3lad2 rep=1 m=64 tool=parfast argv='r -q -t32 -T16 f.par2' wall=2.504 cpu=66.395 cpu_over_wall=26.51 peak_mb=12517.3 rc=0 restored=10/10 damaged_members=10 touched_members=10 blocks_written=64 strays=10 seed=20261359 foreign_cpu=9.85 foreign_after=12.18 waited=335s errlen=0 ts=2026-09-13T18:33:25Z
LEG round=m3lad2 rep=1 m=64 tool=parfast-beta2 argv='r -q -t32 -T16 f.par2' wall=3.327 cpu=49.133 cpu_over_wall=14.77 peak_mb=12517.3 rc=0 restored=10/10 damaged_members=10 touched_members=10 blocks_written=64 strays=10 seed=20261359 foreign_cpu=9.42 foreign_after=8.83 waited=25s errlen=0 ts=2026-09-13T18:33:56Z
LEG round=m3lad2 rep=1 m=64 tool=par2turbo argv='r -q -t32 -T16 f.par2' wall=9.709 cpu=70.883 cpu_over_wall=7.30 peak_mb=12517.3 rc=0 restored=10/10 damaged_members=10 touched_members=10 blocks_written=64 strays=10 seed=20261359 foreign_cpu=8.83 foreign_after=11.21 waited=0s errlen=0 ts=2026-09-13T18:34:08Z
LEG round=m3lad2 rep=1 m=256 tool=parfast argv='r -q -t32 -T16 f.par2' wall=4.084 cpu=103.548 cpu_over_wall=25.35 peak_mb=12517.3 rc=0 restored=10/10 damaged_members=10 touched_members=10 blocks_written=256 strays=10 seed=20262703 foreign_cpu=9.37 foreign_after=13.43 waited=30s errlen=0 ts=2026-09-13T18:34:45Z
LEG round=m3lad2 rep=1 m=256 tool=parfast-beta2 argv='r -q -t32 -T16 f.par2' wall=5.001 cpu=86.551 cpu_over_wall=17.31 peak_mb=12517.3 rc=0 restored=10/10 damaged_members=10 touched_members=10 blocks_written=256 strays=10 seed=20262703 foreign_cpu=9.76 foreign_after=14.67 waited=25s errlen=0 ts=2026-09-13T18:35:17Z
LEG round=m3lad2 rep=1 m=256 tool=par2turbo argv='r -q -t32 -T16 f.par2' wall=12.506 cpu=145.842 cpu_over_wall=11.66 peak_mb=12517.3 rc=0 restored=10/10 damaged_members=10 touched_members=10 blocks_written=256 strays=10 seed=20262703 foreign_cpu=9.80 foreign_after=11.17 waited=85s errlen=0 ts=2026-09-13T18:36:58Z
LEG round=m3lad2 rep=1 m=512 tool=parfast argv='r -q -t32 -T16 f.par2' wall=4.414 cpu=111.395 cpu_over_wall=25.23 peak_mb=12517.3 rc=0 restored=10/10 damaged_members=10 touched_members=10 blocks_written=512 strays=10 seed=20264495 foreign_cpu=9.73 foreign_after=13.12 waited=25s errlen=0 ts=2026-09-13T18:37:30Z
LEG round=m3lad2 rep=1 m=512 tool=parfast-beta2 argv='r -q -t32 -T16 f.par2' wall=4.930 cpu=94.392 cpu_over_wall=19.15 peak_mb=12517.3 rc=0 restored=10/10 damaged_members=10 touched_members=10 blocks_written=512 strays=10 seed=20264495 foreign_cpu=9.65 foreign_after=12.24 waited=25s errlen=0 ts=2026-09-13T18:38:03Z
LEG round=m3lad2 rep=1 m=512 tool=par2turbo argv='r -q -t32 -T16 f.par2' wall=16.184 cpu=241.588 cpu_over_wall=14.93 peak_mb=12517.3 rc=0 restored=10/10 damaged_members=10 touched_members=10 blocks_written=512 strays=10 seed=20264495 foreign_cpu=9.70 foreign_after=13.58 waited=35s errlen=0 ts=2026-09-13T18:38:58Z
LEG round=m3lad2 rep=1 m=640 tool=parfast argv='r -q -t32 -T16 f.par2' wall=4.463 cpu=113.997 cpu_over_wall=25.54 peak_mb=12585.6 rc=0 restored=10/10 damaged_members=10 touched_members=10 blocks_written=640 strays=10 seed=20265391 foreign_cpu=9.55 foreign_after=12.47 waited=55s errlen=0 ts=2026-09-13T18:40:00Z
LEG round=m3lad2 rep=1 m=640 tool=parfast-beta2 argv='r -q -t32 -T16 f.par2' wall=4.986 cpu=99.060 cpu_over_wall=19.87 peak_mb=12585.6 rc=0 restored=10/10 damaged_members=10 touched_members=10 blocks_written=640 strays=10 seed=20265391 foreign_cpu=9.91 foreign_after=10.16 waited=20s errlen=0 ts=2026-09-13T18:40:29Z
LEG round=m3lad2 rep=1 m=640 tool=par2turbo argv='r -q -t32 -T16 f.par2' wall=18.216 cpu=293.208 cpu_over_wall=16.10 peak_mb=12585.6 rc=0 restored=10/10 damaged_members=10 touched_members=10 blocks_written=640 strays=10 seed=20265391 foreign_cpu=9.66 foreign_after=12.02 waited=5s errlen=0 ts=2026-09-13T18:40:55Z
LEG round=m3lad2 rep=1 m=704 tool=parfast argv='r -q -t32 -T16 f.par2' wall=4.497 cpu=115.227 cpu_over_wall=25.62 peak_mb=12667.9 rc=0 restored=10/10 damaged_members=10 touched_members=10 blocks_written=704 strays=10 seed=20265839 foreign_cpu=9.61 foreign_after=9.61 waited=25s errlen=0 ts=2026-09-13T18:41:28Z
LEG round=m3lad2 rep=1 m=704 tool=parfast-beta2 argv='r -q -t32 -T16 f.par2' wall=4.954 cpu=99.947 cpu_over_wall=20.18 peak_mb=12667.9 rc=0 restored=10/10 damaged_members=10 touched_members=10 blocks_written=704 strays=10 seed=20265839 foreign_cpu=9.96 foreign_after=13.17 waited=0s errlen=0 ts=2026-09-13T18:41:37Z
LEG round=m3lad2 rep=1 m=704 tool=par2turbo argv='r -q -t32 -T16 f.par2' wall=18.577 cpu=316.325 cpu_over_wall=17.03 peak_mb=12667.9 rc=0 restored=10/10 damaged_members=10 touched_members=10 blocks_written=704 strays=10 seed=20265839 foreign_cpu=9.42 foreign_after=13.63 waited=25s errlen=0 ts=2026-09-13T18:42:24Z
LEG round=m3lad2 rep=1 m=768 tool=parfast argv='r -q -t32 -T16 f.par2' wall=4.575 cpu=117.742 cpu_over_wall=25.74 peak_mb=12733.1 rc=0 restored=10/10 damaged_members=10 touched_members=10 blocks_written=768 strays=10 seed=20266287 foreign_cpu=9.81 foreign_after=12.06 waited=25s errlen=0 ts=2026-09-13T18:42:57Z
LEG round=m3lad2 rep=1 m=768 tool=parfast-beta2 argv='r -q -t32 -T16 f.par2' wall=4.939 cpu=101.027 cpu_over_wall=20.45 peak_mb=12733.1 rc=0 restored=10/10 damaged_members=10 touched_members=10 blocks_written=768 strays=10 seed=20266287 foreign_cpu=9.70 foreign_after=11.88 waited=15s errlen=0 ts=2026-09-13T18:43:21Z
LEG round=m3lad2 rep=1 m=768 tool=par2turbo argv='r -q -t32 -T16 f.par2' wall=18.433 cpu=340.527 cpu_over_wall=18.47 peak_mb=12733.1 rc=0 restored=10/10 damaged_members=10 touched_members=10 blocks_written=768 strays=10 seed=20266287 foreign_cpu=9.93 foreign_after=14.35 waited=15s errlen=0 ts=2026-09-13T18:43:58Z
LEG round=m3lad2 rep=1 m=896 tool=parfast argv='r -q -t32 -T16 f.par2' wall=4.458 cpu=118.084 cpu_over_wall=26.49 peak_mb=12847.1 rc=0 restored=10/10 damaged_members=10 touched_members=10 blocks_written=896 strays=10 seed=20267183 foreign_cpu=9.88 foreign_after=11.97 waited=30s errlen=0 ts=2026-09-13T18:44:36Z
LEG round=m3lad2 rep=1 m=896 tool=parfast-beta2 argv='r -q -t32 -T16 f.par2' wall=5.005 cpu=102.302 cpu_over_wall=20.44 peak_mb=12847.1 rc=0 restored=10/10 damaged_members=10 touched_members=10 blocks_written=896 strays=10 seed=20267183 foreign_cpu=9.97 foreign_after=10.29 waited=15s errlen=0 ts=2026-09-13T18:45:00Z
LEG round=m3lad2 rep=1 m=896 tool=par2turbo argv='r -q -t32 -T16 f.par2' wall=21.548 cpu=389.705 cpu_over_wall=18.09 peak_mb=12847.1 rc=0 restored=10/10 damaged_members=10 touched_members=10 blocks_written=896 strays=10 seed=20267183 foreign_cpu=9.55 foreign_after=14.94 waited=5s errlen=0 ts=2026-09-13T18:45:30Z
LEG round=m3lad2 rep=1 m=1024 tool=parfast argv='r -q -t32 -T16 f.par2' wall=4.752 cpu=119.017 cpu_over_wall=25.05 peak_mb=12970.7 rc=0 restored=10/10 damaged_members=10 touched_members=10 blocks_written=1024 strays=10 seed=20268079 foreign_cpu=9.44 foreign_after=9.00 waited=35s errlen=0 ts=2026-09-13T18:46:14Z
LEG round=m3lad2 rep=1 m=1024 tool=parfast-beta2 argv='r -q -t32 -T16 f.par2' wall=5.154 cpu=103.493 cpu_over_wall=20.08 peak_mb=12970.7 rc=0 restored=10/10 damaged_members=10 touched_members=10 blocks_written=1024 strays=10 seed=20268079 foreign_cpu=9.00 foreign_after=11.25 waited=0s errlen=0 ts=2026-09-13T18:46:24Z
LEG round=m3lad2 rep=1 m=1024 tool=par2turbo argv='r -q -t32 -T16 f.par2' wall=23.426 cpu=440.234 cpu_over_wall=18.79 peak_mb=12970.7 rc=0 restored=10/10 damaged_members=10 touched_members=10 blocks_written=1024 strays=10 seed=20268079 foreign_cpu=9.73 foreign_after=13.58 waited=25s errlen=0 ts=2026-09-13T18:47:16Z
LEG round=m3lad2 rep=1 m=1152 tool=parfast argv='r -q -t32 -T16 f.par2' wall=4.968 cpu=122.884 cpu_over_wall=24.73 peak_mb=13093.3 rc=0 restored=10/10 damaged_members=10 touched_members=10 blocks_written=1152 strays=10 seed=20268975 foreign_cpu=9.65 foreign_after=11.28 waited=35s errlen=0 ts=2026-09-13T18:48:00Z
LEG round=m3lad2 rep=1 m=1152 tool=parfast-beta2 argv='r -q -t32 -T16 f.par2' wall=5.372 cpu=106.673 cpu_over_wall=19.86 peak_mb=13093.3 rc=0 restored=10/10 damaged_members=10 touched_members=10 blocks_written=1152 strays=10 seed=20268975 foreign_cpu=9.54 foreign_after=9.26 waited=30s errlen=0 ts=2026-09-13T18:48:40Z
LEG round=m3lad2 rep=1 m=1152 tool=par2turbo argv='r -q -t32 -T16 f.par2' wall=25.402 cpu=477.692 cpu_over_wall=18.81 peak_mb=13093.3 rc=0 restored=10/10 damaged_members=10 touched_members=10 blocks_written=1152 strays=10 seed=20268975 foreign_cpu=9.48 foreign_after=17.55 waited=0s errlen=0 ts=2026-09-13T18:49:10Z
LEG round=m3lad2 rep=1 m=1280 tool=parfast argv='r -q -t32 -T16 f.par2' wall=4.949 cpu=124.246 cpu_over_wall=25.10 peak_mb=13220.7 rc=0 restored=10/10 damaged_members=10 touched_members=10 blocks_written=1280 strays=10 seed=20269871 foreign_cpu=9.70 foreign_after=13.25 waited=65s errlen=0 ts=2026-09-13T18:50:25Z
LEG round=m3lad2 rep=1 m=1280 tool=parfast-beta2 argv='r -q -t32 -T16 f.par2' wall=5.459 cpu=109.166 cpu_over_wall=20.00 peak_mb=13220.7 rc=0 restored=10/10 damaged_members=10 touched_members=10 blocks_written=1280 strays=10 seed=20269871 foreign_cpu=9.79 foreign_after=10.36 waited=30s errlen=0 ts=2026-09-13T18:51:05Z
LEG round=m3lad2 rep=1 m=1280 tool=par2turbo argv='r -q -t32 -T16 f.par2' wall=27.216 cpu=538.679 cpu_over_wall=19.79 peak_mb=13220.7 rc=0 restored=10/10 damaged_members=10 touched_members=10 blocks_written=1280 strays=10 seed=20269871 foreign_cpu=9.67 foreign_after=19.24 waited=5s errlen=0 ts=2026-09-13T18:51:42Z
LEG round=m3lad2 rep=1 m=1408 tool=parfast argv='r -q -t32 -T16 f.par2' wall=4.893 cpu=125.742 cpu_over_wall=25.70 peak_mb=13334.6 rc=0 restored=10/10 damaged_members=10 touched_members=10 blocks_written=1408 strays=10 seed=20270767 foreign_cpu=9.93 foreign_after=11.94 waited=60s errlen=0 ts=2026-09-13T18:52:52Z
LEG round=m3lad2 rep=1 m=1408 tool=parfast-beta2 argv='r -q -t32 -T16 f.par2' wall=5.567 cpu=109.911 cpu_over_wall=19.74 peak_mb=13334.6 rc=0 restored=10/10 damaged_members=10 touched_members=10 blocks_written=1408 strays=10 seed=20270767 foreign_cpu=9.79 foreign_after=12.29 waited=10s errlen=0 ts=2026-09-13T18:53:12Z
LEG round=m3lad2 rep=1 m=1408 tool=par2turbo argv='r -q -t32 -T16 f.par2' wall=28.520 cpu=588.063 cpu_over_wall=20.62 peak_mb=13334.6 rc=0 restored=10/10 damaged_members=10 touched_members=10 blocks_written=1408 strays=10 seed=20270767 foreign_cpu=9.96 foreign_after=15.88 waited=15s errlen=0 ts=2026-09-13T18:54:01Z
LEG round=m3lad2 rep=1 m=1600 tool=parfast argv='r -q -t32 -T16 f.par2' wall=5.055 cpu=127.706 cpu_over_wall=25.26 peak_mb=13508.7 rc=0 restored=10/10 damaged_members=10 touched_members=10 blocks_written=1600 strays=10 seed=20272111 foreign_cpu=9.51 foreign_after=12.59 waited=40s errlen=0 ts=2026-09-13T18:54:51Z
LEG round=m3lad2 rep=1 m=1600 tool=parfast-beta2 argv='r -q -t32 -T16 f.par2' wall=5.682 cpu=113.760 cpu_over_wall=20.02 peak_mb=13508.7 rc=0 restored=10/10 damaged_members=10 touched_members=10 blocks_written=1600 strays=10 seed=20272111 foreign_cpu=9.79 foreign_after=9.48 waited=25s errlen=0 ts=2026-09-13T18:55:27Z
LEG round=m3lad2 rep=1 m=1600 tool=par2turbo argv='r -q -t32 -T16 f.par2' wall=30.116 cpu=659.948 cpu_over_wall=21.91 peak_mb=13508.7 rc=0 restored=10/10 damaged_members=10 touched_members=10 blocks_written=1600 strays=10 seed=20272111 foreign_cpu=8.96 foreign_after=18.07 waited=0s errlen=0 ts=2026-09-13T18:56:02Z
LEG round=m3lad2 rep=1 m=1792 tool=parfast argv='r -q -t32 -T16 f.par2' wall=5.109 cpu=130.653 cpu_over_wall=25.57 peak_mb=13669.5 rc=0 restored=10/10 damaged_members=10 touched_members=10 blocks_written=1792 strays=10 seed=20273455 foreign_cpu=9.48 foreign_after=11.69 waited=50s errlen=0 ts=2026-09-13T18:57:03Z
LEG round=m3lad2 rep=1 m=1792 tool=parfast-beta2 argv='r -q -t32 -T16 f.par2' wall=5.769 cpu=116.529 cpu_over_wall=20.20 peak_mb=13669.5 rc=0 restored=10/10 damaged_members=10 touched_members=10 blocks_written=1792 strays=10 seed=20273455 foreign_cpu=9.79 foreign_after=12.21 waited=15s errlen=0 ts=2026-09-13T18:57:29Z
LEG round=m3lad2 rep=1 m=1792 tool=par2turbo argv='r -q -t32 -T16 f.par2' wall=32.922 cpu=735.922 cpu_over_wall=22.35 peak_mb=13669.5 rc=0 restored=10/10 damaged_members=10 touched_members=10 blocks_written=1792 strays=10 seed=20273455 foreign_cpu=9.74 foreign_after=19.01 waited=30s errlen=0 ts=2026-09-13T18:58:38Z
LEG round=m3lad2 rep=1 m=2048 tool=parfast argv='r -q -t32 -T16 f.par2' wall=5.672 cpu=130.493 cpu_over_wall=23.01 peak_mb=13893.8 rc=0 restored=10/10 damaged_members=10 touched_members=10 blocks_written=2048 strays=10 seed=20275247 foreign_cpu=9.77 foreign_after=10.05 waited=70s errlen=0 ts=2026-09-13T18:59:59Z
LEG round=m3lad2 rep=1 m=2048 tool=parfast-beta2 argv='r -q -t32 -T16 f.par2' wall=6.071 cpu=118.396 cpu_over_wall=19.50 peak_mb=13903.6 rc=0 restored=10/10 damaged_members=10 touched_members=10 blocks_written=2048 strays=10 seed=20275247 foreign_cpu=9.49 foreign_after=13.29 waited=0s errlen=0 ts=2026-09-13T19:00:12Z
LEG round=m3lad2 rep=1 m=2048 tool=par2turbo argv='r -q -t32 -T16 f.par2' wall=37.441 cpu=835.767 cpu_over_wall=22.32 peak_mb=13903.6 rc=0 restored=10/10 damaged_members=10 touched_members=10 blocks_written=2048 strays=10 seed=20275247 foreign_cpu=9.51 foreign_after=18.65 waited=25s errlen=0 ts=2026-09-13T19:01:20Z
LEG round=m3lad2 rep=1 m=2098 tool=parfast argv='r -q -t32 -T16 f.par2' wall=5.686 cpu=139.850 cpu_over_wall=24.60 peak_mb=13995.5 rc=0 restored=10/10 damaged_members=10 touched_members=10 blocks_written=2098 strays=10 seed=20275597 foreign_cpu=9.95 foreign_after=12.92 waited=55s errlen=0 ts=2026-09-13T19:02:27Z
LEG round=m3lad2 rep=1 m=2098 tool=parfast-beta2 argv='r -q -t32 -T16 f.par2' wall=6.204 cpu=126.598 cpu_over_wall=20.41 peak_mb=13995.5 rc=0 restored=10/10 damaged_members=10 touched_members=10 blocks_written=2098 strays=10 seed=20275597 foreign_cpu=9.99 foreign_after=12.28 waited=20s errlen=0 ts=2026-09-13T19:02:59Z
LEG round=m3lad2 rep=1 m=2098 tool=par2turbo argv='r -q -t32 -T16 f.par2' wall=37.454 cpu=853.769 cpu_over_wall=22.80 peak_mb=13995.5 rc=0 restored=10/10 damaged_members=10 touched_members=10 blocks_written=2098 strays=10 seed=20275597 foreign_cpu=9.84 foreign_after=23.57 waited=15s errlen=0 ts=2026-09-13T19:03:58Z
VERIFY round=m3lad2 rep=2 tool=parfast argv='v -q -t32 -T16 f.par2' wall=0.611 cpu=15.798 cpu_over_wall=25.87 peak_mb=13995.5 rc=0 intact=10/10 foreign_cpu=9.84 foreign_after=9.84 waited=65s errlen=0 ts=2026-09-13T19:05:06Z
VERIFY round=m3lad2 rep=2 tool=parfast-beta2 argv='v -q -t32 -T16 f.par2' wall=1.495 cpu=14.513 cpu_over_wall=9.71 peak_mb=13995.5 rc=0 intact=10/10 foreign_cpu=9.84 foreign_after=9.84 waited=0s errlen=0 ts=2026-09-13T19:05:08Z
VERIFY round=m3lad2 rep=2 tool=par2turbo argv='v -q -t32 -T16 f.par2' wall=3.514 cpu=16.539 cpu_over_wall=4.71 peak_mb=13995.5 rc=0 intact=10/10 foreign_cpu=9.84 foreign_after=9.53 waited=0s errlen=0 ts=2026-09-13T19:05:12Z
LEG round=m3lad2 rep=2 m=1 tool=par2turbo argv='r -q -t32 -T16 f.par2' wall=6.592 cpu=21.516 cpu_over_wall=3.26 peak_mb=13995.5 rc=0 restored=10/10 damaged_members=1 touched_members=1 blocks_written=1 strays=1 seed=20260919 foreign_cpu=9.53 foreign_after=8.66 waited=0s errlen=0 ts=2026-09-13T19:05:20Z
LEG round=m3lad2 rep=2 m=1 tool=parfast-beta2 argv='r -q -t32 -T16 f.par2' wall=2.272 cpu=22.444 cpu_over_wall=9.88 peak_mb=13995.5 rc=0 restored=10/10 damaged_members=1 touched_members=1 blocks_written=1 strays=1 seed=20260919 foreign_cpu=8.66 foreign_after=8.21 waited=0s errlen=0 ts=2026-09-13T19:05:25Z
LEG round=m3lad2 rep=2 m=1 tool=parfast argv='r -q -t32 -T16 f.par2' wall=1.061 cpu=25.495 cpu_over_wall=24.04 peak_mb=13995.5 rc=0 restored=10/10 damaged_members=1 touched_members=1 blocks_written=1 strays=1 seed=20260919 foreign_cpu=8.21 foreign_after=8.21 waited=0s errlen=0 ts=2026-09-13T19:05:28Z
LEG round=m3lad2 rep=2 m=16 tool=par2turbo argv='r -q -t32 -T16 f.par2' wall=8.439 cpu=43.326 cpu_over_wall=5.13 peak_mb=13995.5 rc=0 restored=10/10 damaged_members=7 touched_members=7 blocks_written=16 strays=7 seed=20261024 foreign_cpu=7.71 foreign_after=8.06 waited=0s errlen=0 ts=2026-09-13T19:05:39Z
LEG round=m3lad2 rep=2 m=16 tool=parfast-beta2 argv='r -q -t32 -T16 f.par2' wall=3.050 cpu=27.203 cpu_over_wall=8.92 peak_mb=13995.5 rc=0 restored=10/10 damaged_members=7 touched_members=7 blocks_written=16 strays=7 seed=20261024 foreign_cpu=8.45 foreign_after=8.45 waited=0s errlen=0 ts=2026-09-13T19:05:44Z
LEG round=m3lad2 rep=2 m=16 tool=parfast argv='r -q -t32 -T16 f.par2' wall=1.450 cpu=39.190 cpu_over_wall=27.02 peak_mb=13995.5 rc=0 restored=10/10 damaged_members=7 touched_members=7 blocks_written=16 strays=7 seed=20261024 foreign_cpu=8.98 foreign_after=8.98 waited=0s errlen=0 ts=2026-09-13T19:05:47Z
LEG round=m3lad2 rep=2 m=64 tool=par2turbo argv='r -q -t32 -T16 f.par2' wall=9.450 cpu=70.542 cpu_over_wall=7.46 peak_mb=13995.5 rc=0 restored=10/10 damaged_members=10 touched_members=10 blocks_written=64 strays=10 seed=20261360 foreign_cpu=9.30 foreign_after=9.19 waited=0s errlen=0 ts=2026-09-13T19:05:59Z
LEG round=m3lad2 rep=2 m=64 tool=parfast-beta2 argv='r -q -t32 -T16 f.par2' wall=3.331 cpu=48.204 cpu_over_wall=14.47 peak_mb=13995.5 rc=0 restored=10/10 damaged_members=10 touched_members=10 blocks_written=64 strays=10 seed=20261360 foreign_cpu=9.34 foreign_after=9.63 waited=0s errlen=0 ts=2026-09-13T19:06:05Z
LEG round=m3lad2 rep=2 m=64 tool=parfast argv='r -q -t32 -T16 f.par2' wall=2.352 cpu=65.388 cpu_over_wall=27.81 peak_mb=13995.5 rc=0 restored=10/10 damaged_members=10 touched_members=10 blocks_written=64 strays=10 seed=20261360 foreign_cpu=9.63 foreign_after=9.63 waited=0s errlen=0 ts=2026-09-13T19:06:09Z
LEG round=m3lad2 rep=2 m=256 tool=par2turbo argv='r -q -t32 -T16 f.par2' wall=12.308 cpu=144.935 cpu_over_wall=11.78 peak_mb=13995.5 rc=0 restored=10/10 damaged_members=10 touched_members=10 blocks_written=256 strays=10 seed=20262704 foreign_cpu=9.98 foreign_after=11.00 waited=0s errlen=0 ts=2026-09-13T19:06:24Z
LEG round=m3lad2 rep=2 m=256 tool=parfast-beta2 argv='r -q -t32 -T16 f.par2' wall=4.436 cpu=87.364 cpu_over_wall=19.69 peak_mb=13995.5 rc=0 restored=10/10 damaged_members=10 touched_members=10 blocks_written=256 strays=10 seed=20262704 foreign_cpu=9.70 foreign_after=11.64 waited=10s errlen=0 ts=2026-09-13T19:06:41Z
LEG round=m3lad2 rep=2 m=256 tool=parfast argv='r -q -t32 -T16 f.par2' wall=3.965 cpu=104.436 cpu_over_wall=26.34 peak_mb=13995.5 rc=0 restored=10/10 damaged_members=10 touched_members=10 blocks_written=256 strays=10 seed=20262704 foreign_cpu=9.95 foreign_after=11.79 waited=15s errlen=0 ts=2026-09-13T19:07:03Z
LEG round=m3lad2 rep=2 m=512 tool=par2turbo argv='r -q -t32 -T16 f.par2' wall=15.555 cpu=243.043 cpu_over_wall=15.62 peak_mb=13995.5 rc=0 restored=10/10 damaged_members=10 touched_members=10 blocks_written=512 strays=10 seed=20264496 foreign_cpu=9.76 foreign_after=11.23 waited=25s errlen=0 ts=2026-09-13T19:07:47Z
LEG round=m3lad2 rep=2 m=512 tool=parfast-beta2 argv='r -q -t32 -T16 f.par2' wall=4.689 cpu=93.663 cpu_over_wall=19.98 peak_mb=13995.5 rc=0 restored=10/10 damaged_members=10 touched_members=10 blocks_written=512 strays=10 seed=20264496 foreign_cpu=9.78 foreign_after=11.08 waited=15s errlen=0 ts=2026-09-13T19:08:10Z
LEG round=m3lad2 rep=2 m=512 tool=parfast argv='r -q -t32 -T16 f.par2' wall=4.265 cpu=110.619 cpu_over_wall=25.94 peak_mb=13995.5 rc=0 restored=10/10 damaged_members=10 touched_members=10 blocks_written=512 strays=10 seed=20264496 foreign_cpu=9.82 foreign_after=12.55 waited=15s errlen=0 ts=2026-09-13T19:08:32Z
LEG round=m3lad2 rep=2 m=640 tool=par2turbo argv='r -q -t32 -T16 f.par2' wall=17.338 cpu=291.596 cpu_over_wall=16.82 peak_mb=13995.5 rc=0 restored=10/10 damaged_members=10 touched_members=10 blocks_written=640 strays=10 seed=20265392 foreign_cpu=9.73 foreign_after=11.28 waited=20s errlen=0 ts=2026-09-13T19:09:13Z
LEG round=m3lad2 rep=2 m=640 tool=parfast-beta2 argv='r -q -t32 -T16 f.par2' wall=4.868 cpu=98.946 cpu_over_wall=20.32 peak_mb=13995.5 rc=0 restored=10/10 damaged_members=10 touched_members=10 blocks_written=640 strays=10 seed=20265392 foreign_cpu=9.92 foreign_after=10.56 waited=15s errlen=0 ts=2026-09-13T19:09:36Z
LEG round=m3lad2 rep=2 m=640 tool=parfast argv='r -q -t32 -T16 f.par2' wall=4.407 cpu=115.181 cpu_over_wall=26.13 peak_mb=13995.5 rc=0 restored=10/10 damaged_members=10 touched_members=10 blocks_written=640 strays=10 seed=20265392 foreign_cpu=9.96 foreign_after=12.12 waited=5s errlen=0 ts=2026-09-13T19:09:49Z
LEG round=m3lad2 rep=2 m=704 tool=par2turbo argv='r -q -t32 -T16 f.par2' wall=18.272 cpu=316.215 cpu_over_wall=17.31 peak_mb=13995.5 rc=0 restored=10/10 damaged_members=10 touched_members=10 blocks_written=704 strays=10 seed=20265840 foreign_cpu=9.61 foreign_after=15.10 waited=25s errlen=0 ts=2026-09-13T19:10:36Z
LEG round=m3lad2 rep=2 m=704 tool=parfast-beta2 argv='r -q -t32 -T16 f.par2' wall=4.904 cpu=100.229 cpu_over_wall=20.44 peak_mb=13995.5 rc=0 restored=10/10 damaged_members=10 touched_members=10 blocks_written=704 strays=10 seed=20265840 foreign_cpu=9.31 foreign_after=11.36 waited=40s errlen=0 ts=2026-09-13T19:11:24Z
LEG round=m3lad2 rep=2 m=704 tool=parfast argv='r -q -t32 -T16 f.par2' wall=4.426 cpu=116.782 cpu_over_wall=26.38 peak_mb=13995.5 rc=0 restored=10/10 damaged_members=10 touched_members=10 blocks_written=704 strays=10 seed=20265840 foreign_cpu=10.00 foreign_after=12.32 waited=15s errlen=0 ts=2026-09-13T19:11:47Z
LEG round=m3lad2 rep=2 m=768 tool=par2turbo argv='r -q -t32 -T16 f.par2' wall=18.308 cpu=339.879 cpu_over_wall=18.56 peak_mb=13995.5 rc=0 restored=10/10 damaged_members=10 touched_members=10 blocks_written=768 strays=10 seed=20266288 foreign_cpu=9.39 foreign_after=12.77 waited=20s errlen=0 ts=2026-09-13T19:12:29Z
LEG round=m3lad2 rep=2 m=768 tool=parfast-beta2 argv='r -q -t32 -T16 f.par2' wall=5.050 cpu=100.988 cpu_over_wall=20.00 peak_mb=13995.5 rc=0 restored=10/10 damaged_members=10 touched_members=10 blocks_written=768 strays=10 seed=20266288 foreign_cpu=9.73 foreign_after=13.68 waited=25s errlen=0 ts=2026-09-13T19:13:03Z
LEG round=m3lad2 rep=2 m=768 tool=parfast argv='r -q -t32 -T16 f.par2' wall=4.471 cpu=116.649 cpu_over_wall=26.09 peak_mb=13995.5 rc=0 restored=10/10 damaged_members=10 touched_members=10 blocks_written=768 strays=10 seed=20266288 foreign_cpu=9.88 foreign_after=9.81 waited=30s errlen=0 ts=2026-09-13T19:13:41Z
LEG round=m3lad2 rep=2 m=896 tool=par2turbo argv='r -q -t32 -T16 f.par2' wall=20.962 cpu=388.872 cpu_over_wall=18.55 peak_mb=13995.5 rc=0 restored=10/10 damaged_members=10 touched_members=10 blocks_written=896 strays=10 seed=20267184 foreign_cpu=9.81 foreign_after=13.31 waited=0s errlen=0 ts=2026-09-13T19:14:06Z
LEG round=m3lad2 rep=2 m=896 tool=parfast-beta2 argv='r -q -t32 -T16 f.par2' wall=5.228 cpu=102.056 cpu_over_wall=19.52 peak_mb=13995.5 rc=0 restored=10/10 damaged_members=10 touched_members=10 blocks_written=896 strays=10 seed=20267184 foreign_cpu=9.48 foreign_after=9.76 waited=35s errlen=0 ts=2026-09-13T19:14:50Z
LEG round=m3lad2 rep=2 m=896 tool=parfast argv='r -q -t32 -T16 f.par2' wall=5.201 cpu=116.724 cpu_over_wall=22.44 peak_mb=13995.5 rc=0 restored=10/10 damaged_members=10 touched_members=10 blocks_written=896 strays=10 seed=20267184 foreign_cpu=9.82 foreign_after=11.11 waited=10s errlen=0 ts=2026-09-13T19:15:09Z
LEG round=m3lad2 rep=2 m=1024 tool=par2turbo argv='r -q -t32 -T16 f.par2' wall=26.110 cpu=440.503 cpu_over_wall=16.87 peak_mb=13995.5 rc=0 restored=10/10 damaged_members=10 touched_members=10 blocks_written=1024 strays=10 seed=20268080 foreign_cpu=9.74 foreign_after=13.02 waited=45s errlen=0 ts=2026-09-13T19:16:24Z
LEG round=m3lad2 rep=2 m=1024 tool=parfast-beta2 argv='r -q -t32 -T16 f.par2' wall=5.127 cpu=103.451 cpu_over_wall=20.18 peak_mb=13995.5 rc=0 restored=10/10 damaged_members=10 touched_members=10 blocks_written=1024 strays=10 seed=20268080 foreign_cpu=9.96 foreign_after=11.81 waited=40s errlen=0 ts=2026-09-13T19:17:14Z
LEG round=m3lad2 rep=2 m=1024 tool=parfast argv='r -q -t32 -T16 f.par2' wall=4.616 cpu=120.143 cpu_over_wall=26.03 peak_mb=13995.5 rc=0 restored=10/10 damaged_members=10 touched_members=10 blocks_written=1024 strays=10 seed=20268080 foreign_cpu=9.84 foreign_after=12.33 waited=15s errlen=0 ts=2026-09-13T19:17:37Z
LEG round=m3lad2 rep=2 m=1152 tool=par2turbo argv='r -q -t32 -T16 f.par2' wall=23.839 cpu=488.623 cpu_over_wall=20.50 peak_mb=13995.5 rc=0 restored=10/10 damaged_members=10 touched_members=10 blocks_written=1152 strays=10 seed=20268976 foreign_cpu=9.79 foreign_after=15.17 waited=25s errlen=0 ts=2026-09-13T19:18:30Z
LEG round=m3lad2 rep=2 m=1152 tool=parfast-beta2 argv='r -q -t32 -T16 f.par2' wall=5.283 cpu=108.270 cpu_over_wall=20.49 peak_mb=13995.5 rc=0 restored=10/10 damaged_members=10 touched_members=10 blocks_written=1152 strays=10 seed=20268976 foreign_cpu=9.72 foreign_after=9.98 waited=40s errlen=0 ts=2026-09-13T19:19:20Z
LEG round=m3lad2 rep=2 m=1152 tool=parfast argv='r -q -t32 -T16 f.par2' wall=4.787 cpu=123.617 cpu_over_wall=25.82 peak_mb=13995.5 rc=0 restored=10/10 damaged_members=10 touched_members=10 blocks_written=1152 strays=10 seed=20268976 foreign_cpu=9.79 foreign_after=10.04 waited=5s errlen=0 ts=2026-09-13T19:19:34Z
LEG round=m3lad2 rep=2 m=1280 tool=par2turbo argv='r -q -t32 -T16 f.par2' wall=26.275 cpu=538.616 cpu_over_wall=20.50 peak_mb=13995.5 rc=0 restored=10/10 damaged_members=10 touched_members=10 blocks_written=1280 strays=10 seed=20269872 foreign_cpu=9.86 foreign_after=14.45 waited=5s errlen=0 ts=2026-09-13T19:20:10Z
LEG round=m3lad2 rep=2 m=1280 tool=parfast-beta2 argv='r -q -t32 -T16 f.par2' wall=5.349 cpu=109.363 cpu_over_wall=20.44 peak_mb=13995.5 rc=0 restored=10/10 damaged_members=10 touched_members=10 blocks_written=1280 strays=10 seed=20269872 foreign_cpu=9.75 foreign_after=9.85 waited=55s errlen=0 ts=2026-09-13T19:21:15Z
LEG round=m3lad2 rep=2 m=1280 tool=parfast argv='r -q -t32 -T16 f.par2' wall=4.869 cpu=125.173 cpu_over_wall=25.71 peak_mb=13995.5 rc=0 restored=10/10 damaged_members=10 touched_members=10 blocks_written=1280 strays=10 seed=20269872 foreign_cpu=9.57 foreign_after=9.76 waited=10s errlen=0 ts=2026-09-13T19:21:34Z
LEG round=m3lad2 rep=2 m=1408 tool=par2turbo argv='r -q -t32 -T16 f.par2' wall=27.849 cpu=588.469 cpu_over_wall=21.13 peak_mb=13995.5 rc=0 restored=10/10 damaged_members=10 touched_members=10 blocks_written=1408 strays=10 seed=20270768 foreign_cpu=9.94 foreign_after=15.59 waited=0s errlen=0 ts=2026-09-13T19:22:07Z
LEG round=m3lad2 rep=2 m=1408 tool=parfast-beta2 argv='r -q -t32 -T16 f.par2' wall=5.527 cpu=111.730 cpu_over_wall=20.21 peak_mb=13995.5 rc=0 restored=10/10 damaged_members=10 touched_members=10 blocks_written=1408 strays=10 seed=20270768 foreign_cpu=9.55 foreign_after=11.91 waited=35s errlen=0 ts=2026-09-13T19:22:53Z
LEG round=m3lad2 rep=2 m=1408 tool=parfast argv='r -q -t32 -T16 f.par2' wall=5.142 cpu=127.430 cpu_over_wall=24.78 peak_mb=13995.5 rc=0 restored=10/10 damaged_members=10 touched_members=10 blocks_written=1408 strays=10 seed=20270768 foreign_cpu=9.90 foreign_after=13.43 waited=20s errlen=0 ts=2026-09-13T19:23:23Z
LEG round=m3lad2 rep=2 m=1600 tool=par2turbo argv='r -q -t32 -T16 f.par2' wall=29.916 cpu=661.591 cpu_over_wall=22.12 peak_mb=13995.5 rc=0 restored=10/10 damaged_members=10 touched_members=10 blocks_written=1600 strays=10 seed=20272112 foreign_cpu=9.50 foreign_after=19.41 waited=30s errlen=0 ts=2026-09-13T19:24:28Z
LEG round=m3lad2 rep=2 m=1600 tool=parfast-beta2 argv='r -q -t32 -T16 f.par2' wall=5.727 cpu=113.584 cpu_over_wall=19.83 peak_mb=13995.5 rc=0 restored=10/10 damaged_members=10 touched_members=10 blocks_written=1600 strays=10 seed=20272112 foreign_cpu=9.59 foreign_after=12.83 waited=255s errlen=0 ts=2026-09-13T19:28:54Z
LEG round=m3lad2 rep=2 m=1600 tool=parfast argv='r -q -t32 -T16 f.par2' wall=5.134 cpu=128.885 cpu_over_wall=25.10 peak_mb=13995.5 rc=0 restored=10/10 damaged_members=10 touched_members=10 blocks_written=1600 strays=10 seed=20272112 foreign_cpu=9.56 foreign_after=12.95 waited=25s errlen=0 ts=2026-09-13T19:29:29Z
LEG round=m3lad2 rep=2 m=1792 tool=par2turbo argv='r -q -t32 -T16 f.par2' wall=32.924 cpu=735.067 cpu_over_wall=22.33 peak_mb=13995.5 rc=0 restored=10/10 damaged_members=10 touched_members=10 blocks_written=1792 strays=10 seed=20273456 foreign_cpu=9.88 foreign_after=16.10 waited=20s errlen=0 ts=2026-09-13T19:30:28Z
LEG round=m3lad2 rep=2 m=1792 tool=parfast-beta2 argv='r -q -t32 -T16 f.par2' wall=5.831 cpu=117.128 cpu_over_wall=20.09 peak_mb=13995.5 rc=0 restored=10/10 damaged_members=10 touched_members=10 blocks_written=1792 strays=10 seed=20273456 foreign_cpu=9.82 foreign_after=12.00 waited=50s errlen=0 ts=2026-09-13T19:31:29Z
LEG round=m3lad2 rep=2 m=1792 tool=parfast argv='r -q -t32 -T16 f.par2' wall=5.294 cpu=131.393 cpu_over_wall=24.82 peak_mb=13995.5 rc=0 restored=10/10 damaged_members=10 touched_members=10 blocks_written=1792 strays=10 seed=20273456 foreign_cpu=9.72 foreign_after=12.63 waited=15s errlen=0 ts=2026-09-13T19:31:55Z
LEG round=m3lad2 rep=2 m=2048 tool=par2turbo argv='r -q -t32 -T16 f.par2' wall=38.291 cpu=822.533 cpu_over_wall=21.48 peak_mb=13995.5 rc=0 restored=10/10 damaged_members=10 touched_members=10 blocks_written=2048 strays=10 seed=20275248 foreign_cpu=9.98 foreign_after=21.53 waited=30s errlen=0 ts=2026-09-13T19:33:09Z
LEG round=m3lad2 rep=2 m=2048 tool=parfast-beta2 argv='r -q -t32 -T16 f.par2' wall=6.077 cpu=118.790 cpu_over_wall=19.55 peak_mb=13995.5 rc=0 restored=10/10 damaged_members=10 touched_members=10 blocks_written=2048 strays=10 seed=20275248 foreign_cpu=9.59 foreign_after=9.54 waited=70s errlen=0 ts=2026-09-13T19:34:32Z
LEG round=m3lad2 rep=2 m=2048 tool=parfast argv='r -q -t32 -T16 f.par2' wall=5.480 cpu=132.499 cpu_over_wall=24.18 peak_mb=13995.5 rc=0 restored=10/10 damaged_members=10 touched_members=10 blocks_written=2048 strays=10 seed=20275248 foreign_cpu=9.09 foreign_after=8.68 waited=0s errlen=0 ts=2026-09-13T19:34:43Z
LEG round=m3lad2 rep=2 m=2098 tool=par2turbo argv='r -q -t32 -T16 f.par2' wall=38.364 cpu=856.993 cpu_over_wall=22.34 peak_mb=13995.5 rc=0 restored=10/10 damaged_members=10 touched_members=10 blocks_written=2098 strays=10 seed=20275598 foreign_cpu=8.55 foreign_after=16.72 waited=0s errlen=0 ts=2026-09-13T19:35:28Z
LEG round=m3lad2 rep=2 m=2098 tool=parfast-beta2 argv='r -q -t32 -T16 f.par2' wall=6.128 cpu=126.597 cpu_over_wall=20.66 peak_mb=13995.5 rc=0 restored=10/10 damaged_members=10 touched_members=10 blocks_written=2098 strays=10 seed=20275598 foreign_cpu=9.74 foreign_after=12.81 waited=45s errlen=0 ts=2026-09-13T19:36:25Z
LEG round=m3lad2 rep=2 m=2098 tool=parfast argv='r -q -t32 -T16 f.par2' wall=5.555 cpu=140.974 cpu_over_wall=25.38 peak_mb=13995.5 rc=0 restored=10/10 damaged_members=10 touched_members=10 blocks_written=2098 strays=10 seed=20275598 foreign_cpu=9.66 foreign_after=10.25 waited=20s errlen=0 ts=2026-09-13T19:36:57Z
VERIFY round=m3lad2 rep=3 tool=parfast argv='v -q -t32 -T16 f.par2' wall=0.607 cpu=15.789 cpu_over_wall=25.99 peak_mb=13995.5 rc=0 intact=10/10 foreign_cpu=9.75 foreign_after=9.75 waited=5s errlen=0 ts=2026-09-13T19:37:04Z
VERIFY round=m3lad2 rep=3 tool=parfast-beta2 argv='v -q -t32 -T16 f.par2' wall=1.497 cpu=14.531 cpu_over_wall=9.71 peak_mb=13995.5 rc=0 intact=10/10 foreign_cpu=9.75 foreign_after=10.01 waited=0s errlen=0 ts=2026-09-13T19:37:07Z
VERIFY round=m3lad2 rep=3 tool=par2turbo argv='v -q -t32 -T16 f.par2' wall=3.576 cpu=16.567 cpu_over_wall=4.63 peak_mb=13995.5 rc=0 intact=10/10 foreign_cpu=9.45 foreign_after=9.45 waited=5s errlen=0 ts=2026-09-13T19:37:16Z
LEG round=m3lad2 rep=3 m=1 tool=parfast argv='r -q -t32 -T16 f.par2' wall=0.994 cpu=25.139 cpu_over_wall=25.28 peak_mb=13995.5 rc=0 restored=10/10 damaged_members=1 touched_members=1 blocks_written=1 strays=1 seed=20260920 foreign_cpu=9.97 foreign_after=9.97 waited=0s errlen=0 ts=2026-09-13T19:37:18Z
LEG round=m3lad2 rep=3 m=1 tool=parfast-beta2 argv='r -q -t32 -T16 f.par2' wall=1.880 cpu=22.619 cpu_over_wall=12.03 peak_mb=13995.5 rc=0 restored=10/10 damaged_members=1 touched_members=1 blocks_written=1 strays=1 seed=20260920 foreign_cpu=9.97 foreign_after=10.22 waited=0s errlen=0 ts=2026-09-13T19:37:22Z
LEG round=m3lad2 rep=3 m=1 tool=par2turbo argv='r -q -t32 -T16 f.par2' wall=6.258 cpu=21.182 cpu_over_wall=3.38 peak_mb=13995.5 rc=0 restored=10/10 damaged_members=1 touched_members=1 blocks_written=1 strays=1 seed=20260920 foreign_cpu=9.56 foreign_after=9.03 waited=5s errlen=0 ts=2026-09-13T19:37:36Z
LEG round=m3lad2 rep=3 m=16 tool=parfast argv='r -q -t32 -T16 f.par2' wall=1.505 cpu=41.075 cpu_over_wall=27.28 peak_mb=13995.5 rc=0 restored=10/10 damaged_members=8 touched_members=8 blocks_written=16 strays=8 seed=20261025 foreign_cpu=9.35 foreign_after=9.35 waited=0s errlen=0 ts=2026-09-13T19:37:39Z
LEG round=m3lad2 rep=3 m=16 tool=parfast-beta2 argv='r -q -t32 -T16 f.par2' wall=3.036 cpu=27.501 cpu_over_wall=9.06 peak_mb=13995.5 rc=0 restored=10/10 damaged_members=8 touched_members=8 blocks_written=16 strays=8 seed=20261025 foreign_cpu=9.16 foreign_after=9.16 waited=0s errlen=0 ts=2026-09-13T19:37:45Z
LEG round=m3lad2 rep=3 m=16 tool=par2turbo argv='r -q -t32 -T16 f.par2' wall=8.392 cpu=43.964 cpu_over_wall=5.24 peak_mb=13995.5 rc=0 restored=10/10 damaged_members=8 touched_members=8 blocks_written=16 strays=8 seed=20261025 foreign_cpu=8.67 foreign_after=8.53 waited=0s errlen=0 ts=2026-09-13T19:37:55Z
LEG round=m3lad2 rep=3 m=64 tool=parfast argv='r -q -t32 -T16 f.par2' wall=2.328 cpu=65.186 cpu_over_wall=28.00 peak_mb=13995.5 rc=0 restored=10/10 damaged_members=10 touched_members=10 blocks_written=64 strays=10 seed=20261361 foreign_cpu=9.05 foreign_after=9.05 waited=0s errlen=0 ts=2026-09-13T19:38:00Z
LEG round=m3lad2 rep=3 m=64 tool=parfast-beta2 argv='r -q -t32 -T16 f.par2' wall=3.208 cpu=49.096 cpu_over_wall=15.30 peak_mb=13995.5 rc=0 restored=10/10 damaged_members=10 touched_members=10 blocks_written=64 strays=10 seed=20261361 foreign_cpu=9.61 foreign_after=9.61 waited=0s errlen=0 ts=2026-09-13T19:38:05Z
LEG round=m3lad2 rep=3 m=64 tool=par2turbo argv='r -q -t32 -T16 f.par2' wall=9.345 cpu=70.108 cpu_over_wall=7.50 peak_mb=13995.5 rc=0 restored=10/10 damaged_members=10 touched_members=10 blocks_written=64 strays=10 seed=20261361 foreign_cpu=9.39 foreign_after=9.96 waited=5s errlen=0 ts=2026-09-13T19:38:22Z
LEG round=m3lad2 rep=3 m=256 tool=parfast argv='r -q -t32 -T16 f.par2' wall=3.974 cpu=104.513 cpu_over_wall=26.30 peak_mb=13995.5 rc=0 restored=10/10 damaged_members=10 touched_members=10 blocks_written=256 strays=10 seed=20262705 foreign_cpu=9.96 foreign_after=12.84 waited=0s errlen=0 ts=2026-09-13T19:38:29Z
LEG round=m3lad2 rep=3 m=256 tool=parfast-beta2 argv='r -q -t32 -T16 f.par2' wall=4.379 cpu=87.601 cpu_over_wall=20.01 peak_mb=13995.5 rc=0 restored=10/10 damaged_members=10 touched_members=10 blocks_written=256 strays=10 seed=20262705 foreign_cpu=9.96 foreign_after=9.96 waited=35s errlen=0 ts=2026-09-13T19:39:11Z
LEG round=m3lad2 rep=3 m=256 tool=par2turbo argv='r -q -t32 -T16 f.par2' wall=11.874 cpu=145.456 cpu_over_wall=12.25 peak_mb=13995.5 rc=0 restored=10/10 damaged_members=10 touched_members=10 blocks_written=256 strays=10 seed=20262705 foreign_cpu=9.70 foreign_after=10.30 waited=5s errlen=0 ts=2026-09-13T19:39:30Z
LEG round=m3lad2 rep=3 m=512 tool=parfast argv='r -q -t32 -T16 f.par2' wall=4.137 cpu=110.418 cpu_over_wall=26.69 peak_mb=13995.5 rc=0 restored=10/10 damaged_members=10 touched_members=10 blocks_written=512 strays=10 seed=20264497 foreign_cpu=9.77 foreign_after=12.27 waited=5s errlen=0 ts=2026-09-13T19:39:43Z
LEG round=m3lad2 rep=3 m=512 tool=parfast-beta2 argv='r -q -t32 -T16 f.par2' wall=4.696 cpu=94.645 cpu_over_wall=20.15 peak_mb=13995.5 rc=0 restored=10/10 damaged_members=10 touched_members=10 blocks_written=512 strays=10 seed=20264497 foreign_cpu=9.98 foreign_after=9.98 waited=30s errlen=0 ts=2026-09-13T19:40:20Z
LEG round=m3lad2 rep=3 m=512 tool=par2turbo argv='r -q -t32 -T16 f.par2' wall=15.587 cpu=243.225 cpu_over_wall=15.60 peak_mb=13995.5 rc=0 restored=10/10 damaged_members=10 touched_members=10 blocks_written=512 strays=10 seed=20264497 foreign_cpu=9.78 foreign_after=12.32 waited=5s errlen=0 ts=2026-09-13T19:40:44Z
LEG round=m3lad2 rep=3 m=640 tool=parfast argv='r -q -t32 -T16 f.par2' wall=4.338 cpu=115.233 cpu_over_wall=26.57 peak_mb=13995.5 rc=0 restored=10/10 damaged_members=10 touched_members=10 blocks_written=640 strays=10 seed=20265393 foreign_cpu=9.70 foreign_after=9.32 waited=15s errlen=0 ts=2026-09-13T19:41:07Z
LEG round=m3lad2 rep=3 m=640 tool=parfast-beta2 argv='r -q -t32 -T16 f.par2' wall=4.890 cpu=99.475 cpu_over_wall=20.34 peak_mb=13995.5 rc=0 restored=10/10 damaged_members=10 touched_members=10 blocks_written=640 strays=10 seed=20265393 foreign_cpu=9.32 foreign_after=11.94 waited=0s errlen=0 ts=2026-09-13T19:41:15Z
LEG round=m3lad2 rep=3 m=640 tool=par2turbo argv='r -q -t32 -T16 f.par2' wall=17.957 cpu=293.391 cpu_over_wall=16.34 peak_mb=13995.5 rc=0 restored=10/10 damaged_members=10 touched_members=10 blocks_written=640 strays=10 seed=20265393 foreign_cpu=10.00 foreign_after=14.17 waited=15s errlen=0 ts=2026-09-13T19:41:51Z
LEG round=m3lad2 rep=3 m=704 tool=parfast argv='r -q -t32 -T16 f.par2' wall=4.409 cpu=116.590 cpu_over_wall=26.44 peak_mb=13995.5 rc=0 restored=10/10 damaged_members=10 touched_members=10 blocks_written=704 strays=10 seed=20265841 foreign_cpu=9.78 foreign_after=13.48 waited=35s errlen=0 ts=2026-09-13T19:42:34Z
LEG round=m3lad2 rep=3 m=704 tool=parfast-beta2 argv='r -q -t32 -T16 f.par2' wall=4.910 cpu=100.883 cpu_over_wall=20.55 peak_mb=13995.5 rc=0 restored=10/10 damaged_members=10 touched_members=10 blocks_written=704 strays=10 seed=20265841 foreign_cpu=9.73 foreign_after=9.99 waited=25s errlen=0 ts=2026-09-13T19:43:08Z
LEG round=m3lad2 rep=3 m=704 tool=par2turbo argv='r -q -t32 -T16 f.par2' wall=17.337 cpu=317.183 cpu_over_wall=18.30 peak_mb=13995.5 rc=0 restored=10/10 damaged_members=10 touched_members=10 blocks_written=704 strays=10 seed=20265841 foreign_cpu=9.99 foreign_after=13.97 waited=0s errlen=0 ts=2026-09-13T19:43:29Z
LEG round=m3lad2 rep=3 m=768 tool=parfast argv='r -q -t32 -T16 f.par2' wall=4.425 cpu=116.884 cpu_over_wall=26.42 peak_mb=13995.5 rc=0 restored=10/10 damaged_members=10 touched_members=10 blocks_written=768 strays=10 seed=20266289 foreign_cpu=9.93 foreign_after=35.88 waited=35s errlen=0 ts=2026-09-13T19:44:12Z
LEG round=m3lad2 rep=3 m=768 tool=parfast-beta2 argv='r -q -t32 -T16 f.par2' wall=4.978 cpu=100.559 cpu_over_wall=20.20 peak_mb=13995.5 rc=0 restored=10/10 damaged_members=10 touched_members=10 blocks_written=768 strays=10 seed=20266289 foreign_cpu=9.52 foreign_after=12.12 waited=105s errlen=0 ts=2026-09-13T19:46:05Z
LEG round=m3lad2 rep=3 m=768 tool=par2turbo argv='r -q -t32 -T16 f.par2' wall=19.732 cpu=340.530 cpu_over_wall=17.26 peak_mb=13995.5 rc=0 restored=10/10 damaged_members=10 touched_members=10 blocks_written=768 strays=10 seed=20266289 foreign_cpu=9.80 foreign_after=12.82 waited=25s errlen=0 ts=2026-09-13T19:46:54Z
LEG round=m3lad2 rep=3 m=896 tool=parfast argv='r -q -t32 -T16 f.par2' wall=4.505 cpu=118.601 cpu_over_wall=26.33 peak_mb=13995.5 rc=0 restored=10/10 damaged_members=10 touched_members=10 blocks_written=896 strays=10 seed=20267185 foreign_cpu=9.67 foreign_after=31.96 waited=25s errlen=0 ts=2026-09-13T19:47:27Z
LEG round=m3lad2 rep=3 m=896 tool=parfast-beta2 argv='r -q -t32 -T16 f.par2' wall=5.157 cpu=102.816 cpu_over_wall=19.94 peak_mb=13995.5 rc=0 restored=10/10 damaged_members=10 touched_members=10 blocks_written=896 strays=10 seed=20267185 foreign_cpu=9.89 foreign_after=10.22 waited=110s errlen=0 ts=2026-09-13T19:49:26Z
LEG round=m3lad2 rep=3 m=896 tool=par2turbo argv='r -q -t32 -T16 f.par2' wall=21.711 cpu=392.204 cpu_over_wall=18.07 peak_mb=13995.5 rc=0 restored=10/10 damaged_members=10 touched_members=10 blocks_written=896 strays=10 seed=20267185 foreign_cpu=10.00 foreign_after=13.56 waited=5s errlen=0 ts=2026-09-13T19:49:57Z
LEG round=m3lad2 rep=3 m=1024 tool=parfast argv='r -q -t32 -T16 f.par2' wall=4.648 cpu=120.442 cpu_over_wall=25.91 peak_mb=13995.5 rc=0 restored=10/10 damaged_members=10 touched_members=10 blocks_written=1024 strays=10 seed=20268081 foreign_cpu=9.70 foreign_after=9.41 waited=35s errlen=0 ts=2026-09-13T19:50:41Z
LEG round=m3lad2 rep=3 m=1024 tool=parfast-beta2 argv='r -q -t32 -T16 f.par2' wall=5.171 cpu=104.587 cpu_over_wall=20.22 peak_mb=13995.5 rc=0 restored=10/10 damaged_members=10 touched_members=10 blocks_written=1024 strays=10 seed=20268081 foreign_cpu=9.51 foreign_after=12.12 waited=5s errlen=0 ts=2026-09-13T19:50:55Z
LEG round=m3lad2 rep=3 m=1024 tool=par2turbo argv='r -q -t32 -T16 f.par2' wall=23.785 cpu=440.598 cpu_over_wall=18.52 peak_mb=13995.5 rc=0 restored=10/10 damaged_members=10 touched_members=10 blocks_written=1024 strays=10 seed=20268081 foreign_cpu=9.65 foreign_after=16.35 waited=20s errlen=0 ts=2026-09-13T19:51:43Z
LEG round=m3lad2 rep=3 m=1152 tool=parfast argv='r -q -t32 -T16 f.par2' wall=4.760 cpu=124.090 cpu_over_wall=26.07 peak_mb=13995.5 rc=0 restored=10/10 damaged_members=10 touched_members=10 blocks_written=1152 strays=10 seed=20268977 foreign_cpu=9.84 foreign_after=34.27 waited=45s errlen=0 ts=2026-09-13T19:52:37Z
LEG round=m3lad2 rep=3 m=1152 tool=parfast-beta2 argv='r -q -t32 -T16 f.par2' wall=5.393 cpu=108.422 cpu_over_wall=20.11 peak_mb=13995.5 rc=0 restored=10/10 damaged_members=10 touched_members=10 blocks_written=1152 strays=10 seed=20268977 foreign_cpu=9.94 foreign_after=10.18 waited=100s errlen=0 ts=2026-09-13T19:54:27Z
LEG round=m3lad2 rep=3 m=1152 tool=par2turbo argv='r -q -t32 -T16 f.par2' wall=24.827 cpu=491.001 cpu_over_wall=19.78 peak_mb=13995.5 rc=0 restored=10/10 damaged_members=10 touched_members=10 blocks_written=1152 strays=10 seed=20268977 foreign_cpu=9.72 foreign_after=15.78 waited=10s errlen=0 ts=2026-09-13T19:55:06Z
LEG round=m3lad2 rep=3 m=1280 tool=parfast argv='r -q -t32 -T16 f.par2' wall=4.972 cpu=124.705 cpu_over_wall=25.08 peak_mb=13995.5 rc=0 restored=10/10 damaged_members=10 touched_members=10 blocks_written=1280 strays=10 seed=20269873 foreign_cpu=9.55 foreign_after=12.39 waited=50s errlen=0 ts=2026-09-13T19:56:06Z
LEG round=m3lad2 rep=3 m=1280 tool=parfast-beta2 argv='r -q -t32 -T16 f.par2' wall=5.362 cpu=109.831 cpu_over_wall=20.48 peak_mb=13995.5 rc=0 restored=10/10 damaged_members=10 touched_members=10 blocks_written=1280 strays=10 seed=20269873 foreign_cpu=9.86 foreign_after=11.95 waited=25s errlen=0 ts=2026-09-13T19:56:41Z
LEG round=m3lad2 rep=3 m=1280 tool=par2turbo argv='r -q -t32 -T16 f.par2' wall=25.656 cpu=538.617 cpu_over_wall=20.99 peak_mb=13995.5 rc=0 restored=10/10 damaged_members=10 touched_members=10 blocks_written=1280 strays=10 seed=20269873 foreign_cpu=9.76 foreign_after=17.54 waited=20s errlen=0 ts=2026-09-13T19:57:31Z
LEG round=m3lad2 rep=3 m=1408 tool=parfast argv='r -q -t32 -T16 f.par2' wall=5.112 cpu=126.430 cpu_over_wall=24.73 peak_mb=13995.5 rc=0 restored=10/10 damaged_members=10 touched_members=10 blocks_written=1408 strays=10 seed=20270769 foreign_cpu=9.62 foreign_after=12.62 waited=60s errlen=0 ts=2026-09-13T19:58:41Z
LEG round=m3lad2 rep=3 m=1408 tool=parfast-beta2 argv='r -q -t32 -T16 f.par2' wall=5.748 cpu=110.528 cpu_over_wall=19.23 peak_mb=13995.5 rc=0 restored=10/10 damaged_members=10 touched_members=10 blocks_written=1408 strays=10 seed=20270769 foreign_cpu=9.89 foreign_after=12.06 waited=25s errlen=0 ts=2026-09-13T19:59:17Z
LEG round=m3lad2 rep=3 m=1408 tool=par2turbo argv='r -q -t32 -T16 f.par2' wall=29.483 cpu=583.697 cpu_over_wall=19.80 peak_mb=13995.5 rc=0 restored=10/10 damaged_members=10 touched_members=10 blocks_written=1408 strays=10 seed=20270769 foreign_cpu=9.61 foreign_after=18.47 waited=25s errlen=0 ts=2026-09-13T20:00:17Z
LEG round=m3lad2 rep=3 m=1600 tool=parfast argv='r -q -t32 -T16 f.par2' wall=5.178 cpu=129.336 cpu_over_wall=24.98 peak_mb=13995.5 rc=0 restored=10/10 damaged_members=10 touched_members=10 blocks_written=1600 strays=10 seed=20272113 foreign_cpu=9.61 foreign_after=31.26 waited=70s errlen=0 ts=2026-09-13T20:01:37Z
LEG round=m3lad2 rep=3 m=1600 tool=parfast-beta2 argv='r -q -t32 -T16 f.par2' wall=5.818 cpu=114.472 cpu_over_wall=19.68 peak_mb=13995.5 rc=0 restored=10/10 damaged_members=10 touched_members=10 blocks_written=1600 strays=10 seed=20272113 foreign_cpu=9.80 foreign_after=10.06 waited=120s errlen=0 ts=2026-09-13T20:03:48Z
LEG round=m3lad2 rep=3 m=1600 tool=par2turbo argv='r -q -t32 -T16 f.par2' wall=31.345 cpu=663.659 cpu_over_wall=21.17 peak_mb=13995.5 rc=0 restored=10/10 damaged_members=10 touched_members=10 blocks_written=1600 strays=10 seed=20272113 foreign_cpu=9.73 foreign_after=18.57 waited=0s errlen=0 ts=2026-09-13T20:04:25Z
LEG round=m3lad2 rep=3 m=1792 tool=parfast argv='r -q -t32 -T16 f.par2' wall=5.234 cpu=131.131 cpu_over_wall=25.05 peak_mb=13995.5 rc=0 restored=10/10 damaged_members=10 touched_members=10 blocks_written=1792 strays=10 seed=20273457 foreign_cpu=9.62 foreign_after=12.37 waited=60s errlen=0 ts=2026-09-13T20:05:36Z
LEG round=m3lad2 rep=3 m=1792 tool=parfast-beta2 argv='r -q -t32 -T16 f.par2' wall=5.920 cpu=116.452 cpu_over_wall=19.67 peak_mb=13995.5 rc=0 restored=10/10 damaged_members=10 touched_members=10 blocks_written=1792 strays=10 seed=20273457 foreign_cpu=10.00 foreign_after=12.61 waited=35s errlen=0 ts=2026-09-13T20:06:23Z
LEG round=m3lad2 rep=3 m=1792 tool=par2turbo argv='r -q -t32 -T16 f.par2' wall=35.657 cpu=737.261 cpu_over_wall=20.68 peak_mb=13995.5 rc=0 restored=10/10 damaged_members=10 touched_members=10 blocks_written=1792 strays=10 seed=20273457 foreign_cpu=9.86 foreign_after=18.64 waited=20s errlen=0 ts=2026-09-13T20:07:24Z
LEG round=m3lad2 rep=3 m=2048 tool=parfast argv='r -q -t32 -T16 f.par2' wall=5.280 cpu=134.117 cpu_over_wall=25.40 peak_mb=13995.5 rc=0 restored=10/10 damaged_members=10 touched_members=10 blocks_written=2048 strays=10 seed=20275249 foreign_cpu=9.72 foreign_after=12.87 waited=50s errlen=0 ts=2026-09-13T20:08:25Z
LEG round=m3lad2 rep=3 m=2048 tool=parfast-beta2 argv='r -q -t32 -T16 f.par2' wall=6.126 cpu=120.275 cpu_over_wall=19.63 peak_mb=13995.5 rc=0 restored=10/10 damaged_members=10 touched_members=10 blocks_written=2048 strays=10 seed=20275249 foreign_cpu=9.87 foreign_after=11.97 waited=25s errlen=0 ts=2026-09-13T20:09:03Z
LEG round=m3lad2 rep=3 m=2048 tool=par2turbo argv='r -q -t32 -T16 f.par2' wall=37.073 cpu=836.688 cpu_over_wall=22.57 peak_mb=13995.5 rc=0 restored=10/10 damaged_members=10 touched_members=10 blocks_written=2048 strays=10 seed=20275249 foreign_cpu=9.39 foreign_after=19.66 waited=20s errlen=0 ts=2026-09-13T20:10:06Z
LEG round=m3lad2 rep=3 m=2098 tool=parfast argv='r -q -t32 -T16 f.par2' wall=5.850 cpu=143.080 cpu_over_wall=24.46 peak_mb=13995.5 rc=0 restored=10/10 damaged_members=10 touched_members=10 blocks_written=2098 strays=10 seed=20275599 foreign_cpu=9.40 foreign_after=35.77 waited=55s errlen=0 ts=2026-09-13T20:11:13Z
LEG round=m3lad2 rep=3 m=2098 tool=parfast-beta2 argv='r -q -t32 -T16 f.par2' wall=6.544 cpu=126.504 cpu_over_wall=19.33 peak_mb=13995.5 rc=0 restored=10/10 damaged_members=10 touched_members=10 blocks_written=2098 strays=10 seed=20275599 foreign_cpu=9.68 foreign_after=12.99 waited=105s errlen=0 ts=2026-09-13T20:13:11Z
LEG round=m3lad2 rep=3 m=2098 tool=par2turbo argv='r -q -t32 -T16 f.par2' wall=39.793 cpu=858.241 cpu_over_wall=21.57 peak_mb=13995.5 rc=0 restored=10/10 damaged_members=10 touched_members=10 blocks_written=2098 strays=10 seed=20275599 foreign_cpu=9.58 foreign_after=20.95 waited=30s errlen=0 ts=2026-09-13T20:14:27Z
LAD-END 2026-09-13T20:14:28Z
