RIG-LOCK-TAKEN <rig>/.parfast-rig.lock pid=32311
LAD-START 2026-09-13T20:14:28Z
BOX host=apple-m3-ultra-512gb cpu=Apple M3 Ultra cores=32 ram_gb=512.0 os=macOS 27.0 free_gb=1943.0
BIN parfast sha256=1c95c3c30d69f6221f8b7ad88020bdb577f62295b19824e9b5637910736e3621 bytes=2875408 version=parfast version 1.5.0-beta.2
BIN parfast-beta2 sha256=04f16670ac90904b4601260c16067af0272e0be77151b7ff8ac2b6f5aa1cbfb9 bytes=5315792 version=parfast version 1.5.0-beta.2
BIN par2turbo sha256=f15cc37cd102f9fd64bbe6adb84d9f4009406bea86e8748dbfca2f85d37d3a31 bytes=624712 version=par2cmdline-turbo version 1.5.0
BIN parpar sha256=a5d4bccd5172d191b20d27c9046bc7fecaeb2d895a83435f80ea1f56f03335fe bytes=34229608 version=0.4.6
PROTOCOL slice=4429188 recovery_blocks=100 source_blocks=2000 redundancy_pct=5.000 damage=scattered-seeded-slice-overwrite reps=3 gate=sha256-all-members prewarm=recovery-set-read driver=ladder.py
ARGV parfast='r -q -t32 -T16 f.par2' parfast-beta2='r -q -t32 -T16 f.par2' par2turbo='r -q -t32 -T16 f.par2'
VARGV parfast='v -q -t32 -T16 f.par2' parfast-beta2='v -q -t32 -T16 f.par2' par2turbo='v -q -t32 -T16 f.par2'
FIXTURE members=1 distinct_member_sha=1/1 bytes=8858370048
GOLD p00.bin bbac13f2a769de2de951e190de39168a2e30bdfbb8faa1a5765f1dee58a19424
CREATE round=m3single tool=parfast argv='c -q -t32 -T16 -s4429188 -c100 f.par2 ...' rc=0 wall=11.333 cpu=56.085 peak_mb=641.5 par2files=8 par2bytes=444054640 errlen=0 ts=2026-09-13T20:15:36Z
CREATE round=m3single tool=parfast-beta2 argv='c -q -t32 -T16 -s4429188 -c100 f.par2 ...' rc=0 wall=11.320 cpu=62.976 peak_mb=641.8 par2files=8 par2bytes=444054640 errlen=0 ts=2026-09-13T20:15:49Z
CREATE round=m3single tool=par2turbo argv='c -q -t32 -T16 -s4429188 -c100 f.par2 ...' rc=0 wall=12.846 cpu=44.259 peak_mb=641.8 par2files=8 par2bytes=444054864 errlen=0 ts=2026-09-13T20:16:03Z
CREATE round=m3single tool=parpar argv='-s4429188b -r100 -q -t 32 -o f.par2 ...' rc=0 wall=12.183 cpu=44.761 peak_mb=641.8 par2files=8 par2bytes=443813192 errlen=0 ts=2026-09-13T20:16:17Z
LEG round=m3single rep=0 m=1 tool=parfast argv='r -q -t32 -T16 f.par2' wall=1.231 cpu=31.141 cpu_over_wall=25.29 peak_mb=645.6 rc=0 restored=1/1 damaged_members=1 touched_members=1 blocks_written=1 strays=1 seed=20260913 foreign_cpu=6.01 foreign_after=8.25 waited=0s errlen=0 ts=2026-09-13T20:16:27Z
LEG round=m3single rep=0 m=1 tool=parfast-beta2 argv='r -q -t32 -T16 f.par2' wall=11.913 cpu=16.583 cpu_over_wall=1.39 peak_mb=645.6 rc=0 restored=1/1 damaged_members=1 touched_members=1 blocks_written=1 strays=1 seed=20260913 foreign_cpu=7.73 foreign_after=7.16 waited=0s errlen=0 ts=2026-09-13T20:16:51Z
LEG round=m3single rep=0 m=1 tool=par2turbo argv='r -q -t32 -T16 f.par2' wall=27.445 cpu=28.822 cpu_over_wall=1.05 peak_mb=645.6 rc=0 restored=1/1 damaged_members=1 touched_members=1 blocks_written=1 strays=1 seed=20260913 foreign_cpu=6.67 foreign_after=7.09 waited=0s errlen=0 ts=2026-09-13T20:17:31Z
VERIFY round=m3single rep=1 tool=parfast argv='v -q -t32 -T16 f.par2' wall=0.471 cpu=12.978 cpu_over_wall=27.55 peak_mb=645.6 rc=0 intact=1/1 foreign_cpu=7.55 foreign_after=7.55 waited=0s errlen=0 ts=2026-09-13T20:17:39Z
VERIFY round=m3single rep=1 tool=parfast-beta2 argv='v -q -t32 -T16 f.par2' wall=11.280 cpu=11.270 cpu_over_wall=1.00 peak_mb=645.6 rc=0 intact=1/1 foreign_cpu=7.19 foreign_after=6.77 waited=0s errlen=0 ts=2026-09-13T20:17:54Z
VERIFY round=m3single rep=1 tool=par2turbo argv='v -q -t32 -T16 f.par2' wall=12.773 cpu=12.759 cpu_over_wall=1.00 peak_mb=645.6 rc=0 intact=1/1 foreign_cpu=6.47 foreign_after=6.60 waited=0s errlen=0 ts=2026-09-13T20:18:12Z
LEG round=m3single rep=1 m=1 tool=parfast argv='r -q -t32 -T16 f.par2' wall=1.215 cpu=31.260 cpu_over_wall=25.74 peak_mb=645.6 rc=0 restored=1/1 damaged_members=1 touched_members=1 blocks_written=1 strays=1 seed=20260918 foreign_cpu=6.55 foreign_after=6.55 waited=0s errlen=0 ts=2026-09-13T20:18:21Z
LEG round=m3single rep=1 m=1 tool=parfast-beta2 argv='r -q -t32 -T16 f.par2' wall=11.859 cpu=16.557 cpu_over_wall=1.40 peak_mb=645.6 rc=0 restored=1/1 damaged_members=1 touched_members=1 blocks_written=1 strays=1 seed=20260918 foreign_cpu=6.31 foreign_after=5.73 waited=0s errlen=0 ts=2026-09-13T20:18:46Z
LEG round=m3single rep=1 m=1 tool=par2turbo argv='r -q -t32 -T16 f.par2' wall=29.844 cpu=30.877 cpu_over_wall=1.03 peak_mb=645.6 rc=0 restored=1/1 damaged_members=1 touched_members=1 blocks_written=1 strays=1 seed=20260918 foreign_cpu=6.04 foreign_after=5.34 waited=0s errlen=0 ts=2026-09-13T20:19:28Z
LEG round=m3single rep=1 m=50 tool=parfast argv='r -q -t32 -T16 f.par2' wall=1.936 cpu=51.658 cpu_over_wall=26.68 peak_mb=1061.0 rc=0 restored=1/1 damaged_members=1 touched_members=1 blocks_written=50 strays=1 seed=20261261 foreign_cpu=5.29 foreign_after=5.59 waited=0s errlen=0 ts=2026-09-13T20:19:43Z
LEG round=m3single rep=1 m=50 tool=parfast-beta2 argv='r -q -t32 -T16 f.par2' wall=13.312 cpu=37.749 cpu_over_wall=2.84 peak_mb=1061.0 rc=0 restored=1/1 damaged_members=1 touched_members=1 blocks_written=50 strays=1 seed=20261261 foreign_cpu=5.16 foreign_after=5.20 waited=0s errlen=0 ts=2026-09-13T20:20:10Z
LEG round=m3single rep=1 m=50 tool=par2turbo argv='r -q -t32 -T16 f.par2' wall=40.764 cpu=57.035 cpu_over_wall=1.40 peak_mb=1061.0 rc=0 restored=1/1 damaged_members=1 touched_members=1 blocks_written=50 strays=1 seed=20261261 foreign_cpu=5.60 foreign_after=5.55 waited=0s errlen=0 ts=2026-09-13T20:21:04Z
LEG round=m3single rep=1 m=100 tool=parfast argv='r -q -t32 -T16 f.par2' wall=2.827 cpu=72.372 cpu_over_wall=25.60 peak_mb=1371.3 rc=0 restored=1/1 damaged_members=1 touched_members=1 blocks_written=100 strays=1 seed=20261611 foreign_cpu=5.31 foreign_after=5.31 waited=0s errlen=0 ts=2026-09-13T20:21:20Z
LEG round=m3single rep=1 m=100 tool=parfast-beta2 argv='r -q -t32 -T16 f.par2' wall=13.856 cpu=58.432 cpu_over_wall=4.22 peak_mb=1383.1 rc=0 restored=1/1 damaged_members=1 touched_members=1 blocks_written=100 strays=1 seed=20261611 foreign_cpu=4.95 foreign_after=6.61 waited=0s errlen=0 ts=2026-09-13T20:21:48Z
LEG round=m3single rep=1 m=100 tool=par2turbo argv='r -q -t32 -T16 f.par2' wall=44.830 cpu=75.920 cpu_over_wall=1.69 peak_mb=1383.1 rc=0 restored=1/1 damaged_members=1 touched_members=1 blocks_written=100 strays=1 seed=20261611 foreign_cpu=5.97 foreign_after=6.31 waited=0s errlen=0 ts=2026-09-13T20:22:46Z
VERIFY round=m3single rep=2 tool=parfast argv='v -q -t32 -T16 f.par2' wall=0.478 cpu=13.134 cpu_over_wall=27.48 peak_mb=1383.1 rc=0 intact=1/1 foreign_cpu=5.86 foreign_after=5.86 waited=0s errlen=0 ts=2026-09-13T20:22:54Z
VERIFY round=m3single rep=2 tool=parfast-beta2 argv='v -q -t32 -T16 f.par2' wall=11.348 cpu=11.335 cpu_over_wall=1.00 peak_mb=1383.1 rc=0 intact=1/1 foreign_cpu=5.71 foreign_after=5.36 waited=0s errlen=0 ts=2026-09-13T20:23:10Z
VERIFY round=m3single rep=2 tool=par2turbo argv='v -q -t32 -T16 f.par2' wall=12.382 cpu=12.364 cpu_over_wall=1.00 peak_mb=1383.1 rc=0 intact=1/1 foreign_cpu=5.25 foreign_after=4.90 waited=0s errlen=0 ts=2026-09-13T20:23:26Z
LEG round=m3single rep=2 m=1 tool=par2turbo argv='r -q -t32 -T16 f.par2' wall=37.134 cpu=38.234 cpu_over_wall=1.03 peak_mb=1383.1 rc=0 restored=1/1 damaged_members=1 touched_members=1 blocks_written=1 strays=1 seed=20260919 foreign_cpu=4.53 foreign_after=5.14 waited=0s errlen=0 ts=2026-09-13T20:24:11Z
LEG round=m3single rep=2 m=1 tool=parfast-beta2 argv='r -q -t32 -T16 f.par2' wall=12.083 cpu=16.703 cpu_over_wall=1.38 peak_mb=1383.1 rc=0 restored=1/1 damaged_members=1 touched_members=1 blocks_written=1 strays=1 seed=20260919 foreign_cpu=4.65 foreign_after=4.33 waited=0s errlen=0 ts=2026-09-13T20:24:36Z
LEG round=m3single rep=2 m=1 tool=parfast argv='r -q -t32 -T16 f.par2' wall=1.185 cpu=31.061 cpu_over_wall=26.21 peak_mb=1383.1 rc=0 restored=1/1 damaged_members=1 touched_members=1 blocks_written=1 strays=1 seed=20260919 foreign_cpu=4.85 foreign_after=4.85 waited=0s errlen=0 ts=2026-09-13T20:24:49Z
LEG round=m3single rep=2 m=50 tool=par2turbo argv='r -q -t32 -T16 f.par2' wall=40.675 cpu=56.913 cpu_over_wall=1.40 peak_mb=1383.1 rc=0 restored=1/1 damaged_members=1 touched_members=1 blocks_written=50 strays=1 seed=20261262 foreign_cpu=4.54 foreign_after=4.38 waited=0s errlen=0 ts=2026-09-13T20:25:42Z
LEG round=m3single rep=2 m=50 tool=parfast-beta2 argv='r -q -t32 -T16 f.par2' wall=12.721 cpu=37.359 cpu_over_wall=2.94 peak_mb=1383.1 rc=0 restored=1/1 damaged_members=1 touched_members=1 blocks_written=50 strays=1 seed=20261262 foreign_cpu=4.17 foreign_after=3.99 waited=0s errlen=0 ts=2026-09-13T20:26:08Z
LEG round=m3single rep=2 m=50 tool=parfast argv='r -q -t32 -T16 f.par2' wall=1.909 cpu=52.107 cpu_over_wall=27.29 peak_mb=1383.1 rc=0 restored=1/1 damaged_members=1 touched_members=1 blocks_written=50 strays=1 seed=20261262 foreign_cpu=3.90 foreign_after=6.63 waited=0s errlen=0 ts=2026-09-13T20:26:23Z
LEG round=m3single rep=2 m=100 tool=par2turbo argv='r -q -t32 -T16 f.par2' wall=44.355 cpu=75.338 cpu_over_wall=1.70 peak_mb=1383.1 rc=0 restored=1/1 damaged_members=1 touched_members=1 blocks_written=100 strays=1 seed=20261612 foreign_cpu=6.30 foreign_after=4.74 waited=0s errlen=0 ts=2026-09-13T20:27:20Z
LEG round=m3single rep=2 m=100 tool=parfast-beta2 argv='r -q -t32 -T16 f.par2' wall=13.616 cpu=57.567 cpu_over_wall=4.23 peak_mb=1383.1 rc=0 restored=1/1 damaged_members=1 touched_members=1 blocks_written=100 strays=1 seed=20261612 foreign_cpu=4.42 foreign_after=3.96 waited=0s errlen=0 ts=2026-09-13T20:27:47Z
LEG round=m3single rep=2 m=100 tool=parfast argv='r -q -t32 -T16 f.par2' wall=2.819 cpu=72.811 cpu_over_wall=25.83 peak_mb=1406.1 rc=0 restored=1/1 damaged_members=1 touched_members=1 blocks_written=100 strays=1 seed=20261612 foreign_cpu=3.81 foreign_after=6.07 waited=0s errlen=0 ts=2026-09-13T20:28:03Z
VERIFY round=m3single rep=3 tool=parfast argv='v -q -t32 -T16 f.par2' wall=0.455 cpu=13.082 cpu_over_wall=28.74 peak_mb=1406.1 rc=0 intact=1/1 foreign_cpu=5.90 foreign_after=8.07 waited=0s errlen=0 ts=2026-09-13T20:28:12Z
VERIFY round=m3single rep=3 tool=parfast-beta2 argv='v -q -t32 -T16 f.par2' wall=11.415 cpu=11.397 cpu_over_wall=1.00 peak_mb=1406.1 rc=0 intact=1/1 foreign_cpu=8.07 foreign_after=6.96 waited=0s errlen=0 ts=2026-09-13T20:28:27Z
VERIFY round=m3single rep=3 tool=par2turbo argv='v -q -t32 -T16 f.par2' wall=12.413 cpu=12.392 cpu_over_wall=1.00 peak_mb=1406.1 rc=0 intact=1/1 foreign_cpu=6.96 foreign_after=6.14 waited=0s errlen=0 ts=2026-09-13T20:28:44Z
LEG round=m3single rep=3 m=1 tool=parfast argv='r -q -t32 -T16 f.par2' wall=1.186 cpu=31.243 cpu_over_wall=26.35 peak_mb=1406.1 rc=0 restored=1/1 damaged_members=1 touched_members=1 blocks_written=1 strays=1 seed=20260920 foreign_cpu=5.88 foreign_after=5.88 waited=0s errlen=0 ts=2026-09-13T20:28:53Z
LEG round=m3single rep=3 m=1 tool=parfast-beta2 argv='r -q -t32 -T16 f.par2' wall=11.584 cpu=16.299 cpu_over_wall=1.41 peak_mb=1406.1 rc=0 restored=1/1 damaged_members=1 touched_members=1 blocks_written=1 strays=1 seed=20260920 foreign_cpu=6.10 foreign_after=6.01 waited=0s errlen=0 ts=2026-09-13T20:29:17Z
LEG round=m3single rep=3 m=1 tool=par2turbo argv='r -q -t32 -T16 f.par2' wall=30.859 cpu=32.560 cpu_over_wall=1.06 peak_mb=1406.1 rc=0 restored=1/1 damaged_members=1 touched_members=1 blocks_written=1 strays=1 seed=20260920 foreign_cpu=5.64 foreign_after=5.60 waited=0s errlen=0 ts=2026-09-13T20:30:00Z
LEG round=m3single rep=3 m=50 tool=parfast argv='r -q -t32 -T16 f.par2' wall=1.964 cpu=51.242 cpu_over_wall=26.09 peak_mb=1406.1 rc=0 restored=1/1 damaged_members=1 touched_members=1 blocks_written=50 strays=1 seed=20261263 foreign_cpu=5.48 foreign_after=5.48 waited=0s errlen=0 ts=2026-09-13T20:30:15Z
LEG round=m3single rep=3 m=50 tool=parfast-beta2 argv='r -q -t32 -T16 f.par2' wall=12.736 cpu=36.963 cpu_over_wall=2.90 peak_mb=1406.1 rc=0 restored=1/1 damaged_members=1 touched_members=1 blocks_written=50 strays=1 seed=20261263 foreign_cpu=5.13 foreign_after=5.34 waited=0s errlen=0 ts=2026-09-13T20:30:40Z
LEG round=m3single rep=3 m=50 tool=par2turbo argv='r -q -t32 -T16 f.par2' wall=40.717 cpu=56.743 cpu_over_wall=1.39 peak_mb=1406.1 rc=0 restored=1/1 damaged_members=1 touched_members=1 blocks_written=50 strays=1 seed=20261263 foreign_cpu=5.10 foreign_after=4.53 waited=0s errlen=0 ts=2026-09-13T20:31:34Z
LEG round=m3single rep=3 m=100 tool=parfast argv='r -q -t32 -T16 f.par2' wall=2.843 cpu=71.136 cpu_over_wall=25.02 peak_mb=1406.1 rc=0 restored=1/1 damaged_members=1 touched_members=1 blocks_written=100 strays=1 seed=20261613 foreign_cpu=5.26 foreign_after=5.26 waited=0s errlen=0 ts=2026-09-13T20:31:51Z
LEG round=m3single rep=3 m=100 tool=parfast-beta2 argv='r -q -t32 -T16 f.par2' wall=13.378 cpu=57.166 cpu_over_wall=4.27 peak_mb=1406.1 rc=0 restored=1/1 damaged_members=1 touched_members=1 blocks_written=100 strays=1 seed=20261613 foreign_cpu=5.13 foreign_after=5.68 waited=0s errlen=0 ts=2026-09-13T20:32:17Z
LEG round=m3single rep=3 m=100 tool=par2turbo argv='r -q -t32 -T16 f.par2' wall=44.244 cpu=74.881 cpu_over_wall=1.69 peak_mb=1406.1 rc=0 restored=1/1 damaged_members=1 touched_members=1 blocks_written=100 strays=1 seed=20261613 foreign_cpu=5.34 foreign_after=4.22 waited=0s errlen=0 ts=2026-09-13T20:33:14Z
LAD-END 2026-09-13T20:33:19Z
