RIG-LOCK-TAKEN /root/.parfast-rig.lock pid=3828736
CSWP-START 2026-09-13T22:58:38Z
BOX host=amd-epyc-vm cpu=AMD EPYC 9354P 32-Core Processor cores=8 ram_gb=31.3 os=Linux-6.8.0-137-generic-x86_64-with-glibc2.39 free_gb=162.4
BIN parfast sha256=c15b753b48dfed6de08c89954c48ef0e847fb362940ec8972e68199e493953fc bytes=2682936 version=parfast version 1.5.0-beta.2
BIN parfast-beta2 sha256=4a48cec7b968a0e9ec43267f7283a619491bae8b09f3df489bb3f64dfa17733d bytes=2622280 version=parfast version 1.5.0-beta.2
BIN turbo sha256=52d11dcddaa0bb07f2131daca6ec2aa4a99b83498929a7cdc97d6d3868a76f84 bytes=2958296 version=par2cmdline-turbo version 1.5.0
BIN parpar sha256=bbdb5a2bfc54490413501ae28057c492dbdafc32ba0542a1513c41333bdb45a6 bytes=34342784 version=0.4.6
PROTOCOL sizes_gib=[1, 4, 10] redundancy_pct=[10, 20] threads=8 file_threads=16 base_slice=768000 slice_cap=32768 reps=2 members=1GiB-each driver=ladder.py
PAYLOAD-READY members=10 bytes=10737418240
CC size=1 red=10 bs=768000 blocks=1399 arm=parfast rep=1 wall=1.681 cpu=7.164 cpu_over_wall=4.26 peak_mb=237.8 recovery_mb=103 files=9 rc=0 foreign_cpu=1.49 foreign_after=1.49 waited=0s errlen=0 ts=2026-09-13T22:58:42Z
CC size=1 red=10 bs=768000 blocks=1399 arm=parfast-beta2 rep=1 wall=2.060 cpu=7.095 cpu_over_wall=3.44 peak_mb=237.8 recovery_mb=103 files=9 rc=0 foreign_cpu=1.49 foreign_after=1.45 waited=0s errlen=0 ts=2026-09-13T22:58:45Z
CC size=1 red=10 bs=768000 blocks=1399 arm=turbo rep=1 wall=2.280 cpu=5.764 cpu_over_wall=2.53 peak_mb=237.8 recovery_mb=103 files=9 rc=0 foreign_cpu=1.45 foreign_after=1.45 waited=0s errlen=0 ts=2026-09-13T22:58:48Z
CC size=1 red=10 bs=768000 blocks=1399 arm=parpar rep=1 wall=1.941 cpu=5.997 cpu_over_wall=3.09 peak_mb=237.8 recovery_mb=103 files=9 rc=0 foreign_cpu=1.45 foreign_after=1.50 waited=0s errlen=0 ts=2026-09-13T22:58:51Z
CC size=1 red=10 bs=768000 blocks=1399 arm=parpar rep=2 wall=1.988 cpu=6.083 cpu_over_wall=3.06 peak_mb=237.8 recovery_mb=103 files=9 rc=0 foreign_cpu=1.50 foreign_after=1.50 waited=0s errlen=0 ts=2026-09-13T22:58:54Z
CC size=1 red=10 bs=768000 blocks=1399 arm=turbo rep=2 wall=2.329 cpu=5.760 cpu_over_wall=2.47 peak_mb=237.8 recovery_mb=103 files=9 rc=0 foreign_cpu=1.54 foreign_after=1.54 waited=0s errlen=0 ts=2026-09-13T22:58:57Z
CC size=1 red=10 bs=768000 blocks=1399 arm=parfast-beta2 rep=2 wall=2.061 cpu=7.000 cpu_over_wall=3.40 peak_mb=237.8 recovery_mb=103 files=9 rc=0 foreign_cpu=1.54 foreign_after=1.50 waited=0s errlen=0 ts=2026-09-13T22:59:00Z
CC size=1 red=10 bs=768000 blocks=1399 arm=parfast rep=2 wall=1.777 cpu=7.801 cpu_over_wall=4.39 peak_mb=237.8 recovery_mb=103 files=9 rc=0 foreign_cpu=1.50 foreign_after=1.50 waited=0s errlen=0 ts=2026-09-13T22:59:03Z
CC size=1 red=20 bs=768000 blocks=1399 arm=parfast rep=1 wall=1.705 cpu=11.119 cpu_over_wall=6.52 peak_mb=342.1 recovery_mb=206 files=10 rc=0 foreign_cpu=1.50 foreign_after=2.10 waited=0s errlen=0 ts=2026-09-13T22:59:06Z
CC size=1 red=20 bs=768000 blocks=1399 arm=parfast-beta2 rep=1 wall=2.078 cpu=10.762 cpu_over_wall=5.18 peak_mb=342.1 recovery_mb=206 files=10 rc=0 foreign_cpu=1.93 foreign_after=1.93 waited=5s errlen=0 ts=2026-09-13T22:59:14Z
CC size=1 red=20 bs=768000 blocks=1399 arm=turbo rep=1 wall=2.731 cpu=9.067 cpu_over_wall=3.32 peak_mb=342.1 recovery_mb=206 files=10 rc=0 foreign_cpu=1.85 foreign_after=1.85 waited=0s errlen=0 ts=2026-09-13T22:59:18Z
CC size=1 red=20 bs=768000 blocks=1399 arm=parpar rep=1 wall=2.111 cpu=9.100 cpu_over_wall=4.31 peak_mb=342.1 recovery_mb=206 files=10 rc=0 foreign_cpu=1.85 foreign_after=2.19 waited=0s errlen=0 ts=2026-09-13T22:59:21Z
CC size=1 red=20 bs=768000 blocks=1399 arm=parpar rep=2 wall=2.080 cpu=9.161 cpu_over_wall=4.41 peak_mb=342.1 recovery_mb=206 files=10 rc=0 foreign_cpu=1.85 foreign_after=1.85 waited=10s errlen=0 ts=2026-09-13T22:59:34Z
CC size=1 red=20 bs=768000 blocks=1399 arm=turbo rep=2 wall=2.693 cpu=9.117 cpu_over_wall=3.39 peak_mb=342.1 recovery_mb=206 files=10 rc=0 foreign_cpu=1.85 foreign_after=2.50 waited=0s errlen=0 ts=2026-09-13T22:59:37Z
CC size=1 red=20 bs=768000 blocks=1399 arm=parfast-beta2 rep=2 wall=2.055 cpu=10.678 cpu_over_wall=5.20 peak_mb=342.1 recovery_mb=206 files=10 rc=0 foreign_cpu=1.95 foreign_after=2.51 waited=15s errlen=0 ts=2026-09-13T22:59:55Z
CC size=1 red=20 bs=768000 blocks=1399 arm=parfast rep=2 wall=1.827 cpu=11.795 cpu_over_wall=6.46 peak_mb=342.3 recovery_mb=206 files=10 rc=0 foreign_cpu=1.87 foreign_after=1.87 waited=20s errlen=0 ts=2026-09-13T23:00:18Z
CC size=4 red=10 bs=768000 blocks=5596 arm=parfast rep=1 wall=6.272 cpu=47.070 cpu_over_wall=7.50 peak_mb=4576.6 recovery_mb=415 files=11 rc=0 foreign_cpu=1.80 foreign_after=2.61 waited=0s errlen=0 ts=2026-09-13T23:00:29Z
CC size=4 red=10 bs=768000 blocks=5596 arm=parfast-beta2 rep=1 wall=6.842 cpu=51.354 cpu_over_wall=7.51 peak_mb=4693.9 recovery_mb=415 files=11 rc=0 foreign_cpu=1.93 foreign_after=3.16 waited=15s errlen=0 ts=2026-09-13T23:00:55Z
CC size=4 red=10 bs=768000 blocks=5596 arm=turbo rep=1 wall=10.823 cpu=57.837 cpu_over_wall=5.34 peak_mb=4693.9 recovery_mb=415 files=11 rc=0 foreign_cpu=1.91 foreign_after=2.86 waited=30s errlen=0 ts=2026-09-13T23:01:39Z
CC size=4 red=10 bs=768000 blocks=5596 arm=parpar rep=1 wall=8.508 cpu=58.751 cpu_over_wall=6.91 peak_mb=4693.9 recovery_mb=414 files=11 rc=0 foreign_cpu=1.94 foreign_after=3.26 waited=20s errlen=0 ts=2026-09-13T23:02:11Z
CC size=4 red=10 bs=768000 blocks=5596 arm=parpar rep=2 wall=8.326 cpu=57.973 cpu_over_wall=6.96 peak_mb=4693.9 recovery_mb=414 files=11 rc=0 foreign_cpu=1.86 foreign_after=2.30 waited=35s errlen=0 ts=2026-09-13T23:02:58Z
CC size=4 red=10 bs=768000 blocks=5596 arm=turbo rep=2 wall=10.442 cpu=57.532 cpu_over_wall=5.51 peak_mb=4693.9 recovery_mb=415 files=11 rc=0 foreign_cpu=1.86 foreign_after=1.94 waited=10s errlen=0 ts=2026-09-13T23:03:22Z
CC size=4 red=10 bs=768000 blocks=5596 arm=parfast-beta2 rep=2 wall=6.752 cpu=50.492 cpu_over_wall=7.48 peak_mb=4693.9 recovery_mb=415 files=11 rc=0 foreign_cpu=1.87 foreign_after=2.36 waited=0s errlen=0 ts=2026-09-13T23:03:32Z
CC size=4 red=10 bs=768000 blocks=5596 arm=parfast rep=2 wall=5.741 cpu=42.783 cpu_over_wall=7.45 peak_mb=4693.9 recovery_mb=415 files=11 rc=0 foreign_cpu=1.90 foreign_after=2.39 waited=10s errlen=0 ts=2026-09-13T23:03:51Z
CC size=4 red=20 bs=768000 blocks=5596 arm=parfast rep=1 wall=6.487 cpu=47.181 cpu_over_wall=7.27 peak_mb=5016.6 recovery_mb=826 files=12 rc=0 foreign_cpu=1.93 foreign_after=2.50 waited=10s errlen=0 ts=2026-09-13T23:04:11Z
CC size=4 red=20 bs=768000 blocks=5596 arm=parfast-beta2 rep=1 wall=7.272 cpu=52.546 cpu_over_wall=7.23 peak_mb=5245.4 recovery_mb=826 files=12 rc=0 foreign_cpu=1.85 foreign_after=2.34 waited=15s errlen=0 ts=2026-09-13T23:04:37Z
CC size=4 red=20 bs=768000 blocks=5596 arm=turbo rep=1 wall=19.686 cpu=126.490 cpu_over_wall=6.43 peak_mb=5245.4 recovery_mb=826 files=12 rc=0 foreign_cpu=1.97 foreign_after=3.15 waited=10s errlen=0 ts=2026-09-13T23:05:10Z
CC size=4 red=20 bs=768000 blocks=5596 arm=parpar rep=1 wall=16.708 cpu=110.523 cpu_over_wall=6.61 peak_mb=5245.4 recovery_mb=825 files=12 rc=0 foreign_cpu=1.91 foreign_after=3.11 waited=30s errlen=0 ts=2026-09-13T23:06:01Z
CC size=4 red=20 bs=768000 blocks=5596 arm=parpar rep=2 wall=15.988 cpu=109.240 cpu_over_wall=6.83 peak_mb=5245.4 recovery_mb=825 files=12 rc=0 foreign_cpu=1.89 foreign_after=2.62 waited=30s errlen=0 ts=2026-09-13T23:06:51Z
CC size=4 red=20 bs=768000 blocks=5596 arm=turbo rep=2 wall=17.267 cpu=112.488 cpu_over_wall=6.51 peak_mb=5245.4 recovery_mb=826 files=12 rc=0 foreign_cpu=1.88 foreign_after=3.05 waited=20s errlen=0 ts=2026-09-13T23:07:31Z
CC size=4 red=20 bs=768000 blocks=5596 arm=parfast-beta2 rep=2 wall=8.237 cpu=59.089 cpu_over_wall=7.17 peak_mb=5245.7 recovery_mb=826 files=12 rc=0 foreign_cpu=1.98 foreign_after=2.46 waited=25s errlen=0 ts=2026-09-13T23:08:08Z
CC size=4 red=20 bs=768000 blocks=5596 arm=parfast rep=2 wall=6.310 cpu=46.064 cpu_over_wall=7.30 peak_mb=5245.7 recovery_mb=826 files=12 rc=0 foreign_cpu=1.98 foreign_after=2.47 waited=10s errlen=0 ts=2026-09-13T23:08:28Z
CC size=10 red=10 bs=768000 blocks=13990 arm=parfast rep=1 wall=14.986 cpu=112.691 cpu_over_wall=7.52 peak_mb=11393.3 recovery_mb=1042 files=12 rc=0 foreign_cpu=1.90 foreign_after=3.86 waited=10s errlen=0 ts=2026-09-13T23:09:04Z
CC size=10 red=10 bs=768000 blocks=13990 arm=parfast-beta2 rep=1 wall=16.675 cpu=122.413 cpu_over_wall=7.34 peak_mb=11671.6 recovery_mb=1042 files=12 rc=0 foreign_cpu=1.97 foreign_after=3.85 waited=35s errlen=0 ts=2026-09-13T23:10:04Z
CC size=10 red=10 bs=768000 blocks=13990 arm=turbo rep=1 wall=49.833 cpu=340.882 cpu_over_wall=6.84 peak_mb=11671.6 recovery_mb=1042 files=12 rc=0 foreign_cpu=1.90 foreign_after=5.46 waited=35s errlen=0 ts=2026-09-13T23:11:37Z
CC size=10 red=10 bs=768000 blocks=13990 arm=parpar rep=1 wall=47.080 cpu=327.482 cpu_over_wall=6.96 peak_mb=11671.6 recovery_mb=1039 files=12 rc=0 foreign_cpu=1.86 foreign_after=5.25 waited=60s errlen=0 ts=2026-09-13T23:13:33Z
CC size=10 red=10 bs=768000 blocks=13990 arm=parpar rep=2 wall=50.726 cpu=348.737 cpu_over_wall=6.87 peak_mb=11671.6 recovery_mb=1039 files=12 rc=0 foreign_cpu=1.87 foreign_after=5.22 waited=55s errlen=0 ts=2026-09-13T23:15:27Z
CC size=10 red=10 bs=768000 blocks=13990 arm=turbo rep=2 wall=50.253 cpu=340.389 cpu_over_wall=6.77 peak_mb=11671.6 recovery_mb=1042 files=12 rc=0 foreign_cpu=1.98 foreign_after=5.38 waited=50s errlen=0 ts=2026-09-13T23:17:16Z
CC size=10 red=10 bs=768000 blocks=13990 arm=parfast-beta2 rep=2 wall=16.148 cpu=121.978 cpu_over_wall=7.55 peak_mb=11671.8 recovery_mb=1042 files=12 rc=0 foreign_cpu=1.91 foreign_after=3.78 waited=60s errlen=0 ts=2026-09-13T23:18:41Z
CC size=10 red=10 bs=768000 blocks=13990 arm=parfast rep=2 wall=14.629 cpu=109.892 cpu_over_wall=7.51 peak_mb=11671.8 recovery_mb=1042 files=12 rc=0 foreign_cpu=1.88 foreign_after=3.78 waited=40s errlen=0 ts=2026-09-13T23:19:43Z
CC size=10 red=20 bs=768000 blocks=13990 arm=parfast rep=1 wall=15.693 cpu=116.894 cpu_over_wall=7.45 peak_mb=12493.9 recovery_mb=2070 files=13 rc=0 foreign_cpu=1.91 foreign_after=3.46 waited=35s errlen=0 ts=2026-09-13T23:20:42Z
CC size=10 red=20 bs=768000 blocks=13990 arm=parfast-beta2 rep=1 wall=16.961 cpu=125.790 cpu_over_wall=7.42 peak_mb=13053.9 recovery_mb=2070 files=13 rc=0 foreign_cpu=1.87 foreign_after=3.36 waited=30s errlen=0 ts=2026-09-13T23:21:38Z
CC size=10 red=20 bs=768000 blocks=13990 arm=turbo rep=1 wall=92.466 cpu=634.149 cpu_over_wall=6.86 peak_mb=13053.9 recovery_mb=2070 files=13 rc=0 foreign_cpu=1.97 foreign_after=6.31 waited=25s errlen=0 ts=2026-09-13T23:23:44Z
CC size=10 red=20 bs=768000 blocks=13990 arm=parpar rep=1 wall=90.858 cpu=619.285 cpu_over_wall=6.82 peak_mb=13053.9 recovery_mb=2067 files=13 rc=0 foreign_cpu=1.86 foreign_after=6.18 waited=65s errlen=0 ts=2026-09-13T23:26:29Z
CC size=10 red=20 bs=768000 blocks=13990 arm=parpar rep=2 wall=90.006 cpu=617.290 cpu_over_wall=6.86 peak_mb=13053.9 recovery_mb=2067 files=13 rc=0 foreign_cpu=1.86 foreign_after=6.98 waited=65s errlen=0 ts=2026-09-13T23:29:13Z
CC size=10 red=20 bs=768000 blocks=13990 arm=turbo rep=2 wall=92.314 cpu=633.760 cpu_over_wall=6.87 peak_mb=13053.9 recovery_mb=2070 files=13 rc=0 foreign_cpu=1.88 foreign_after=5.76 waited=70s errlen=0 ts=2026-09-13T23:32:04Z
CC size=10 red=20 bs=768000 blocks=13990 arm=parfast-beta2 rep=2 wall=17.934 cpu=133.535 cpu_over_wall=7.45 peak_mb=13054.1 recovery_mb=2070 files=13 rc=0 foreign_cpu=1.89 foreign_after=3.13 waited=60s errlen=0 ts=2026-09-13T23:33:31Z
CC size=10 red=20 bs=768000 blocks=13990 arm=parfast rep=2 wall=15.218 cpu=113.148 cpu_over_wall=7.44 peak_mb=13054.1 recovery_mb=2070 files=13 rc=0 foreign_cpu=1.85 foreign_after=2.81 waited=25s errlen=0 ts=2026-09-13T23:34:21Z
CSWP-END 2026-09-13T23:34:21Z
