RIG-LOCK-TAKEN /root/.parfast-rig.lock pid=2902439
LAD-START 2026-09-13T18:27:59Z
BOX host=amd-epyc-vm cpu=AMD EPYC 9354P 32-Core Processor cores=8 ram_gb=31.3 os=Linux-6.8.0-137-generic-x86_64-with-glibc2.39 free_gb=172.4
BIN parfast sha256=c15b753b48dfed6de08c89954c48ef0e847fb362940ec8972e68199e493953fc bytes=2682936 version=parfast version 1.5.0-beta.2
BIN parfast-beta2 sha256=4a48cec7b968a0e9ec43267f7283a619491bae8b09f3df489bb3f64dfa17733d bytes=2622280 version=parfast version 1.5.0-beta.2
BIN par2turbo sha256=52d11dcddaa0bb07f2131daca6ec2aa4a99b83498929a7cdc97d6d3868a76f84 bytes=2958296 version=par2cmdline-turbo version 1.5.0
PROTOCOL slice=768000 recovery_blocks=2098 source_blocks=13990 redundancy_pct=14.996 damage=scattered-seeded-slice-overwrite reps=3 gate=sha256-all-members prewarm=recovery-set-read driver=ladder.py
ARGV parfast='r -q -t8 -T16 f.par2' parfast-beta2='r -q -t8 -T16 f.par2' par2turbo='r -q -t8 -T16 f.par2'
VARGV parfast='v -q -t8 -T16 f.par2' parfast-beta2='v -q -t8 -T16 f.par2' par2turbo='v -q -t8 -T16 f.par2'
FIXTURE members=10 distinct_member_sha=10/10 bytes=10737418240
GOLD p00.bin 83589102fc168118f3b9f4274fe0e6feaa76eee4645e460f71b68cd13786c6f8
GOLD p01.bin 067a924762d50215270d6c7382eb0688af32199bb28cb9b62b312a195a63016e
GOLD p02.bin ceaa85ed3af3dac16dc5bbb8d325de48579c1c1e90feb5dbb6f2c0e4ae67bc11
GOLD p03.bin 18b7e415145ce88b085e4d50844f71af6f47886fc9b5d218daf88e680ce5926d
GOLD p04.bin 641332845c75918c7f0c0281084cc244870ed5dbc3ee81117ddbae4d4ea1be6b
GOLD p05.bin 9a1d2c367351744186d2f7f05742c87acfb510de2602bb6ddb4d24a28ad88db3
GOLD p06.bin e2b8e4d974f6e9d92b6a9e1f9eced4ee333c44e0570e079d842e3d76595fb694
GOLD p07.bin c309c305f7ad3e71d0eebb7e08077ba23b2feb3e93af36e6eb3c1d534c6174e5
GOLD p08.bin ce8f424f103c973204c5dfdcdf28d6361c57def43f1853d1a3254e8392e34359
GOLD p09.bin aa3d47996b2ccd9df4d4f82226f8e9793f2ab8a1ad9463e9bde1e7735d1fbc04
CREATE round=vpslad2 tool=parfast argv='c -q -t8 -T16 -s768000 -c2098 f.par2 ...' rc=0 wall=18.234 cpu=122.324 peak_mb=11936.4 par2files=13 par2bytes=1632002172 errlen=0 ts=2026-09-13T18:30:35Z
LEG round=vpslad2 rep=0 m=64 tool=parfast argv='r -q -t8 -T16 f.par2' wall=10.936 cpu=72.547 cpu_over_wall=6.63 peak_mb=11936.4 rc=0 restored=10/10 damaged_members=10 touched_members=10 blocks_written=64 strays=10 seed=20260913 foreign_cpu=1.87 foreign_after=4.56 waited=10s errlen=0 ts=2026-09-13T18:31:22Z
LEG round=vpslad2 rep=0 m=64 tool=parfast-beta2 argv='r -q -t8 -T16 f.par2' wall=12.598 cpu=67.674 cpu_over_wall=5.37 peak_mb=11936.4 rc=0 restored=10/10 damaged_members=10 touched_members=10 blocks_written=64 strays=10 seed=20260913 foreign_cpu=1.89 foreign_after=4.26 waited=45s errlen=0 ts=2026-09-13T18:32:31Z
LEG round=vpslad2 rep=0 m=64 tool=par2turbo argv='r -q -t8 -T16 f.par2' wall=24.336 cpu=83.262 cpu_over_wall=3.42 peak_mb=11936.4 rc=0 restored=10/10 damaged_members=10 touched_members=10 blocks_written=64 strays=10 seed=20260913 foreign_cpu=1.93 foreign_after=2.47 waited=40s errlen=0 ts=2026-09-13T18:33:48Z
VERIFY round=vpslad2 rep=1 tool=parfast argv='v -q -t8 -T16 f.par2' wall=2.395 cpu=15.087 cpu_over_wall=6.30 peak_mb=11936.4 rc=0 intact=10/10 foreign_cpu=1.90 foreign_after=2.55 waited=10s errlen=0 ts=2026-09-13T18:34:10Z
VERIFY round=vpslad2 rep=1 tool=parfast-beta2 argv='v -q -t8 -T16 f.par2' wall=3.036 cpu=19.631 cpu_over_wall=6.47 peak_mb=11936.4 rc=0 intact=10/10 foreign_cpu=1.89 foreign_after=2.54 waited=20s errlen=0 ts=2026-09-13T18:34:35Z
VERIFY round=vpslad2 rep=1 tool=par2turbo argv='v -q -t8 -T16 f.par2' wall=5.069 cpu=21.685 cpu_over_wall=4.28 peak_mb=11936.4 rc=0 intact=10/10 foreign_cpu=1.98 foreign_after=1.91 waited=15s errlen=0 ts=2026-09-13T18:34:58Z
LEG round=vpslad2 rep=1 m=1 tool=parfast argv='r -q -t8 -T16 f.par2' wall=7.152 cpu=39.683 cpu_over_wall=5.55 peak_mb=11936.4 rc=0 restored=10/10 damaged_members=1 touched_members=1 blocks_written=1 strays=1 seed=20260918 foreign_cpu=1.91 foreign_after=2.51 waited=0s errlen=0 ts=2026-09-13T18:35:09Z
LEG round=vpslad2 rep=1 m=1 tool=parfast-beta2 argv='r -q -t8 -T16 f.par2' wall=7.265 cpu=41.843 cpu_over_wall=5.76 peak_mb=11936.4 rc=0 restored=10/10 damaged_members=1 touched_members=1 blocks_written=1 strays=1 seed=20260918 foreign_cpu=1.86 foreign_after=2.46 waited=15s errlen=0 ts=2026-09-13T18:35:38Z
LEG round=vpslad2 rep=1 m=1 tool=par2turbo argv='r -q -t8 -T16 f.par2' wall=14.852 cpu=33.974 cpu_over_wall=2.29 peak_mb=11936.4 rc=0 restored=10/10 damaged_members=1 touched_members=1 blocks_written=1 strays=1 seed=20260918 foreign_cpu=1.98 foreign_after=2.08 waited=10s errlen=0 ts=2026-09-13T18:36:10Z
LEG round=vpslad2 rep=1 m=16 tool=parfast argv='r -q -t8 -T16 f.par2' wall=10.423 cpu=60.320 cpu_over_wall=5.79 peak_mb=11936.4 rc=0 restored=10/10 damaged_members=9 touched_members=9 blocks_written=16 strays=9 seed=20261023 foreign_cpu=1.98 foreign_after=5.75 waited=5s errlen=0 ts=2026-09-13T18:36:34Z
LEG round=vpslad2 rep=1 m=16 tool=parfast-beta2 argv='r -q -t8 -T16 f.par2' wall=10.593 cpu=60.094 cpu_over_wall=5.67 peak_mb=11936.4 rc=0 restored=10/10 damaged_members=9 touched_members=9 blocks_written=16 strays=9 seed=20261023 foreign_cpu=2.00 foreign_after=3.81 waited=60s errlen=0 ts=2026-09-13T18:37:54Z
LEG round=vpslad2 rep=1 m=16 tool=par2turbo argv='r -q -t8 -T16 f.par2' wall=25.124 cpu=68.274 cpu_over_wall=2.72 peak_mb=11936.4 rc=0 restored=10/10 damaged_members=9 touched_members=9 blocks_written=16 strays=9 seed=20261023 foreign_cpu=1.98 foreign_after=2.80 waited=40s errlen=0 ts=2026-09-13T18:39:11Z
LEG round=vpslad2 rep=1 m=64 tool=parfast argv='r -q -t8 -T16 f.par2' wall=11.316 cpu=76.990 cpu_over_wall=6.80 peak_mb=11936.4 rc=0 restored=10/10 damaged_members=10 touched_members=10 blocks_written=64 strays=10 seed=20261359 foreign_cpu=1.94 foreign_after=3.75 waited=45s errlen=0 ts=2026-09-13T18:40:17Z
LEG round=vpslad2 rep=1 m=64 tool=parfast-beta2 argv='r -q -t8 -T16 f.par2' wall=13.634 cpu=73.927 cpu_over_wall=5.42 peak_mb=11936.4 rc=0 restored=10/10 damaged_members=10 touched_members=10 blocks_written=64 strays=10 seed=20261359 foreign_cpu=1.86 foreign_after=3.42 waited=35s errlen=0 ts=2026-09-13T18:41:15Z
LEG round=vpslad2 rep=1 m=64 tool=par2turbo argv='r -q -t8 -T16 f.par2' wall=25.706 cpu=85.766 cpu_over_wall=3.34 peak_mb=11936.4 rc=0 restored=10/10 damaged_members=10 touched_members=10 blocks_written=64 strays=10 seed=20261359 foreign_cpu=1.94 foreign_after=3.25 waited=30s errlen=0 ts=2026-09-13T18:42:20Z
LEG round=vpslad2 rep=1 m=256 tool=parfast argv='r -q -t8 -T16 f.par2' wall=16.701 cpu=121.197 cpu_over_wall=7.26 peak_mb=11936.4 rc=0 restored=10/10 damaged_members=10 touched_members=10 blocks_written=256 strays=10 seed=20262703 foreign_cpu=1.97 foreign_after=6.08 waited=35s errlen=0 ts=2026-09-13T18:43:22Z
LEG round=vpslad2 rep=1 m=256 tool=parfast-beta2 argv='r -q -t8 -T16 f.par2' wall=19.706 cpu=117.053 cpu_over_wall=5.94 peak_mb=11936.4 rc=0 restored=10/10 damaged_members=10 touched_members=10 blocks_written=256 strays=10 seed=20262703 foreign_cpu=1.98 foreign_after=4.19 waited=60s errlen=0 ts=2026-09-13T18:44:52Z
LEG round=vpslad2 rep=1 m=256 tool=par2turbo argv='r -q -t8 -T16 f.par2' wall=35.657 cpu=150.245 cpu_over_wall=4.21 peak_mb=11936.4 rc=0 restored=10/10 damaged_members=10 touched_members=10 blocks_written=256 strays=10 seed=20262703 foreign_cpu=1.95 foreign_after=4.38 waited=40s errlen=0 ts=2026-09-13T18:46:17Z
LEG round=vpslad2 rep=1 m=512 tool=parfast argv='r -q -t8 -T16 f.par2' wall=21.733 cpu=152.189 cpu_over_wall=7.00 peak_mb=11936.4 rc=0 restored=10/10 damaged_members=10 touched_members=10 blocks_written=512 strays=10 seed=20264495 foreign_cpu=1.96 foreign_after=4.13 waited=45s errlen=0 ts=2026-09-13T18:47:34Z
LEG round=vpslad2 rep=1 m=512 tool=parfast-beta2 argv='r -q -t8 -T16 f.par2' wall=24.510 cpu=154.302 cpu_over_wall=6.30 peak_mb=11936.4 rc=0 restored=10/10 damaged_members=10 touched_members=10 blocks_written=512 strays=10 seed=20264495 foreign_cpu=1.86 foreign_after=3.98 waited=50s errlen=0 ts=2026-09-13T18:48:59Z
LEG round=vpslad2 rep=1 m=512 tool=par2turbo argv='r -q -t8 -T16 f.par2' wall=35.761 cpu=197.214 cpu_over_wall=5.51 peak_mb=11936.4 rc=0 restored=10/10 damaged_members=10 touched_members=10 blocks_written=512 strays=10 seed=20264495 foreign_cpu=1.89 foreign_after=4.17 waited=55s errlen=0 ts=2026-09-13T18:50:42Z
LEG round=vpslad2 rep=1 m=640 tool=parfast argv='r -q -t8 -T16 f.par2' wall=22.024 cpu=155.365 cpu_over_wall=7.05 peak_mb=11936.4 rc=0 restored=10/10 damaged_members=10 touched_members=10 blocks_written=640 strays=10 seed=20265391 foreign_cpu=1.88 foreign_after=3.89 waited=45s errlen=0 ts=2026-09-13T18:51:59Z
LEG round=vpslad2 rep=1 m=640 tool=parfast-beta2 argv='r -q -t8 -T16 f.par2' wall=27.737 cpu=180.300 cpu_over_wall=6.50 peak_mb=11936.4 rc=0 restored=10/10 damaged_members=10 touched_members=10 blocks_written=640 strays=10 seed=20265391 foreign_cpu=1.92 foreign_after=4.28 waited=45s errlen=0 ts=2026-09-13T18:53:23Z
LEG round=vpslad2 rep=1 m=640 tool=par2turbo argv='r -q -t8 -T16 f.par2' wall=37.561 cpu=222.336 cpu_over_wall=5.92 peak_mb=11936.4 rc=0 restored=10/10 damaged_members=10 touched_members=10 blocks_written=640 strays=10 seed=20265391 foreign_cpu=1.92 foreign_after=4.57 waited=45s errlen=0 ts=2026-09-13T18:54:58Z
LEG round=vpslad2 rep=1 m=704 tool=parfast argv='r -q -t8 -T16 f.par2' wall=25.207 cpu=175.805 cpu_over_wall=6.97 peak_mb=11936.4 rc=0 restored=10/10 damaged_members=10 touched_members=10 blocks_written=704 strays=10 seed=20265839 foreign_cpu=1.98 foreign_after=4.29 waited=40s errlen=0 ts=2026-09-13T18:56:15Z
LEG round=vpslad2 rep=1 m=704 tool=parfast-beta2 argv='r -q -t8 -T16 f.par2' wall=27.278 cpu=176.588 cpu_over_wall=6.47 peak_mb=11936.4 rc=0 restored=10/10 damaged_members=10 touched_members=10 blocks_written=704 strays=10 seed=20265839 foreign_cpu=1.93 foreign_after=4.68 waited=50s errlen=0 ts=2026-09-13T18:57:43Z
LEG round=vpslad2 rep=1 m=704 tool=par2turbo argv='r -q -t8 -T16 f.par2' wall=40.959 cpu=248.466 cpu_over_wall=6.07 peak_mb=11936.4 rc=0 restored=10/10 damaged_members=10 touched_members=10 blocks_written=704 strays=10 seed=20265839 foreign_cpu=1.96 foreign_after=4.63 waited=50s errlen=0 ts=2026-09-13T18:59:26Z
LEG round=vpslad2 rep=1 m=768 tool=parfast argv='r -q -t8 -T16 f.par2' wall=24.963 cpu=176.539 cpu_over_wall=7.07 peak_mb=11936.4 rc=0 restored=10/10 damaged_members=10 touched_members=10 blocks_written=768 strays=10 seed=20266287 foreign_cpu=1.98 foreign_after=6.98 waited=55s errlen=0 ts=2026-09-13T19:00:56Z
LEG round=vpslad2 rep=1 m=768 tool=parfast-beta2 argv='r -q -t8 -T16 f.par2' wall=27.372 cpu=176.655 cpu_over_wall=6.45 peak_mb=11936.4 rc=0 restored=10/10 damaged_members=10 touched_members=10 blocks_written=768 strays=10 seed=20266287 foreign_cpu=1.92 foreign_after=3.80 waited=70s errlen=0 ts=2026-09-13T19:02:46Z
LEG round=vpslad2 rep=1 m=768 tool=par2turbo argv='r -q -t8 -T16 f.par2' wall=43.444 cpu=262.887 cpu_over_wall=6.05 peak_mb=11936.4 rc=0 restored=10/10 damaged_members=10 touched_members=10 blocks_written=768 strays=10 seed=20266287 foreign_cpu=1.96 foreign_after=5.19 waited=45s errlen=0 ts=2026-09-13T19:04:25Z
LEG round=vpslad2 rep=1 m=896 tool=parfast argv='r -q -t8 -T16 f.par2' wall=23.540 cpu=164.865 cpu_over_wall=7.00 peak_mb=11936.4 rc=0 restored=10/10 damaged_members=10 touched_members=10 blocks_written=896 strays=10 seed=20267183 foreign_cpu=1.97 foreign_after=3.55 waited=50s errlen=0 ts=2026-09-13T19:05:50Z
LEG round=vpslad2 rep=1 m=896 tool=parfast-beta2 argv='r -q -t8 -T16 f.par2' wall=28.849 cpu=188.320 cpu_over_wall=6.53 peak_mb=11936.4 rc=0 restored=10/10 damaged_members=10 touched_members=10 blocks_written=896 strays=10 seed=20267183 foreign_cpu=1.96 foreign_after=2.82 waited=45s errlen=0 ts=2026-09-13T19:07:17Z
LEG round=vpslad2 rep=1 m=896 tool=par2turbo argv='r -q -t8 -T16 f.par2' wall=47.608 cpu=297.647 cpu_over_wall=6.25 peak_mb=11936.4 rc=0 restored=10/10 damaged_members=10 touched_members=10 blocks_written=896 strays=10 seed=20267183 foreign_cpu=1.98 foreign_after=5.54 waited=15s errlen=0 ts=2026-09-13T19:08:32Z
LEG round=vpslad2 rep=1 m=1024 tool=parfast argv='r -q -t8 -T16 f.par2' wall=26.715 cpu=188.182 cpu_over_wall=7.04 peak_mb=11936.4 rc=0 restored=10/10 damaged_members=10 touched_members=10 blocks_written=1024 strays=10 seed=20268079 foreign_cpu=1.85 foreign_after=4.62 waited=60s errlen=0 ts=2026-09-13T19:10:09Z
LEG round=vpslad2 rep=1 m=1024 tool=parfast-beta2 argv='r -q -t8 -T16 f.par2' wall=30.385 cpu=197.129 cpu_over_wall=6.49 peak_mb=11936.4 rc=0 restored=10/10 damaged_members=10 touched_members=10 blocks_written=1024 strays=10 seed=20268079 foreign_cpu=1.87 foreign_after=3.53 waited=60s errlen=0 ts=2026-09-13T19:11:52Z
LEG round=vpslad2 rep=1 m=1024 tool=par2turbo argv='r -q -t8 -T16 f.par2' wall=50.933 cpu=327.948 cpu_over_wall=6.44 peak_mb=11936.4 rc=0 restored=10/10 damaged_members=10 touched_members=10 blocks_written=1024 strays=10 seed=20268079 foreign_cpu=1.85 foreign_after=4.89 waited=50s errlen=0 ts=2026-09-13T19:13:47Z
LEG round=vpslad2 rep=1 m=1152 tool=parfast argv='r -q -t8 -T16 f.par2' wall=27.431 cpu=193.104 cpu_over_wall=7.04 peak_mb=11936.4 rc=0 restored=10/10 damaged_members=10 touched_members=10 blocks_written=1152 strays=10 seed=20268975 foreign_cpu=1.90 foreign_after=6.48 waited=50s errlen=0 ts=2026-09-13T19:15:15Z
LEG round=vpslad2 rep=1 m=1152 tool=parfast-beta2 argv='r -q -t8 -T16 f.par2' wall=32.202 cpu=209.583 cpu_over_wall=6.51 peak_mb=11936.4 rc=0 restored=10/10 damaged_members=10 touched_members=10 blocks_written=1152 strays=10 seed=20268975 foreign_cpu=1.99 foreign_after=4.55 waited=65s errlen=0 ts=2026-09-13T19:17:05Z
LEG round=vpslad2 rep=1 m=1152 tool=par2turbo argv='r -q -t8 -T16 f.par2' wall=55.563 cpu=358.901 cpu_over_wall=6.46 peak_mb=11936.4 rc=0 restored=10/10 damaged_members=10 touched_members=10 blocks_written=1152 strays=10 seed=20268975 foreign_cpu=1.99 foreign_after=4.75 waited=45s errlen=0 ts=2026-09-13T19:18:59Z
LEG round=vpslad2 rep=1 m=1280 tool=parfast argv='r -q -t8 -T16 f.par2' wall=24.937 cpu=177.333 cpu_over_wall=7.11 peak_mb=11936.4 rc=0 restored=10/10 damaged_members=10 touched_members=10 blocks_written=1280 strays=10 seed=20269871 foreign_cpu=1.85 foreign_after=5.82 waited=55s errlen=0 ts=2026-09-13T19:20:30Z
LEG round=vpslad2 rep=1 m=1280 tool=parfast-beta2 argv='r -q -t8 -T16 f.par2' wall=29.661 cpu=196.805 cpu_over_wall=6.64 peak_mb=11936.4 rc=0 restored=10/10 damaged_members=10 touched_members=10 blocks_written=1280 strays=10 seed=20269871 foreign_cpu=2.00 foreign_after=3.91 waited=65s errlen=0 ts=2026-09-13T19:22:17Z
LEG round=vpslad2 rep=1 m=1280 tool=par2turbo argv='r -q -t8 -T16 f.par2' wall=60.386 cpu=395.759 cpu_over_wall=6.55 peak_mb=11936.4 rc=0 restored=10/10 damaged_members=10 touched_members=10 blocks_written=1280 strays=10 seed=20269871 foreign_cpu=1.97 foreign_after=4.65 waited=35s errlen=0 ts=2026-09-13T19:24:05Z
LEG round=vpslad2 rep=1 m=1408 tool=parfast argv='r -q -t8 -T16 f.par2' wall=25.875 cpu=185.910 cpu_over_wall=7.18 peak_mb=11936.4 rc=0 restored=10/10 damaged_members=10 touched_members=10 blocks_written=1408 strays=10 seed=20270767 foreign_cpu=1.93 foreign_after=4.07 waited=45s errlen=0 ts=2026-09-13T19:25:28Z
LEG round=vpslad2 rep=1 m=1408 tool=parfast-beta2 argv='r -q -t8 -T16 f.par2' wall=31.487 cpu=209.498 cpu_over_wall=6.65 peak_mb=11936.4 rc=0 restored=10/10 damaged_members=10 touched_members=10 blocks_written=1408 strays=10 seed=20270767 foreign_cpu=1.93 foreign_after=3.56 waited=35s errlen=0 ts=2026-09-13T19:26:48Z
LEG round=vpslad2 rep=1 m=1408 tool=par2turbo argv='r -q -t8 -T16 f.par2' wall=64.365 cpu=425.058 cpu_over_wall=6.60 peak_mb=11936.4 rc=0 restored=10/10 damaged_members=10 touched_members=10 blocks_written=1408 strays=10 seed=20270767 foreign_cpu=1.94 foreign_after=5.75 waited=45s errlen=0 ts=2026-09-13T19:28:50Z
LEG round=vpslad2 rep=1 m=1600 tool=parfast argv='r -q -t8 -T16 f.par2' wall=29.071 cpu=203.485 cpu_over_wall=7.00 peak_mb=11936.4 rc=0 restored=10/10 damaged_members=10 touched_members=10 blocks_written=1600 strays=10 seed=20272111 foreign_cpu=1.90 foreign_after=6.83 waited=60s errlen=0 ts=2026-09-13T19:30:32Z
LEG round=vpslad2 rep=1 m=1600 tool=parfast-beta2 argv='r -q -t8 -T16 f.par2' wall=31.729 cpu=208.381 cpu_over_wall=6.57 peak_mb=11936.4 rc=0 restored=10/10 damaged_members=10 touched_members=10 blocks_written=1600 strays=10 seed=20272111 foreign_cpu=1.87 foreign_after=3.52 waited=70s errlen=0 ts=2026-09-13T19:32:28Z
LEG round=vpslad2 rep=1 m=1600 tool=par2turbo argv='r -q -t8 -T16 f.par2' wall=71.427 cpu=464.709 cpu_over_wall=6.51 peak_mb=11936.4 rc=0 restored=10/10 damaged_members=10 touched_members=10 blocks_written=1600 strays=10 seed=20272111 foreign_cpu=1.90 foreign_after=5.74 waited=30s errlen=0 ts=2026-09-13T19:34:23Z
LEG round=vpslad2 rep=1 m=1792 tool=parfast argv='r -q -t8 -T16 f.par2' wall=25.789 cpu=186.602 cpu_over_wall=7.24 peak_mb=11936.4 rc=0 restored=10/10 damaged_members=10 touched_members=10 blocks_written=1792 strays=10 seed=20273455 foreign_cpu=1.99 foreign_after=6.61 waited=60s errlen=0 ts=2026-09-13T19:36:02Z
LEG round=vpslad2 rep=1 m=1792 tool=parfast-beta2 argv='r -q -t8 -T16 f.par2' wall=33.973 cpu=222.095 cpu_over_wall=6.54 peak_mb=11936.4 rc=0 restored=10/10 damaged_members=10 touched_members=10 blocks_written=1792 strays=10 seed=20273455 foreign_cpu=1.97 foreign_after=4.27 waited=70s errlen=0 ts=2026-09-13T19:38:04Z
LEG round=vpslad2 rep=1 m=1792 tool=par2turbo argv='r -q -t8 -T16 f.par2' wall=80.679 cpu=533.313 cpu_over_wall=6.61 peak_mb=11936.4 rc=0 restored=10/10 damaged_members=10 touched_members=10 blocks_written=1792 strays=10 seed=20273455 foreign_cpu=1.91 foreign_after=5.38 waited=50s errlen=0 ts=2026-09-13T19:40:31Z
LEG round=vpslad2 rep=1 m=2048 tool=parfast argv='r -q -t8 -T16 f.par2' wall=30.561 cpu=209.510 cpu_over_wall=6.86 peak_mb=11936.4 rc=0 restored=10/10 damaged_members=10 touched_members=10 blocks_written=2048 strays=10 seed=20275247 foreign_cpu=1.99 foreign_after=6.63 waited=65s errlen=0 ts=2026-09-13T19:42:20Z
LEG round=vpslad2 rep=1 m=2048 tool=parfast-beta2 argv='r -q -t8 -T16 f.par2' wall=35.753 cpu=230.454 cpu_over_wall=6.45 peak_mb=11936.4 rc=0 restored=10/10 damaged_members=10 touched_members=10 blocks_written=2048 strays=10 seed=20275247 foreign_cpu=1.87 foreign_after=4.30 waited=65s errlen=0 ts=2026-09-13T19:44:18Z
LEG round=vpslad2 rep=1 m=2048 tool=par2turbo argv='r -q -t8 -T16 f.par2' wall=89.670 cpu=594.461 cpu_over_wall=6.63 peak_mb=11936.4 rc=0 restored=10/10 damaged_members=10 touched_members=10 blocks_written=2048 strays=10 seed=20275247 foreign_cpu=1.95 foreign_after=6.68 waited=40s errlen=0 ts=2026-09-13T19:46:43Z
LEG round=vpslad2 rep=1 m=2098 tool=parfast argv='r -q -t8 -T16 f.par2' wall=27.837 cpu=198.515 cpu_over_wall=7.13 peak_mb=11936.4 rc=0 restored=10/10 damaged_members=10 touched_members=10 blocks_written=2098 strays=10 seed=20275597 foreign_cpu=1.88 foreign_after=3.84 waited=65s errlen=0 ts=2026-09-13T19:48:30Z
LEG round=vpslad2 rep=1 m=2098 tool=parfast-beta2 argv='r -q -t8 -T16 f.par2' wall=39.683 cpu=251.955 cpu_over_wall=6.35 peak_mb=11936.4 rc=0 restored=10/10 damaged_members=10 touched_members=10 blocks_written=2098 strays=10 seed=20275597 foreign_cpu=1.98 foreign_after=3.86 waited=50s errlen=0 ts=2026-09-13T19:50:15Z
LEG round=vpslad2 rep=1 m=2098 tool=par2turbo argv='r -q -t8 -T16 f.par2' wall=90.594 cpu=603.079 cpu_over_wall=6.66 peak_mb=11936.4 rc=0 restored=10/10 damaged_members=10 touched_members=10 blocks_written=2098 strays=10 seed=20275597 foreign_cpu=1.90 foreign_after=5.71 waited=45s errlen=0 ts=2026-09-13T19:52:47Z
VERIFY round=vpslad2 rep=2 tool=parfast argv='v -q -t8 -T16 f.par2' wall=2.331 cpu=14.711 cpu_over_wall=6.31 peak_mb=11936.4 rc=0 intact=10/10 foreign_cpu=1.91 foreign_after=1.91 waited=60s errlen=0 ts=2026-09-13T19:53:57Z
VERIFY round=vpslad2 rep=2 tool=parfast-beta2 argv='v -q -t8 -T16 f.par2' wall=3.276 cpu=20.317 cpu_over_wall=6.20 peak_mb=11936.4 rc=0 intact=10/10 foreign_cpu=1.84 foreign_after=1.84 waited=0s errlen=0 ts=2026-09-13T19:54:03Z
VERIFY round=vpslad2 rep=2 tool=par2turbo argv='v -q -t8 -T16 f.par2' wall=5.120 cpu=19.908 cpu_over_wall=3.89 peak_mb=11936.4 rc=0 intact=10/10 foreign_cpu=1.88 foreign_after=2.53 waited=15s errlen=0 ts=2026-09-13T19:54:25Z
LEG round=vpslad2 rep=2 m=1 tool=par2turbo argv='r -q -t8 -T16 f.par2' wall=14.360 cpu=41.061 cpu_over_wall=2.86 peak_mb=11936.4 rc=0 restored=10/10 damaged_members=1 touched_members=1 blocks_written=1 strays=1 seed=20260919 foreign_cpu=1.89 foreign_after=2.42 waited=30s errlen=0 ts=2026-09-13T19:55:14Z
LEG round=vpslad2 rep=2 m=1 tool=parfast-beta2 argv='r -q -t8 -T16 f.par2' wall=6.725 cpu=40.632 cpu_over_wall=6.04 peak_mb=11936.4 rc=0 restored=10/10 damaged_members=1 touched_members=1 blocks_written=1 strays=1 seed=20260919 foreign_cpu=1.97 foreign_after=2.69 waited=25s errlen=0 ts=2026-09-13T19:55:53Z
LEG round=vpslad2 rep=2 m=1 tool=parfast argv='r -q -t8 -T16 f.par2' wall=4.022 cpu=26.474 cpu_over_wall=6.58 peak_mb=11936.4 rc=0 restored=10/10 damaged_members=1 touched_members=1 blocks_written=1 strays=1 seed=20260919 foreign_cpu=1.96 foreign_after=1.89 waited=15s errlen=0 ts=2026-09-13T19:56:19Z
LEG round=vpslad2 rep=2 m=16 tool=par2turbo argv='r -q -t8 -T16 f.par2' wall=17.571 cpu=56.016 cpu_over_wall=3.19 peak_mb=11936.4 rc=0 restored=10/10 damaged_members=7 touched_members=7 blocks_written=16 strays=7 seed=20261024 foreign_cpu=1.90 foreign_after=1.86 waited=0s errlen=0 ts=2026-09-13T19:56:45Z
LEG round=vpslad2 rep=2 m=16 tool=parfast-beta2 argv='r -q -t8 -T16 f.par2' wall=8.389 cpu=51.350 cpu_over_wall=6.12 peak_mb=11936.4 rc=0 restored=10/10 damaged_members=7 touched_members=7 blocks_written=16 strays=7 seed=20261024 foreign_cpu=1.95 foreign_after=2.82 waited=0s errlen=0 ts=2026-09-13T19:57:03Z
LEG round=vpslad2 rep=2 m=16 tool=parfast argv='r -q -t8 -T16 f.par2' wall=6.789 cpu=46.119 cpu_over_wall=6.79 peak_mb=11936.4 rc=0 restored=10/10 damaged_members=7 touched_members=7 blocks_written=16 strays=7 seed=20261024 foreign_cpu=1.88 foreign_after=2.69 waited=20s errlen=0 ts=2026-09-13T19:57:39Z
LEG round=vpslad2 rep=2 m=64 tool=par2turbo argv='r -q -t8 -T16 f.par2' wall=25.293 cpu=83.053 cpu_over_wall=3.28 peak_mb=11936.4 rc=0 restored=10/10 damaged_members=10 touched_members=10 blocks_written=64 strays=10 seed=20261360 foreign_cpu=1.89 foreign_after=3.44 waited=15s errlen=0 ts=2026-09-13T19:58:28Z
LEG round=vpslad2 rep=2 m=64 tool=parfast-beta2 argv='r -q -t8 -T16 f.par2' wall=12.975 cpu=69.404 cpu_over_wall=5.35 peak_mb=11936.4 rc=0 restored=10/10 damaged_members=10 touched_members=10 blocks_written=64 strays=10 seed=20261360 foreign_cpu=1.91 foreign_after=3.33 waited=30s errlen=0 ts=2026-09-13T19:59:22Z
LEG round=vpslad2 rep=2 m=64 tool=parfast argv='r -q -t8 -T16 f.par2' wall=9.526 cpu=66.200 cpu_over_wall=6.95 peak_mb=11936.4 rc=0 restored=10/10 damaged_members=10 touched_members=10 blocks_written=64 strays=10 seed=20261360 foreign_cpu=1.85 foreign_after=2.83 waited=55s errlen=0 ts=2026-09-13T20:00:36Z
LEG round=vpslad2 rep=2 m=256 tool=par2turbo argv='r -q -t8 -T16 f.par2' wall=27.492 cpu=125.263 cpu_over_wall=4.56 peak_mb=11936.4 rc=0 restored=10/10 damaged_members=10 touched_members=10 blocks_written=256 strays=10 seed=20262704 foreign_cpu=1.87 foreign_after=4.17 waited=35s errlen=0 ts=2026-09-13T20:01:49Z
LEG round=vpslad2 rep=2 m=256 tool=parfast-beta2 argv='r -q -t8 -T16 f.par2' wall=18.871 cpu=112.268 cpu_over_wall=5.95 peak_mb=11936.4 rc=0 restored=10/10 damaged_members=10 touched_members=10 blocks_written=256 strays=10 seed=20262704 foreign_cpu=1.89 foreign_after=3.34 waited=40s errlen=0 ts=2026-09-13T20:02:58Z
LEG round=vpslad2 rep=2 m=256 tool=parfast argv='r -q -t8 -T16 f.par2' wall=15.011 cpu=108.687 cpu_over_wall=7.24 peak_mb=11936.4 rc=0 restored=10/10 damaged_members=10 touched_members=10 blocks_written=256 strays=10 seed=20262704 foreign_cpu=1.86 foreign_after=6.21 waited=30s errlen=0 ts=2026-09-13T20:03:52Z
LEG round=vpslad2 rep=2 m=512 tool=par2turbo argv='r -q -t8 -T16 f.par2' wall=34.425 cpu=191.487 cpu_over_wall=5.56 peak_mb=11936.4 rc=0 restored=10/10 damaged_members=10 touched_members=10 blocks_written=512 strays=10 seed=20264496 foreign_cpu=1.90 foreign_after=4.34 waited=65s errlen=0 ts=2026-09-13T20:05:42Z
LEG round=vpslad2 rep=2 m=512 tool=parfast-beta2 argv='r -q -t8 -T16 f.par2' wall=24.998 cpu=158.338 cpu_over_wall=6.33 peak_mb=11936.4 rc=0 restored=10/10 damaged_members=10 touched_members=10 blocks_written=512 strays=10 seed=20264496 foreign_cpu=1.95 foreign_after=4.18 waited=50s errlen=0 ts=2026-09-13T20:07:07Z
LEG round=vpslad2 rep=2 m=512 tool=parfast argv='r -q -t8 -T16 f.par2' wall=21.855 cpu=154.111 cpu_over_wall=7.05 peak_mb=11936.4 rc=0 restored=10/10 damaged_members=10 touched_members=10 blocks_written=512 strays=10 seed=20264496 foreign_cpu=1.89 foreign_after=3.65 waited=50s errlen=0 ts=2026-09-13T20:08:29Z
LEG round=vpslad2 rep=2 m=640 tool=par2turbo argv='r -q -t8 -T16 f.par2' wall=36.174 cpu=222.020 cpu_over_wall=6.14 peak_mb=11936.4 rc=0 restored=10/10 damaged_members=10 touched_members=10 blocks_written=640 strays=10 seed=20265392 foreign_cpu=1.85 foreign_after=4.26 waited=35s errlen=0 ts=2026-09-13T20:09:51Z
LEG round=vpslad2 rep=2 m=640 tool=parfast-beta2 argv='r -q -t8 -T16 f.par2' wall=27.280 cpu=174.405 cpu_over_wall=6.39 peak_mb=11936.4 rc=0 restored=10/10 damaged_members=10 touched_members=10 blocks_written=640 strays=10 seed=20265392 foreign_cpu=1.86 foreign_after=4.00 waited=60s errlen=0 ts=2026-09-13T20:11:28Z
LEG round=vpslad2 rep=2 m=640 tool=parfast argv='r -q -t8 -T16 f.par2' wall=22.109 cpu=154.716 cpu_over_wall=7.00 peak_mb=11936.4 rc=0 restored=10/10 damaged_members=10 touched_members=10 blocks_written=640 strays=10 seed=20265392 foreign_cpu=1.94 foreign_after=3.93 waited=40s errlen=0 ts=2026-09-13T20:12:41Z
LEG round=vpslad2 rep=2 m=704 tool=par2turbo argv='r -q -t8 -T16 f.par2' wall=39.262 cpu=246.688 cpu_over_wall=6.28 peak_mb=11936.4 rc=0 restored=10/10 damaged_members=10 touched_members=10 blocks_written=704 strays=10 seed=20265840 foreign_cpu=1.99 foreign_after=5.19 waited=45s errlen=0 ts=2026-09-13T20:14:17Z
LEG round=vpslad2 rep=2 m=704 tool=parfast-beta2 argv='r -q -t8 -T16 f.par2' wall=27.991 cpu=181.988 cpu_over_wall=6.50 peak_mb=11936.4 rc=0 restored=10/10 damaged_members=10 touched_members=10 blocks_written=704 strays=10 seed=20265840 foreign_cpu=1.97 foreign_after=3.47 waited=50s errlen=0 ts=2026-09-13T20:15:46Z
LEG round=vpslad2 rep=2 m=704 tool=parfast argv='r -q -t8 -T16 f.par2' wall=22.256 cpu=156.862 cpu_over_wall=7.05 peak_mb=11936.4 rc=0 restored=10/10 damaged_members=10 touched_members=10 blocks_written=704 strays=10 seed=20265840 foreign_cpu=1.92 foreign_after=3.35 waited=40s errlen=0 ts=2026-09-13T20:17:00Z
LEG round=vpslad2 rep=2 m=768 tool=par2turbo argv='r -q -t8 -T16 f.par2' wall=41.716 cpu=264.709 cpu_over_wall=6.35 peak_mb=11936.4 rc=0 restored=10/10 damaged_members=10 touched_members=10 blocks_written=768 strays=10 seed=20266288 foreign_cpu=1.98 foreign_after=5.17 waited=45s errlen=0 ts=2026-09-13T20:18:40Z
LEG round=vpslad2 rep=2 m=768 tool=parfast-beta2 argv='r -q -t8 -T16 f.par2' wall=30.162 cpu=196.353 cpu_over_wall=6.51 peak_mb=11936.4 rc=0 restored=10/10 damaged_members=10 touched_members=10 blocks_written=768 strays=10 seed=20266288 foreign_cpu=1.89 foreign_after=4.16 waited=60s errlen=0 ts=2026-09-13T20:20:21Z
LEG round=vpslad2 rep=2 m=768 tool=parfast argv='r -q -t8 -T16 f.par2' wall=21.884 cpu=154.166 cpu_over_wall=7.04 peak_mb=11936.4 rc=0 restored=10/10 damaged_members=10 touched_members=10 blocks_written=768 strays=10 seed=20266288 foreign_cpu=1.88 foreign_after=3.09 waited=50s errlen=0 ts=2026-09-13T20:21:44Z
LEG round=vpslad2 rep=2 m=896 tool=par2turbo argv='r -q -t8 -T16 f.par2' wall=44.659 cpu=296.165 cpu_over_wall=6.63 peak_mb=11936.4 rc=0 restored=10/10 damaged_members=10 touched_members=10 blocks_written=896 strays=10 seed=20267184 foreign_cpu=1.89 foreign_after=4.81 waited=25s errlen=0 ts=2026-09-13T20:23:06Z
LEG round=vpslad2 rep=2 m=896 tool=parfast-beta2 argv='r -q -t8 -T16 f.par2' wall=28.882 cpu=187.297 cpu_over_wall=6.48 peak_mb=11936.4 rc=0 restored=10/10 damaged_members=10 touched_members=10 blocks_written=896 strays=10 seed=20267184 foreign_cpu=1.92 foreign_after=3.50 waited=60s errlen=0 ts=2026-09-13T20:24:47Z
LEG round=vpslad2 rep=2 m=896 tool=parfast argv='r -q -t8 -T16 f.par2' wall=23.671 cpu=166.422 cpu_over_wall=7.03 peak_mb=11936.4 rc=0 restored=10/10 damaged_members=10 touched_members=10 blocks_written=896 strays=10 seed=20267184 foreign_cpu=1.89 foreign_after=6.74 waited=30s errlen=0 ts=2026-09-13T20:25:52Z
LEG round=vpslad2 rep=2 m=1024 tool=par2turbo argv='r -q -t8 -T16 f.par2' wall=51.341 cpu=329.890 cpu_over_wall=6.43 peak_mb=11936.4 rc=0 restored=10/10 damaged_members=10 touched_members=10 blocks_written=1024 strays=10 seed=20268080 foreign_cpu=1.85 foreign_after=5.70 waited=70s errlen=0 ts=2026-09-13T20:28:07Z
LEG round=vpslad2 rep=2 m=1024 tool=parfast-beta2 argv='r -q -t8 -T16 f.par2' wall=29.093 cpu=187.783 cpu_over_wall=6.45 peak_mb=11936.4 rc=0 restored=10/10 damaged_members=10 touched_members=10 blocks_written=1024 strays=10 seed=20268080 foreign_cpu=1.86 foreign_after=3.50 waited=60s errlen=0 ts=2026-09-13T20:29:48Z
LEG round=vpslad2 rep=2 m=1024 tool=parfast argv='r -q -t8 -T16 f.par2' wall=24.546 cpu=171.754 cpu_over_wall=7.00 peak_mb=11936.4 rc=0 restored=10/10 damaged_members=10 touched_members=10 blocks_written=1024 strays=10 seed=20268080 foreign_cpu=1.89 foreign_after=4.51 waited=30s errlen=0 ts=2026-09-13T20:30:55Z
LEG round=vpslad2 rep=2 m=1152 tool=par2turbo argv='r -q -t8 -T16 f.par2' wall=55.017 cpu=360.491 cpu_over_wall=6.55 peak_mb=11936.4 rc=0 restored=10/10 damaged_members=10 touched_members=10 blocks_written=1152 strays=10 seed=20268976 foreign_cpu=1.86 foreign_after=5.68 waited=50s errlen=0 ts=2026-09-13T20:32:54Z
LEG round=vpslad2 rep=2 m=1152 tool=parfast-beta2 argv='r -q -t8 -T16 f.par2' wall=31.483 cpu=203.559 cpu_over_wall=6.47 peak_mb=11936.4 rc=0 restored=10/10 damaged_members=10 touched_members=10 blocks_written=1152 strays=10 seed=20268976 foreign_cpu=1.97 foreign_after=4.53 waited=60s errlen=0 ts=2026-09-13T20:34:38Z
LEG round=vpslad2 rep=2 m=1152 tool=parfast argv='r -q -t8 -T16 f.par2' wall=23.815 cpu=167.830 cpu_over_wall=7.05 peak_mb=11936.4 rc=0 restored=10/10 damaged_members=10 touched_members=10 blocks_written=1152 strays=10 seed=20268976 foreign_cpu=1.88 foreign_after=4.06 waited=45s errlen=0 ts=2026-09-13T20:35:58Z
LEG round=vpslad2 rep=2 m=1280 tool=par2turbo argv='r -q -t8 -T16 f.par2' wall=59.302 cpu=387.451 cpu_over_wall=6.53 peak_mb=11936.4 rc=0 restored=10/10 damaged_members=10 touched_members=10 blocks_written=1280 strays=10 seed=20269872 foreign_cpu=1.93 foreign_after=5.97 waited=35s errlen=0 ts=2026-09-13T20:37:48Z
LEG round=vpslad2 rep=2 m=1280 tool=parfast-beta2 argv='r -q -t8 -T16 f.par2' wall=31.783 cpu=206.999 cpu_over_wall=6.51 peak_mb=11936.4 rc=0 restored=10/10 damaged_members=10 touched_members=10 blocks_written=1280 strays=10 seed=20269872 foreign_cpu=1.95 foreign_after=4.93 waited=60s errlen=0 ts=2026-09-13T20:39:32Z
LEG round=vpslad2 rep=2 m=1280 tool=parfast argv='r -q -t8 -T16 f.par2' wall=23.196 cpu=166.626 cpu_over_wall=7.18 peak_mb=11936.4 rc=0 restored=10/10 damaged_members=10 touched_members=10 blocks_written=1280 strays=10 seed=20269872 foreign_cpu=1.85 foreign_after=7.00 waited=55s errlen=0 ts=2026-09-13T20:41:03Z
LEG round=vpslad2 rep=2 m=1408 tool=par2turbo argv='r -q -t8 -T16 f.par2' wall=62.975 cpu=420.140 cpu_over_wall=6.67 peak_mb=11936.4 rc=0 restored=10/10 damaged_members=10 touched_members=10 blocks_written=1408 strays=10 seed=20270768 foreign_cpu=2.00 foreign_after=5.17 waited=75s errlen=0 ts=2026-09-13T20:43:35Z
LEG round=vpslad2 rep=2 m=1408 tool=parfast-beta2 argv='r -q -t8 -T16 f.par2' wall=33.739 cpu=225.542 cpu_over_wall=6.68 peak_mb=11936.4 rc=0 restored=10/10 damaged_members=10 touched_members=10 blocks_written=1408 strays=10 seed=20270768 foreign_cpu=1.99 foreign_after=4.57 waited=60s errlen=0 ts=2026-09-13T20:45:22Z
LEG round=vpslad2 rep=2 m=1408 tool=parfast argv='r -q -t8 -T16 f.par2' wall=23.306 cpu=166.596 cpu_over_wall=7.15 peak_mb=11936.4 rc=0 restored=10/10 damaged_members=10 touched_members=10 blocks_written=1408 strays=10 seed=20270768 foreign_cpu=1.96 foreign_after=4.11 waited=45s errlen=0 ts=2026-09-13T20:46:44Z
LEG round=vpslad2 rep=2 m=1600 tool=par2turbo argv='r -q -t8 -T16 f.par2' wall=70.509 cpu=466.599 cpu_over_wall=6.62 peak_mb=11936.4 rc=0 restored=10/10 damaged_members=10 touched_members=10 blocks_written=1600 strays=10 seed=20272112 foreign_cpu=1.85 foreign_after=6.21 waited=40s errlen=0 ts=2026-09-13T20:48:49Z
LEG round=vpslad2 rep=2 m=1600 tool=parfast-beta2 argv='r -q -t8 -T16 f.par2' wall=33.903 cpu=217.054 cpu_over_wall=6.40 peak_mb=11936.4 rc=0 restored=10/10 damaged_members=10 touched_members=10 blocks_written=1600 strays=10 seed=20272112 foreign_cpu=1.89 foreign_after=4.52 waited=60s errlen=0 ts=2026-09-13T20:50:36Z
LEG round=vpslad2 rep=2 m=1600 tool=parfast argv='r -q -t8 -T16 f.par2' wall=24.284 cpu=173.947 cpu_over_wall=7.16 peak_mb=11936.4 rc=0 restored=10/10 damaged_members=10 touched_members=10 blocks_written=1600 strays=10 seed=20272112 foreign_cpu=1.90 foreign_after=6.90 waited=55s errlen=0 ts=2026-09-13T20:52:08Z
LEG round=vpslad2 rep=2 m=1792 tool=par2turbo argv='r -q -t8 -T16 f.par2' wall=77.034 cpu=514.398 cpu_over_wall=6.68 peak_mb=11936.4 rc=0 restored=10/10 damaged_members=10 touched_members=10 blocks_written=1792 strays=10 seed=20273456 foreign_cpu=1.92 foreign_after=5.85 waited=65s errlen=0 ts=2026-09-13T20:54:45Z
LEG round=vpslad2 rep=2 m=1792 tool=parfast-beta2 argv='r -q -t8 -T16 f.par2' wall=33.072 cpu=215.536 cpu_over_wall=6.52 peak_mb=11936.4 rc=0 restored=10/10 damaged_members=10 touched_members=10 blocks_written=1792 strays=10 seed=20273456 foreign_cpu=2.00 foreign_after=4.62 waited=60s errlen=0 ts=2026-09-13T20:56:32Z
LEG round=vpslad2 rep=2 m=1792 tool=parfast argv='r -q -t8 -T16 f.par2' wall=24.287 cpu=174.166 cpu_over_wall=7.17 peak_mb=11936.4 rc=0 restored=10/10 damaged_members=10 touched_members=10 blocks_written=1792 strays=10 seed=20273456 foreign_cpu=2.00 foreign_after=2.92 waited=50s errlen=0 ts=2026-09-13T20:58:01Z
LEG round=vpslad2 rep=2 m=2048 tool=par2turbo argv='r -q -t8 -T16 f.par2' wall=93.894 cpu=610.985 cpu_over_wall=6.51 peak_mb=11936.4 rc=0 restored=10/10 damaged_members=10 touched_members=10 blocks_written=2048 strays=10 seed=20275248 foreign_cpu=1.99 foreign_after=5.67 waited=30s errlen=0 ts=2026-09-13T21:00:21Z
LEG round=vpslad2 rep=2 m=2048 tool=parfast-beta2 argv='r -q -t8 -T16 f.par2' wall=35.074 cpu=226.620 cpu_over_wall=6.46 peak_mb=11936.4 rc=0 restored=10/10 damaged_members=10 touched_members=10 blocks_written=2048 strays=10 seed=20275248 foreign_cpu=1.92 foreign_after=4.32 waited=65s errlen=0 ts=2026-09-13T21:02:17Z
LEG round=vpslad2 rep=2 m=2048 tool=parfast argv='r -q -t8 -T16 f.par2' wall=23.613 cpu=169.162 cpu_over_wall=7.16 peak_mb=11936.4 rc=0 restored=10/10 damaged_members=10 touched_members=10 blocks_written=2048 strays=10 seed=20275248 foreign_cpu=1.88 foreign_after=3.55 waited=40s errlen=0 ts=2026-09-13T21:03:35Z
LEG round=vpslad2 rep=2 m=2098 tool=par2turbo argv='r -q -t8 -T16 f.par2' wall=88.647 cpu=590.474 cpu_over_wall=6.66 peak_mb=11936.4 rc=0 restored=10/10 damaged_members=10 touched_members=10 blocks_written=2098 strays=10 seed=20275598 foreign_cpu=1.85 foreign_after=5.78 waited=50s errlen=0 ts=2026-09-13T21:06:10Z
LEG round=vpslad2 rep=2 m=2098 tool=parfast-beta2 argv='r -q -t8 -T16 f.par2' wall=33.550 cpu=217.954 cpu_over_wall=6.50 peak_mb=11936.4 rc=0 restored=10/10 damaged_members=10 touched_members=10 blocks_written=2098 strays=10 seed=20275598 foreign_cpu=1.96 foreign_after=4.00 waited=55s errlen=0 ts=2026-09-13T21:07:53Z
LEG round=vpslad2 rep=2 m=2098 tool=parfast argv='r -q -t8 -T16 f.par2' wall=25.311 cpu=181.123 cpu_over_wall=7.16 peak_mb=11936.4 rc=0 restored=10/10 damaged_members=10 touched_members=10 blocks_written=2098 strays=10 seed=20275598 foreign_cpu=1.91 foreign_after=3.66 waited=35s errlen=0 ts=2026-09-13T21:09:08Z
VERIFY round=vpslad2 rep=3 tool=parfast argv='v -q -t8 -T16 f.par2' wall=2.312 cpu=14.781 cpu_over_wall=6.39 peak_mb=11936.4 rc=0 intact=10/10 foreign_cpu=1.97 foreign_after=1.89 waited=30s errlen=0 ts=2026-09-13T21:09:50Z
VERIFY round=vpslad2 rep=3 tool=parfast-beta2 argv='v -q -t8 -T16 f.par2' wall=3.010 cpu=19.203 cpu_over_wall=6.38 peak_mb=11936.4 rc=0 intact=10/10 foreign_cpu=1.89 foreign_after=2.06 waited=0s errlen=0 ts=2026-09-13T21:09:55Z
VERIFY round=vpslad2 rep=3 tool=par2turbo argv='v -q -t8 -T16 f.par2' wall=5.730 cpu=22.880 cpu_over_wall=3.99 peak_mb=11936.4 rc=0 intact=10/10 foreign_cpu=1.90 foreign_after=1.82 waited=5s errlen=0 ts=2026-09-13T21:10:08Z
LEG round=vpslad2 rep=3 m=1 tool=parfast argv='r -q -t8 -T16 f.par2' wall=4.239 cpu=27.463 cpu_over_wall=6.48 peak_mb=11936.4 rc=0 restored=10/10 damaged_members=1 touched_members=1 blocks_written=1 strays=1 seed=20260920 foreign_cpu=1.76 foreign_after=2.18 waited=0s errlen=0 ts=2026-09-13T21:10:17Z
LEG round=vpslad2 rep=3 m=1 tool=parfast-beta2 argv='r -q -t8 -T16 f.par2' wall=6.317 cpu=39.814 cpu_over_wall=6.30 peak_mb=11936.4 rc=0 restored=10/10 damaged_members=1 touched_members=1 blocks_written=1 strays=1 seed=20260920 foreign_cpu=1.92 foreign_after=2.83 waited=5s errlen=0 ts=2026-09-13T21:10:36Z
LEG round=vpslad2 rep=3 m=1 tool=par2turbo argv='r -q -t8 -T16 f.par2' wall=11.872 cpu=32.600 cpu_over_wall=2.75 peak_mb=11936.4 rc=0 restored=10/10 damaged_members=1 touched_members=1 blocks_written=1 strays=1 seed=20260920 foreign_cpu=1.98 foreign_after=1.77 waited=20s errlen=0 ts=2026-09-13T21:11:15Z
LEG round=vpslad2 rep=3 m=16 tool=parfast argv='r -q -t8 -T16 f.par2' wall=7.062 cpu=47.946 cpu_over_wall=6.79 peak_mb=11936.4 rc=0 restored=10/10 damaged_members=8 touched_members=8 blocks_written=16 strays=8 seed=20261025 foreign_cpu=1.70 foreign_after=2.29 waited=0s errlen=0 ts=2026-09-13T21:11:31Z
LEG round=vpslad2 rep=3 m=16 tool=parfast-beta2 argv='r -q -t8 -T16 f.par2' wall=9.783 cpu=57.109 cpu_over_wall=5.84 peak_mb=11936.4 rc=0 restored=10/10 damaged_members=8 touched_members=8 blocks_written=16 strays=8 seed=20261025 foreign_cpu=1.97 foreign_after=3.47 waited=20s errlen=0 ts=2026-09-13T21:12:10Z
LEG round=vpslad2 rep=3 m=16 tool=par2turbo argv='r -q -t8 -T16 f.par2' wall=19.878 cpu=62.217 cpu_over_wall=3.13 peak_mb=11936.4 rc=0 restored=10/10 damaged_members=8 touched_members=8 blocks_written=16 strays=8 seed=20261025 foreign_cpu=1.97 foreign_after=1.92 waited=30s errlen=0 ts=2026-09-13T21:13:09Z
LEG round=vpslad2 rep=3 m=64 tool=parfast argv='r -q -t8 -T16 f.par2' wall=10.120 cpu=67.261 cpu_over_wall=6.65 peak_mb=11936.4 rc=0 restored=10/10 damaged_members=10 touched_members=10 blocks_written=64 strays=10 seed=20261361 foreign_cpu=1.78 foreign_after=3.22 waited=0s errlen=0 ts=2026-09-13T21:13:29Z
LEG round=vpslad2 rep=3 m=64 tool=parfast-beta2 argv='r -q -t8 -T16 f.par2' wall=13.061 cpu=71.515 cpu_over_wall=5.48 peak_mb=11936.4 rc=0 restored=10/10 damaged_members=10 touched_members=10 blocks_written=64 strays=10 seed=20261361 foreign_cpu=1.97 foreign_after=3.07 waited=25s errlen=0 ts=2026-09-13T21:14:17Z
LEG round=vpslad2 rep=3 m=64 tool=par2turbo argv='r -q -t8 -T16 f.par2' wall=24.247 cpu=85.192 cpu_over_wall=3.51 peak_mb=11936.4 rc=0 restored=10/10 damaged_members=10 touched_members=10 blocks_written=64 strays=10 seed=20261361 foreign_cpu=1.87 foreign_after=2.56 waited=40s errlen=0 ts=2026-09-13T21:15:30Z
LEG round=vpslad2 rep=3 m=256 tool=parfast argv='r -q -t8 -T16 f.par2' wall=16.964 cpu=120.006 cpu_over_wall=7.07 peak_mb=11936.4 rc=0 restored=10/10 damaged_members=10 touched_members=10 blocks_written=256 strays=10 seed=20262705 foreign_cpu=1.87 foreign_after=6.70 waited=15s errlen=0 ts=2026-09-13T21:16:12Z
LEG round=vpslad2 rep=3 m=256 tool=parfast-beta2 argv='r -q -t8 -T16 f.par2' wall=18.461 cpu=109.348 cpu_over_wall=5.92 peak_mb=11936.4 rc=0 restored=10/10 damaged_members=10 touched_members=10 blocks_written=256 strays=10 seed=20262705 foreign_cpu=1.89 foreign_after=4.17 waited=80s errlen=0 ts=2026-09-13T21:18:01Z
LEG round=vpslad2 rep=3 m=256 tool=par2turbo argv='r -q -t8 -T16 f.par2' wall=29.262 cpu=133.275 cpu_over_wall=4.55 peak_mb=11936.4 rc=0 restored=10/10 damaged_members=10 touched_members=10 blocks_written=256 strays=10 seed=20262705 foreign_cpu=1.92 foreign_after=3.40 waited=50s errlen=0 ts=2026-09-13T21:19:31Z
LEG round=vpslad2 rep=3 m=512 tool=parfast argv='r -q -t8 -T16 f.par2' wall=21.399 cpu=151.862 cpu_over_wall=7.10 peak_mb=11936.4 rc=0 restored=10/10 damaged_members=10 touched_members=10 blocks_written=512 strays=10 seed=20264497 foreign_cpu=1.95 foreign_after=6.74 waited=35s errlen=0 ts=2026-09-13T21:20:37Z
LEG round=vpslad2 rep=3 m=512 tool=parfast-beta2 argv='r -q -t8 -T16 f.par2' wall=27.497 cpu=174.245 cpu_over_wall=6.34 peak_mb=11936.4 rc=0 restored=10/10 damaged_members=10 touched_members=10 blocks_written=512 strays=10 seed=20264497 foreign_cpu=2.00 foreign_after=4.15 waited=70s errlen=0 ts=2026-09-13T21:22:25Z
LEG round=vpslad2 rep=3 m=512 tool=par2turbo argv='r -q -t8 -T16 f.par2' wall=33.566 cpu=190.969 cpu_over_wall=5.69 peak_mb=11936.4 rc=0 restored=10/10 damaged_members=10 touched_members=10 blocks_written=512 strays=10 seed=20264497 foreign_cpu=1.88 foreign_after=4.19 waited=40s errlen=0 ts=2026-09-13T21:23:50Z
LEG round=vpslad2 rep=3 m=640 tool=parfast argv='r -q -t8 -T16 f.par2' wall=22.693 cpu=159.027 cpu_over_wall=7.01 peak_mb=11936.4 rc=0 restored=10/10 damaged_members=10 touched_members=10 blocks_written=640 strays=10 seed=20265393 foreign_cpu=1.99 foreign_after=5.09 waited=40s errlen=0 ts=2026-09-13T21:25:04Z
LEG round=vpslad2 rep=3 m=640 tool=parfast-beta2 argv='r -q -t8 -T16 f.par2' wall=27.337 cpu=176.487 cpu_over_wall=6.46 peak_mb=11936.4 rc=0 restored=10/10 damaged_members=10 touched_members=10 blocks_written=640 strays=10 seed=20265393 foreign_cpu=1.97 foreign_after=4.28 waited=50s errlen=0 ts=2026-09-13T21:26:32Z
LEG round=vpslad2 rep=3 m=640 tool=par2turbo argv='r -q -t8 -T16 f.par2' wall=38.750 cpu=236.841 cpu_over_wall=6.11 peak_mb=11936.4 rc=0 restored=10/10 damaged_members=10 touched_members=10 blocks_written=640 strays=10 seed=20265393 foreign_cpu=1.96 foreign_after=4.51 waited=50s errlen=0 ts=2026-09-13T21:28:13Z
LEG round=vpslad2 rep=3 m=704 tool=parfast argv='r -q -t8 -T16 f.par2' wall=22.614 cpu=160.594 cpu_over_wall=7.10 peak_mb=11936.4 rc=0 restored=10/10 damaged_members=10 touched_members=10 blocks_written=704 strays=10 seed=20265841 foreign_cpu=1.88 foreign_after=3.50 waited=55s errlen=0 ts=2026-09-13T21:29:40Z
LEG round=vpslad2 rep=3 m=704 tool=parfast-beta2 argv='r -q -t8 -T16 f.par2' wall=28.400 cpu=181.916 cpu_over_wall=6.41 peak_mb=11936.4 rc=0 restored=10/10 damaged_members=10 touched_members=10 blocks_written=704 strays=10 seed=20265841 foreign_cpu=1.87 foreign_after=3.95 waited=45s errlen=0 ts=2026-09-13T21:31:05Z
LEG round=vpslad2 rep=3 m=704 tool=par2turbo argv='r -q -t8 -T16 f.par2' wall=40.359 cpu=246.613 cpu_over_wall=6.11 peak_mb=11936.4 rc=0 restored=10/10 damaged_members=10 touched_members=10 blocks_written=704 strays=10 seed=20265841 foreign_cpu=1.92 foreign_after=5.79 waited=35s errlen=0 ts=2026-09-13T21:32:33Z
LEG round=vpslad2 rep=3 m=768 tool=parfast argv='r -q -t8 -T16 f.par2' wall=23.993 cpu=168.401 cpu_over_wall=7.02 peak_mb=11936.4 rc=0 restored=10/10 damaged_members=10 touched_members=10 blocks_written=768 strays=10 seed=20266289 foreign_cpu=1.93 foreign_after=6.75 waited=65s errlen=0 ts=2026-09-13T21:34:13Z
LEG round=vpslad2 rep=3 m=768 tool=parfast-beta2 argv='r -q -t8 -T16 f.par2' wall=27.217 cpu=175.783 cpu_over_wall=6.46 peak_mb=11936.4 rc=0 restored=10/10 damaged_members=10 touched_members=10 blocks_written=768 strays=10 seed=20266289 foreign_cpu=2.00 foreign_after=3.88 waited=65s errlen=0 ts=2026-09-13T21:35:56Z
LEG round=vpslad2 rep=3 m=768 tool=par2turbo argv='r -q -t8 -T16 f.par2' wall=41.584 cpu=264.191 cpu_over_wall=6.35 peak_mb=11936.4 rc=0 restored=10/10 damaged_members=10 touched_members=10 blocks_written=768 strays=10 seed=20266289 foreign_cpu=1.86 foreign_after=4.84 waited=45s errlen=0 ts=2026-09-13T21:37:35Z
LEG round=vpslad2 rep=3 m=896 tool=parfast argv='r -q -t8 -T16 f.par2' wall=23.009 cpu=160.214 cpu_over_wall=6.96 peak_mb=11936.4 rc=0 restored=10/10 damaged_members=10 touched_members=10 blocks_written=896 strays=10 seed=20267185 foreign_cpu=1.93 foreign_after=7.63 waited=50s errlen=0 ts=2026-09-13T21:38:58Z
LEG round=vpslad2 rep=3 m=896 tool=parfast-beta2 argv='r -q -t8 -T16 f.par2' wall=29.035 cpu=186.280 cpu_over_wall=6.42 peak_mb=11936.4 rc=0 restored=10/10 damaged_members=10 touched_members=10 blocks_written=896 strays=10 seed=20267185 foreign_cpu=1.93 foreign_after=3.67 waited=75s errlen=0 ts=2026-09-13T21:40:56Z
LEG round=vpslad2 rep=3 m=896 tool=par2turbo argv='r -q -t8 -T16 f.par2' wall=46.984 cpu=295.522 cpu_over_wall=6.29 peak_mb=11936.4 rc=0 restored=10/10 damaged_members=10 touched_members=10 blocks_written=896 strays=10 seed=20267185 foreign_cpu=1.98 foreign_after=4.14 waited=35s errlen=0 ts=2026-09-13T21:42:30Z
LEG round=vpslad2 rep=3 m=1024 tool=parfast argv='r -q -t8 -T16 f.par2' wall=24.135 cpu=168.637 cpu_over_wall=6.99 peak_mb=11936.4 rc=0 restored=10/10 damaged_members=10 touched_members=10 blocks_written=1024 strays=10 seed=20268081 foreign_cpu=1.92 foreign_after=4.53 waited=40s errlen=0 ts=2026-09-13T21:43:45Z
LEG round=vpslad2 rep=3 m=1024 tool=parfast-beta2 argv='r -q -t8 -T16 f.par2' wall=32.037 cpu=210.244 cpu_over_wall=6.56 peak_mb=11936.4 rc=0 restored=10/10 damaged_members=10 touched_members=10 blocks_written=1024 strays=10 seed=20268081 foreign_cpu=1.92 foreign_after=4.41 waited=55s errlen=0 ts=2026-09-13T21:45:24Z
LEG round=vpslad2 rep=3 m=1024 tool=par2turbo argv='r -q -t8 -T16 f.par2' wall=50.909 cpu=326.698 cpu_over_wall=6.42 peak_mb=11936.4 rc=0 restored=10/10 damaged_members=10 touched_members=10 blocks_written=1024 strays=10 seed=20268081 foreign_cpu=1.88 foreign_after=4.44 waited=45s errlen=0 ts=2026-09-13T21:47:13Z
LEG round=vpslad2 rep=3 m=1152 tool=parfast argv='r -q -t8 -T16 f.par2' wall=24.475 cpu=171.061 cpu_over_wall=6.99 peak_mb=11936.4 rc=0 restored=10/10 damaged_members=10 touched_members=10 blocks_written=1152 strays=10 seed=20268977 foreign_cpu=1.95 foreign_after=6.64 waited=45s errlen=0 ts=2026-09-13T21:48:33Z
LEG round=vpslad2 rep=3 m=1152 tool=parfast-beta2 argv='r -q -t8 -T16 f.par2' wall=32.800 cpu=215.423 cpu_over_wall=6.57 peak_mb=11936.4 rc=0 restored=10/10 damaged_members=10 touched_members=10 blocks_written=1152 strays=10 seed=20268977 foreign_cpu=2.00 foreign_after=4.40 waited=65s errlen=0 ts=2026-09-13T21:50:23Z
LEG round=vpslad2 rep=3 m=1152 tool=par2turbo argv='r -q -t8 -T16 f.par2' wall=56.360 cpu=363.301 cpu_over_wall=6.45 peak_mb=11936.4 rc=0 restored=10/10 damaged_members=10 touched_members=10 blocks_written=1152 strays=10 seed=20268977 foreign_cpu=1.89 foreign_after=4.81 waited=45s errlen=0 ts=2026-09-13T21:52:17Z
LEG round=vpslad2 rep=3 m=1280 tool=parfast argv='r -q -t8 -T16 f.par2' wall=22.890 cpu=163.127 cpu_over_wall=7.13 peak_mb=11936.4 rc=0 restored=10/10 damaged_members=10 touched_members=10 blocks_written=1280 strays=10 seed=20269873 foreign_cpu=1.89 foreign_after=3.51 waited=50s errlen=0 ts=2026-09-13T21:53:41Z
LEG round=vpslad2 rep=3 m=1280 tool=parfast-beta2 argv='r -q -t8 -T16 f.par2' wall=28.852 cpu=189.789 cpu_over_wall=6.58 peak_mb=11936.4 rc=0 restored=10/10 damaged_members=10 touched_members=10 blocks_written=1280 strays=10 seed=20269873 foreign_cpu=1.93 foreign_after=3.98 waited=40s errlen=0 ts=2026-09-13T21:55:04Z
LEG round=vpslad2 rep=3 m=1280 tool=par2turbo argv='r -q -t8 -T16 f.par2' wall=59.791 cpu=394.201 cpu_over_wall=6.59 peak_mb=11936.4 rc=0 restored=10/10 damaged_members=10 touched_members=10 blocks_written=1280 strays=10 seed=20269873 foreign_cpu=1.91 foreign_after=5.25 waited=40s errlen=0 ts=2026-09-13T21:56:57Z
LEG round=vpslad2 rep=3 m=1408 tool=parfast argv='r -q -t8 -T16 f.par2' wall=25.055 cpu=176.253 cpu_over_wall=7.03 peak_mb=11936.4 rc=0 restored=10/10 damaged_members=10 touched_members=10 blocks_written=1408 strays=10 seed=20270769 foreign_cpu=1.99 foreign_after=4.46 waited=50s errlen=0 ts=2026-09-13T21:58:25Z
LEG round=vpslad2 rep=3 m=1408 tool=parfast-beta2 argv='r -q -t8 -T16 f.par2' wall=29.517 cpu=195.066 cpu_over_wall=6.61 peak_mb=11936.4 rc=0 restored=10/10 damaged_members=10 touched_members=10 blocks_written=1408 strays=10 seed=20270769 foreign_cpu=1.93 foreign_after=4.10 waited=40s errlen=0 ts=2026-09-13T21:59:47Z
LEG round=vpslad2 rep=3 m=1408 tool=par2turbo argv='r -q -t8 -T16 f.par2' wall=64.572 cpu=429.354 cpu_over_wall=6.65 peak_mb=11936.4 rc=0 restored=10/10 damaged_members=10 touched_members=10 blocks_written=1408 strays=10 seed=20270769 foreign_cpu=1.89 foreign_after=4.96 waited=40s errlen=0 ts=2026-09-13T22:01:45Z
LEG round=vpslad2 rep=3 m=1600 tool=parfast argv='r -q -t8 -T16 f.par2' wall=26.126 cpu=184.897 cpu_over_wall=7.08 peak_mb=11936.4 rc=0 restored=10/10 damaged_members=10 touched_members=10 blocks_written=1600 strays=10 seed=20272113 foreign_cpu=1.95 foreign_after=6.58 waited=60s errlen=0 ts=2026-09-13T22:03:23Z
LEG round=vpslad2 rep=3 m=1600 tool=parfast-beta2 argv='r -q -t8 -T16 f.par2' wall=31.666 cpu=208.375 cpu_over_wall=6.58 peak_mb=11936.4 rc=0 restored=10/10 damaged_members=10 touched_members=10 blocks_written=1600 strays=10 seed=20272113 foreign_cpu=1.86 foreign_after=4.25 waited=70s errlen=0 ts=2026-09-13T22:05:18Z
LEG round=vpslad2 rep=3 m=1600 tool=par2turbo argv='r -q -t8 -T16 f.par2' wall=69.668 cpu=460.985 cpu_over_wall=6.62 peak_mb=11936.4 rc=0 restored=10/10 damaged_members=10 touched_members=10 blocks_written=1600 strays=10 seed=20272113 foreign_cpu=2.00 foreign_after=5.26 waited=45s errlen=0 ts=2026-09-13T22:07:27Z
LEG round=vpslad2 rep=3 m=1792 tool=parfast argv='r -q -t8 -T16 f.par2' wall=23.522 cpu=169.911 cpu_over_wall=7.22 peak_mb=11936.4 rc=0 restored=10/10 damaged_members=10 touched_members=10 blocks_written=1792 strays=10 seed=20273457 foreign_cpu=1.90 foreign_after=6.32 waited=55s errlen=0 ts=2026-09-13T22:08:58Z
LEG round=vpslad2 rep=3 m=1792 tool=parfast-beta2 argv='r -q -t8 -T16 f.par2' wall=32.390 cpu=212.709 cpu_over_wall=6.57 peak_mb=11936.4 rc=0 restored=10/10 damaged_members=10 touched_members=10 blocks_written=1792 strays=10 seed=20273457 foreign_cpu=1.91 foreign_after=4.21 waited=65s errlen=0 ts=2026-09-13T22:10:52Z
LEG round=vpslad2 rep=3 m=1792 tool=par2turbo argv='r -q -t8 -T16 f.par2' wall=77.979 cpu=510.224 cpu_over_wall=6.54 peak_mb=11936.4 rc=0 restored=10/10 damaged_members=10 touched_members=10 blocks_written=1792 strays=10 seed=20273457 foreign_cpu=1.91 foreign_after=5.63 waited=40s errlen=0 ts=2026-09-13T22:13:06Z
LEG round=vpslad2 rep=3 m=2048 tool=parfast argv='r -q -t8 -T16 f.par2' wall=25.760 cpu=184.433 cpu_over_wall=7.16 peak_mb=11936.4 rc=0 restored=10/10 damaged_members=10 touched_members=10 blocks_written=2048 strays=10 seed=20275249 foreign_cpu=1.95 foreign_after=3.45 waited=55s errlen=0 ts=2026-09-13T22:14:40Z
LEG round=vpslad2 rep=3 m=2048 tool=parfast-beta2 argv='r -q -t8 -T16 f.par2' wall=33.931 cpu=217.980 cpu_over_wall=6.42 peak_mb=11936.4 rc=0 restored=10/10 damaged_members=10 touched_members=10 blocks_written=2048 strays=10 seed=20275249 foreign_cpu=1.92 foreign_after=4.60 waited=25s errlen=0 ts=2026-09-13T22:15:53Z
LEG round=vpslad2 rep=3 m=2048 tool=par2turbo argv='r -q -t8 -T16 f.par2' wall=87.890 cpu=581.423 cpu_over_wall=6.62 peak_mb=11936.4 rc=0 restored=10/10 damaged_members=10 touched_members=10 blocks_written=2048 strays=10 seed=20275249 foreign_cpu=1.95 foreign_after=5.90 waited=40s errlen=0 ts=2026-09-13T22:18:17Z
LEG round=vpslad2 rep=3 m=2098 tool=parfast argv='r -q -t8 -T16 f.par2' wall=25.065 cpu=177.292 cpu_over_wall=7.07 peak_mb=11936.4 rc=0 restored=10/10 damaged_members=10 touched_members=10 blocks_written=2098 strays=10 seed=20275599 foreign_cpu=1.99 foreign_after=4.12 waited=60s errlen=0 ts=2026-09-13T22:19:54Z
LEG round=vpslad2 rep=3 m=2098 tool=parfast-beta2 argv='r -q -t8 -T16 f.par2' wall=34.251 cpu=222.236 cpu_over_wall=6.49 peak_mb=11936.4 rc=0 restored=10/10 damaged_members=10 touched_members=10 blocks_written=2098 strays=10 seed=20275599 foreign_cpu=1.94 foreign_after=4.06 waited=35s errlen=0 ts=2026-09-13T22:21:21Z
LEG round=vpslad2 rep=3 m=2098 tool=par2turbo argv='r -q -t8 -T16 f.par2' wall=87.997 cpu=586.189 cpu_over_wall=6.66 peak_mb=11936.4 rc=0 restored=10/10 damaged_members=10 touched_members=10 blocks_written=2098 strays=10 seed=20275599 foreign_cpu=2.00 foreign_after=6.89 waited=50s errlen=0 ts=2026-09-13T22:23:54Z
LAD-END 2026-09-13T22:23:58Z
