RIG-LOCK-TAKEN /root/.parfast-rig.lock pid=3763517
LAD-START 2026-09-13T22:23:59Z
BOX host=amd-epyc-vm cpu=AMD EPYC 9354P 32-Core Processor cores=8 ram_gb=31.3 os=Linux-6.8.0-137-generic-x86_64-with-glibc2.39 free_gb=139.4
BIN parfast sha256=c15b753b48dfed6de08c89954c48ef0e847fb362940ec8972e68199e493953fc bytes=2682936 version=parfast version 1.5.0-beta.2
BIN parfast-beta2 sha256=4a48cec7b968a0e9ec43267f7283a619491bae8b09f3df489bb3f64dfa17733d bytes=2622280 version=parfast version 1.5.0-beta.2
BIN par2turbo sha256=52d11dcddaa0bb07f2131daca6ec2aa4a99b83498929a7cdc97d6d3868a76f84 bytes=2958296 version=par2cmdline-turbo version 1.5.0
BIN parpar sha256=bbdb5a2bfc54490413501ae28057c492dbdafc32ba0542a1513c41333bdb45a6 bytes=34342784 version=0.4.6
PROTOCOL slice=4429188 recovery_blocks=100 source_blocks=2000 redundancy_pct=5.000 damage=scattered-seeded-slice-overwrite reps=3 gate=sha256-all-members prewarm=recovery-set-read driver=ladder.py
ARGV parfast='r -q -t8 -T16 f.par2' parfast-beta2='r -q -t8 -T16 f.par2' par2turbo='r -q -t8 -T16 f.par2'
VARGV parfast='v -q -t8 -T16 f.par2' parfast-beta2='v -q -t8 -T16 f.par2' par2turbo='v -q -t8 -T16 f.par2'
FIXTURE members=1 distinct_member_sha=1/1 bytes=8858370048
GOLD p00.bin bbac13f2a769de2de951e190de39168a2e30bdfbb8faa1a5765f1dee58a19424
CREATE round=vpssingle tool=parfast argv='c -q -t8 -T16 -s4429188 -c100 f.par2 ...' rc=0 wall=12.007 cpu=41.295 peak_mb=640.5 par2files=8 par2bytes=444054640 errlen=0 ts=2026-09-13T22:25:48Z
CREATE round=vpssingle tool=parfast-beta2 argv='c -q -t8 -T16 -s4429188 -c100 f.par2 ...' rc=0 wall=16.835 cpu=44.006 peak_mb=647.3 par2files=8 par2bytes=444054640 errlen=0 ts=2026-09-13T22:26:12Z
CREATE round=vpssingle tool=par2turbo argv='c -q -t8 -T16 -s4429188 -c100 f.par2 ...' rc=0 wall=16.243 cpu=35.870 peak_mb=647.3 par2files=8 par2bytes=444054864 errlen=0 ts=2026-09-13T22:26:36Z
CREATE round=vpssingle tool=parpar argv='-s4429188b -r100 -q -t 8 -o f.par2 ...' rc=0 wall=15.716 cpu=38.792 peak_mb=647.3 par2files=8 par2bytes=443813160 errlen=0 ts=2026-09-13T22:26:58Z
LEG round=vpssingle rep=0 m=1 tool=parfast argv='r -q -t8 -T16 f.par2' wall=26.118 cpu=52.152 cpu_over_wall=2.00 peak_mb=647.3 rc=0 restored=1/1 damaged_members=1 touched_members=1 blocks_written=1 strays=1 seed=20260913 foreign_cpu=1.75 foreign_after=1.67 waited=0s errlen=0 ts=2026-09-13T22:27:55Z
LEG round=vpssingle rep=0 m=1 tool=parfast-beta2 argv='r -q -t8 -T16 f.par2' wall=26.406 cpu=39.404 cpu_over_wall=1.49 peak_mb=647.3 rc=0 restored=1/1 damaged_members=1 touched_members=1 blocks_written=1 strays=1 seed=20260913 foreign_cpu=1.44 foreign_after=1.29 waited=0s errlen=0 ts=2026-09-13T22:28:44Z
LEG round=vpssingle rep=0 m=1 tool=par2turbo argv='r -q -t8 -T16 f.par2' wall=42.462 cpu=45.611 cpu_over_wall=1.07 peak_mb=647.3 rc=0 restored=1/1 damaged_members=1 touched_members=1 blocks_written=1 strays=1 seed=20260913 foreign_cpu=1.21 foreign_after=1.27 waited=0s errlen=0 ts=2026-09-13T22:29:47Z
VERIFY round=vpssingle rep=1 tool=parfast argv='v -q -t8 -T16 f.par2' wall=1.572 cpu=12.057 cpu_over_wall=7.67 peak_mb=647.3 rc=0 intact=1/1 foreign_cpu=1.23 foreign_after=1.77 waited=0s errlen=0 ts=2026-09-13T22:30:02Z
VERIFY round=vpssingle rep=1 tool=parfast-beta2 argv='v -q -t8 -T16 f.par2' wall=16.639 cpu=16.678 cpu_over_wall=1.00 peak_mb=647.3 rc=0 intact=1/1 foreign_cpu=1.71 foreign_after=1.51 waited=0s errlen=0 ts=2026-09-13T22:30:25Z
VERIFY round=vpssingle rep=1 tool=par2turbo argv='v -q -t8 -T16 f.par2' wall=14.664 cpu=14.662 cpu_over_wall=1.00 peak_mb=647.3 rc=0 intact=1/1 foreign_cpu=1.63 foreign_after=1.49 waited=0s errlen=0 ts=2026-09-13T22:30:46Z
LEG round=vpssingle rep=1 m=1 tool=parfast argv='r -q -t8 -T16 f.par2' wall=13.319 cpu=40.219 cpu_over_wall=3.02 peak_mb=647.3 rc=0 restored=1/1 damaged_members=1 touched_members=1 blocks_written=1 strays=1 seed=20260918 foreign_cpu=1.41 foreign_after=2.02 waited=0s errlen=0 ts=2026-09-13T22:31:14Z
LEG round=vpssingle rep=1 m=1 tool=parfast-beta2 argv='r -q -t8 -T16 f.par2' wall=25.282 cpu=39.573 cpu_over_wall=1.57 peak_mb=647.3 rc=0 restored=1/1 damaged_members=1 touched_members=1 blocks_written=1 strays=1 seed=20260918 foreign_cpu=1.73 foreign_after=2.02 waited=0s errlen=0 ts=2026-09-13T22:32:00Z
LEG round=vpssingle rep=1 m=1 tool=par2turbo argv='r -q -t8 -T16 f.par2' wall=41.724 cpu=45.344 cpu_over_wall=1.09 peak_mb=647.3 rc=0 restored=1/1 damaged_members=1 touched_members=1 blocks_written=1 strays=1 seed=20260918 foreign_cpu=1.80 foreign_after=1.87 waited=0s errlen=0 ts=2026-09-13T22:33:03Z
LEG round=vpssingle rep=1 m=50 tool=parfast argv='r -q -t8 -T16 f.par2' wall=14.829 cpu=56.171 cpu_over_wall=3.79 peak_mb=647.3 rc=0 restored=1/1 damaged_members=1 touched_members=1 blocks_written=50 strays=1 seed=20261261 foreign_cpu=1.70 foreign_after=2.32 waited=0s errlen=0 ts=2026-09-13T22:33:39Z
LEG round=vpssingle rep=1 m=50 tool=parfast-beta2 argv='r -q -t8 -T16 f.par2' wall=29.755 cpu=65.324 cpu_over_wall=2.20 peak_mb=647.3 rc=0 restored=1/1 damaged_members=1 touched_members=1 blocks_written=50 strays=1 seed=20261261 foreign_cpu=1.94 foreign_after=1.86 waited=0s errlen=0 ts=2026-09-13T22:34:31Z
LEG round=vpssingle rep=1 m=50 tool=par2turbo argv='r -q -t8 -T16 f.par2' wall=56.952 cpu=68.688 cpu_over_wall=1.21 peak_mb=647.3 rc=0 restored=1/1 damaged_members=1 touched_members=1 blocks_written=50 strays=1 seed=20261261 foreign_cpu=1.61 foreign_after=1.40 waited=0s errlen=0 ts=2026-09-13T22:35:49Z
LEG round=vpssingle rep=1 m=100 tool=parfast argv='r -q -t8 -T16 f.par2' wall=14.388 cpu=70.575 cpu_over_wall=4.91 peak_mb=904.5 rc=0 restored=1/1 damaged_members=1 touched_members=1 blocks_written=100 strays=1 seed=20261611 foreign_cpu=1.28 foreign_after=2.50 waited=0s errlen=0 ts=2026-09-13T22:36:26Z
LEG round=vpssingle rep=1 m=100 tool=parfast-beta2 argv='r -q -t8 -T16 f.par2' wall=27.782 cpu=76.163 cpu_over_wall=2.74 peak_mb=904.5 rc=0 restored=1/1 damaged_members=1 touched_members=1 blocks_written=100 strays=1 seed=20261611 foreign_cpu=1.90 foreign_after=2.55 waited=5s errlen=0 ts=2026-09-13T22:37:21Z
LEG round=vpssingle rep=1 m=100 tool=par2turbo argv='r -q -t8 -T16 f.par2' wall=59.424 cpu=79.370 cpu_over_wall=1.34 peak_mb=904.5 rc=0 restored=1/1 damaged_members=1 touched_members=1 blocks_written=100 strays=1 seed=20261611 foreign_cpu=1.94 foreign_after=1.66 waited=5s errlen=0 ts=2026-09-13T22:38:48Z
VERIFY round=vpssingle rep=2 tool=parfast argv='v -q -t8 -T16 f.par2' wall=1.635 cpu=12.400 cpu_over_wall=7.58 peak_mb=904.5 rc=0 intact=1/1 foreign_cpu=1.51 foreign_after=1.51 waited=0s errlen=0 ts=2026-09-13T22:39:03Z
VERIFY round=vpssingle rep=2 tool=parfast-beta2 argv='v -q -t8 -T16 f.par2' wall=16.013 cpu=16.047 cpu_over_wall=1.00 peak_mb=904.5 rc=0 intact=1/1 foreign_cpu=1.47 foreign_after=1.37 waited=0s errlen=0 ts=2026-09-13T22:39:25Z
VERIFY round=vpssingle rep=2 tool=par2turbo argv='v -q -t8 -T16 f.par2' wall=14.383 cpu=14.382 cpu_over_wall=1.00 peak_mb=904.5 rc=0 intact=1/1 foreign_cpu=1.31 foreign_after=1.24 waited=0s errlen=0 ts=2026-09-13T22:39:46Z
LEG round=vpssingle rep=2 m=1 tool=par2turbo argv='r -q -t8 -T16 f.par2' wall=50.404 cpu=53.787 cpu_over_wall=1.07 peak_mb=904.5 rc=0 restored=1/1 damaged_members=1 touched_members=1 blocks_written=1 strays=1 seed=20260919 foreign_cpu=1.20 foreign_after=1.42 waited=0s errlen=0 ts=2026-09-13T22:40:51Z
LEG round=vpssingle rep=2 m=1 tool=parfast-beta2 argv='r -q -t8 -T16 f.par2' wall=27.735 cpu=42.762 cpu_over_wall=1.54 peak_mb=904.5 rc=0 restored=1/1 damaged_members=1 touched_members=1 blocks_written=1 strays=1 seed=20260919 foreign_cpu=1.30 foreign_after=1.35 waited=0s errlen=0 ts=2026-09-13T22:41:40Z
LEG round=vpssingle rep=2 m=1 tool=parfast argv='r -q -t8 -T16 f.par2' wall=14.986 cpu=42.112 cpu_over_wall=2.81 peak_mb=904.5 rc=0 restored=1/1 damaged_members=1 touched_members=1 blocks_written=1 strays=1 seed=20260919 foreign_cpu=1.25 foreign_after=2.06 waited=0s errlen=0 ts=2026-09-13T22:42:16Z
LEG round=vpssingle rep=2 m=50 tool=par2turbo argv='r -q -t8 -T16 f.par2' wall=55.918 cpu=72.108 cpu_over_wall=1.29 peak_mb=904.5 rc=0 restored=1/1 damaged_members=1 touched_members=1 blocks_written=50 strays=1 seed=20261262 foreign_cpu=1.88 foreign_after=1.77 waited=0s errlen=0 ts=2026-09-13T22:43:33Z
LEG round=vpssingle rep=2 m=50 tool=parfast-beta2 argv='r -q -t8 -T16 f.par2' wall=28.275 cpu=59.626 cpu_over_wall=2.11 peak_mb=904.5 rc=0 restored=1/1 damaged_members=1 touched_members=1 blocks_written=50 strays=1 seed=20261262 foreign_cpu=1.71 foreign_after=2.26 waited=0s errlen=0 ts=2026-09-13T22:44:22Z
LEG round=vpssingle rep=2 m=50 tool=parfast argv='r -q -t8 -T16 f.par2' wall=14.160 cpu=55.806 cpu_over_wall=3.94 peak_mb=904.5 rc=0 restored=1/1 damaged_members=1 touched_members=1 blocks_written=50 strays=1 seed=20261262 foreign_cpu=1.90 foreign_after=2.53 waited=0s errlen=0 ts=2026-09-13T22:44:58Z
LEG round=vpssingle rep=2 m=100 tool=par2turbo argv='r -q -t8 -T16 f.par2' wall=63.027 cpu=87.525 cpu_over_wall=1.39 peak_mb=904.5 rc=0 restored=1/1 damaged_members=1 touched_members=1 blocks_written=100 strays=1 seed=20261612 foreign_cpu=1.93 foreign_after=1.63 waited=5s errlen=0 ts=2026-09-13T22:46:29Z
LEG round=vpssingle rep=2 m=100 tool=parfast-beta2 argv='r -q -t8 -T16 f.par2' wall=28.462 cpu=77.520 cpu_over_wall=2.72 peak_mb=904.5 rc=0 restored=1/1 damaged_members=1 touched_members=1 blocks_written=100 strays=1 seed=20261612 foreign_cpu=1.52 foreign_after=2.79 waited=0s errlen=0 ts=2026-09-13T22:47:20Z
LEG round=vpssingle rep=2 m=100 tool=parfast argv='r -q -t8 -T16 f.par2' wall=14.505 cpu=68.054 cpu_over_wall=4.69 peak_mb=922.0 rc=0 restored=1/1 damaged_members=1 touched_members=1 blocks_written=100 strays=1 seed=20261612 foreign_cpu=1.93 foreign_after=3.00 waited=10s errlen=0 ts=2026-09-13T22:48:06Z
VERIFY round=vpssingle rep=3 tool=parfast argv='v -q -t8 -T16 f.par2' wall=1.744 cpu=12.443 cpu_over_wall=7.13 peak_mb=922.0 rc=0 intact=1/1 foreign_cpu=1.99 foreign_after=2.47 waited=15s errlen=0 ts=2026-09-13T22:48:36Z
VERIFY round=vpssingle rep=3 tool=parfast-beta2 argv='v -q -t8 -T16 f.par2' wall=16.097 cpu=16.130 cpu_over_wall=1.00 peak_mb=922.0 rc=0 intact=1/1 foreign_cpu=1.87 foreign_after=1.67 waited=20s errlen=0 ts=2026-09-13T22:49:18Z
VERIFY round=vpssingle rep=3 tool=par2turbo argv='v -q -t8 -T16 f.par2' wall=14.183 cpu=14.182 cpu_over_wall=1.00 peak_mb=922.0 rc=0 intact=1/1 foreign_cpu=1.62 foreign_after=1.48 waited=0s errlen=0 ts=2026-09-13T22:49:39Z
LEG round=vpssingle rep=3 m=1 tool=parfast argv='r -q -t8 -T16 f.par2' wall=13.395 cpu=40.114 cpu_over_wall=2.99 peak_mb=922.0 rc=0 restored=1/1 damaged_members=1 touched_members=1 blocks_written=1 strays=1 seed=20260920 foreign_cpu=1.38 foreign_after=1.48 waited=0s errlen=0 ts=2026-09-13T22:50:08Z
LEG round=vpssingle rep=3 m=1 tool=parfast-beta2 argv='r -q -t8 -T16 f.par2' wall=26.680 cpu=39.931 cpu_over_wall=1.50 peak_mb=922.0 rc=0 restored=1/1 damaged_members=1 touched_members=1 blocks_written=1 strays=1 seed=20260920 foreign_cpu=1.44 foreign_after=1.50 waited=0s errlen=0 ts=2026-09-13T22:50:56Z
LEG round=vpssingle rep=3 m=1 tool=par2turbo argv='r -q -t8 -T16 f.par2' wall=43.686 cpu=46.885 cpu_over_wall=1.07 peak_mb=922.0 rc=0 restored=1/1 damaged_members=1 touched_members=1 blocks_written=1 strays=1 seed=20260920 foreign_cpu=1.36 foreign_after=1.28 waited=0s errlen=0 ts=2026-09-13T22:52:01Z
LEG round=vpssingle rep=3 m=50 tool=parfast argv='r -q -t8 -T16 f.par2' wall=13.284 cpu=53.085 cpu_over_wall=4.00 peak_mb=922.0 rc=0 restored=1/1 damaged_members=1 touched_members=1 blocks_written=50 strays=1 seed=20261263 foreign_cpu=1.20 foreign_after=2.52 waited=0s errlen=0 ts=2026-09-13T22:52:35Z
LEG round=vpssingle rep=3 m=50 tool=parfast-beta2 argv='r -q -t8 -T16 f.par2' wall=28.658 cpu=65.146 cpu_over_wall=2.27 peak_mb=922.0 rc=0 restored=1/1 damaged_members=1 touched_members=1 blocks_written=50 strays=1 seed=20261263 foreign_cpu=1.92 foreign_after=2.08 waited=5s errlen=0 ts=2026-09-13T22:53:30Z
LEG round=vpssingle rep=3 m=50 tool=par2turbo argv='r -q -t8 -T16 f.par2' wall=53.980 cpu=65.530 cpu_over_wall=1.21 peak_mb=922.0 rc=0 restored=1/1 damaged_members=1 touched_members=1 blocks_written=50 strays=1 seed=20261263 foreign_cpu=1.77 foreign_after=1.56 waited=0s errlen=0 ts=2026-09-13T22:54:45Z
LEG round=vpssingle rep=3 m=100 tool=parfast argv='r -q -t8 -T16 f.par2' wall=17.605 cpu=85.510 cpu_over_wall=4.86 peak_mb=922.0 rc=0 restored=1/1 damaged_members=1 touched_members=1 blocks_written=100 strays=1 seed=20261613 foreign_cpu=1.46 foreign_after=4.22 waited=0s errlen=0 ts=2026-09-13T22:55:25Z
LEG round=vpssingle rep=3 m=100 tool=parfast-beta2 argv='r -q -t8 -T16 f.par2' wall=28.947 cpu=77.400 cpu_over_wall=2.67 peak_mb=922.0 rc=0 restored=1/1 damaged_members=1 touched_members=1 blocks_written=100 strays=1 seed=20261613 foreign_cpu=1.99 foreign_after=2.67 waited=30s errlen=0 ts=2026-09-13T22:56:47Z
LEG round=vpssingle rep=3 m=100 tool=par2turbo argv='r -q -t8 -T16 f.par2' wall=61.757 cpu=81.842 cpu_over_wall=1.33 peak_mb=922.0 rc=0 restored=1/1 damaged_members=1 touched_members=1 blocks_written=100 strays=1 seed=20261613 foreign_cpu=1.93 foreign_after=2.03 waited=5s errlen=0 ts=2026-09-13T22:58:16Z
LAD-END 2026-09-13T22:58:22Z
