RIG-LOCK-TAKEN <rig>\.parfast-rig.lock pid=20836
LAD-START 2026-09-13T19:03:18Z
BOX host=intel-core-ultra-9-386h cpu=Intel(R) Core(TM) Ultra 9 386H cores=16 ram_gb=31.4 os=Microsoft Windows 11 Home free_gb=592.4
BIN parfast sha256=f018fcb2beb2122d5d019306cd86c537f7cad0d047cdccb151891f9f1ce531c8 bytes=3872768 version=parfast version 1.5.0-beta.2
BIN parfast-beta2 sha256=93dbf97ef0a29dca5f8aed000f4969d050e10f68f56e586b0c12676e08e37083 bytes=2501632 version=parfast version 1.5.0-beta.2
BIN par2turbo sha256=36ce11d92c895a552485ba8cb1ad4b92ca62a00333f1aa6308daafbc371e69e9 bytes=1653248 version=par2cmdline-turbo version 1.5.0
PROTOCOL slice=768000 recovery_blocks=2098 source_blocks=13990 redundancy_pct=14.996 damage=scattered-seeded-slice-overwrite reps=3 gate=sha256-all-members prewarm=recovery-set-read driver=ladder.py
ARGV parfast='r -q -t16 -T16 f.par2' parfast-beta2='r -q -t16 -T16 f.par2' par2turbo='r -q -t16 -T16 f.par2'
VARGV parfast='v -q -t16 -T16 f.par2' parfast-beta2='v -q -t16 -T16 f.par2' par2turbo='v -q -t16 -T16 f.par2'
FIXTURE members=10 distinct_member_sha=10/10 bytes=10737418240
GOLD p00.bin 83589102fc168118f3b9f4274fe0e6feaa76eee4645e460f71b68cd13786c6f8
GOLD p01.bin 067a924762d50215270d6c7382eb0688af32199bb28cb9b62b312a195a63016e
GOLD p02.bin ceaa85ed3af3dac16dc5bbb8d325de48579c1c1e90feb5dbb6f2c0e4ae67bc11
GOLD p03.bin 18b7e415145ce88b085e4d50844f71af6f47886fc9b5d218daf88e680ce5926d
GOLD p04.bin 641332845c75918c7f0c0281084cc244870ed5dbc3ee81117ddbae4d4ea1be6b
GOLD p05.bin 9a1d2c367351744186d2f7f05742c87acfb510de2602bb6ddb4d24a28ad88db3
GOLD p06.bin e2b8e4d974f6e9d92b6a9e1f9eced4ee333c44e0570e079d842e3d76595fb694
GOLD p07.bin c309c305f7ad3e71d0eebb7e08077ba23b2feb3e93af36e6eb3c1d534c6174e5
GOLD p08.bin ce8f424f103c973204c5dfdcdf28d6361c57def43f1853d1a3254e8392e34359
GOLD p09.bin aa3d47996b2ccd9df4d4f82226f8e9793f2ab8a1ad9463e9bde1e7735d1fbc04
CREATE round=zenlad2 tool=parfast argv='c -q -t16 -T16 -s768000 -c2098 f.par2 ...' rc=0 wall=11.211 cpu=-1.000 peak_mb=-1.0 par2files=13 par2bytes=1632002172 errlen=0 ts=2026-09-13T19:03:52Z
LEG round=zenlad2 rep=0 m=64 tool=parfast argv='r -q -t16 -T16 f.par2' wall=8.756 cpu=-1.000 cpu_over_wall=-0.11 peak_mb=-1.0 rc=0 restored=10/10 damaged_members=10 touched_members=10 blocks_written=64 strays=10 seed=20260913 foreign_cpu=10 foreign_after=6 waited=0s errlen=0 ts=2026-09-13T19:04:15Z
LEG round=zenlad2 rep=0 m=64 tool=parfast-beta2 argv='r -q -t16 -T16 f.par2' wall=8.299 cpu=-1.000 cpu_over_wall=-0.12 peak_mb=-1.0 rc=0 restored=10/10 damaged_members=10 touched_members=10 blocks_written=64 strays=10 seed=20260913 foreign_cpu=11 foreign_after=3 waited=5s errlen=0 ts=2026-09-13T19:04:39Z
LEG round=zenlad2 rep=0 m=64 tool=par2turbo argv='r -q -t16 -T16 f.par2' wall=23.241 cpu=-1.000 cpu_over_wall=-0.04 peak_mb=-1.0 rc=0 restored=10/10 damaged_members=10 touched_members=10 blocks_written=64 strays=10 seed=20260913 foreign_cpu=2 foreign_after=1 waited=0s errlen=0 ts=2026-09-13T19:05:12Z
VERIFY round=zenlad2 rep=1 tool=parfast argv='v -q -t16 -T16 f.par2' wall=1.588 cpu=-1.000 cpu_over_wall=-0.63 peak_mb=-1.0 rc=0 intact=10/10 foreign_cpu=4 foreign_after=3 waited=0s errlen=0 ts=2026-09-13T19:05:21Z
VERIFY round=zenlad2 rep=1 tool=parfast-beta2 argv='v -q -t16 -T16 f.par2' wall=1.700 cpu=-1.000 cpu_over_wall=-0.59 peak_mb=-1.0 rc=0 intact=10/10 foreign_cpu=16 foreign_after=4 waited=0s errlen=0 ts=2026-09-13T19:05:28Z
VERIFY round=zenlad2 rep=1 tool=par2turbo argv='v -q -t16 -T16 f.par2' wall=3.566 cpu=-1.000 cpu_over_wall=-0.28 peak_mb=-1.0 rc=0 intact=10/10 foreign_cpu=1 foreign_after=3 waited=0s errlen=0 ts=2026-09-13T19:05:37Z
LEG round=zenlad2 rep=1 m=1 tool=parfast argv='r -q -t16 -T16 f.par2' wall=2.648 cpu=-1.000 cpu_over_wall=-0.38 peak_mb=-1.0 rc=0 restored=10/10 damaged_members=1 touched_members=1 blocks_written=1 strays=1 seed=20260918 foreign_cpu=0 foreign_after=4 waited=0s errlen=0 ts=2026-09-13T19:05:46Z
LEG round=zenlad2 rep=1 m=1 tool=parfast-beta2 argv='r -q -t16 -T16 f.par2' wall=2.966 cpu=-1.000 cpu_over_wall=-0.34 peak_mb=-1.0 rc=0 restored=10/10 damaged_members=1 touched_members=1 blocks_written=1 strays=1 seed=20260918 foreign_cpu=7 foreign_after=8 waited=0s errlen=0 ts=2026-09-13T19:05:57Z
LEG round=zenlad2 rep=1 m=1 tool=par2turbo argv='r -q -t16 -T16 f.par2' wall=9.983 cpu=-1.000 cpu_over_wall=-0.10 peak_mb=-1.0 rc=0 restored=10/10 damaged_members=1 touched_members=1 blocks_written=1 strays=1 seed=20260918 foreign_cpu=5 foreign_after=3 waited=0s errlen=0 ts=2026-09-13T19:06:15Z
LEG round=zenlad2 rep=1 m=16 tool=parfast argv='r -q -t16 -T16 f.par2' wall=7.121 cpu=-1.000 cpu_over_wall=-0.14 peak_mb=-1.0 rc=0 restored=10/10 damaged_members=9 touched_members=9 blocks_written=16 strays=9 seed=20261023 foreign_cpu=5 foreign_after=2 waited=0s errlen=0 ts=2026-09-13T19:06:31Z
LEG round=zenlad2 rep=1 m=16 tool=parfast-beta2 argv='r -q -t16 -T16 f.par2' wall=7.304 cpu=-1.000 cpu_over_wall=-0.14 peak_mb=-1.0 rc=0 restored=10/10 damaged_members=9 touched_members=9 blocks_written=16 strays=9 seed=20261023 foreign_cpu=2 foreign_after=6 waited=0s errlen=0 ts=2026-09-13T19:06:48Z
LEG round=zenlad2 rep=1 m=16 tool=par2turbo argv='r -q -t16 -T16 f.par2' wall=22.765 cpu=-1.000 cpu_over_wall=-0.04 peak_mb=-1.0 rc=0 restored=10/10 damaged_members=9 touched_members=9 blocks_written=16 strays=9 seed=20261023 foreign_cpu=0 foreign_after=5 waited=0s errlen=0 ts=2026-09-13T19:07:21Z
LEG round=zenlad2 rep=1 m=64 tool=parfast argv='r -q -t16 -T16 f.par2' wall=8.094 cpu=-1.000 cpu_over_wall=-0.12 peak_mb=-1.0 rc=0 restored=10/10 damaged_members=10 touched_members=10 blocks_written=64 strays=10 seed=20261359 foreign_cpu=10 foreign_after=7 waited=0s errlen=0 ts=2026-09-13T19:07:38Z
LEG round=zenlad2 rep=1 m=64 tool=parfast-beta2 argv='r -q -t16 -T16 f.par2' wall=9.958 cpu=-1.000 cpu_over_wall=-0.10 peak_mb=-1.0 rc=0 restored=10/10 damaged_members=10 touched_members=10 blocks_written=64 strays=10 seed=20261359 foreign_cpu=7 foreign_after=10 waited=0s errlen=0 ts=2026-09-13T19:07:58Z
LEG round=zenlad2 rep=1 m=64 tool=par2turbo argv='r -q -t16 -T16 f.par2' wall=25.374 cpu=-1.000 cpu_over_wall=-0.04 peak_mb=-1.0 rc=0 restored=10/10 damaged_members=10 touched_members=10 blocks_written=64 strays=10 seed=20261359 foreign_cpu=4 foreign_after=4 waited=0s errlen=0 ts=2026-09-13T19:08:35Z
LEG round=zenlad2 rep=1 m=256 tool=parfast argv='r -q -t16 -T16 f.par2' wall=10.527 cpu=-1.000 cpu_over_wall=-0.09 peak_mb=-1.0 rc=0 restored=10/10 damaged_members=10 touched_members=10 blocks_written=256 strays=10 seed=20262703 foreign_cpu=24 foreign_after=6 waited=0s errlen=0 ts=2026-09-13T19:08:55Z
LEG round=zenlad2 rep=1 m=256 tool=parfast-beta2 argv='r -q -t16 -T16 f.par2' wall=10.843 cpu=-1.000 cpu_over_wall=-0.09 peak_mb=-1.0 rc=0 restored=10/10 damaged_members=10 touched_members=10 blocks_written=256 strays=10 seed=20262703 foreign_cpu=19 foreign_after=4 waited=0s errlen=0 ts=2026-09-13T19:09:16Z
LEG round=zenlad2 rep=1 m=256 tool=par2turbo argv='r -q -t16 -T16 f.par2' wall=24.090 cpu=-1.000 cpu_over_wall=-0.04 peak_mb=-1.0 rc=0 restored=10/10 damaged_members=10 touched_members=10 blocks_written=256 strays=10 seed=20262703 foreign_cpu=2 foreign_after=5 waited=0s errlen=0 ts=2026-09-13T19:09:50Z
LEG round=zenlad2 rep=1 m=512 tool=parfast argv='r -q -t16 -T16 f.par2' wall=20.066 cpu=-1.000 cpu_over_wall=-0.05 peak_mb=-1.0 rc=0 restored=10/10 damaged_members=10 touched_members=10 blocks_written=512 strays=10 seed=20264495 foreign_cpu=1 foreign_after=7 waited=0s errlen=0 ts=2026-09-13T19:10:21Z
LEG round=zenlad2 rep=1 m=512 tool=parfast-beta2 argv='r -q -t16 -T16 f.par2' wall=19.651 cpu=-1.000 cpu_over_wall=-0.05 peak_mb=-1.0 rc=0 restored=10/10 damaged_members=10 touched_members=10 blocks_written=512 strays=10 seed=20264495 foreign_cpu=4 foreign_after=4 waited=0s errlen=0 ts=2026-09-13T19:10:51Z
LEG round=zenlad2 rep=1 m=512 tool=par2turbo argv='r -q -t16 -T16 f.par2' wall=25.752 cpu=-1.000 cpu_over_wall=-0.04 peak_mb=-1.0 rc=0 restored=10/10 damaged_members=10 touched_members=10 blocks_written=512 strays=10 seed=20264495 foreign_cpu=6 foreign_after=7 waited=0s errlen=0 ts=2026-09-13T19:11:28Z
LEG round=zenlad2 rep=1 m=640 tool=parfast argv='r -q -t16 -T16 f.par2' wall=20.057 cpu=-1.000 cpu_over_wall=-0.05 peak_mb=-1.0 rc=0 restored=10/10 damaged_members=10 touched_members=10 blocks_written=640 strays=10 seed=20265391 foreign_cpu=5 foreign_after=2 waited=0s errlen=0 ts=2026-09-13T19:11:59Z
LEG round=zenlad2 rep=1 m=640 tool=parfast-beta2 argv='r -q -t16 -T16 f.par2' wall=20.058 cpu=-1.000 cpu_over_wall=-0.05 peak_mb=-1.0 rc=0 restored=10/10 damaged_members=10 touched_members=10 blocks_written=640 strays=10 seed=20265391 foreign_cpu=1 foreign_after=7 waited=0s errlen=0 ts=2026-09-13T19:12:30Z
LEG round=zenlad2 rep=1 m=640 tool=par2turbo argv='r -q -t16 -T16 f.par2' wall=30.175 cpu=-1.000 cpu_over_wall=-0.03 peak_mb=-1.0 rc=0 restored=10/10 damaged_members=10 touched_members=10 blocks_written=640 strays=10 seed=20265391 foreign_cpu=11 foreign_after=3 waited=0s errlen=0 ts=2026-09-13T19:13:11Z
LEG round=zenlad2 rep=1 m=704 tool=parfast argv='r -q -t16 -T16 f.par2' wall=20.627 cpu=-1.000 cpu_over_wall=-0.05 peak_mb=-1.0 rc=0 restored=10/10 damaged_members=10 touched_members=10 blocks_written=704 strays=10 seed=20265839 foreign_cpu=3 foreign_after=3 waited=0s errlen=0 ts=2026-09-13T19:13:43Z
LEG round=zenlad2 rep=1 m=704 tool=parfast-beta2 argv='r -q -t16 -T16 f.par2' wall=20.156 cpu=-1.000 cpu_over_wall=-0.05 peak_mb=-1.0 rc=0 restored=10/10 damaged_members=10 touched_members=10 blocks_written=704 strays=10 seed=20265839 foreign_cpu=5 foreign_after=1 waited=0s errlen=0 ts=2026-09-13T19:14:15Z
LEG round=zenlad2 rep=1 m=704 tool=par2turbo argv='r -q -t16 -T16 f.par2' wall=30.248 cpu=-1.000 cpu_over_wall=-0.03 peak_mb=-1.0 rc=0 restored=10/10 damaged_members=10 touched_members=10 blocks_written=704 strays=10 seed=20265839 foreign_cpu=1 foreign_after=9 waited=5s errlen=0 ts=2026-09-13T19:15:03Z
LEG round=zenlad2 rep=1 m=768 tool=parfast argv='r -q -t16 -T16 f.par2' wall=20.620 cpu=-1.000 cpu_over_wall=-0.05 peak_mb=-1.0 rc=0 restored=10/10 damaged_members=10 touched_members=10 blocks_written=768 strays=10 seed=20266287 foreign_cpu=6 foreign_after=1 waited=0s errlen=0 ts=2026-09-13T19:15:35Z
LEG round=zenlad2 rep=1 m=768 tool=parfast-beta2 argv='r -q -t16 -T16 f.par2' wall=20.408 cpu=-1.000 cpu_over_wall=-0.05 peak_mb=-1.0 rc=0 restored=10/10 damaged_members=10 touched_members=10 blocks_written=768 strays=10 seed=20266287 foreign_cpu=1 foreign_after=4 waited=0s errlen=0 ts=2026-09-13T19:16:07Z
LEG round=zenlad2 rep=1 m=768 tool=par2turbo argv='r -q -t16 -T16 f.par2' wall=30.918 cpu=-1.000 cpu_over_wall=-0.03 peak_mb=-1.0 rc=0 restored=10/10 damaged_members=10 touched_members=10 blocks_written=768 strays=10 seed=20266287 foreign_cpu=21 foreign_after=3 waited=0s errlen=0 ts=2026-09-13T19:16:50Z
LEG round=zenlad2 rep=1 m=896 tool=parfast argv='r -q -t16 -T16 f.par2' wall=21.650 cpu=-1.000 cpu_over_wall=-0.05 peak_mb=-1.0 rc=0 restored=10/10 damaged_members=10 touched_members=10 blocks_written=896 strays=10 seed=20267183 foreign_cpu=1 foreign_after=9 waited=0s errlen=0 ts=2026-09-13T19:17:24Z
LEG round=zenlad2 rep=1 m=896 tool=parfast-beta2 argv='r -q -t16 -T16 f.par2' wall=20.432 cpu=-1.000 cpu_over_wall=-0.05 peak_mb=-1.0 rc=0 restored=10/10 damaged_members=10 touched_members=10 blocks_written=896 strays=10 seed=20267183 foreign_cpu=3 foreign_after=4 waited=0s errlen=0 ts=2026-09-13T19:17:56Z
LEG round=zenlad2 rep=1 m=896 tool=par2turbo argv='r -q -t16 -T16 f.par2' wall=34.474 cpu=-1.000 cpu_over_wall=-0.03 peak_mb=-1.0 rc=0 restored=10/10 damaged_members=10 touched_members=10 blocks_written=896 strays=10 seed=20267183 foreign_cpu=13 foreign_after=2 waited=0s errlen=0 ts=2026-09-13T19:18:43Z
LEG round=zenlad2 rep=1 m=1024 tool=parfast argv='r -q -t16 -T16 f.par2' wall=21.780 cpu=-1.000 cpu_over_wall=-0.05 peak_mb=-1.0 rc=0 restored=10/10 damaged_members=10 touched_members=10 blocks_written=1024 strays=10 seed=20268079 foreign_cpu=2 foreign_after=5 waited=0s errlen=0 ts=2026-09-13T19:19:18Z
LEG round=zenlad2 rep=1 m=1024 tool=parfast-beta2 argv='r -q -t16 -T16 f.par2' wall=20.897 cpu=-1.000 cpu_over_wall=-0.05 peak_mb=-1.0 rc=0 restored=10/10 damaged_members=10 touched_members=10 blocks_written=1024 strays=10 seed=20268079 foreign_cpu=2 foreign_after=4 waited=5s errlen=0 ts=2026-09-13T19:19:57Z
LEG round=zenlad2 rep=1 m=1024 tool=par2turbo argv='r -q -t16 -T16 f.par2' wall=37.750 cpu=-1.000 cpu_over_wall=-0.03 peak_mb=-1.0 rc=0 restored=10/10 damaged_members=10 touched_members=10 blocks_written=1024 strays=10 seed=20268079 foreign_cpu=4 foreign_after=0 waited=0s errlen=0 ts=2026-09-13T19:20:48Z
LEG round=zenlad2 rep=1 m=1152 tool=parfast argv='r -q -t16 -T16 f.par2' wall=22.004 cpu=-1.000 cpu_over_wall=-0.05 peak_mb=-1.0 rc=0 restored=10/10 damaged_members=10 touched_members=10 blocks_written=1152 strays=10 seed=20268975 foreign_cpu=1 foreign_after=2 waited=0s errlen=0 ts=2026-09-13T19:21:23Z
LEG round=zenlad2 rep=1 m=1152 tool=parfast-beta2 argv='r -q -t16 -T16 f.par2' wall=22.796 cpu=-1.000 cpu_over_wall=-0.04 peak_mb=-1.0 rc=0 restored=10/10 damaged_members=10 touched_members=10 blocks_written=1152 strays=10 seed=20268975 foreign_cpu=1 foreign_after=3 waited=0s errlen=0 ts=2026-09-13T19:21:59Z
LEG round=zenlad2 rep=1 m=1152 tool=par2turbo argv='r -q -t16 -T16 f.par2' wall=41.070 cpu=-1.000 cpu_over_wall=-0.02 peak_mb=-1.0 rc=0 restored=10/10 damaged_members=10 touched_members=10 blocks_written=1152 strays=10 seed=20268975 foreign_cpu=4 foreign_after=6 waited=0s errlen=0 ts=2026-09-13T19:22:53Z
LEG round=zenlad2 rep=1 m=1280 tool=parfast argv='r -q -t16 -T16 f.par2' wall=21.503 cpu=-1.000 cpu_over_wall=-0.05 peak_mb=-1.0 rc=0 restored=10/10 damaged_members=10 touched_members=10 blocks_written=1280 strays=10 seed=20269871 foreign_cpu=2 foreign_after=7 waited=0s errlen=0 ts=2026-09-13T19:23:29Z
LEG round=zenlad2 rep=1 m=1280 tool=parfast-beta2 argv='r -q -t16 -T16 f.par2' wall=21.430 cpu=-1.000 cpu_over_wall=-0.05 peak_mb=-1.0 rc=0 restored=10/10 damaged_members=10 touched_members=10 blocks_written=1280 strays=10 seed=20269871 foreign_cpu=3 foreign_after=1 waited=0s errlen=0 ts=2026-09-13T19:24:04Z
LEG round=zenlad2 rep=1 m=1280 tool=par2turbo argv='r -q -t16 -T16 f.par2' wall=43.073 cpu=-1.000 cpu_over_wall=-0.02 peak_mb=-1.0 rc=0 restored=10/10 damaged_members=10 touched_members=10 blocks_written=1280 strays=10 seed=20269871 foreign_cpu=2 foreign_after=7 waited=5s errlen=0 ts=2026-09-13T19:25:07Z
LEG round=zenlad2 rep=1 m=1408 tool=parfast argv='r -q -t16 -T16 f.par2' wall=22.020 cpu=-1.000 cpu_over_wall=-0.05 peak_mb=-1.0 rc=0 restored=10/10 damaged_members=10 touched_members=10 blocks_written=1408 strays=10 seed=20270767 foreign_cpu=0 foreign_after=0 waited=0s errlen=0 ts=2026-09-13T19:25:43Z
LEG round=zenlad2 rep=1 m=1408 tool=parfast-beta2 argv='r -q -t16 -T16 f.par2' wall=22.008 cpu=-1.000 cpu_over_wall=-0.05 peak_mb=-1.0 rc=0 restored=10/10 damaged_members=10 touched_members=10 blocks_written=1408 strays=10 seed=20270767 foreign_cpu=1 foreign_after=5 waited=0s errlen=0 ts=2026-09-13T19:26:19Z
LEG round=zenlad2 rep=1 m=1408 tool=par2turbo argv='r -q -t16 -T16 f.par2' wall=47.577 cpu=-1.000 cpu_over_wall=-0.02 peak_mb=-1.0 rc=0 restored=10/10 damaged_members=10 touched_members=10 blocks_written=1408 strays=10 seed=20270767 foreign_cpu=1 foreign_after=2 waited=0s errlen=0 ts=2026-09-13T19:27:21Z
LEG round=zenlad2 rep=1 m=1600 tool=parfast argv='r -q -t16 -T16 f.par2' wall=22.612 cpu=-1.000 cpu_over_wall=-0.04 peak_mb=-1.0 rc=0 restored=10/10 damaged_members=10 touched_members=10 blocks_written=1600 strays=10 seed=20272111 foreign_cpu=0 foreign_after=8 waited=0s errlen=0 ts=2026-09-13T19:27:59Z
LEG round=zenlad2 rep=1 m=1600 tool=parfast-beta2 argv='r -q -t16 -T16 f.par2' wall=22.060 cpu=-1.000 cpu_over_wall=-0.05 peak_mb=-1.0 rc=0 restored=10/10 damaged_members=10 touched_members=10 blocks_written=1600 strays=10 seed=20272111 foreign_cpu=2 foreign_after=20 waited=0s errlen=0 ts=2026-09-13T19:28:36Z
LEG round=zenlad2 rep=1 m=1600 tool=par2turbo argv='r -q -t16 -T16 f.par2' wall=51.502 cpu=-1.000 cpu_over_wall=-0.02 peak_mb=-1.0 rc=0 restored=10/10 damaged_members=10 touched_members=10 blocks_written=1600 strays=10 seed=20272111 foreign_cpu=4 foreign_after=12 waited=0s errlen=0 ts=2026-09-13T19:29:42Z
LEG round=zenlad2 rep=1 m=1792 tool=parfast argv='r -q -t16 -T16 f.par2' wall=22.633 cpu=-1.000 cpu_over_wall=-0.04 peak_mb=-1.0 rc=0 restored=10/10 damaged_members=10 touched_members=10 blocks_written=1792 strays=10 seed=20273455 foreign_cpu=1 foreign_after=7 waited=0s errlen=0 ts=2026-09-13T19:30:20Z
LEG round=zenlad2 rep=1 m=1792 tool=parfast-beta2 argv='r -q -t16 -T16 f.par2' wall=22.338 cpu=-1.000 cpu_over_wall=-0.04 peak_mb=-1.0 rc=0 restored=10/10 damaged_members=10 touched_members=10 blocks_written=1792 strays=10 seed=20273455 foreign_cpu=6 foreign_after=6 waited=0s errlen=0 ts=2026-09-13T19:30:58Z
LEG round=zenlad2 rep=1 m=1792 tool=par2turbo argv='r -q -t16 -T16 f.par2' wall=56.557 cpu=-1.000 cpu_over_wall=-0.02 peak_mb=-1.0 rc=0 restored=10/10 damaged_members=10 touched_members=10 blocks_written=1792 strays=10 seed=20273455 foreign_cpu=2 foreign_after=7 waited=0s errlen=0 ts=2026-09-13T19:32:11Z
LEG round=zenlad2 rep=1 m=2048 tool=parfast argv='r -q -t16 -T16 f.par2' wall=22.954 cpu=-1.000 cpu_over_wall=-0.04 peak_mb=-1.0 rc=0 restored=10/10 damaged_members=10 touched_members=10 blocks_written=2048 strays=10 seed=20275247 foreign_cpu=4 foreign_after=3 waited=0s errlen=0 ts=2026-09-13T19:32:50Z
LEG round=zenlad2 rep=1 m=2048 tool=parfast-beta2 argv='r -q -t16 -T16 f.par2' wall=22.687 cpu=-1.000 cpu_over_wall=-0.04 peak_mb=-1.0 rc=0 restored=10/10 damaged_members=10 touched_members=10 blocks_written=2048 strays=10 seed=20275247 foreign_cpu=10 foreign_after=7 waited=0s errlen=0 ts=2026-09-13T19:33:29Z
LEG round=zenlad2 rep=1 m=2048 tool=par2turbo argv='r -q -t16 -T16 f.par2' wall=62.918 cpu=-1.000 cpu_over_wall=-0.02 peak_mb=-1.0 rc=0 restored=10/10 damaged_members=10 touched_members=10 blocks_written=2048 strays=10 seed=20275247 foreign_cpu=6 foreign_after=2 waited=0s errlen=0 ts=2026-09-13T19:34:49Z
LEG round=zenlad2 rep=1 m=2098 tool=parfast argv='r -q -t16 -T16 f.par2' wall=22.394 cpu=-1.000 cpu_over_wall=-0.04 peak_mb=-1.0 rc=0 restored=10/10 damaged_members=10 touched_members=10 blocks_written=2098 strays=10 seed=20275597 foreign_cpu=0 foreign_after=10 waited=5s errlen=0 ts=2026-09-13T19:35:35Z
LEG round=zenlad2 rep=1 m=2098 tool=parfast-beta2 argv='r -q -t16 -T16 f.par2' wall=23.266 cpu=-1.000 cpu_over_wall=-0.04 peak_mb=-1.0 rc=0 restored=10/10 damaged_members=10 touched_members=10 blocks_written=2098 strays=10 seed=20275597 foreign_cpu=3 foreign_after=2 waited=0s errlen=0 ts=2026-09-13T19:36:15Z
LEG round=zenlad2 rep=1 m=2098 tool=par2turbo argv='r -q -t16 -T16 f.par2' wall=64.138 cpu=-1.000 cpu_over_wall=-0.02 peak_mb=-1.0 rc=0 restored=10/10 damaged_members=10 touched_members=10 blocks_written=2098 strays=10 seed=20275597 foreign_cpu=3 foreign_after=1 waited=0s errlen=0 ts=2026-09-13T19:37:37Z
VERIFY round=zenlad2 rep=2 tool=parfast argv='v -q -t16 -T16 f.par2' wall=1.610 cpu=-1.000 cpu_over_wall=-0.62 peak_mb=-1.0 rc=0 intact=10/10 foreign_cpu=10 foreign_after=2 waited=0s errlen=0 ts=2026-09-13T19:37:50Z
VERIFY round=zenlad2 rep=2 tool=parfast-beta2 argv='v -q -t16 -T16 f.par2' wall=1.693 cpu=-1.000 cpu_over_wall=-0.59 peak_mb=-1.0 rc=0 intact=10/10 foreign_cpu=3 foreign_after=5 waited=0s errlen=0 ts=2026-09-13T19:37:57Z
VERIFY round=zenlad2 rep=2 tool=par2turbo argv='v -q -t16 -T16 f.par2' wall=3.560 cpu=-1.000 cpu_over_wall=-0.28 peak_mb=-1.0 rc=0 intact=10/10 foreign_cpu=10 foreign_after=2 waited=0s errlen=0 ts=2026-09-13T19:38:06Z
LEG round=zenlad2 rep=2 m=1 tool=par2turbo argv='r -q -t16 -T16 f.par2' wall=9.831 cpu=-1.000 cpu_over_wall=-0.10 peak_mb=-1.0 rc=0 restored=10/10 damaged_members=1 touched_members=1 blocks_written=1 strays=1 seed=20260919 foreign_cpu=4 foreign_after=2 waited=0s errlen=0 ts=2026-09-13T19:38:23Z
LEG round=zenlad2 rep=2 m=1 tool=parfast-beta2 argv='r -q -t16 -T16 f.par2' wall=3.039 cpu=-1.000 cpu_over_wall=-0.33 peak_mb=-1.0 rc=0 restored=10/10 damaged_members=1 touched_members=1 blocks_written=1 strays=1 seed=20260919 foreign_cpu=22 foreign_after=14 waited=0s errlen=0 ts=2026-09-13T19:38:34Z
LEG round=zenlad2 rep=2 m=1 tool=parfast argv='r -q -t16 -T16 f.par2' wall=2.627 cpu=-1.000 cpu_over_wall=-0.38 peak_mb=-1.0 rc=0 restored=10/10 damaged_members=1 touched_members=1 blocks_written=1 strays=1 seed=20260919 foreign_cpu=8 foreign_after=7 waited=0s errlen=0 ts=2026-09-13T19:38:45Z
LEG round=zenlad2 rep=2 m=16 tool=par2turbo argv='r -q -t16 -T16 f.par2' wall=17.840 cpu=-1.000 cpu_over_wall=-0.06 peak_mb=-1.0 rc=0 restored=10/10 damaged_members=7 touched_members=7 blocks_written=16 strays=7 seed=20261024 foreign_cpu=17 foreign_after=15 waited=5s errlen=0 ts=2026-09-13T19:39:18Z
LEG round=zenlad2 rep=2 m=16 tool=parfast-beta2 argv='r -q -t16 -T16 f.par2' wall=5.803 cpu=-1.000 cpu_over_wall=-0.17 peak_mb=-1.0 rc=0 restored=10/10 damaged_members=7 touched_members=7 blocks_written=16 strays=7 seed=20261024 foreign_cpu=0 foreign_after=4 waited=0s errlen=0 ts=2026-09-13T19:39:34Z
LEG round=zenlad2 rep=2 m=16 tool=parfast argv='r -q -t16 -T16 f.par2' wall=5.865 cpu=-1.000 cpu_over_wall=-0.17 peak_mb=-1.0 rc=0 restored=10/10 damaged_members=7 touched_members=7 blocks_written=16 strays=7 seed=20261024 foreign_cpu=18 foreign_after=2 waited=0s errlen=0 ts=2026-09-13T19:39:49Z
LEG round=zenlad2 rep=2 m=64 tool=par2turbo argv='r -q -t16 -T16 f.par2' wall=25.001 cpu=-1.000 cpu_over_wall=-0.04 peak_mb=-1.0 rc=0 restored=10/10 damaged_members=10 touched_members=10 blocks_written=64 strays=10 seed=20261360 foreign_cpu=3 foreign_after=3 waited=0s errlen=0 ts=2026-09-13T19:40:24Z
LEG round=zenlad2 rep=2 m=64 tool=parfast-beta2 argv='r -q -t16 -T16 f.par2' wall=7.101 cpu=-1.000 cpu_over_wall=-0.14 peak_mb=-1.0 rc=0 restored=10/10 damaged_members=10 touched_members=10 blocks_written=64 strays=10 seed=20261360 foreign_cpu=1 foreign_after=3 waited=0s errlen=0 ts=2026-09-13T19:40:41Z
LEG round=zenlad2 rep=2 m=64 tool=parfast argv='r -q -t16 -T16 f.par2' wall=8.539 cpu=-1.000 cpu_over_wall=-0.12 peak_mb=-1.0 rc=0 restored=10/10 damaged_members=10 touched_members=10 blocks_written=64 strays=10 seed=20261360 foreign_cpu=4 foreign_after=3 waited=0s errlen=0 ts=2026-09-13T19:40:59Z
LEG round=zenlad2 rep=2 m=256 tool=par2turbo argv='r -q -t16 -T16 f.par2' wall=24.577 cpu=-1.000 cpu_over_wall=-0.04 peak_mb=-1.0 rc=0 restored=10/10 damaged_members=10 touched_members=10 blocks_written=256 strays=10 seed=20262704 foreign_cpu=3 foreign_after=2 waited=0s errlen=0 ts=2026-09-13T19:41:34Z
LEG round=zenlad2 rep=2 m=256 tool=parfast-beta2 argv='r -q -t16 -T16 f.par2' wall=11.124 cpu=-1.000 cpu_over_wall=-0.09 peak_mb=-1.0 rc=0 restored=10/10 damaged_members=10 touched_members=10 blocks_written=256 strays=10 seed=20262704 foreign_cpu=7 foreign_after=12 waited=0s errlen=0 ts=2026-09-13T19:41:55Z
LEG round=zenlad2 rep=2 m=256 tool=parfast argv='r -q -t16 -T16 f.par2' wall=12.132 cpu=-1.000 cpu_over_wall=-0.08 peak_mb=-1.0 rc=0 restored=10/10 damaged_members=10 touched_members=10 blocks_written=256 strays=10 seed=20262704 foreign_cpu=0 foreign_after=3 waited=0s errlen=0 ts=2026-09-13T19:42:18Z
LEG round=zenlad2 rep=2 m=512 tool=par2turbo argv='r -q -t16 -T16 f.par2' wall=28.013 cpu=-1.000 cpu_over_wall=-0.04 peak_mb=-1.0 rc=0 restored=10/10 damaged_members=10 touched_members=10 blocks_written=512 strays=10 seed=20264496 foreign_cpu=7 foreign_after=3 waited=5s errlen=0 ts=2026-09-13T19:43:02Z
LEG round=zenlad2 rep=2 m=512 tool=parfast-beta2 argv='r -q -t16 -T16 f.par2' wall=18.512 cpu=-1.000 cpu_over_wall=-0.05 peak_mb=-1.0 rc=0 restored=10/10 damaged_members=10 touched_members=10 blocks_written=512 strays=10 seed=20264496 foreign_cpu=1 foreign_after=2 waited=5s errlen=0 ts=2026-09-13T19:43:38Z
LEG round=zenlad2 rep=2 m=512 tool=parfast argv='r -q -t16 -T16 f.par2' wall=20.113 cpu=-1.000 cpu_over_wall=-0.05 peak_mb=-1.0 rc=0 restored=10/10 damaged_members=10 touched_members=10 blocks_written=512 strays=10 seed=20264496 foreign_cpu=1 foreign_after=9 waited=0s errlen=0 ts=2026-09-13T19:44:08Z
LEG round=zenlad2 rep=2 m=640 tool=par2turbo argv='r -q -t16 -T16 f.par2' wall=30.403 cpu=-1.000 cpu_over_wall=-0.03 peak_mb=-1.0 rc=0 restored=10/10 damaged_members=10 touched_members=10 blocks_written=640 strays=10 seed=20265392 foreign_cpu=1 foreign_after=16 waited=0s errlen=0 ts=2026-09-13T19:44:50Z
LEG round=zenlad2 rep=2 m=640 tool=parfast-beta2 argv='r -q -t16 -T16 f.par2' wall=19.879 cpu=-1.000 cpu_over_wall=-0.05 peak_mb=-1.0 rc=0 restored=10/10 damaged_members=10 touched_members=10 blocks_written=640 strays=10 seed=20265392 foreign_cpu=2 foreign_after=3 waited=0s errlen=0 ts=2026-09-13T19:45:21Z
LEG round=zenlad2 rep=2 m=640 tool=parfast argv='r -q -t16 -T16 f.par2' wall=20.636 cpu=-1.000 cpu_over_wall=-0.05 peak_mb=-1.0 rc=0 restored=10/10 damaged_members=10 touched_members=10 blocks_written=640 strays=10 seed=20265392 foreign_cpu=7 foreign_after=1 waited=0s errlen=0 ts=2026-09-13T19:45:53Z
LEG round=zenlad2 rep=2 m=704 tool=par2turbo argv='r -q -t16 -T16 f.par2' wall=29.364 cpu=-1.000 cpu_over_wall=-0.03 peak_mb=-1.0 rc=0 restored=10/10 damaged_members=10 touched_members=10 blocks_written=704 strays=10 seed=20265840 foreign_cpu=2 foreign_after=3 waited=0s errlen=0 ts=2026-09-13T19:46:33Z
LEG round=zenlad2 rep=2 m=704 tool=parfast-beta2 argv='r -q -t16 -T16 f.par2' wall=19.944 cpu=-1.000 cpu_over_wall=-0.05 peak_mb=-1.0 rc=0 restored=10/10 damaged_members=10 touched_members=10 blocks_written=704 strays=10 seed=20265840 foreign_cpu=4 foreign_after=2 waited=0s errlen=0 ts=2026-09-13T19:47:05Z
LEG round=zenlad2 rep=2 m=704 tool=parfast argv='r -q -t16 -T16 f.par2' wall=20.414 cpu=-1.000 cpu_over_wall=-0.05 peak_mb=-1.0 rc=0 restored=10/10 damaged_members=10 touched_members=10 blocks_written=704 strays=10 seed=20265840 foreign_cpu=3 foreign_after=3 waited=0s errlen=0 ts=2026-09-13T19:47:37Z
LEG round=zenlad2 rep=2 m=768 tool=par2turbo argv='r -q -t16 -T16 f.par2' wall=29.562 cpu=-1.000 cpu_over_wall=-0.03 peak_mb=-1.0 rc=0 restored=10/10 damaged_members=10 touched_members=10 blocks_written=768 strays=10 seed=20266288 foreign_cpu=3 foreign_after=5 waited=5s errlen=0 ts=2026-09-13T19:48:24Z
LEG round=zenlad2 rep=2 m=768 tool=parfast-beta2 argv='r -q -t16 -T16 f.par2' wall=19.065 cpu=-1.000 cpu_over_wall=-0.05 peak_mb=-1.0 rc=0 restored=10/10 damaged_members=10 touched_members=10 blocks_written=768 strays=10 seed=20266288 foreign_cpu=0 foreign_after=13 waited=5s errlen=0 ts=2026-09-13T19:49:01Z
LEG round=zenlad2 rep=2 m=768 tool=parfast argv='r -q -t16 -T16 f.par2' wall=20.945 cpu=-1.000 cpu_over_wall=-0.05 peak_mb=-1.0 rc=0 restored=10/10 damaged_members=10 touched_members=10 blocks_written=768 strays=10 seed=20266288 foreign_cpu=5 foreign_after=3 waited=0s errlen=0 ts=2026-09-13T19:49:34Z
LEG round=zenlad2 rep=2 m=896 tool=par2turbo argv='r -q -t16 -T16 f.par2' wall=33.943 cpu=-1.000 cpu_over_wall=-0.03 peak_mb=-1.0 rc=0 restored=10/10 damaged_members=10 touched_members=10 blocks_written=896 strays=10 seed=20267184 foreign_cpu=4 foreign_after=6 waited=0s errlen=0 ts=2026-09-13T19:50:20Z
LEG round=zenlad2 rep=2 m=896 tool=parfast-beta2 argv='r -q -t16 -T16 f.par2' wall=21.195 cpu=-1.000 cpu_over_wall=-0.05 peak_mb=-1.0 rc=0 restored=10/10 damaged_members=10 touched_members=10 blocks_written=896 strays=10 seed=20267184 foreign_cpu=0 foreign_after=4 waited=0s errlen=0 ts=2026-09-13T19:50:54Z
LEG round=zenlad2 rep=2 m=896 tool=parfast argv='r -q -t16 -T16 f.par2' wall=21.410 cpu=-1.000 cpu_over_wall=-0.05 peak_mb=-1.0 rc=0 restored=10/10 damaged_members=10 touched_members=10 blocks_written=896 strays=10 seed=20267184 foreign_cpu=6 foreign_after=6 waited=0s errlen=0 ts=2026-09-13T19:51:27Z
LEG round=zenlad2 rep=2 m=1024 tool=par2turbo argv='r -q -t16 -T16 f.par2' wall=38.018 cpu=-1.000 cpu_over_wall=-0.03 peak_mb=-1.0 rc=0 restored=10/10 damaged_members=10 touched_members=10 blocks_written=1024 strays=10 seed=20268080 foreign_cpu=4 foreign_after=6 waited=0s errlen=0 ts=2026-09-13T19:52:18Z
LEG round=zenlad2 rep=2 m=1024 tool=parfast-beta2 argv='r -q -t16 -T16 f.par2' wall=21.760 cpu=-1.000 cpu_over_wall=-0.05 peak_mb=-1.0 rc=0 restored=10/10 damaged_members=10 touched_members=10 blocks_written=1024 strays=10 seed=20268080 foreign_cpu=5 foreign_after=2 waited=0s errlen=0 ts=2026-09-13T19:52:53Z
LEG round=zenlad2 rep=2 m=1024 tool=parfast argv='r -q -t16 -T16 f.par2' wall=22.545 cpu=-1.000 cpu_over_wall=-0.04 peak_mb=-1.0 rc=0 restored=10/10 damaged_members=10 touched_members=10 blocks_written=1024 strays=10 seed=20268080 foreign_cpu=1 foreign_after=1 waited=0s errlen=0 ts=2026-09-13T19:53:28Z
LEG round=zenlad2 rep=2 m=1152 tool=par2turbo argv='r -q -t16 -T16 f.par2' wall=41.011 cpu=-1.000 cpu_over_wall=-0.02 peak_mb=-1.0 rc=0 restored=10/10 damaged_members=10 touched_members=10 blocks_written=1152 strays=10 seed=20268976 foreign_cpu=7 foreign_after=2 waited=0s errlen=0 ts=2026-09-13T19:54:23Z
LEG round=zenlad2 rep=2 m=1152 tool=parfast-beta2 argv='r -q -t16 -T16 f.par2' wall=22.074 cpu=-1.000 cpu_over_wall=-0.05 peak_mb=-1.0 rc=0 restored=10/10 damaged_members=10 touched_members=10 blocks_written=1152 strays=10 seed=20268976 foreign_cpu=na foreign_after=0 waited=0s errlen=0 ts=2026-09-13T19:54:58Z
LEG round=zenlad2 rep=2 m=1152 tool=parfast argv='r -q -t16 -T16 f.par2' wall=22.509 cpu=-1.000 cpu_over_wall=-0.04 peak_mb=-1.0 rc=0 restored=10/10 damaged_members=10 touched_members=10 blocks_written=1152 strays=10 seed=20268976 foreign_cpu=7 foreign_after=4 waited=0s errlen=0 ts=2026-09-13T19:55:34Z
LEG round=zenlad2 rep=2 m=1280 tool=par2turbo argv='r -q -t16 -T16 f.par2' wall=44.134 cpu=-1.000 cpu_over_wall=-0.02 peak_mb=-1.0 rc=0 restored=10/10 damaged_members=10 touched_members=10 blocks_written=1280 strays=10 seed=20269872 foreign_cpu=3 foreign_after=7 waited=0s errlen=0 ts=2026-09-13T19:56:32Z
LEG round=zenlad2 rep=2 m=1280 tool=parfast-beta2 argv='r -q -t16 -T16 f.par2' wall=21.359 cpu=-1.000 cpu_over_wall=-0.05 peak_mb=-1.0 rc=0 restored=10/10 damaged_members=10 touched_members=10 blocks_written=1280 strays=10 seed=20269872 foreign_cpu=6 foreign_after=2 waited=0s errlen=0 ts=2026-09-13T19:57:07Z
LEG round=zenlad2 rep=2 m=1280 tool=parfast argv='r -q -t16 -T16 f.par2' wall=20.596 cpu=-1.000 cpu_over_wall=-0.05 peak_mb=-1.0 rc=0 restored=10/10 damaged_members=10 touched_members=10 blocks_written=1280 strays=10 seed=20269872 foreign_cpu=2 foreign_after=2 waited=5s errlen=0 ts=2026-09-13T19:57:48Z
LEG round=zenlad2 rep=2 m=1408 tool=par2turbo argv='r -q -t16 -T16 f.par2' wall=46.826 cpu=-1.000 cpu_over_wall=-0.02 peak_mb=-1.0 rc=0 restored=10/10 damaged_members=10 touched_members=10 blocks_written=1408 strays=10 seed=20270768 foreign_cpu=17 foreign_after=5 waited=0s errlen=0 ts=2026-09-13T19:58:49Z
LEG round=zenlad2 rep=2 m=1408 tool=parfast-beta2 argv='r -q -t16 -T16 f.par2' wall=21.623 cpu=-1.000 cpu_over_wall=-0.05 peak_mb=-1.0 rc=0 restored=10/10 damaged_members=10 touched_members=10 blocks_written=1408 strays=10 seed=20270768 foreign_cpu=6 foreign_after=4 waited=0s errlen=0 ts=2026-09-13T19:59:25Z
LEG round=zenlad2 rep=2 m=1408 tool=parfast argv='r -q -t16 -T16 f.par2' wall=21.839 cpu=-1.000 cpu_over_wall=-0.05 peak_mb=-1.0 rc=0 restored=10/10 damaged_members=10 touched_members=10 blocks_written=1408 strays=10 seed=20270768 foreign_cpu=5 foreign_after=2 waited=0s errlen=0 ts=2026-09-13T20:00:01Z
LEG round=zenlad2 rep=2 m=1600 tool=par2turbo argv='r -q -t16 -T16 f.par2' wall=51.678 cpu=-1.000 cpu_over_wall=-0.02 peak_mb=-1.0 rc=0 restored=10/10 damaged_members=10 touched_members=10 blocks_written=1600 strays=10 seed=20272112 foreign_cpu=2 foreign_after=1 waited=0s errlen=0 ts=2026-09-13T20:01:08Z
LEG round=zenlad2 rep=2 m=1600 tool=parfast-beta2 argv='r -q -t16 -T16 f.par2' wall=22.173 cpu=-1.000 cpu_over_wall=-0.05 peak_mb=-1.0 rc=0 restored=10/10 damaged_members=10 touched_members=10 blocks_written=1600 strays=10 seed=20272112 foreign_cpu=3 foreign_after=9 waited=0s errlen=0 ts=2026-09-13T20:01:46Z
LEG round=zenlad2 rep=2 m=1600 tool=parfast argv='r -q -t16 -T16 f.par2' wall=21.422 cpu=-1.000 cpu_over_wall=-0.05 peak_mb=-1.0 rc=0 restored=10/10 damaged_members=10 touched_members=10 blocks_written=1600 strays=10 seed=20272112 foreign_cpu=7 foreign_after=13 waited=5s errlen=0 ts=2026-09-13T20:02:28Z
LEG round=zenlad2 rep=2 m=1792 tool=par2turbo argv='r -q -t16 -T16 f.par2' wall=56.532 cpu=-1.000 cpu_over_wall=-0.02 peak_mb=-1.0 rc=0 restored=10/10 damaged_members=10 touched_members=10 blocks_written=1792 strays=10 seed=20273456 foreign_cpu=4 foreign_after=7 waited=0s errlen=0 ts=2026-09-13T20:03:40Z
LEG round=zenlad2 rep=2 m=1792 tool=parfast-beta2 argv='r -q -t16 -T16 f.par2' wall=21.036 cpu=-1.000 cpu_over_wall=-0.05 peak_mb=-1.0 rc=0 restored=10/10 damaged_members=10 touched_members=10 blocks_written=1792 strays=10 seed=20273456 foreign_cpu=4 foreign_after=20 waited=10s errlen=0 ts=2026-09-13T20:04:29Z
LEG round=zenlad2 rep=2 m=1792 tool=parfast argv='r -q -t16 -T16 f.par2' wall=22.914 cpu=-1.000 cpu_over_wall=-0.04 peak_mb=-1.0 rc=0 restored=10/10 damaged_members=10 touched_members=10 blocks_written=1792 strays=10 seed=20273456 foreign_cpu=3 foreign_after=5 waited=0s errlen=0 ts=2026-09-13T20:05:08Z
LEG round=zenlad2 rep=2 m=2048 tool=par2turbo argv='r -q -t16 -T16 f.par2' wall=63.502 cpu=-1.000 cpu_over_wall=-0.02 peak_mb=-1.0 rc=0 restored=10/10 damaged_members=10 touched_members=10 blocks_written=2048 strays=10 seed=20275248 foreign_cpu=20 foreign_after=9 waited=0s errlen=0 ts=2026-09-13T20:06:27Z
LEG round=zenlad2 rep=2 m=2048 tool=parfast-beta2 argv='r -q -t16 -T16 f.par2' wall=23.091 cpu=-1.000 cpu_over_wall=-0.04 peak_mb=-1.0 rc=0 restored=10/10 damaged_members=10 touched_members=10 blocks_written=2048 strays=10 seed=20275248 foreign_cpu=2 foreign_after=6 waited=0s errlen=0 ts=2026-09-13T20:07:07Z
LEG round=zenlad2 rep=2 m=2048 tool=parfast argv='r -q -t16 -T16 f.par2' wall=22.566 cpu=-1.000 cpu_over_wall=-0.04 peak_mb=-1.0 rc=0 restored=10/10 damaged_members=10 touched_members=10 blocks_written=2048 strays=10 seed=20275248 foreign_cpu=4 foreign_after=4 waited=0s errlen=0 ts=2026-09-13T20:07:47Z
LEG round=zenlad2 rep=2 m=2098 tool=par2turbo argv='r -q -t16 -T16 f.par2' wall=64.596 cpu=-1.000 cpu_over_wall=-0.02 peak_mb=-1.0 rc=0 restored=10/10 damaged_members=10 touched_members=10 blocks_written=2098 strays=10 seed=20275598 foreign_cpu=na foreign_after=1 waited=0s errlen=0 ts=2026-09-13T20:09:08Z
LEG round=zenlad2 rep=2 m=2098 tool=parfast-beta2 argv='r -q -t16 -T16 f.par2' wall=22.607 cpu=-1.000 cpu_over_wall=-0.04 peak_mb=-1.0 rc=0 restored=10/10 damaged_members=10 touched_members=10 blocks_written=2098 strays=10 seed=20275598 foreign_cpu=na foreign_after=11 waited=0s errlen=0 ts=2026-09-13T20:09:48Z
LEG round=zenlad2 rep=2 m=2098 tool=parfast argv='r -q -t16 -T16 f.par2' wall=23.190 cpu=-1.000 cpu_over_wall=-0.04 peak_mb=-1.0 rc=0 restored=10/10 damaged_members=10 touched_members=10 blocks_written=2098 strays=10 seed=20275598 foreign_cpu=2 foreign_after=4 waited=0s errlen=0 ts=2026-09-13T20:10:28Z
VERIFY round=zenlad2 rep=3 tool=parfast argv='v -q -t16 -T16 f.par2' wall=1.595 cpu=-1.000 cpu_over_wall=-0.63 peak_mb=-1.0 rc=0 intact=10/10 foreign_cpu=11 foreign_after=1 waited=10s errlen=0 ts=2026-09-13T20:10:54Z
VERIFY round=zenlad2 rep=3 tool=parfast-beta2 argv='v -q -t16 -T16 f.par2' wall=1.674 cpu=-1.000 cpu_over_wall=-0.60 peak_mb=-1.0 rc=0 intact=10/10 foreign_cpu=1 foreign_after=2 waited=0s errlen=0 ts=2026-09-13T20:11:01Z
VERIFY round=zenlad2 rep=3 tool=par2turbo argv='v -q -t16 -T16 f.par2' wall=3.526 cpu=-1.000 cpu_over_wall=-0.28 peak_mb=-1.0 rc=0 intact=10/10 foreign_cpu=2 foreign_after=9 waited=0s errlen=0 ts=2026-09-13T20:11:10Z
LEG round=zenlad2 rep=3 m=1 tool=parfast argv='r -q -t16 -T16 f.par2' wall=2.586 cpu=-1.000 cpu_over_wall=-0.39 peak_mb=-1.0 rc=0 restored=10/10 damaged_members=1 touched_members=1 blocks_written=1 strays=1 seed=20260920 foreign_cpu=23 foreign_after=1 waited=0s errlen=0 ts=2026-09-13T20:11:19Z
LEG round=zenlad2 rep=3 m=1 tool=parfast-beta2 argv='r -q -t16 -T16 f.par2' wall=2.675 cpu=-1.000 cpu_over_wall=-0.37 peak_mb=-1.0 rc=0 restored=10/10 damaged_members=1 touched_members=1 blocks_written=1 strays=1 seed=20260920 foreign_cpu=7 foreign_after=4 waited=0s errlen=0 ts=2026-09-13T20:11:30Z
LEG round=zenlad2 rep=3 m=1 tool=par2turbo argv='r -q -t16 -T16 f.par2' wall=9.381 cpu=-1.000 cpu_over_wall=-0.11 peak_mb=-1.0 rc=0 restored=10/10 damaged_members=1 touched_members=1 blocks_written=1 strays=1 seed=20260920 foreign_cpu=2 foreign_after=12 waited=5s errlen=0 ts=2026-09-13T20:11:53Z
LEG round=zenlad2 rep=3 m=16 tool=parfast argv='r -q -t16 -T16 f.par2' wall=6.538 cpu=-1.000 cpu_over_wall=-0.15 peak_mb=-1.0 rc=0 restored=10/10 damaged_members=8 touched_members=8 blocks_written=16 strays=8 seed=20261025 foreign_cpu=5 foreign_after=4 waited=0s errlen=0 ts=2026-09-13T20:12:09Z
LEG round=zenlad2 rep=3 m=16 tool=parfast-beta2 argv='r -q -t16 -T16 f.par2' wall=6.417 cpu=-1.000 cpu_over_wall=-0.16 peak_mb=-1.0 rc=0 restored=10/10 damaged_members=8 touched_members=8 blocks_written=16 strays=8 seed=20261025 foreign_cpu=1 foreign_after=2 waited=0s errlen=0 ts=2026-09-13T20:12:25Z
LEG round=zenlad2 rep=3 m=16 tool=par2turbo argv='r -q -t16 -T16 f.par2' wall=19.246 cpu=-1.000 cpu_over_wall=-0.05 peak_mb=-1.0 rc=0 restored=10/10 damaged_members=8 touched_members=8 blocks_written=16 strays=8 seed=20261025 foreign_cpu=2 foreign_after=4 waited=0s errlen=0 ts=2026-09-13T20:12:54Z
LEG round=zenlad2 rep=3 m=64 tool=parfast argv='r -q -t16 -T16 f.par2' wall=7.865 cpu=-1.000 cpu_over_wall=-0.13 peak_mb=-1.0 rc=0 restored=10/10 damaged_members=10 touched_members=10 blocks_written=64 strays=10 seed=20261361 foreign_cpu=2 foreign_after=1 waited=0s errlen=0 ts=2026-09-13T20:13:11Z
LEG round=zenlad2 rep=3 m=64 tool=parfast-beta2 argv='r -q -t16 -T16 f.par2' wall=8.140 cpu=-1.000 cpu_over_wall=-0.12 peak_mb=-1.0 rc=0 restored=10/10 damaged_members=10 touched_members=10 blocks_written=64 strays=10 seed=20261361 foreign_cpu=1 foreign_after=4 waited=0s errlen=0 ts=2026-09-13T20:13:29Z
LEG round=zenlad2 rep=3 m=64 tool=par2turbo argv='r -q -t16 -T16 f.par2' wall=23.923 cpu=-1.000 cpu_over_wall=-0.04 peak_mb=-1.0 rc=0 restored=10/10 damaged_members=10 touched_members=10 blocks_written=64 strays=10 seed=20261361 foreign_cpu=5 foreign_after=4 waited=0s errlen=0 ts=2026-09-13T20:14:03Z
LEG round=zenlad2 rep=3 m=256 tool=parfast argv='r -q -t16 -T16 f.par2' wall=10.598 cpu=-1.000 cpu_over_wall=-0.09 peak_mb=-1.0 rc=0 restored=10/10 damaged_members=10 touched_members=10 blocks_written=256 strays=10 seed=20262705 foreign_cpu=9 foreign_after=1 waited=0s errlen=0 ts=2026-09-13T20:14:23Z
LEG round=zenlad2 rep=3 m=256 tool=parfast-beta2 argv='r -q -t16 -T16 f.par2' wall=11.795 cpu=-1.000 cpu_over_wall=-0.08 peak_mb=-1.0 rc=0 restored=10/10 damaged_members=10 touched_members=10 blocks_written=256 strays=10 seed=20262705 foreign_cpu=4 foreign_after=6 waited=0s errlen=0 ts=2026-09-13T20:14:45Z
LEG round=zenlad2 rep=3 m=256 tool=par2turbo argv='r -q -t16 -T16 f.par2' wall=25.024 cpu=-1.000 cpu_over_wall=-0.04 peak_mb=-1.0 rc=0 restored=10/10 damaged_members=10 touched_members=10 blocks_written=256 strays=10 seed=20262705 foreign_cpu=6 foreign_after=2 waited=0s errlen=0 ts=2026-09-13T20:15:21Z
LEG round=zenlad2 rep=3 m=512 tool=parfast argv='r -q -t16 -T16 f.par2' wall=19.920 cpu=-1.000 cpu_over_wall=-0.05 peak_mb=-1.0 rc=0 restored=10/10 damaged_members=10 touched_members=10 blocks_written=512 strays=10 seed=20264497 foreign_cpu=3 foreign_after=4 waited=0s errlen=0 ts=2026-09-13T20:15:51Z
LEG round=zenlad2 rep=3 m=512 tool=parfast-beta2 argv='r -q -t16 -T16 f.par2' wall=19.539 cpu=-1.000 cpu_over_wall=-0.05 peak_mb=-1.0 rc=0 restored=10/10 damaged_members=10 touched_members=10 blocks_written=512 strays=10 seed=20264497 foreign_cpu=7 foreign_after=na waited=0s errlen=0 ts=2026-09-13T20:16:21Z
LEG round=zenlad2 rep=3 m=512 tool=par2turbo argv='r -q -t16 -T16 f.par2' wall=25.518 cpu=-1.000 cpu_over_wall=-0.04 peak_mb=-1.0 rc=0 restored=10/10 damaged_members=10 touched_members=10 blocks_written=512 strays=10 seed=20264497 foreign_cpu=1 foreign_after=7 waited=0s errlen=0 ts=2026-09-13T20:16:57Z
LEG round=zenlad2 rep=3 m=640 tool=parfast argv='r -q -t16 -T16 f.par2' wall=20.135 cpu=-1.000 cpu_over_wall=-0.05 peak_mb=-1.0 rc=0 restored=10/10 damaged_members=10 touched_members=10 blocks_written=640 strays=10 seed=20265393 foreign_cpu=1 foreign_after=1 waited=0s errlen=0 ts=2026-09-13T20:17:28Z
LEG round=zenlad2 rep=3 m=640 tool=parfast-beta2 argv='r -q -t16 -T16 f.par2' wall=19.878 cpu=-1.000 cpu_over_wall=-0.05 peak_mb=-1.0 rc=0 restored=10/10 damaged_members=10 touched_members=10 blocks_written=640 strays=10 seed=20265393 foreign_cpu=3 foreign_after=1 waited=0s errlen=0 ts=2026-09-13T20:17:59Z
LEG round=zenlad2 rep=3 m=640 tool=par2turbo argv='r -q -t16 -T16 f.par2' wall=29.742 cpu=-1.000 cpu_over_wall=-0.03 peak_mb=-1.0 rc=0 restored=10/10 damaged_members=10 touched_members=10 blocks_written=640 strays=10 seed=20265393 foreign_cpu=0 foreign_after=3 waited=5s errlen=0 ts=2026-09-13T20:18:47Z
LEG round=zenlad2 rep=3 m=704 tool=parfast argv='r -q -t16 -T16 f.par2' wall=19.341 cpu=-1.000 cpu_over_wall=-0.05 peak_mb=-1.0 rc=0 restored=10/10 damaged_members=10 touched_members=10 blocks_written=704 strays=10 seed=20265841 foreign_cpu=1 foreign_after=3 waited=5s errlen=0 ts=2026-09-13T20:19:24Z
LEG round=zenlad2 rep=3 m=704 tool=parfast-beta2 argv='r -q -t16 -T16 f.par2' wall=19.208 cpu=-1.000 cpu_over_wall=-0.05 peak_mb=-1.0 rc=0 restored=10/10 damaged_members=10 touched_members=10 blocks_written=704 strays=10 seed=20265841 foreign_cpu=na foreign_after=1 waited=5s errlen=0 ts=2026-09-13T20:20:00Z
LEG round=zenlad2 rep=3 m=704 tool=par2turbo argv='r -q -t16 -T16 f.par2' wall=29.385 cpu=-1.000 cpu_over_wall=-0.03 peak_mb=-1.0 rc=0 restored=10/10 damaged_members=10 touched_members=10 blocks_written=704 strays=10 seed=20265841 foreign_cpu=2 foreign_after=10 waited=0s errlen=0 ts=2026-09-13T20:20:41Z
LEG round=zenlad2 rep=3 m=768 tool=parfast argv='r -q -t16 -T16 f.par2' wall=21.096 cpu=-1.000 cpu_over_wall=-0.05 peak_mb=-1.0 rc=0 restored=10/10 damaged_members=10 touched_members=10 blocks_written=768 strays=10 seed=20266289 foreign_cpu=4 foreign_after=1 waited=0s errlen=0 ts=2026-09-13T20:21:14Z
LEG round=zenlad2 rep=3 m=768 tool=parfast-beta2 argv='r -q -t16 -T16 f.par2' wall=20.326 cpu=-1.000 cpu_over_wall=-0.05 peak_mb=-1.0 rc=0 restored=10/10 damaged_members=10 touched_members=10 blocks_written=768 strays=10 seed=20266289 foreign_cpu=3 foreign_after=6 waited=0s errlen=0 ts=2026-09-13T20:21:46Z
LEG round=zenlad2 rep=3 m=768 tool=par2turbo argv='r -q -t16 -T16 f.par2' wall=32.646 cpu=-1.000 cpu_over_wall=-0.03 peak_mb=-1.0 rc=0 restored=10/10 damaged_members=10 touched_members=10 blocks_written=768 strays=10 seed=20266289 foreign_cpu=6 foreign_after=4 waited=0s errlen=0 ts=2026-09-13T20:22:30Z
LEG round=zenlad2 rep=3 m=896 tool=parfast argv='r -q -t16 -T16 f.par2' wall=20.900 cpu=-1.000 cpu_over_wall=-0.05 peak_mb=-1.0 rc=0 restored=10/10 damaged_members=10 touched_members=10 blocks_written=896 strays=10 seed=20267185 foreign_cpu=0 foreign_after=2 waited=0s errlen=0 ts=2026-09-13T20:23:03Z
LEG round=zenlad2 rep=3 m=896 tool=parfast-beta2 argv='r -q -t16 -T16 f.par2' wall=20.937 cpu=-1.000 cpu_over_wall=-0.05 peak_mb=-1.0 rc=0 restored=10/10 damaged_members=10 touched_members=10 blocks_written=896 strays=10 seed=20267185 foreign_cpu=9 foreign_after=6 waited=0s errlen=0 ts=2026-09-13T20:23:37Z
LEG round=zenlad2 rep=3 m=896 tool=par2turbo argv='r -q -t16 -T16 f.par2' wall=33.960 cpu=-1.000 cpu_over_wall=-0.03 peak_mb=-1.0 rc=0 restored=10/10 damaged_members=10 touched_members=10 blocks_written=896 strays=10 seed=20267185 foreign_cpu=3 foreign_after=6 waited=0s errlen=0 ts=2026-09-13T20:24:23Z
LEG round=zenlad2 rep=3 m=1024 tool=parfast argv='r -q -t16 -T16 f.par2' wall=22.073 cpu=-1.000 cpu_over_wall=-0.05 peak_mb=-1.0 rc=0 restored=10/10 damaged_members=10 touched_members=10 blocks_written=1024 strays=10 seed=20268081 foreign_cpu=2 foreign_after=na waited=0s errlen=0 ts=2026-09-13T20:24:58Z
LEG round=zenlad2 rep=3 m=1024 tool=parfast-beta2 argv='r -q -t16 -T16 f.par2' wall=19.886 cpu=-1.000 cpu_over_wall=-0.05 peak_mb=-1.0 rc=0 restored=10/10 damaged_members=10 touched_members=10 blocks_written=1024 strays=10 seed=20268081 foreign_cpu=3 foreign_after=6 waited=10s errlen=0 ts=2026-09-13T20:25:43Z
LEG round=zenlad2 rep=3 m=1024 tool=par2turbo argv='r -q -t16 -T16 f.par2' wall=37.119 cpu=-1.000 cpu_over_wall=-0.03 peak_mb=-1.0 rc=0 restored=10/10 damaged_members=10 touched_members=10 blocks_written=1024 strays=10 seed=20268081 foreign_cpu=6 foreign_after=2 waited=0s errlen=0 ts=2026-09-13T20:26:32Z
LEG round=zenlad2 rep=3 m=1152 tool=parfast argv='r -q -t16 -T16 f.par2' wall=22.616 cpu=-1.000 cpu_over_wall=-0.04 peak_mb=-1.0 rc=0 restored=10/10 damaged_members=10 touched_members=10 blocks_written=1152 strays=10 seed=20268977 foreign_cpu=18 foreign_after=5 waited=0s errlen=0 ts=2026-09-13T20:27:08Z
LEG round=zenlad2 rep=3 m=1152 tool=parfast-beta2 argv='r -q -t16 -T16 f.par2' wall=22.798 cpu=-1.000 cpu_over_wall=-0.04 peak_mb=-1.0 rc=0 restored=10/10 damaged_members=10 touched_members=10 blocks_written=1152 strays=10 seed=20268977 foreign_cpu=4 foreign_after=6 waited=0s errlen=0 ts=2026-09-13T20:27:44Z
LEG round=zenlad2 rep=3 m=1152 tool=par2turbo argv='r -q -t16 -T16 f.par2' wall=40.707 cpu=-1.000 cpu_over_wall=-0.02 peak_mb=-1.0 rc=0 restored=10/10 damaged_members=10 touched_members=10 blocks_written=1152 strays=10 seed=20268977 foreign_cpu=1 foreign_after=1 waited=0s errlen=0 ts=2026-09-13T20:28:38Z
LEG round=zenlad2 rep=3 m=1280 tool=parfast argv='r -q -t16 -T16 f.par2' wall=21.910 cpu=-1.000 cpu_over_wall=-0.05 peak_mb=-1.0 rc=0 restored=10/10 damaged_members=10 touched_members=10 blocks_written=1280 strays=10 seed=20269873 foreign_cpu=4 foreign_after=2 waited=0s errlen=0 ts=2026-09-13T20:29:14Z
LEG round=zenlad2 rep=3 m=1280 tool=parfast-beta2 argv='r -q -t16 -T16 f.par2' wall=21.560 cpu=-1.000 cpu_over_wall=-0.05 peak_mb=-1.0 rc=0 restored=10/10 damaged_members=10 touched_members=10 blocks_written=1280 strays=10 seed=20269873 foreign_cpu=4 foreign_after=3 waited=0s errlen=0 ts=2026-09-13T20:29:49Z
LEG round=zenlad2 rep=3 m=1280 tool=par2turbo argv='r -q -t16 -T16 f.par2' wall=41.999 cpu=-1.000 cpu_over_wall=-0.02 peak_mb=-1.0 rc=0 restored=10/10 damaged_members=10 touched_members=10 blocks_written=1280 strays=10 seed=20269873 foreign_cpu=5 foreign_after=4 waited=10s errlen=0 ts=2026-09-13T20:30:57Z
LEG round=zenlad2 rep=3 m=1408 tool=parfast argv='r -q -t16 -T16 f.par2' wall=21.760 cpu=-1.000 cpu_over_wall=-0.05 peak_mb=-1.0 rc=0 restored=10/10 damaged_members=10 touched_members=10 blocks_written=1408 strays=10 seed=20270769 foreign_cpu=2 foreign_after=10 waited=0s errlen=0 ts=2026-09-13T20:31:33Z
LEG round=zenlad2 rep=3 m=1408 tool=parfast-beta2 argv='r -q -t16 -T16 f.par2' wall=21.501 cpu=-1.000 cpu_over_wall=-0.05 peak_mb=-1.0 rc=0 restored=10/10 damaged_members=10 touched_members=10 blocks_written=1408 strays=10 seed=20270769 foreign_cpu=11 foreign_after=4 waited=0s errlen=0 ts=2026-09-13T20:32:09Z
LEG round=zenlad2 rep=3 m=1408 tool=par2turbo argv='r -q -t16 -T16 f.par2' wall=47.207 cpu=-1.000 cpu_over_wall=-0.02 peak_mb=-1.0 rc=0 restored=10/10 damaged_members=10 touched_members=10 blocks_written=1408 strays=10 seed=20270769 foreign_cpu=1 foreign_after=4 waited=0s errlen=0 ts=2026-09-13T20:33:10Z
LEG round=zenlad2 rep=3 m=1600 tool=parfast argv='r -q -t16 -T16 f.par2' wall=21.816 cpu=-1.000 cpu_over_wall=-0.05 peak_mb=-1.0 rc=0 restored=10/10 damaged_members=10 touched_members=10 blocks_written=1600 strays=10 seed=20272113 foreign_cpu=5 foreign_after=5 waited=0s errlen=0 ts=2026-09-13T20:33:47Z
LEG round=zenlad2 rep=3 m=1600 tool=parfast-beta2 argv='r -q -t16 -T16 f.par2' wall=21.727 cpu=-1.000 cpu_over_wall=-0.05 peak_mb=-1.0 rc=0 restored=10/10 damaged_members=10 touched_members=10 blocks_written=1600 strays=10 seed=20272113 foreign_cpu=3 foreign_after=1 waited=0s errlen=0 ts=2026-09-13T20:34:24Z
LEG round=zenlad2 rep=3 m=1600 tool=par2turbo argv='r -q -t16 -T16 f.par2' wall=51.418 cpu=-1.000 cpu_over_wall=-0.02 peak_mb=-1.0 rc=0 restored=10/10 damaged_members=10 touched_members=10 blocks_written=1600 strays=10 seed=20272113 foreign_cpu=9 foreign_after=3 waited=0s errlen=0 ts=2026-09-13T20:35:30Z
LEG round=zenlad2 rep=3 m=1792 tool=parfast argv='r -q -t16 -T16 f.par2' wall=22.768 cpu=-1.000 cpu_over_wall=-0.04 peak_mb=-1.0 rc=0 restored=10/10 damaged_members=10 touched_members=10 blocks_written=1792 strays=10 seed=20273457 foreign_cpu=1 foreign_after=1 waited=0s errlen=0 ts=2026-09-13T20:36:08Z
LEG round=zenlad2 rep=3 m=1792 tool=parfast-beta2 argv='r -q -t16 -T16 f.par2' wall=22.420 cpu=-1.000 cpu_over_wall=-0.04 peak_mb=-1.0 rc=0 restored=10/10 damaged_members=10 touched_members=10 blocks_written=1792 strays=10 seed=20273457 foreign_cpu=5 foreign_after=4 waited=0s errlen=0 ts=2026-09-13T20:36:47Z
LEG round=zenlad2 rep=3 m=1792 tool=par2turbo argv='r -q -t16 -T16 f.par2' wall=56.839 cpu=-1.000 cpu_over_wall=-0.02 peak_mb=-1.0 rc=0 restored=10/10 damaged_members=10 touched_members=10 blocks_written=1792 strays=10 seed=20273457 foreign_cpu=13 foreign_after=6 waited=0s errlen=0 ts=2026-09-13T20:37:59Z
LEG round=zenlad2 rep=3 m=2048 tool=parfast argv='r -q -t16 -T16 f.par2' wall=23.422 cpu=-1.000 cpu_over_wall=-0.04 peak_mb=-1.0 rc=0 restored=10/10 damaged_members=10 touched_members=10 blocks_written=2048 strays=10 seed=20275249 foreign_cpu=2 foreign_after=7 waited=0s errlen=0 ts=2026-09-13T20:38:39Z
LEG round=zenlad2 rep=3 m=2048 tool=parfast-beta2 argv='r -q -t16 -T16 f.par2' wall=23.019 cpu=-1.000 cpu_over_wall=-0.04 peak_mb=-1.0 rc=0 restored=10/10 damaged_members=10 touched_members=10 blocks_written=2048 strays=10 seed=20275249 foreign_cpu=5 foreign_after=16 waited=0s errlen=0 ts=2026-09-13T20:39:19Z
LEG round=zenlad2 rep=3 m=2048 tool=par2turbo argv='r -q -t16 -T16 f.par2' wall=62.856 cpu=-1.000 cpu_over_wall=-0.02 peak_mb=-1.0 rc=0 restored=10/10 damaged_members=10 touched_members=10 blocks_written=2048 strays=10 seed=20275249 foreign_cpu=3 foreign_after=7 waited=0s errlen=0 ts=2026-09-13T20:40:39Z
LEG round=zenlad2 rep=3 m=2098 tool=parfast argv='r -q -t16 -T16 f.par2' wall=23.394 cpu=-1.000 cpu_over_wall=-0.04 peak_mb=-1.0 rc=0 restored=10/10 damaged_members=10 touched_members=10 blocks_written=2098 strays=10 seed=20275599 foreign_cpu=1 foreign_after=4 waited=0s errlen=0 ts=2026-09-13T20:41:19Z
LEG round=zenlad2 rep=3 m=2098 tool=parfast-beta2 argv='r -q -t16 -T16 f.par2' wall=23.172 cpu=-1.000 cpu_over_wall=-0.04 peak_mb=-1.0 rc=0 restored=10/10 damaged_members=10 touched_members=10 blocks_written=2098 strays=10 seed=20275599 foreign_cpu=0 foreign_after=4 waited=0s errlen=0 ts=2026-09-13T20:41:59Z
LEG round=zenlad2 rep=3 m=2098 tool=par2turbo argv='r -q -t16 -T16 f.par2' wall=64.838 cpu=-1.000 cpu_over_wall=-0.02 peak_mb=-1.0 rc=0 restored=10/10 damaged_members=10 touched_members=10 blocks_written=2098 strays=10 seed=20275599 foreign_cpu=16 foreign_after=4 waited=0s errlen=0 ts=2026-09-13T20:43:21Z
LAD-END 2026-09-13T20:43:28Z
