RIG-LOCK-TAKEN <rig>\.parfast-rig.lock pid=17120
LAD-START 2026-09-13T18:29:58Z
BOX host=intel-core-ultra-9-386h cpu=Intel(R) Core(TM) Ultra 9 386H cores=16 ram_gb=31.4 os=Microsoft Windows 11 Home free_gb=601.6
BIN parfast sha256=f018fcb2beb2122d5d019306cd86c537f7cad0d047cdccb151891f9f1ce531c8 bytes=3872768 version=parfast version 1.5.0-beta.2
BIN parfast-beta2 sha256=93dbf97ef0a29dca5f8aed000f4969d050e10f68f56e586b0c12676e08e37083 bytes=2501632 version=parfast version 1.5.0-beta.2
BIN par2turbo sha256=36ce11d92c895a552485ba8cb1ad4b92ca62a00333f1aa6308daafbc371e69e9 bytes=1653248 version=par2cmdline-turbo version 1.5.0
PROTOCOL slice=4429188 recovery_blocks=100 source_blocks=2000 redundancy_pct=5.000 damage=scattered-seeded-slice-overwrite reps=3 gate=sha256-all-members prewarm=recovery-set-read driver=ladder.py
ARGV parfast='r -q -t16 -T16 f.par2' parfast-beta2='r -q -t16 -T16 f.par2' par2turbo='r -q -t16 -T16 f.par2'
VARGV parfast='v -q -t16 -T16 f.par2' parfast-beta2='v -q -t16 -T16 f.par2' par2turbo='v -q -t16 -T16 f.par2'
FIXTURE members=1 distinct_member_sha=1/1 bytes=8858370048
GOLD p00.bin bbac13f2a769de2de951e190de39168a2e30bdfbb8faa1a5765f1dee58a19424
CREATE round=zensingle tool=parfast argv='c -q -t16 -T16 -s4429188 -c100 f.par2 ...' rc=0 wall=9.141 cpu=-1.000 peak_mb=-1.0 par2files=8 par2bytes=444054640 errlen=0 ts=2026-09-13T18:30:57Z
CREATE round=zensingle tool=parfast-beta2 argv='c -q -t16 -T16 -s4429188 -c100 f.par2 ...' rc=0 wall=11.551 cpu=-1.000 peak_mb=-1.0 par2files=8 par2bytes=444054640 errlen=0 ts=2026-09-13T18:31:13Z
CREATE round=zensingle tool=par2turbo argv='c -q -t16 -T16 -s4429188 -c100 f.par2 ...' rc=0 wall=15.417 cpu=-1.000 peak_mb=-1.0 par2files=8 par2bytes=444054864 errlen=0 ts=2026-09-13T18:31:32Z
LEG round=zensingle rep=0 m=1 tool=parfast argv='r -q -t16 -T16 f.par2' wall=6.596 cpu=-1.000 cpu_over_wall=-0.15 peak_mb=-1.0 rc=0 restored=1/1 damaged_members=1 touched_members=1 blocks_written=1 strays=1 seed=20260913 foreign_cpu=3 foreign_after=6 waited=5s errlen=0 ts=2026-09-13T18:32:09Z
LEG round=zensingle rep=0 m=1 tool=parfast-beta2 argv='r -q -t16 -T16 f.par2' wall=13.532 cpu=-1.000 cpu_over_wall=-0.07 peak_mb=-1.0 rc=0 restored=1/1 damaged_members=1 touched_members=1 blocks_written=1 strays=1 seed=20260913 foreign_cpu=5 foreign_after=5 waited=0s errlen=0 ts=2026-09-13T18:32:47Z
LEG round=zensingle rep=0 m=1 tool=par2turbo argv='r -q -t16 -T16 f.par2' wall=39.498 cpu=-1.000 cpu_over_wall=-0.03 peak_mb=-1.0 rc=0 restored=1/1 damaged_members=1 touched_members=1 blocks_written=1 strays=1 seed=20260913 foreign_cpu=11 foreign_after=2 waited=0s errlen=0 ts=2026-09-13T18:33:52Z
VERIFY round=zensingle rep=1 tool=parfast argv='v -q -t16 -T16 f.par2' wall=0.963 cpu=-1.000 cpu_over_wall=-1.04 peak_mb=-1.0 rc=0 intact=1/1 foreign_cpu=5 foreign_after=3 waited=10s errlen=0 ts=2026-09-13T18:34:23Z
VERIFY round=zensingle rep=1 tool=parfast-beta2 argv='v -q -t16 -T16 f.par2' wall=9.257 cpu=-1.000 cpu_over_wall=-0.11 peak_mb=-1.0 rc=0 intact=1/1 foreign_cpu=0 foreign_after=5 waited=0s errlen=0 ts=2026-09-13T18:34:43Z
VERIFY round=zensingle rep=1 tool=par2turbo argv='v -q -t16 -T16 f.par2' wall=15.691 cpu=-1.000 cpu_over_wall=-0.06 peak_mb=-1.0 rc=0 intact=1/1 foreign_cpu=4 foreign_after=5 waited=0s errlen=0 ts=2026-09-13T18:35:09Z
LEG round=zensingle rep=1 m=1 tool=parfast argv='r -q -t16 -T16 f.par2' wall=6.456 cpu=-1.000 cpu_over_wall=-0.15 peak_mb=-1.0 rc=0 restored=1/1 damaged_members=1 touched_members=1 blocks_written=1 strays=1 seed=20260918 foreign_cpu=2 foreign_after=4 waited=0s errlen=0 ts=2026-09-13T18:35:34Z
LEG round=zensingle rep=1 m=1 tool=parfast-beta2 argv='r -q -t16 -T16 f.par2' wall=13.958 cpu=-1.000 cpu_over_wall=-0.07 peak_mb=-1.0 rc=0 restored=1/1 damaged_members=1 touched_members=1 blocks_written=1 strays=1 seed=20260918 foreign_cpu=18 foreign_after=9 waited=0s errlen=0 ts=2026-09-13T18:36:16Z
LEG round=zensingle rep=1 m=1 tool=par2turbo argv='r -q -t16 -T16 f.par2' wall=40.716 cpu=-1.000 cpu_over_wall=-0.02 peak_mb=-1.0 rc=0 restored=1/1 damaged_members=1 touched_members=1 blocks_written=1 strays=1 seed=20260918 foreign_cpu=18 foreign_after=94 waited=0s errlen=0 ts=2026-09-13T18:37:26Z
LEG round=zensingle rep=1 m=50 tool=parfast argv='r -q -t16 -T16 f.par2' wall=9.286 cpu=-1.000 cpu_over_wall=-0.11 peak_mb=-1.0 rc=0 restored=1/1 damaged_members=1 touched_members=1 blocks_written=50 strays=1 seed=20261261 foreign_cpu=12 foreign_after=9 waited=40s errlen=0 ts=2026-09-13T18:38:51Z
LEG round=zensingle rep=1 m=50 tool=parfast-beta2 argv='r -q -t16 -T16 f.par2' wall=18.320 cpu=-1.000 cpu_over_wall=-0.05 peak_mb=-1.0 rc=0 restored=1/1 damaged_members=1 touched_members=1 blocks_written=50 strays=1 seed=20261261 foreign_cpu=6 foreign_after=8 waited=15s errlen=0 ts=2026-09-13T18:39:52Z
LEG round=zensingle rep=1 m=50 tool=par2turbo argv='r -q -t16 -T16 f.par2' wall=56.056 cpu=-1.000 cpu_over_wall=-0.02 peak_mb=-1.0 rc=0 restored=1/1 damaged_members=1 touched_members=1 blocks_written=50 strays=1 seed=20261261 foreign_cpu=5 foreign_after=2 waited=0s errlen=0 ts=2026-09-13T18:41:13Z
LEG round=zensingle rep=1 m=100 tool=parfast argv='r -q -t16 -T16 f.par2' wall=9.571 cpu=-1.000 cpu_over_wall=-0.10 peak_mb=-1.0 rc=0 restored=1/1 damaged_members=1 touched_members=1 blocks_written=100 strays=1 seed=20261611 foreign_cpu=0 foreign_after=4 waited=0s errlen=0 ts=2026-09-13T18:41:48Z
LEG round=zensingle rep=1 m=100 tool=parfast-beta2 argv='r -q -t16 -T16 f.par2' wall=19.240 cpu=-1.000 cpu_over_wall=-0.05 peak_mb=-1.0 rc=0 restored=1/1 damaged_members=1 touched_members=1 blocks_written=100 strays=1 seed=20261611 foreign_cpu=5 foreign_after=15 waited=0s errlen=0 ts=2026-09-13T18:42:32Z
LEG round=zensingle rep=1 m=100 tool=par2turbo argv='r -q -t16 -T16 f.par2' wall=62.326 cpu=-1.000 cpu_over_wall=-0.02 peak_mb=-1.0 rc=0 restored=1/1 damaged_members=1 touched_members=1 blocks_written=100 strays=1 seed=20261611 foreign_cpu=na foreign_after=1 waited=0s errlen=0 ts=2026-09-13T18:44:01Z
VERIFY round=zensingle rep=2 tool=parfast argv='v -q -t16 -T16 f.par2' wall=0.956 cpu=-1.000 cpu_over_wall=-1.05 peak_mb=-1.0 rc=0 intact=1/1 foreign_cpu=4 foreign_after=8 waited=0s errlen=0 ts=2026-09-13T18:44:20Z
VERIFY round=zensingle rep=2 tool=parfast-beta2 argv='v -q -t16 -T16 f.par2' wall=9.195 cpu=-1.000 cpu_over_wall=-0.11 peak_mb=-1.0 rc=0 intact=1/1 foreign_cpu=5 foreign_after=3 waited=0s errlen=0 ts=2026-09-13T18:44:40Z
VERIFY round=zensingle rep=2 tool=par2turbo argv='v -q -t16 -T16 f.par2' wall=14.750 cpu=-1.000 cpu_over_wall=-0.07 peak_mb=-1.0 rc=0 intact=1/1 foreign_cpu=1 foreign_after=2 waited=0s errlen=0 ts=2026-09-13T18:45:04Z
LEG round=zensingle rep=2 m=1 tool=par2turbo argv='r -q -t16 -T16 f.par2' wall=49.054 cpu=-1.000 cpu_over_wall=-0.02 peak_mb=-1.0 rc=0 restored=1/1 damaged_members=1 touched_members=1 blocks_written=1 strays=1 seed=20260919 foreign_cpu=3 foreign_after=0 waited=0s errlen=0 ts=2026-09-13T18:46:12Z
LEG round=zensingle rep=2 m=1 tool=parfast-beta2 argv='r -q -t16 -T16 f.par2' wall=16.038 cpu=-1.000 cpu_over_wall=-0.06 peak_mb=-1.0 rc=0 restored=1/1 damaged_members=1 touched_members=1 blocks_written=1 strays=1 seed=20260919 foreign_cpu=1 foreign_after=8 waited=0s errlen=0 ts=2026-09-13T18:46:52Z
LEG round=zensingle rep=2 m=1 tool=parfast argv='r -q -t16 -T16 f.par2' wall=8.447 cpu=-1.000 cpu_over_wall=-0.12 peak_mb=-1.0 rc=0 restored=1/1 damaged_members=1 touched_members=1 blocks_written=1 strays=1 seed=20260919 foreign_cpu=0 foreign_after=100 waited=10s errlen=0 ts=2026-09-13T18:47:40Z
LEG round=zensingle rep=2 m=50 tool=par2turbo argv='r -q -t16 -T16 f.par2' wall=55.635 cpu=-1.000 cpu_over_wall=-0.02 peak_mb=-1.0 rc=0 restored=1/1 damaged_members=1 touched_members=1 blocks_written=50 strays=1 seed=20261262 foreign_cpu=14 foreign_after=2 waited=15s errlen=0 ts=2026-09-13T18:49:20Z
LEG round=zensingle rep=2 m=50 tool=parfast-beta2 argv='r -q -t16 -T16 f.par2' wall=19.831 cpu=-1.000 cpu_over_wall=-0.05 peak_mb=-1.0 rc=0 restored=1/1 damaged_members=1 touched_members=1 blocks_written=50 strays=1 seed=20261262 foreign_cpu=2 foreign_after=3 waited=0s errlen=0 ts=2026-09-13T18:50:05Z
LEG round=zensingle rep=2 m=50 tool=parfast argv='r -q -t16 -T16 f.par2' wall=8.850 cpu=-1.000 cpu_over_wall=-0.11 peak_mb=-1.0 rc=0 restored=1/1 damaged_members=1 touched_members=1 blocks_written=50 strays=1 seed=20261262 foreign_cpu=2 foreign_after=5 waited=0s errlen=0 ts=2026-09-13T18:50:38Z
LEG round=zensingle rep=2 m=100 tool=par2turbo argv='r -q -t16 -T16 f.par2' wall=63.455 cpu=-1.000 cpu_over_wall=-0.02 peak_mb=-1.0 rc=0 restored=1/1 damaged_members=1 touched_members=1 blocks_written=100 strays=1 seed=20261612 foreign_cpu=0 foreign_after=1 waited=0s errlen=0 ts=2026-09-13T18:52:06Z
LEG round=zensingle rep=2 m=100 tool=parfast-beta2 argv='r -q -t16 -T16 f.par2' wall=19.209 cpu=-1.000 cpu_over_wall=-0.05 peak_mb=-1.0 rc=0 restored=1/1 damaged_members=1 touched_members=1 blocks_written=100 strays=1 seed=20261612 foreign_cpu=1 foreign_after=0 waited=0s errlen=0 ts=2026-09-13T18:52:49Z
LEG round=zensingle rep=2 m=100 tool=parfast argv='r -q -t16 -T16 f.par2' wall=9.277 cpu=-1.000 cpu_over_wall=-0.11 peak_mb=-1.0 rc=0 restored=1/1 damaged_members=1 touched_members=1 blocks_written=100 strays=1 seed=20261612 foreign_cpu=2 foreign_after=3 waited=0s errlen=0 ts=2026-09-13T18:53:23Z
VERIFY round=zensingle rep=3 tool=parfast argv='v -q -t16 -T16 f.par2' wall=0.908 cpu=-1.000 cpu_over_wall=-1.10 peak_mb=-1.0 rc=0 intact=1/1 foreign_cpu=19 foreign_after=3 waited=0s errlen=0 ts=2026-09-13T18:53:41Z
VERIFY round=zensingle rep=3 tool=parfast-beta2 argv='v -q -t16 -T16 f.par2' wall=9.166 cpu=-1.000 cpu_over_wall=-0.11 peak_mb=-1.0 rc=0 intact=1/1 foreign_cpu=5 foreign_after=4 waited=0s errlen=0 ts=2026-09-13T18:54:00Z
VERIFY round=zensingle rep=3 tool=par2turbo argv='v -q -t16 -T16 f.par2' wall=14.684 cpu=-1.000 cpu_over_wall=-0.07 peak_mb=-1.0 rc=0 intact=1/1 foreign_cpu=2 foreign_after=3 waited=5s errlen=0 ts=2026-09-13T18:54:30Z
LEG round=zensingle rep=3 m=1 tool=parfast argv='r -q -t16 -T16 f.par2' wall=6.214 cpu=-1.000 cpu_over_wall=-0.16 peak_mb=-1.0 rc=0 restored=1/1 damaged_members=1 touched_members=1 blocks_written=1 strays=1 seed=20260920 foreign_cpu=4 foreign_after=1 waited=0s errlen=0 ts=2026-09-13T18:54:54Z
LEG round=zensingle rep=3 m=1 tool=parfast-beta2 argv='r -q -t16 -T16 f.par2' wall=14.371 cpu=-1.000 cpu_over_wall=-0.07 peak_mb=-1.0 rc=0 restored=1/1 damaged_members=1 touched_members=1 blocks_written=1 strays=1 seed=20260920 foreign_cpu=6 foreign_after=1 waited=0s errlen=0 ts=2026-09-13T18:55:33Z
LEG round=zensingle rep=3 m=1 tool=par2turbo argv='r -q -t16 -T16 f.par2' wall=43.519 cpu=-1.000 cpu_over_wall=-0.02 peak_mb=-1.0 rc=0 restored=1/1 damaged_members=1 touched_members=1 blocks_written=1 strays=1 seed=20260920 foreign_cpu=6 foreign_after=3 waited=0s errlen=0 ts=2026-09-13T18:56:40Z
LEG round=zensingle rep=3 m=50 tool=parfast argv='r -q -t16 -T16 f.par2' wall=8.226 cpu=-1.000 cpu_over_wall=-0.12 peak_mb=-1.0 rc=0 restored=1/1 damaged_members=1 touched_members=1 blocks_written=50 strays=1 seed=20261263 foreign_cpu=0 foreign_after=3 waited=5s errlen=0 ts=2026-09-13T18:57:17Z
LEG round=zensingle rep=3 m=50 tool=parfast-beta2 argv='r -q -t16 -T16 f.par2' wall=16.989 cpu=-1.000 cpu_over_wall=-0.06 peak_mb=-1.0 rc=0 restored=1/1 damaged_members=1 touched_members=1 blocks_written=50 strays=1 seed=20261263 foreign_cpu=0 foreign_after=3 waited=0s errlen=0 ts=2026-09-13T18:57:58Z
LEG round=zensingle rep=3 m=50 tool=par2turbo argv='r -q -t16 -T16 f.par2' wall=56.210 cpu=-1.000 cpu_over_wall=-0.02 peak_mb=-1.0 rc=0 restored=1/1 damaged_members=1 touched_members=1 blocks_written=50 strays=1 seed=20261263 foreign_cpu=3 foreign_after=6 waited=5s errlen=0 ts=2026-09-13T18:59:23Z
LEG round=zensingle rep=3 m=100 tool=parfast argv='r -q -t16 -T16 f.par2' wall=8.334 cpu=-1.000 cpu_over_wall=-0.12 peak_mb=-1.0 rc=0 restored=1/1 damaged_members=1 touched_members=1 blocks_written=100 strays=1 seed=20261613 foreign_cpu=9 foreign_after=3 waited=0s errlen=0 ts=2026-09-13T18:59:56Z
LEG round=zensingle rep=3 m=100 tool=parfast-beta2 argv='r -q -t16 -T16 f.par2' wall=17.331 cpu=-1.000 cpu_over_wall=-0.06 peak_mb=-1.0 rc=0 restored=1/1 damaged_members=1 touched_members=1 blocks_written=100 strays=1 seed=20261613 foreign_cpu=0 foreign_after=1 waited=0s errlen=0 ts=2026-09-13T19:00:38Z
LEG round=zensingle rep=3 m=100 tool=par2turbo argv='r -q -t16 -T16 f.par2' wall=62.164 cpu=-1.000 cpu_over_wall=-0.02 peak_mb=-1.0 rc=0 restored=1/1 damaged_members=1 touched_members=1 blocks_written=100 strays=1 seed=20261613 foreign_cpu=4 foreign_after=3 waited=0s errlen=0 ts=2026-09-13T19:02:04Z
LAD-END 2026-09-13T19:02:11Z
