RIG-LOCK-TAKEN <rig>\.parfast-rig.lock round=.parfast-rig pid=10612 started=2026-09-12T18:59:13.0684074Z
LAD2-START 2026-09-12T18:59:13.0840717Z
BOX host=intel-i5-10600kf cpu=Intel(R) Core(TM) i5-10600KF CPU @ 4.10GHz caption=Intel64 Family 6 Model 165 Stepping 5 cores=6 threads=12 ram_gb=63.9 os=Microsoft Windows 11 Pro build=10.0.26200 Dfree_gb=6985.9
BIN parfast sha256=cae5a6f368af74f1eb31afa483eb935c663ea976ddd0eecb5b76e6c4487360e9 bytes=2596864 version=parfast version 1.5.0-beta.1 built from 8b0b67ec4d15
BIN par2turbo sha256=36ce11d92c895a552485ba8cb1ad4b92ca62a00333f1aa6308daafbc371e69e9 bytes=1653248 version=par2cmdline-turbo version 1.5.0 built from ?
BIN par2j64 sha256=8e75c2a3f256094cc0313f477b6e56e492cc7d258f9cb6b755bee98cf289620a bytes=416768 version=Parchive 2.0 client version 1.3.3.5 by Yutaka Sawada built from ?
PROTOCOL slice=768000 recovery_blocks=2098 source_blocks=13990 redundancy_pct=14.996 damage=scattered-seeded-slice-overwrite reps=3 gate=sha256-all-members prewarm=full-read-of-work-dir
ARGV parfast='r -q -t12 -T16 f.par2' par2turbo='r -q -t12 -T16 f.par2' par2j64='r f.par2'
FIXTURE members=10 distinct_member_sha=10/10 bytes=10737418240
GOLD p00.bin 784E10F9FE8A6DF557891FE77D7463B3C3EC30668A6E9190413ACE883929E8A2
GOLD p01.bin 427580D39068340A1A4683391B5CE621B61465BE3CCE59467D2B595464DBA289
GOLD p02.bin 9C874271C023166E4C8A149CB58F5151E16801FCB5A96D0ED67F135CCAF561A4
GOLD p03.bin 9794E8FBA5C555A7CFF08AF380DCFEA93CABA07C84E54789B0AB2D2E5F2B3CF2
GOLD p04.bin 0A795B0471940005BDCF32E1B12905DDD37070A3B7367939A6D24AD09EBBF8AA
GOLD p05.bin 76E334DC68D8592D2D62E73FC7EA708E74B1BF783C55176C6ABA016B6523BE51
GOLD p06.bin A963DD4BA69AE9E161CF038564A70FE83141EA0DA27DA99052C006F4602979C6
GOLD p07.bin 146457BF02A6CA615C0BF84542D678CF2C74159D6CE14A67DDF229AA86605779
GOLD p08.bin 4D87BF03C8D6333BD0D88C9E2BC54F2296F96772DD225640CB0FFE4208B20E81
GOLD p09.bin 6FEE4A4D667FC5B45997910871CBC94FD36EE62DC9D26B46859A45072BB2DDF8
CREATE tool=parfast rc=0 wall=18.265 cpu=193.922 peak_mb=11970.4 par2files=13 par2mb=1556.4 errlen=0
VERIFY round=i5lad2 rep=1 tool=parfast argv='v -q -t12 -T16 f.par2' wall=1.65 cpu=15.234 cpu_over_wall=9.23 peak_mb=25.1 rc=0 intact=10/10 foreign_cpu=34.4 foreign_after=12.5 errlen=0 ts=2026-09-12T19:00:22.8642530Z
VERIFY round=i5lad2 rep=1 tool=par2turbo argv='v -q -t12 -T16 f.par2' wall=4.122 cpu=22.625 cpu_over_wall=5.49 peak_mb=14.9 rc=0 intact=10/10 foreign_cpu=39.1 foreign_after=9.4 errlen=0 ts=2026-09-12T19:00:36.4947778Z
VERIFY round=i5lad2 rep=1 tool=par2j64 argv='v f.par2' wall=9.366 cpu=19.797 cpu_over_wall=2.11 peak_mb=11.7 rc=0 intact=10/10 foreign_cpu=32.8 foreign_after=12.5 errlen=0 ts=2026-09-12T19:00:55.1043623Z
LEG round=i5lad2 rep=1 m=1 tool=parfast argv='r -q -t12 -T16 f.par2' wall=4.201 cpu=30 cpu_over_wall=7.14 peak_mb=764.7 rc=0 restored=10/10 damaged_members=1 touched_members=1 blocks_written=1 strays=1 seed=20260918 foreign_cpu=26.6 foreign_after=10.9 errlen=0 ts=2026-09-12T19:01:12.4719961Z
LEG round=i5lad2 rep=1 m=1 tool=par2turbo argv='r -q -t12 -T16 f.par2' wall=8.322 cpu=33.312 cpu_over_wall=4 peak_mb=28.1 rc=0 restored=10/10 damaged_members=1 touched_members=1 blocks_written=1 strays=1 seed=20260918 foreign_cpu=12.5 foreign_after=29.7 errlen=0 ts=2026-09-12T19:01:39.5870374Z
LEG round=i5lad2 rep=1 m=1 tool=par2j64 argv='r f.par2' wall=18.649 cpu=27.953 cpu_over_wall=1.5 peak_mb=10255.5 rc=16 restored=10/10 damaged_members=1 touched_members=1 blocks_written=1 strays=0 seed=20260918 foreign_cpu=20.3 foreign_after=17.2 errlen=0 ts=2026-09-12T19:02:16.9806639Z
LEG round=i5lad2 rep=1 m=16 tool=parfast argv='r -q -t12 -T16 f.par2' wall=6.573 cpu=48.906 cpu_over_wall=7.44 peak_mb=763.5 rc=0 restored=10/10 damaged_members=6 touched_members=6 blocks_written=16 strays=6 seed=20261023 foreign_cpu=15.6 foreign_after=18.8 errlen=0 ts=2026-09-12T19:02:43.7126696Z
LEG round=i5lad2 rep=1 m=16 tool=par2turbo argv='r -q -t12 -T16 f.par2' wall=10.878 cpu=55.078 cpu_over_wall=5.06 peak_mb=39.4 rc=0 restored=10/10 damaged_members=6 touched_members=6 blocks_written=16 strays=6 seed=20261023 foreign_cpu=7.8 foreign_after=23.4 errlen=0 ts=2026-09-12T19:03:13.5337376Z
LEG round=i5lad2 rep=1 m=16 tool=par2j64 argv='r f.par2' wall=33.698 cpu=50.953 cpu_over_wall=1.51 peak_mb=10266.9 rc=16 restored=10/10 damaged_members=6 touched_members=6 blocks_written=16 strays=0 seed=20261023 foreign_cpu=89.1 foreign_after=26.6 errlen=0 ts=2026-09-12T19:04:06.8504642Z
LEG round=i5lad2 rep=1 m=64 tool=parfast argv='r -q -t12 -T16 f.par2' wall=10.104 cpu=100.188 cpu_over_wall=9.92 peak_mb=762.6 rc=0 restored=10/10 damaged_members=10 touched_members=10 blocks_written=64 strays=10 seed=20261359 foreign_cpu=23.4 foreign_after=7.8 errlen=0 ts=2026-09-12T19:04:36.3362852Z
LEG round=i5lad2 rep=1 m=64 tool=par2turbo argv='r -q -t12 -T16 f.par2' wall=23.954 cpu=114.141 cpu_over_wall=4.77 peak_mb=75.9 rc=0 restored=10/10 damaged_members=10 touched_members=10 blocks_written=64 strays=10 seed=20261359 foreign_cpu=14.1 foreign_after=25 errlen=0 ts=2026-09-12T19:05:21.2694890Z
LEG round=i5lad2 rep=1 m=64 tool=par2j64 argv='r f.par2' wall=50.005 cpu=84.188 cpu_over_wall=1.68 peak_mb=10303.3 rc=16 restored=10/10 damaged_members=10 touched_members=10 blocks_written=64 strays=0 seed=20261359 foreign_cpu=21.9 foreign_after=39.1 errlen=0 ts=2026-09-12T19:06:30.6905287Z
LEG round=i5lad2 rep=1 m=256 tool=parfast argv='r -q -t12 -T16 f.par2' wall=16.568 cpu=163.531 cpu_over_wall=9.87 peak_mb=10361.5 rc=0 restored=10/10 damaged_members=10 touched_members=10 blocks_written=256 strays=10 seed=20262703 foreign_cpu=25 foreign_after=56.2 errlen=0 ts=2026-09-12T19:07:08.9914341Z
LEG round=i5lad2 rep=1 m=256 tool=par2turbo argv='r -q -t12 -T16 f.par2' wall=26.873 cpu=274.703 cpu_over_wall=10.22 peak_mb=221.8 rc=0 restored=10/10 damaged_members=10 touched_members=10 blocks_written=256 strays=10 seed=20262703 foreign_cpu=34.4 foreign_after=20.3 errlen=0 ts=2026-09-12T19:07:57.2689177Z
LEG round=i5lad2 rep=1 m=256 tool=par2j64 argv='r f.par2' wall=65.636 cpu=161.75 cpu_over_wall=2.46 peak_mb=10449.1 rc=16 restored=10/10 damaged_members=10 touched_members=10 blocks_written=256 strays=0 seed=20262703 foreign_cpu=17.2 foreign_after=31.2 errlen=0 ts=2026-09-12T19:09:23.6714409Z
LEG round=i5lad2 rep=1 m=512 tool=parfast argv='r -q -t12 -T16 f.par2' wall=17.97 cpu=180.297 cpu_over_wall=10.03 peak_mb=10379.5 rc=0 restored=10/10 damaged_members=10 touched_members=10 blocks_written=512 strays=10 seed=20264495 foreign_cpu=29.7 foreign_after=68.8 errlen=0 ts=2026-09-12T19:10:07.7332231Z
LEG round=i5lad2 rep=1 m=512 tool=par2turbo argv='r -q -t12 -T16 f.par2' wall=43.607 cpu=472.922 cpu_over_wall=10.85 peak_mb=416 rc=0 restored=10/10 damaged_members=10 touched_members=10 blocks_written=512 strays=10 seed=20264495 foreign_cpu=17.2 foreign_after=23.4 errlen=0 ts=2026-09-12T19:11:14.8499379Z
LEG round=i5lad2 rep=1 m=512 tool=par2j64 argv='r f.par2' wall=86.637 cpu=265.703 cpu_over_wall=3.07 peak_mb=10643.4 rc=16 restored=10/10 damaged_members=10 touched_members=10 blocks_written=512 strays=0 seed=20264495 foreign_cpu=14.1 foreign_after=17.2 errlen=0 ts=2026-09-12T19:13:02.4582494Z
LEG round=i5lad2 rep=1 m=768 tool=parfast argv='r -q -t12 -T16 f.par2' wall=19.905 cpu=198.469 cpu_over_wall=9.97 peak_mb=10402.5 rc=0 restored=10/10 damaged_members=10 touched_members=10 blocks_written=768 strays=10 seed=20266287 foreign_cpu=4.7 foreign_after=26.6 errlen=0 ts=2026-09-12T19:13:46.1579575Z
LEG round=i5lad2 rep=1 m=768 tool=par2turbo argv='r -q -t12 -T16 f.par2' wall=60.424 cpu=671.75 cpu_over_wall=11.12 peak_mb=610.5 rc=0 restored=10/10 damaged_members=10 touched_members=10 blocks_written=768 strays=10 seed=20266287 foreign_cpu=18.8 foreign_after=12.5 errlen=0 ts=2026-09-12T19:15:10.6135387Z
LEG round=i5lad2 rep=1 m=768 tool=par2j64 argv='r f.par2' wall=107.679 cpu=370.297 cpu_over_wall=3.44 peak_mb=10837.7 rc=16 restored=10/10 damaged_members=10 touched_members=10 blocks_written=768 strays=0 seed=20266287 foreign_cpu=15.6 foreign_after=34.4 errlen=0 ts=2026-09-12T19:17:21.9498771Z
LEG round=i5lad2 rep=1 m=1024 tool=parfast argv='r -q -t12 -T16 f.par2' wall=22.539 cpu=227.781 cpu_over_wall=10.11 peak_mb=10424.1 rc=0 restored=10/10 damaged_members=10 touched_members=10 blocks_written=1024 strays=10 seed=20268079 foreign_cpu=15.6 foreign_after=12.5 errlen=0 ts=2026-09-12T19:18:08.9026884Z
LEG round=i5lad2 rep=1 m=1024 tool=par2turbo argv='r -q -t12 -T16 f.par2' wall=77.319 cpu=869.344 cpu_over_wall=11.24 peak_mb=804.8 rc=0 restored=10/10 damaged_members=10 touched_members=10 blocks_written=1024 strays=10 seed=20268079 foreign_cpu=31.2 foreign_after=32.8 errlen=0 ts=2026-09-12T19:19:57.0892696Z
LEG round=i5lad2 rep=1 m=1024 tool=par2j64 argv='r f.par2' wall=128.482 cpu=475.375 cpu_over_wall=3.7 peak_mb=11032.1 rc=16 restored=10/10 damaged_members=10 touched_members=10 blocks_written=1024 strays=0 seed=20268079 foreign_cpu=14.1 foreign_after=23.4 errlen=0 ts=2026-09-12T19:22:28.8985484Z
LEG round=i5lad2 rep=1 m=1152 tool=parfast argv='r -q -t12 -T16 f.par2' wall=24.516 cpu=248.375 cpu_over_wall=10.13 peak_mb=10437.9 rc=0 restored=10/10 damaged_members=10 touched_members=10 blocks_written=1152 strays=10 seed=20268975 foreign_cpu=15.6 foreign_after=20.3 errlen=0 ts=2026-09-12T19:23:18.7267848Z
LEG round=i5lad2 rep=1 m=1152 tool=par2turbo argv='r -q -t12 -T16 f.par2' wall=85.906 cpu=970.641 cpu_over_wall=11.3 peak_mb=901.8 rc=0 restored=10/10 damaged_members=10 touched_members=10 blocks_written=1152 strays=10 seed=20268975 foreign_cpu=21.9 foreign_after=26.6 errlen=0 ts=2026-09-12T19:25:10.2546093Z
LEG round=i5lad2 rep=1 m=1152 tool=par2j64 argv='r f.par2' wall=138.72 cpu=528 cpu_over_wall=3.81 peak_mb=11129.2 rc=16 restored=10/10 damaged_members=10 touched_members=10 blocks_written=1152 strays=0 seed=20268975 foreign_cpu=26.6 foreign_after=35.9 errlen=0 ts=2026-09-12T19:27:53.8339735Z
LEG round=i5lad2 rep=1 m=1280 tool=parfast argv='r -q -t12 -T16 f.par2' wall=23.973 cpu=238.188 cpu_over_wall=9.94 peak_mb=10469.2 rc=0 restored=10/10 damaged_members=10 touched_members=10 blocks_written=1280 strays=10 seed=20269871 foreign_cpu=4.7 foreign_after=29.7 errlen=0 ts=2026-09-12T19:28:43.4013268Z
LEG round=i5lad2 rep=1 m=1280 tool=par2turbo argv='r -q -t12 -T16 f.par2' wall=94.065 cpu=1069.328 cpu_over_wall=11.37 peak_mb=999.1 rc=0 restored=10/10 damaged_members=10 touched_members=10 blocks_written=1280 strays=10 seed=20269871 foreign_cpu=6.2 foreign_after=37.5 errlen=0 ts=2026-09-12T19:30:48.7188511Z
LEG round=i5lad2 rep=1 m=1280 tool=par2j64 argv='r f.par2' wall=149.13 cpu=580.859 cpu_over_wall=3.89 peak_mb=11226.3 rc=16 restored=10/10 damaged_members=10 touched_members=10 blocks_written=1280 strays=0 seed=20269871 foreign_cpu=26.6 foreign_after=45.3 errlen=0 ts=2026-09-12T19:33:42.9226472Z
LEG round=i5lad2 rep=1 m=1408 tool=parfast argv='r -q -t12 -T16 f.par2' wall=24.619 cpu=245.641 cpu_over_wall=9.98 peak_mb=10459.3 rc=0 restored=10/10 damaged_members=10 touched_members=10 blocks_written=1408 strays=10 seed=20270767 foreign_cpu=21.9 foreign_after=9.4 errlen=0 ts=2026-09-12T19:34:34.9341690Z
LEG round=i5lad2 rep=1 m=1408 tool=par2turbo argv='r -q -t12 -T16 f.par2' wall=102.665 cpu=1168.406 cpu_over_wall=11.38 peak_mb=1096.4 rc=0 restored=10/10 damaged_members=10 touched_members=10 blocks_written=1408 strays=10 seed=20270767 foreign_cpu=32.8 foreign_after=37.5 errlen=0 ts=2026-09-12T19:36:44.5548765Z
LEG round=i5lad2 rep=1 m=1408 tool=par2j64 argv='r f.par2' wall=160.388 cpu=635.016 cpu_over_wall=3.96 peak_mb=11323.6 rc=16 restored=10/10 damaged_members=10 touched_members=10 blocks_written=1408 strays=0 seed=20270767 foreign_cpu=29.7 foreign_after=40.6 errlen=0 ts=2026-09-12T19:39:50.8938416Z
LEG round=i5lad2 rep=1 m=1600 tool=parfast argv='r -q -t12 -T16 f.par2' wall=25.479 cpu=254.062 cpu_over_wall=9.97 peak_mb=10470.1 rc=0 restored=10/10 damaged_members=10 touched_members=10 blocks_written=1600 strays=10 seed=20272111 foreign_cpu=10.9 foreign_after=18.8 errlen=0 ts=2026-09-12T19:40:43.8458468Z
LEG round=i5lad2 rep=1 m=1600 tool=par2turbo argv='r -q -t12 -T16 f.par2' wall=115.307 cpu=1316.188 cpu_over_wall=11.41 peak_mb=1242.1 rc=0 restored=10/10 damaged_members=10 touched_members=10 blocks_written=1600 strays=10 seed=20272111 foreign_cpu=6.2 foreign_after=17.2 errlen=0 ts=2026-09-12T19:43:12.7662883Z
LEG round=i5lad2 rep=1 m=1600 tool=par2j64 argv='r f.par2' wall=176.404 cpu=717.984 cpu_over_wall=4.07 peak_mb=11469.3 rc=16 restored=10/10 damaged_members=10 touched_members=10 blocks_written=1600 strays=0 seed=20272111 foreign_cpu=20.3 foreign_after=29.7 errlen=0 ts=2026-09-12T19:46:36.4734211Z
LEG round=i5lad2 rep=1 m=1792 tool=parfast argv='r -q -t12 -T16 f.par2' wall=26.395 cpu=262.953 cpu_over_wall=9.96 peak_mb=10485.7 rc=0 restored=10/10 damaged_members=10 touched_members=10 blocks_written=1792 strays=10 seed=20273455 foreign_cpu=43.8 foreign_after=32.8 errlen=0 ts=2026-09-12T19:47:31.4563255Z
LEG round=i5lad2 rep=1 m=1792 tool=par2turbo argv='r -q -t12 -T16 f.par2' wall=128.175 cpu=1464.938 cpu_over_wall=11.43 peak_mb=1387.8 rc=0 restored=10/10 damaged_members=10 touched_members=10 blocks_written=1792 strays=10 seed=20273455 foreign_cpu=12.5 foreign_after=23.4 errlen=0 ts=2026-09-12T19:50:12.4421959Z
LEG round=i5lad2 rep=1 m=1792 tool=par2j64 argv='r f.par2' wall=192.647 cpu=798.656 cpu_over_wall=4.15 peak_mb=11615 rc=16 restored=10/10 damaged_members=10 touched_members=10 blocks_written=1792 strays=0 seed=20273455 foreign_cpu=35.9 foreign_after=18.8 errlen=0 ts=2026-09-12T19:53:52.8384483Z
LEG round=i5lad2 rep=1 m=2048 tool=parfast argv='r -q -t12 -T16 f.par2' wall=27.672 cpu=274.047 cpu_over_wall=9.9 peak_mb=10508.6 rc=0 restored=10/10 damaged_members=10 touched_members=10 blocks_written=2048 strays=10 seed=20275247 foreign_cpu=15.6 foreign_after=40.6 errlen=0 ts=2026-09-12T19:54:49.7418031Z
LEG round=i5lad2 rep=1 m=2048 tool=par2turbo argv='r -q -t12 -T16 f.par2' wall=145.479 cpu=1668.672 cpu_over_wall=11.47 peak_mb=1582.3 rc=0 restored=10/10 damaged_members=10 touched_members=10 blocks_written=2048 strays=10 seed=20275247 foreign_cpu=15.6 foreign_after=57.8 errlen=0 ts=2026-09-12T19:57:46.4642759Z
LEG round=i5lad2 rep=1 m=2048 tool=par2j64 argv='r f.par2' wall=214.876 cpu=906 cpu_over_wall=4.22 peak_mb=11809.3 rc=16 restored=10/10 damaged_members=10 touched_members=10 blocks_written=2048 strays=0 seed=20275247 foreign_cpu=12.5 foreign_after=29.7 errlen=0 ts=2026-09-12T20:01:49.8447761Z
LEG round=i5lad2 rep=1 m=2098 tool=parfast argv='r -q -t12 -T16 f.par2' wall=29.118 cpu=278.594 cpu_over_wall=9.57 peak_mb=10529.7 rc=0 restored=10/10 damaged_members=10 touched_members=10 blocks_written=2098 strays=10 seed=20275597 foreign_cpu=14.1 foreign_after=34.4 errlen=0 ts=2026-09-12T20:02:49.7803969Z
LEG round=i5lad2 rep=1 m=2098 tool=par2turbo argv='r -q -t12 -T16 f.par2' wall=148.369 cpu=1702.859 cpu_over_wall=11.48 peak_mb=1620.3 rc=0 restored=10/10 damaged_members=10 touched_members=10 blocks_written=2098 strays=10 seed=20275597 foreign_cpu=9.4 foreign_after=31.2 errlen=0 ts=2026-09-12T20:05:48.8976321Z
LEG round=i5lad2 rep=1 m=2098 tool=par2j64 argv='r f.par2' wall=218.928 cpu=927.078 cpu_over_wall=4.23 peak_mb=11847.3 rc=16 restored=10/10 damaged_members=10 touched_members=10 blocks_written=2098 strays=0 seed=20275597 foreign_cpu=28.1 foreign_after=34.4 errlen=0 ts=2026-09-12T20:09:57.4444618Z
LAD2-REP-END rep=1 2026-09-12T20:10:04.2374700Z
VERIFY round=i5lad2 rep=2 tool=parfast argv='v -q -t12 -T16 f.par2' wall=1.649 cpu=15.109 cpu_over_wall=9.16 peak_mb=25 rc=0 intact=10/10 foreign_cpu=56.2 foreign_after=15.6 errlen=0 ts=2026-09-12T20:10:15.1742464Z
VERIFY round=i5lad2 rep=2 tool=par2turbo argv='v -q -t12 -T16 f.par2' wall=4.111 cpu=22.625 cpu_over_wall=5.5 peak_mb=14.9 rc=0 intact=10/10 foreign_cpu=10.9 foreign_after=21.9 errlen=0 ts=2026-09-12T20:10:27.9726743Z
VERIFY round=i5lad2 rep=2 tool=par2j64 argv='v f.par2' wall=9.174 cpu=19.688 cpu_over_wall=2.15 peak_mb=11.7 rc=0 intact=10/10 foreign_cpu=14.1 foreign_after=9.4 errlen=0 ts=2026-09-12T20:10:46.8036324Z
LEG round=i5lad2 rep=2 m=1 tool=parfast argv='r -q -t12 -T16 f.par2' wall=3.939 cpu=30.359 cpu_over_wall=7.71 peak_mb=764.6 rc=0 restored=10/10 damaged_members=1 touched_members=1 blocks_written=1 strays=1 seed=20260919 foreign_cpu=26.6 foreign_after=12.5 errlen=0 ts=2026-09-12T20:11:03.0240044Z
LEG round=i5lad2 rep=2 m=1 tool=par2turbo argv='r -q -t12 -T16 f.par2' wall=7.865 cpu=30.859 cpu_over_wall=3.92 peak_mb=28.1 rc=0 restored=10/10 damaged_members=1 touched_members=1 blocks_written=1 strays=1 seed=20260919 foreign_cpu=18.8 foreign_after=18.8 errlen=0 ts=2026-09-12T20:11:30.3647064Z
LEG round=i5lad2 rep=2 m=1 tool=par2j64 argv='r f.par2' wall=16.717 cpu=25.938 cpu_over_wall=1.55 peak_mb=10255.5 rc=16 restored=10/10 damaged_members=1 touched_members=1 blocks_written=1 strays=0 seed=20260919 foreign_cpu=14.1 foreign_after=48.4 errlen=0 ts=2026-09-12T20:12:07.4395039Z
LEG round=i5lad2 rep=2 m=16 tool=parfast argv='r -q -t12 -T16 f.par2' wall=11.756 cpu=54.859 cpu_over_wall=4.67 peak_mb=763 rc=0 restored=10/10 damaged_members=8 touched_members=8 blocks_written=16 strays=8 seed=20261024 foreign_cpu=25 foreign_after=15.6 errlen=0 ts=2026-09-12T20:12:39.5405990Z
LEG round=i5lad2 rep=2 m=16 tool=par2turbo argv='r -q -t12 -T16 f.par2' wall=12.448 cpu=63.828 cpu_over_wall=5.13 peak_mb=39.5 rc=0 restored=10/10 damaged_members=8 touched_members=8 blocks_written=16 strays=8 seed=20261024 foreign_cpu=18.8 foreign_after=21.9 errlen=0 ts=2026-09-12T20:13:10.8325584Z
LEG round=i5lad2 rep=2 m=16 tool=par2j64 argv='r f.par2' wall=48.265 cpu=54.172 cpu_over_wall=1.12 peak_mb=10266.9 rc=16 restored=10/10 damaged_members=8 touched_members=8 blocks_written=16 strays=0 seed=20261024 foreign_cpu=40.6 foreign_after=56.2 errlen=0 ts=2026-09-12T20:14:18.0708792Z
LEG round=i5lad2 rep=2 m=64 tool=parfast argv='r -q -t12 -T16 f.par2' wall=10.057 cpu=100.797 cpu_over_wall=10.02 peak_mb=762.4 rc=0 restored=10/10 damaged_members=10 touched_members=10 blocks_written=64 strays=10 seed=20261360 foreign_cpu=3.1 foreign_after=7.8 errlen=0 ts=2026-09-12T20:14:47.7143137Z
LEG round=i5lad2 rep=2 m=64 tool=par2turbo argv='r -q -t12 -T16 f.par2' wall=15.269 cpu=115.188 cpu_over_wall=7.54 peak_mb=75.8 rc=0 restored=10/10 damaged_members=10 touched_members=10 blocks_written=64 strays=10 seed=20261360 foreign_cpu=15.6 foreign_after=15.6 errlen=0 ts=2026-09-12T20:15:23.3747142Z
LEG round=i5lad2 rep=2 m=64 tool=par2j64 argv='r f.par2' wall=49.871 cpu=81.109 cpu_over_wall=1.63 peak_mb=10303.2 rc=16 restored=10/10 damaged_members=10 touched_members=10 blocks_written=64 strays=0 seed=20261360 foreign_cpu=10.9 foreign_after=40.6 errlen=0 ts=2026-09-12T20:16:32.4285377Z
LEG round=i5lad2 rep=2 m=256 tool=parfast argv='r -q -t12 -T16 f.par2' wall=16.137 cpu=161.484 cpu_over_wall=10.01 peak_mb=10361 rc=0 restored=10/10 damaged_members=10 touched_members=10 blocks_written=256 strays=10 seed=20262704 foreign_cpu=14.1 foreign_after=37.5 errlen=0 ts=2026-09-12T20:17:10.3514047Z
LEG round=i5lad2 rep=2 m=256 tool=par2turbo argv='r -q -t12 -T16 f.par2' wall=26.788 cpu=272.422 cpu_over_wall=10.17 peak_mb=221.8 rc=0 restored=10/10 damaged_members=10 touched_members=10 blocks_written=256 strays=10 seed=20262704 foreign_cpu=32.8 foreign_after=17.2 errlen=0 ts=2026-09-12T20:17:57.4772640Z
LEG round=i5lad2 rep=2 m=256 tool=par2j64 argv='r f.par2' wall=65.892 cpu=160.344 cpu_over_wall=2.43 peak_mb=10449 rc=16 restored=10/10 damaged_members=10 touched_members=10 blocks_written=256 strays=0 seed=20262704 foreign_cpu=15.6 foreign_after=23.4 errlen=0 ts=2026-09-12T20:19:24.2497594Z
LEG round=i5lad2 rep=2 m=512 tool=parfast argv='r -q -t12 -T16 f.par2' wall=17.631 cpu=176.391 cpu_over_wall=10 peak_mb=10379.9 rc=0 restored=10/10 damaged_members=10 touched_members=10 blocks_written=512 strays=10 seed=20264496 foreign_cpu=23.4 foreign_after=14.1 errlen=0 ts=2026-09-12T20:20:03.0924835Z
LEG round=i5lad2 rep=2 m=512 tool=par2turbo argv='r -q -t12 -T16 f.par2' wall=43.546 cpu=472.188 cpu_over_wall=10.84 peak_mb=416.1 rc=0 restored=10/10 damaged_members=10 touched_members=10 blocks_written=512 strays=10 seed=20264496 foreign_cpu=21.9 foreign_after=21.9 errlen=0 ts=2026-09-12T20:21:09.0301092Z
LEG round=i5lad2 rep=2 m=512 tool=par2j64 argv='r f.par2' wall=86.5 cpu=264.859 cpu_over_wall=3.06 peak_mb=10643.4 rc=16 restored=10/10 damaged_members=10 touched_members=10 blocks_written=512 strays=0 seed=20264496 foreign_cpu=28.1 foreign_after=26.6 errlen=0 ts=2026-09-12T20:22:56.9039094Z
LEG round=i5lad2 rep=2 m=768 tool=parfast argv='r -q -t12 -T16 f.par2' wall=19.549 cpu=197.734 cpu_over_wall=10.11 peak_mb=10402.5 rc=0 restored=10/10 damaged_members=10 touched_members=10 blocks_written=768 strays=10 seed=20266288 foreign_cpu=26.6 foreign_after=17.2 errlen=0 ts=2026-09-12T20:23:40.0605666Z
LEG round=i5lad2 rep=2 m=768 tool=par2turbo argv='r -q -t12 -T16 f.par2' wall=60.655 cpu=669.219 cpu_over_wall=11.03 peak_mb=610.5 rc=0 restored=10/10 damaged_members=10 touched_members=10 blocks_written=768 strays=10 seed=20266288 foreign_cpu=17.2 foreign_after=12.5 errlen=0 ts=2026-09-12T20:25:03.9745828Z
LEG round=i5lad2 rep=2 m=768 tool=par2j64 argv='r f.par2' wall=107.327 cpu=368.328 cpu_over_wall=3.43 peak_mb=10837.7 rc=16 restored=10/10 damaged_members=10 touched_members=10 blocks_written=768 strays=0 seed=20266288 foreign_cpu=9.4 foreign_after=34.4 errlen=0 ts=2026-09-12T20:27:14.7683931Z
LEG round=i5lad2 rep=2 m=1024 tool=parfast argv='r -q -t12 -T16 f.par2' wall=22.319 cpu=226.062 cpu_over_wall=10.13 peak_mb=10424.4 rc=0 restored=10/10 damaged_members=10 touched_members=10 blocks_written=1024 strays=10 seed=20268080 foreign_cpu=15.6 foreign_after=60.9 errlen=0 ts=2026-09-12T20:28:01.4455410Z
LEG round=i5lad2 rep=2 m=1024 tool=par2turbo argv='r -q -t12 -T16 f.par2' wall=77.268 cpu=868.141 cpu_over_wall=11.24 peak_mb=804.7 rc=0 restored=10/10 damaged_members=10 touched_members=10 blocks_written=1024 strays=10 seed=20268080 foreign_cpu=9.4 foreign_after=17.2 errlen=0 ts=2026-09-12T20:29:44.1797593Z
LEG round=i5lad2 rep=2 m=1024 tool=par2j64 argv='r f.par2' wall=127.601 cpu=474.469 cpu_over_wall=3.72 peak_mb=11032.1 rc=16 restored=10/10 damaged_members=10 touched_members=10 blocks_written=1024 strays=0 seed=20268080 foreign_cpu=17.2 foreign_after=45.3 errlen=0 ts=2026-09-12T20:32:15.5786355Z
LEG round=i5lad2 rep=2 m=1152 tool=parfast argv='r -q -t12 -T16 f.par2' wall=23.895 cpu=244.312 cpu_over_wall=10.22 peak_mb=10453.6 rc=0 restored=10/10 damaged_members=10 touched_members=10 blocks_written=1152 strays=10 seed=20268976 foreign_cpu=29.7 foreign_after=23.4 errlen=0 ts=2026-09-12T20:33:05.1845322Z
LEG round=i5lad2 rep=2 m=1152 tool=par2turbo argv='r -q -t12 -T16 f.par2' wall=85.959 cpu=967.734 cpu_over_wall=11.26 peak_mb=901.9 rc=0 restored=10/10 damaged_members=10 touched_members=10 blocks_written=1152 strays=10 seed=20268976 foreign_cpu=32.8 foreign_after=28.1 errlen=0 ts=2026-09-12T20:34:55.6347853Z
LEG round=i5lad2 rep=2 m=1152 tool=par2j64 argv='r f.par2' wall=138.531 cpu=527.922 cpu_over_wall=3.81 peak_mb=11129.3 rc=16 restored=10/10 damaged_members=10 touched_members=10 blocks_written=1152 strays=0 seed=20268976 foreign_cpu=14.1 foreign_after=40.6 errlen=0 ts=2026-09-12T20:37:39.0841998Z
LEG round=i5lad2 rep=2 m=1280 tool=parfast argv='r -q -t12 -T16 f.par2' wall=23.796 cpu=239.875 cpu_over_wall=10.08 peak_mb=10470 rc=0 restored=10/10 damaged_members=10 touched_members=10 blocks_written=1280 strays=10 seed=20269872 foreign_cpu=20.3 foreign_after=18.8 errlen=0 ts=2026-09-12T20:38:28.5645305Z
LEG round=i5lad2 rep=2 m=1280 tool=par2turbo argv='r -q -t12 -T16 f.par2' wall=94.262 cpu=1066.984 cpu_over_wall=11.32 peak_mb=999.2 rc=0 restored=10/10 damaged_members=10 touched_members=10 blocks_written=1280 strays=10 seed=20269872 foreign_cpu=14.1 foreign_after=17.2 errlen=0 ts=2026-09-12T20:40:29.0219997Z
LEG round=i5lad2 rep=2 m=1280 tool=par2j64 argv='r f.par2' wall=149.655 cpu=583.656 cpu_over_wall=3.9 peak_mb=11226.4 rc=16 restored=10/10 damaged_members=10 touched_members=10 blocks_written=1280 strays=0 seed=20269872 foreign_cpu=15.6 foreign_after=46.9 errlen=0 ts=2026-09-12T20:43:25.3168805Z
LEG round=i5lad2 rep=2 m=1408 tool=parfast argv='r -q -t12 -T16 f.par2' wall=24.545 cpu=246.438 cpu_over_wall=10.04 peak_mb=10458.7 rc=0 restored=10/10 damaged_members=10 touched_members=10 blocks_written=1408 strays=10 seed=20270768 foreign_cpu=21.9 foreign_after=21.9 errlen=0 ts=2026-09-12T20:44:22.3787294Z
LEG round=i5lad2 rep=2 m=1408 tool=par2turbo argv='r -q -t12 -T16 f.par2' wall=102.777 cpu=1167.891 cpu_over_wall=11.36 peak_mb=1096.2 rc=0 restored=10/10 damaged_members=10 touched_members=10 blocks_written=1408 strays=10 seed=20270768 foreign_cpu=14.1 foreign_after=40.6 errlen=0 ts=2026-09-12T20:46:31.4890606Z
LEG round=i5lad2 rep=2 m=1408 tool=par2j64 argv='r f.par2' wall=162.786 cpu=651.141 cpu_over_wall=4 peak_mb=11323.6 rc=16 restored=10/10 damaged_members=10 touched_members=10 blocks_written=1408 strays=0 seed=20270768 foreign_cpu=14.1 foreign_after=42.2 errlen=0 ts=2026-09-12T20:49:40.5735348Z
LEG round=i5lad2 rep=2 m=1600 tool=parfast argv='r -q -t12 -T16 f.par2' wall=25.129 cpu=253.234 cpu_over_wall=10.08 peak_mb=10472.6 rc=0 restored=10/10 damaged_members=10 touched_members=10 blocks_written=1600 strays=10 seed=20272112 foreign_cpu=26.6 foreign_after=78.1 errlen=0 ts=2026-09-12T20:50:32.4393165Z
LEG round=i5lad2 rep=2 m=1600 tool=par2turbo argv='r -q -t12 -T16 f.par2' wall=115.625 cpu=1316.266 cpu_over_wall=11.38 peak_mb=1242.1 rc=0 restored=10/10 damaged_members=10 touched_members=10 blocks_written=1600 strays=10 seed=20272112 foreign_cpu=28.1 foreign_after=45.3 errlen=0 ts=2026-09-12T20:52:56.0195296Z
LEG round=i5lad2 rep=2 m=1600 tool=par2j64 argv='r f.par2' wall=176.233 cpu=714.672 cpu_over_wall=4.06 peak_mb=11469.3 rc=16 restored=10/10 damaged_members=10 touched_members=10 blocks_written=1600 strays=0 seed=20272112 foreign_cpu=31.2 foreign_after=31.2 errlen=0 ts=2026-09-12T20:56:18.4051559Z
LEG round=i5lad2 rep=2 m=1792 tool=parfast argv='r -q -t12 -T16 f.par2' wall=26.227 cpu=262.766 cpu_over_wall=10.02 peak_mb=10487.9 rc=0 restored=10/10 damaged_members=10 touched_members=10 blocks_written=1792 strays=10 seed=20273456 foreign_cpu=9.4 foreign_after=31.2 errlen=0 ts=2026-09-12T20:57:13.3711012Z
LEG round=i5lad2 rep=2 m=1792 tool=par2turbo argv='r -q -t12 -T16 f.par2' wall=128.097 cpu=1466.578 cpu_over_wall=11.45 peak_mb=1387.9 rc=0 restored=10/10 damaged_members=10 touched_members=10 blocks_written=1792 strays=10 seed=20273456 foreign_cpu=17.2 foreign_after=25 errlen=0 ts=2026-09-12T20:59:49.2447467Z
LEG round=i5lad2 rep=2 m=1792 tool=par2j64 argv='r f.par2' wall=192.818 cpu=796.562 cpu_over_wall=4.13 peak_mb=11615 rc=16 restored=10/10 damaged_members=10 touched_members=10 blocks_written=1792 strays=0 seed=20273456 foreign_cpu=34.4 foreign_after=40.6 errlen=0 ts=2026-09-12T21:03:30.1111238Z
LEG round=i5lad2 rep=2 m=2048 tool=parfast argv='r -q -t12 -T16 f.par2' wall=28.373 cpu=273.328 cpu_over_wall=9.63 peak_mb=10510.4 rc=0 restored=10/10 damaged_members=10 touched_members=10 blocks_written=2048 strays=10 seed=20275248 foreign_cpu=23.4 foreign_after=25 errlen=0 ts=2026-09-12T21:04:27.8025143Z
LEG round=i5lad2 rep=2 m=2048 tool=par2turbo argv='r -q -t12 -T16 f.par2' wall=145.581 cpu=1662.172 cpu_over_wall=11.42 peak_mb=1582.3 rc=0 restored=10/10 damaged_members=10 touched_members=10 blocks_written=2048 strays=10 seed=20275248 foreign_cpu=20.3 foreign_after=23.4 errlen=0 ts=2026-09-12T21:07:24.3660374Z
LEG round=i5lad2 rep=2 m=2048 tool=par2j64 argv='r f.par2' wall=214.694 cpu=907.906 cpu_over_wall=4.23 peak_mb=11809.5 rc=16 restored=10/10 damaged_members=10 touched_members=10 blocks_written=2048 strays=0 seed=20275248 foreign_cpu=26.6 foreign_after=23.4 errlen=0 ts=2026-09-12T21:11:27.6359487Z
LEG round=i5lad2 rep=2 m=2098 tool=parfast argv='r -q -t12 -T16 f.par2' wall=27.743 cpu=278.266 cpu_over_wall=10.03 peak_mb=10532.6 rc=0 restored=10/10 damaged_members=10 touched_members=10 blocks_written=2098 strays=10 seed=20275598 foreign_cpu=14.1 foreign_after=26.6 errlen=0 ts=2026-09-12T21:12:25.9017810Z
LEG round=i5lad2 rep=2 m=2098 tool=par2turbo argv='r -q -t12 -T16 f.par2' wall=148.411 cpu=1702.484 cpu_over_wall=11.47 peak_mb=1620.3 rc=0 restored=10/10 damaged_members=10 touched_members=10 blocks_written=2098 strays=10 seed=20275598 foreign_cpu=9.4 foreign_after=26.6 errlen=0 ts=2026-09-12T21:15:25.3698603Z
LEG round=i5lad2 rep=2 m=2098 tool=par2j64 argv='r f.par2' wall=217.244 cpu=922.688 cpu_over_wall=4.25 peak_mb=11847.4 rc=16 restored=10/10 damaged_members=10 touched_members=10 blocks_written=2098 strays=0 seed=20275598 foreign_cpu=7.8 foreign_after=42.2 errlen=0 ts=2026-09-12T21:19:32.6741469Z
LAD2-REP-END rep=2 2026-09-12T21:19:39.1137269Z
VERIFY round=i5lad2 rep=3 tool=parfast argv='v -q -t12 -T16 f.par2' wall=1.661 cpu=15.062 cpu_over_wall=9.07 peak_mb=25.2 rc=0 intact=10/10 foreign_cpu=14.1 foreign_after=25 errlen=0 ts=2026-09-12T21:19:49.9815542Z
VERIFY round=i5lad2 rep=3 tool=par2turbo argv='v -q -t12 -T16 f.par2' wall=4.15 cpu=22.219 cpu_over_wall=5.35 peak_mb=15 rc=0 intact=10/10 foreign_cpu=39.1 foreign_after=10.9 errlen=0 ts=2026-09-12T21:20:03.0738683Z
VERIFY round=i5lad2 rep=3 tool=par2j64 argv='v f.par2' wall=9.02 cpu=19.109 cpu_over_wall=2.12 peak_mb=11.7 rc=0 intact=10/10 foreign_cpu=25 foreign_after=10.9 errlen=0 ts=2026-09-12T21:20:21.5324902Z
LEG round=i5lad2 rep=3 m=1 tool=parfast argv='r -q -t12 -T16 f.par2' wall=3.983 cpu=30.109 cpu_over_wall=7.56 peak_mb=764.7 rc=0 restored=10/10 damaged_members=1 touched_members=1 blocks_written=1 strays=1 seed=20260920 foreign_cpu=14.1 foreign_after=7.8 errlen=0 ts=2026-09-12T21:20:37.8303416Z
LEG round=i5lad2 rep=3 m=1 tool=par2turbo argv='r -q -t12 -T16 f.par2' wall=7.868 cpu=32.094 cpu_over_wall=4.08 peak_mb=28.1 rc=0 restored=10/10 damaged_members=1 touched_members=1 blocks_written=1 strays=1 seed=20260920 foreign_cpu=18.8 foreign_after=29.7 errlen=0 ts=2026-09-12T21:21:04.9794777Z
LEG round=i5lad2 rep=3 m=1 tool=par2j64 argv='r f.par2' wall=15.989 cpu=26.078 cpu_over_wall=1.63 peak_mb=10255.5 rc=16 restored=10/10 damaged_members=1 touched_members=1 blocks_written=1 strays=0 seed=20260920 foreign_cpu=26.6 foreign_after=20.3 errlen=0 ts=2026-09-12T21:21:39.1887881Z
LEG round=i5lad2 rep=3 m=16 tool=parfast argv='r -q -t12 -T16 f.par2' wall=7.223 cpu=55.188 cpu_over_wall=7.64 peak_mb=763 rc=0 restored=10/10 damaged_members=8 touched_members=8 blocks_written=16 strays=8 seed=20261025 foreign_cpu=20.3 foreign_after=15.6 errlen=0 ts=2026-09-12T21:22:06.7671743Z
LEG round=i5lad2 rep=3 m=16 tool=par2turbo argv='r -q -t12 -T16 f.par2' wall=14.456 cpu=63.062 cpu_over_wall=4.36 peak_mb=39.3 rc=0 restored=10/10 damaged_members=8 touched_members=8 blocks_written=16 strays=8 seed=20261025 foreign_cpu=25 foreign_after=7.8 errlen=0 ts=2026-09-12T21:22:40.1781542Z
LEG round=i5lad2 rep=3 m=16 tool=par2j64 argv='r f.par2' wall=39.272 cpu=52.891 cpu_over_wall=1.35 peak_mb=10266.9 rc=16 restored=10/10 damaged_members=8 touched_members=8 blocks_written=16 strays=0 seed=20261025 foreign_cpu=7.8 foreign_after=46.9 errlen=0 ts=2026-09-12T21:23:38.8543524Z
LEG round=i5lad2 rep=3 m=64 tool=parfast argv='r -q -t12 -T16 f.par2' wall=10.037 cpu=100.578 cpu_over_wall=10.02 peak_mb=762.3 rc=0 restored=10/10 damaged_members=10 touched_members=10 blocks_written=64 strays=10 seed=20261361 foreign_cpu=21.9 foreign_after=9.4 errlen=0 ts=2026-09-12T21:24:08.0172934Z
LEG round=i5lad2 rep=3 m=64 tool=par2turbo argv='r -q -t12 -T16 f.par2' wall=16.827 cpu=114.797 cpu_over_wall=6.82 peak_mb=75.9 rc=0 restored=10/10 damaged_members=10 touched_members=10 blocks_written=64 strays=10 seed=20261361 foreign_cpu=17.2 foreign_after=31.2 errlen=0 ts=2026-09-12T21:24:45.3822169Z
LEG round=i5lad2 rep=3 m=64 tool=par2j64 argv='r f.par2' wall=59.038 cpu=81.953 cpu_over_wall=1.39 peak_mb=10303.3 rc=16 restored=10/10 damaged_members=10 touched_members=10 blocks_written=64 strays=0 seed=20261361 foreign_cpu=15.6 foreign_after=28.1 errlen=0 ts=2026-09-12T21:26:04.7475679Z
LEG round=i5lad2 rep=3 m=256 tool=parfast argv='r -q -t12 -T16 f.par2' wall=16.338 cpu=164.609 cpu_over_wall=10.08 peak_mb=10361.2 rc=0 restored=10/10 damaged_members=10 touched_members=10 blocks_written=256 strays=10 seed=20262705 foreign_cpu=32.8 foreign_after=46.9 errlen=0 ts=2026-09-12T21:26:42.5332380Z
LEG round=i5lad2 rep=3 m=256 tool=par2turbo argv='r -q -t12 -T16 f.par2' wall=26.792 cpu=273.859 cpu_over_wall=10.22 peak_mb=221.8 rc=0 restored=10/10 damaged_members=10 touched_members=10 blocks_written=256 strays=10 seed=20262705 foreign_cpu=32.8 foreign_after=14.1 errlen=0 ts=2026-09-12T21:27:29.3145014Z
LEG round=i5lad2 rep=3 m=256 tool=par2j64 argv='r f.par2' wall=65.141 cpu=160.641 cpu_over_wall=2.47 peak_mb=10449.1 rc=16 restored=10/10 damaged_members=10 touched_members=10 blocks_written=256 strays=0 seed=20262705 foreign_cpu=7.8 foreign_after=35.9 errlen=0 ts=2026-09-12T21:28:55.1089651Z
LEG round=i5lad2 rep=3 m=512 tool=parfast argv='r -q -t12 -T16 f.par2' wall=17.751 cpu=178.469 cpu_over_wall=10.05 peak_mb=10380 rc=0 restored=10/10 damaged_members=10 touched_members=10 blocks_written=512 strays=10 seed=20264497 foreign_cpu=6.2 foreign_after=18.8 errlen=0 ts=2026-09-12T21:29:34.3527776Z
LEG round=i5lad2 rep=3 m=512 tool=par2turbo argv='r -q -t12 -T16 f.par2' wall=43.432 cpu=473.188 cpu_over_wall=10.89 peak_mb=416.1 rc=0 restored=10/10 damaged_members=10 touched_members=10 blocks_written=512 strays=10 seed=20264497 foreign_cpu=9.4 foreign_after=7.8 errlen=0 ts=2026-09-12T21:30:40.2258332Z
LEG round=i5lad2 rep=3 m=512 tool=par2j64 argv='r f.par2' wall=86.654 cpu=264.312 cpu_over_wall=3.05 peak_mb=10643.4 rc=16 restored=10/10 damaged_members=10 touched_members=10 blocks_written=512 strays=0 seed=20264497 foreign_cpu=21.9 foreign_after=28.1 errlen=0 ts=2026-09-12T21:32:28.2832076Z
LEG round=i5lad2 rep=3 m=768 tool=parfast argv='r -q -t12 -T16 f.par2' wall=19.609 cpu=198.016 cpu_over_wall=10.1 peak_mb=10402.2 rc=0 restored=10/10 damaged_members=10 touched_members=10 blocks_written=768 strays=10 seed=20266289 foreign_cpu=14.1 foreign_after=20.3 errlen=0 ts=2026-09-12T21:33:11.8121434Z
LEG round=i5lad2 rep=3 m=768 tool=par2turbo argv='r -q -t12 -T16 f.par2' wall=60.502 cpu=670.953 cpu_over_wall=11.09 peak_mb=610.5 rc=0 restored=10/10 damaged_members=10 touched_members=10 blocks_written=768 strays=10 seed=20266289 foreign_cpu=28.1 foreign_after=40.6 errlen=0 ts=2026-09-12T21:34:35.8867869Z
LEG round=i5lad2 rep=3 m=768 tool=par2j64 argv='r f.par2' wall=107.583 cpu=368.594 cpu_over_wall=3.43 peak_mb=10837.8 rc=16 restored=10/10 damaged_members=10 touched_members=10 blocks_written=768 strays=0 seed=20266289 foreign_cpu=21.9 foreign_after=78.1 errlen=0 ts=2026-09-12T21:36:46.4683018Z
LEG round=i5lad2 rep=3 m=1024 tool=parfast argv='r -q -t12 -T16 f.par2' wall=22.172 cpu=225.922 cpu_over_wall=10.19 peak_mb=10423.9 rc=0 restored=10/10 damaged_members=10 touched_members=10 blocks_written=1024 strays=10 seed=20268081 foreign_cpu=15.6 foreign_after=56.2 errlen=0 ts=2026-09-12T21:37:32.4346763Z
LEG round=i5lad2 rep=3 m=1024 tool=par2turbo argv='r -q -t12 -T16 f.par2' wall=77.195 cpu=868.078 cpu_over_wall=11.25 peak_mb=804.8 rc=0 restored=10/10 damaged_members=10 touched_members=10 blocks_written=1024 strays=10 seed=20268081 foreign_cpu=18.8 foreign_after=10.9 errlen=0 ts=2026-09-12T21:39:15.1419691Z
LEG round=i5lad2 rep=3 m=1024 tool=par2j64 argv='r f.par2' wall=127.689 cpu=473.859 cpu_over_wall=3.71 peak_mb=11032.1 rc=16 restored=10/10 damaged_members=10 touched_members=10 blocks_written=1024 strays=0 seed=20268081 foreign_cpu=15.6 foreign_after=20.3 errlen=0 ts=2026-09-12T21:41:47.1383998Z
LEG round=i5lad2 rep=3 m=1152 tool=parfast argv='r -q -t12 -T16 f.par2' wall=23.92 cpu=246.219 cpu_over_wall=10.29 peak_mb=10446.4 rc=0 restored=10/10 damaged_members=10 touched_members=10 blocks_written=1152 strays=10 seed=20268977 foreign_cpu=12.5 foreign_after=28.1 errlen=0 ts=2026-09-12T21:42:36.6169338Z
LEG round=i5lad2 rep=3 m=1152 tool=par2turbo argv='r -q -t12 -T16 f.par2' wall=85.504 cpu=967.969 cpu_over_wall=11.32 peak_mb=902 rc=0 restored=10/10 damaged_members=10 touched_members=10 blocks_written=1152 strays=10 seed=20268977 foreign_cpu=18.8 foreign_after=34.4 errlen=0 ts=2026-09-12T21:44:27.1006111Z
LEG round=i5lad2 rep=3 m=1152 tool=par2j64 argv='r f.par2' wall=138.724 cpu=527.5 cpu_over_wall=3.8 peak_mb=11129.1 rc=16 restored=10/10 damaged_members=10 touched_members=10 blocks_written=1152 strays=0 seed=20268977 foreign_cpu=21.9 foreign_after=32.8 errlen=0 ts=2026-09-12T21:47:11.0096930Z
LEG round=i5lad2 rep=3 m=1280 tool=parfast argv='r -q -t12 -T16 f.par2' wall=23.908 cpu=239.984 cpu_over_wall=10.04 peak_mb=10455.4 rc=0 restored=10/10 damaged_members=10 touched_members=10 blocks_written=1280 strays=10 seed=20269873 foreign_cpu=12.5 foreign_after=15.6 errlen=0 ts=2026-09-12T21:48:00.8061103Z
LEG round=i5lad2 rep=3 m=1280 tool=par2turbo argv='r -q -t12 -T16 f.par2' wall=94.273 cpu=1066.781 cpu_over_wall=11.32 peak_mb=999.2 rc=0 restored=10/10 damaged_members=10 touched_members=10 blocks_written=1280 strays=10 seed=20269873 foreign_cpu=28.1 foreign_after=34.4 errlen=0 ts=2026-09-12T21:50:01.9105303Z
LEG round=i5lad2 rep=3 m=1280 tool=par2j64 argv='r f.par2' wall=148.805 cpu=580.312 cpu_over_wall=3.9 peak_mb=11226.4 rc=16 restored=10/10 damaged_members=10 touched_members=10 blocks_written=1280 strays=0 seed=20269873 foreign_cpu=4.7 foreign_after=29.7 errlen=0 ts=2026-09-12T21:52:55.7953627Z
LEG round=i5lad2 rep=3 m=1408 tool=parfast argv='r -q -t12 -T16 f.par2' wall=24.105 cpu=241.594 cpu_over_wall=10.02 peak_mb=10457 rc=0 restored=10/10 damaged_members=10 touched_members=10 blocks_written=1408 strays=10 seed=20270769 foreign_cpu=14.1 foreign_after=20.3 errlen=0 ts=2026-09-12T21:53:46.8257633Z
LEG round=i5lad2 rep=3 m=1408 tool=par2turbo argv='r -q -t12 -T16 f.par2' wall=102.961 cpu=1167.766 cpu_over_wall=11.34 peak_mb=1096.3 rc=0 restored=10/10 damaged_members=10 touched_members=10 blocks_written=1408 strays=10 seed=20270769 foreign_cpu=21.9 foreign_after=18.8 errlen=0 ts=2026-09-12T21:56:27.6642938Z
LEG round=i5lad2 rep=3 m=1408 tool=par2j64 argv='r f.par2' wall=160.314 cpu=634.562 cpu_over_wall=3.96 peak_mb=11323.5 rc=16 restored=10/10 damaged_members=10 touched_members=10 blocks_written=1408 strays=0 seed=20270769 foreign_cpu=7.8 foreign_after=28.1 errlen=0 ts=2026-09-12T21:59:34.1152494Z
LEG round=i5lad2 rep=3 m=1600 tool=parfast argv='r -q -t12 -T16 f.par2' wall=25.38 cpu=253.047 cpu_over_wall=9.97 peak_mb=10471 rc=0 restored=10/10 damaged_members=10 touched_members=10 blocks_written=1600 strays=10 seed=20272113 foreign_cpu=31.2 foreign_after=28.1 errlen=0 ts=2026-09-12T22:00:26.6399769Z
LEG round=i5lad2 rep=3 m=1600 tool=par2turbo argv='r -q -t12 -T16 f.par2' wall=115.182 cpu=1317.578 cpu_over_wall=11.44 peak_mb=1242.1 rc=0 restored=10/10 damaged_members=10 touched_members=10 blocks_written=1600 strays=10 seed=20272113 foreign_cpu=26.6 foreign_after=45.3 errlen=0 ts=2026-09-12T22:02:49.9378242Z
LEG round=i5lad2 rep=3 m=1600 tool=par2j64 argv='r f.par2' wall=176.457 cpu=716.422 cpu_over_wall=4.06 peak_mb=11469.3 rc=16 restored=10/10 damaged_members=10 touched_members=10 blocks_written=1600 strays=0 seed=20272113 foreign_cpu=20.3 foreign_after=29.7 errlen=0 ts=2026-09-12T22:06:12.8958978Z
LEG round=i5lad2 rep=3 m=1792 tool=parfast argv='r -q -t12 -T16 f.par2' wall=26.693 cpu=259.453 cpu_over_wall=9.72 peak_mb=10487.2 rc=0 restored=10/10 damaged_members=10 touched_members=10 blocks_written=1792 strays=10 seed=20273457 foreign_cpu=17.2 foreign_after=25 errlen=0 ts=2026-09-12T22:07:09.4741776Z
LEG round=i5lad2 rep=3 m=1792 tool=par2turbo argv='r -q -t12 -T16 f.par2' wall=128.026 cpu=1465.141 cpu_over_wall=11.44 peak_mb=1387.9 rc=0 restored=10/10 damaged_members=10 touched_members=10 blocks_written=1792 strays=10 seed=20273457 foreign_cpu=29.7 foreign_after=42.2 errlen=0 ts=2026-09-12T22:09:45.1676540Z
LEG round=i5lad2 rep=3 m=1792 tool=par2j64 argv='r f.par2' wall=192.026 cpu=795.375 cpu_over_wall=4.14 peak_mb=11615.1 rc=16 restored=10/10 damaged_members=10 touched_members=10 blocks_written=1792 strays=0 seed=20273457 foreign_cpu=15.6 foreign_after=23.4 errlen=0 ts=2026-09-12T22:13:25.6955021Z
LEG round=i5lad2 rep=3 m=2048 tool=parfast argv='r -q -t12 -T16 f.par2' wall=27.675 cpu=277.781 cpu_over_wall=10.04 peak_mb=10510.6 rc=0 restored=10/10 damaged_members=10 touched_members=10 blocks_written=2048 strays=10 seed=20275249 foreign_cpu=26.6 foreign_after=18.8 errlen=0 ts=2026-09-12T22:14:22.4445908Z
LEG round=i5lad2 rep=3 m=2048 tool=par2turbo argv='r -q -t12 -T16 f.par2' wall=145.134 cpu=1663.75 cpu_over_wall=11.46 peak_mb=1582.2 rc=0 restored=10/10 damaged_members=10 touched_members=10 blocks_written=2048 strays=10 seed=20275249 foreign_cpu=18.8 foreign_after=32.8 errlen=0 ts=2026-09-12T22:17:17.6988248Z
LEG round=i5lad2 rep=3 m=2048 tool=par2j64 argv='r f.par2' wall=214.271 cpu=904.109 cpu_over_wall=4.22 peak_mb=11809.4 rc=16 restored=10/10 damaged_members=10 touched_members=10 blocks_written=2048 strays=0 seed=20275249 foreign_cpu=15.6 foreign_after=35.9 errlen=0 ts=2026-09-12T22:21:20.9397542Z
LEG round=i5lad2 rep=3 m=2098 tool=parfast argv='r -q -t12 -T16 f.par2' wall=27.983 cpu=279.781 cpu_over_wall=10 peak_mb=10528.8 rc=0 restored=10/10 damaged_members=10 touched_members=10 blocks_written=2098 strays=10 seed=20275599 foreign_cpu=21.9 foreign_after=25 errlen=0 ts=2026-09-12T22:22:19.3909111Z
LEG round=i5lad2 rep=3 m=2098 tool=par2turbo argv='r -q -t12 -T16 f.par2' wall=148.603 cpu=1701.25 cpu_over_wall=11.45 peak_mb=1620.1 rc=0 restored=10/10 damaged_members=10 touched_members=10 blocks_written=2098 strays=10 seed=20275599 foreign_cpu=18.8 foreign_after=26.6 errlen=0 ts=2026-09-12T22:25:17.3528412Z
LEG round=i5lad2 rep=3 m=2098 tool=par2j64 argv='r f.par2' wall=217.493 cpu=921.547 cpu_over_wall=4.24 peak_mb=11847.4 rc=16 restored=10/10 damaged_members=10 touched_members=10 blocks_written=2098 strays=0 seed=20275599 foreign_cpu=34.4 foreign_after=20.3 errlen=0 ts=2026-09-12T22:29:24.6322289Z
LAD2-REP-END rep=3 2026-09-12T22:29:31.5821805Z
LAD2-END 2026-09-12T22:29:31.5839213Z
RIG-LOCK-RELEASED <rig>\.parfast-rig.lock
