fixture ready: 16 x 64 MiB at 65536 B slices -> n = 16384 slices
LADDER label=res budget=big rungs=[80, 96, 112, 128, 144, 160, 192] threads=[32] reps=3 arms=['fold', 'force', 'force2', 'fold2'] n=16384
LEG res m=80   t=32  fold   r0 rc=0 cpu=7.26    wall=0.26    route=fold   passes=0   cold=0   foreign=233/131% ok=True d9305fa0d0e56853
LEG res m=80   t=32  force  r0 rc=0 cpu=9.7     wall=0.35    route=copied passes=1   cold=1   foreign=131/92% ok=True d9305fa0d0e56853
LEG res m=80   t=32  force2 r0 rc=0 cpu=9.67    wall=0.36    route=copied passes=1   cold=1   foreign=92/132% ok=True d9305fa0d0e56853
LEG res m=80   t=32  fold2  r0 rc=0 cpu=7.25    wall=0.26    route=fold   passes=0   cold=0   foreign=132/123% ok=True d9305fa0d0e56853
LEG res m=80   t=32  fold2  r1 rc=0 cpu=7.32    wall=0.26    route=fold   passes=0   cold=0   foreign=121/87% ok=True d9305fa0d0e56853
LEG res m=80   t=32  force2 r1 rc=0 cpu=9.7     wall=0.36    route=copied passes=1   cold=1   foreign=87/83% ok=True d9305fa0d0e56853
LEG res m=80   t=32  force  r1 rc=0 cpu=9.69    wall=0.36    route=copied passes=1   cold=1   foreign=115/99% ok=True d9305fa0d0e56853
LEG res m=80   t=32  fold   r1 rc=0 cpu=7.21    wall=0.26    route=fold   passes=0   cold=0   foreign=99/152% ok=True d9305fa0d0e56853
LEG res m=80   t=32  fold   r2 rc=0 cpu=7.34    wall=0.27    route=fold   passes=0   cold=0   foreign=167/172% ok=True d9305fa0d0e56853
LEG res m=80   t=32  force  r2 rc=0 cpu=9.67    wall=0.36    route=copied passes=1   cold=1   foreign=175/169% ok=True d9305fa0d0e56853
LEG res m=80   t=32  force2 r2 rc=0 cpu=9.67    wall=0.36    route=copied passes=1   cold=1   foreign=169/114% ok=True d9305fa0d0e56853
LEG res m=80   t=32  fold2  r2 rc=0 cpu=7.33    wall=0.26    route=fold   passes=0   cold=0   foreign=114/94% ok=True d9305fa0d0e56853
LEG res m=96   t=32  fold   r0 rc=0 cpu=8.05    wall=0.28    route=fold   passes=0   cold=0   foreign=94/105% ok=True 7f81fdbaf8140d9d
LEG res m=96   t=32  force  r0 rc=0 cpu=9.72    wall=0.35    route=copied passes=1   cold=1   foreign=103/82% ok=True 7f81fdbaf8140d9d
LEG res m=96   t=32  force2 r0 rc=0 cpu=9.74    wall=0.35    route=copied passes=1   cold=1   foreign=82/118% ok=True 7f81fdbaf8140d9d
LEG res m=96   t=32  fold2  r0 rc=0 cpu=8.09    wall=0.29    route=fold   passes=0   cold=0   foreign=160/168% ok=True 7f81fdbaf8140d9d
LEG res m=96   t=32  fold2  r1 rc=0 cpu=8.1     wall=0.28    route=fold   passes=0   cold=0   foreign=163/107% ok=True 7f81fdbaf8140d9d
LEG res m=96   t=32  force2 r1 rc=0 cpu=9.66    wall=0.36    route=copied passes=1   cold=1   foreign=107/100% ok=True 7f81fdbaf8140d9d
LEG res m=96   t=32  force  r1 rc=0 cpu=9.69    wall=0.37    route=copied passes=1   cold=1   foreign=152/119% ok=True 7f81fdbaf8140d9d
LEG res m=96   t=32  fold   r1 rc=0 cpu=8.06    wall=0.28    route=fold   passes=0   cold=0   foreign=119/94% ok=True 7f81fdbaf8140d9d
LEG res m=96   t=32  fold   r2 rc=0 cpu=8.01    wall=0.28    route=fold   passes=0   cold=0   foreign=94/86% ok=True 7f81fdbaf8140d9d
LEG res m=96   t=32  force  r2 rc=0 cpu=9.67    wall=0.35    route=copied passes=1   cold=1   foreign=86/99% ok=True 7f81fdbaf8140d9d
LEG res m=96   t=32  force2 r2 rc=0 cpu=9.67    wall=0.36    route=copied passes=1   cold=1   foreign=99/119% ok=True 7f81fdbaf8140d9d
LEG res m=96   t=32  fold2  r2 rc=0 cpu=8.05    wall=0.28    route=fold   passes=0   cold=0   foreign=162/138% ok=True 7f81fdbaf8140d9d
LEG res m=112  t=32  fold   r0 rc=0 cpu=8.54    wall=0.30    route=fold   passes=0   cold=0   foreign=131/98% ok=True 292ac34b541666aa
LEG res m=112  t=32  force  r0 rc=0 cpu=9.64    wall=0.39    route=copied passes=1   cold=1   foreign=110/130% ok=True 292ac34b541666aa
LEG res m=112  t=32  force2 r0 rc=0 cpu=9.69    wall=0.35    route=copied passes=1   cold=1   foreign=130/108% ok=True 292ac34b541666aa
LEG res m=112  t=32  fold2  r0 rc=0 cpu=8.53    wall=0.30    route=fold   passes=0   cold=0   foreign=131/101% ok=True 292ac34b541666aa
LEG res m=112  t=32  fold2  r1 rc=0 cpu=8.65    wall=0.30    route=fold   passes=0   cold=0   foreign=106/88% ok=True 292ac34b541666aa
LEG res m=112  t=32  force2 r1 rc=0 cpu=9.68    wall=0.37    route=copied passes=1   cold=1   foreign=96/106% ok=True 292ac34b541666aa
LEG res m=112  t=32  force  r1 rc=0 cpu=9.67    wall=0.36    route=copied passes=1   cold=1   foreign=106/110% ok=True 292ac34b541666aa
LEG res m=112  t=32  fold   r1 rc=0 cpu=8.63    wall=0.30    route=fold   passes=0   cold=0   foreign=136/100% ok=True 292ac34b541666aa
LEG res m=112  t=32  fold   r2 rc=0 cpu=8.56    wall=0.30    route=fold   passes=0   cold=0   foreign=108/94% ok=True 292ac34b541666aa
LEG res m=112  t=32  force  r2 rc=0 cpu=9.71    wall=0.35    route=copied passes=1   cold=1   foreign=102/100% ok=True 292ac34b541666aa
LEG res m=112  t=32  force2 r2 rc=0 cpu=9.72    wall=0.35    route=copied passes=1   cold=1   foreign=100/89% ok=True 292ac34b541666aa
LEG res m=112  t=32  fold2  r2 rc=0 cpu=8.56    wall=0.30    route=fold   passes=0   cold=0   foreign=89/96% ok=True 292ac34b541666aa
LEG res m=128  t=32  fold   r0 rc=0 cpu=9.41    wall=0.33    route=fold   passes=0   cold=0   foreign=94/85% ok=True 3134ed90638a9e08
LEG res m=128  t=32  force  r0 rc=0 cpu=9.7     wall=0.37    route=copied passes=1   cold=1   foreign=100/115% ok=True 3134ed90638a9e08
LEG res m=128  t=32  force2 r0 rc=0 cpu=9.69    wall=0.36    route=copied passes=1   cold=1   foreign=115/95% ok=True 3134ed90638a9e08
LEG res m=128  t=32  fold2  r0 rc=0 cpu=9.35    wall=0.33    route=fold   passes=0   cold=0   foreign=126/98% ok=True 3134ed90638a9e08
LEG res m=128  t=32  fold2  r1 rc=0 cpu=9.36    wall=0.33    route=fold   passes=0   cold=0   foreign=98/94% ok=True 3134ed90638a9e08
LEG res m=128  t=32  force2 r1 rc=0 cpu=9.72    wall=0.35    route=copied passes=1   cold=1   foreign=94/84% ok=True 3134ed90638a9e08
LEG res m=128  t=32  force  r1 rc=0 cpu=9.65    wall=0.36    route=copied passes=1   cold=1   foreign=84/129% ok=True 3134ed90638a9e08
LEG res m=128  t=32  fold   r1 rc=0 cpu=9.39    wall=0.33    route=fold   passes=0   cold=0   foreign=129/96% ok=True 3134ed90638a9e08
LEG res m=128  t=32  fold   r2 rc=0 cpu=9.39    wall=0.33    route=fold   passes=0   cold=0   foreign=96/88% ok=True 3134ed90638a9e08
LEG res m=128  t=32  force  r2 rc=0 cpu=9.68    wall=0.36    route=copied passes=1   cold=1   foreign=88/98% ok=True 3134ed90638a9e08
LEG res m=128  t=32  force2 r2 rc=0 cpu=9.73    wall=0.35    route=copied passes=1   cold=1   foreign=118/90% ok=True 3134ed90638a9e08
LEG res m=128  t=32  fold2  r2 rc=0 cpu=9.39    wall=0.33    route=fold   passes=0   cold=0   foreign=90/86% ok=True 3134ed90638a9e08
LEG res m=144  t=32  fold   r0 rc=0 cpu=9.94    wall=0.35    route=fold   passes=0   cold=0   foreign=86/86% ok=True 527bb4c87d12c1c4
LEG res m=144  t=32  force  r0 rc=0 cpu=9.73    wall=0.37    route=copied passes=1   cold=1   foreign=101/100% ok=True 527bb4c87d12c1c4
LEG res m=144  t=32  force2 r0 rc=0 cpu=9.7     wall=0.36    route=copied passes=1   cold=1   foreign=100/101% ok=True 527bb4c87d12c1c4
LEG res m=144  t=32  fold2  r0 rc=0 cpu=9.91    wall=0.35    route=fold   passes=0   cold=0   foreign=129/109% ok=True 527bb4c87d12c1c4
LEG res m=144  t=32  fold2  r1 rc=0 cpu=9.96    wall=0.35    route=fold   passes=0   cold=0   foreign=109/94% ok=True 527bb4c87d12c1c4
LEG res m=144  t=32  force2 r1 rc=0 cpu=9.68    wall=0.36    route=copied passes=1   cold=1   foreign=93/118% ok=True 527bb4c87d12c1c4
LEG res m=144  t=32  force  r1 rc=0 cpu=9.71    wall=0.35    route=copied passes=1   cold=1   foreign=118/104% ok=True 527bb4c87d12c1c4
LEG res m=144  t=32  fold   r1 rc=0 cpu=9.93    wall=0.34    route=fold   passes=0   cold=0   foreign=104/97% ok=True 527bb4c87d12c1c4
LEG res m=144  t=32  fold   r2 rc=0 cpu=9.92    wall=0.35    route=fold   passes=0   cold=0   foreign=105/89% ok=True 527bb4c87d12c1c4
LEG res m=144  t=32  force  r2 rc=0 cpu=9.7     wall=0.36    route=copied passes=1   cold=1   foreign=89/98% ok=True 527bb4c87d12c1c4
LEG res m=144  t=32  force2 r2 rc=0 cpu=9.68    wall=0.39    route=copied passes=1   cold=1   foreign=131/146% ok=True 527bb4c87d12c1c4
LEG res m=144  t=32  fold2  r2 rc=0 cpu=9.97    wall=0.35    route=fold   passes=0   cold=0   foreign=146/123% ok=True 527bb4c87d12c1c4
LEG res m=160  t=32  fold   r0 rc=0 cpu=10.73   wall=0.38    route=fold   passes=0   cold=0   foreign=128/97% ok=True dbe99d0d52774b80
LEG res m=160  t=32  force  r0 rc=0 cpu=9.65    wall=0.37    route=copied passes=1   cold=1   foreign=97/140% ok=True dbe99d0d52774b80
LEG res m=160  t=32  force2 r0 rc=0 cpu=9.71    wall=0.35    route=copied passes=1   cold=1   foreign=140/133% ok=True dbe99d0d52774b80
LEG res m=160  t=32  fold2  r0 rc=0 cpu=10.79   wall=0.37    route=fold   passes=0   cold=0   foreign=133/105% ok=True dbe99d0d52774b80
LEG res m=160  t=32  fold2  r1 rc=0 cpu=10.74   wall=0.37    route=fold   passes=0   cold=0   foreign=105/92% ok=True dbe99d0d52774b80
LEG res m=160  t=32  force2 r1 rc=0 cpu=9.68    wall=0.37    route=copied passes=1   cold=1   foreign=92/113% ok=True dbe99d0d52774b80
LEG res m=160  t=32  force  r1 rc=0 cpu=9.69    wall=0.35    route=copied passes=1   cold=1   foreign=113/107% ok=True dbe99d0d52774b80
LEG res m=160  t=32  fold   r1 rc=0 cpu=10.78   wall=0.38    route=fold   passes=0   cold=0   foreign=110/113% ok=True dbe99d0d52774b80
LEG res m=160  t=32  fold   r2 rc=0 cpu=10.8    wall=0.38    route=fold   passes=0   cold=0   foreign=113/98% ok=True dbe99d0d52774b80
LEG res m=160  t=32  force  r2 rc=0 cpu=9.74    wall=0.35    route=copied passes=1   cold=1   foreign=110/98% ok=True dbe99d0d52774b80
LEG res m=160  t=32  force2 r2 rc=0 cpu=9.73    wall=0.35    route=copied passes=1   cold=1   foreign=98/92% ok=True dbe99d0d52774b80
LEG res m=160  t=32  fold2  r2 rc=0 cpu=10.74   wall=0.38    route=fold   passes=0   cold=0   foreign=97/92% ok=True dbe99d0d52774b80
LEG res m=192  t=32  fold   r0 rc=0 cpu=12.06   wall=0.42    route=fold   passes=0   cold=0   foreign=92/90% ok=True 4f9875c4817f94c2
LEG res m=192  t=32  force  r0 rc=0 cpu=9.69    wall=0.36    route=copied passes=1   cold=1   foreign=90/98% ok=True 4f9875c4817f94c2
LEG res m=192  t=32  force2 r0 rc=0 cpu=9.73    wall=0.36    route=copied passes=1   cold=1   foreign=97/122% ok=True 4f9875c4817f94c2
LEG res m=192  t=32  fold2  r0 rc=0 cpu=12.06   wall=0.42    route=fold   passes=0   cold=0   foreign=122/105% ok=True 4f9875c4817f94c2
LEG res m=192  t=32  fold2  r1 rc=0 cpu=12.11   wall=0.42    route=fold   passes=0   cold=0   foreign=105/94% ok=True 4f9875c4817f94c2
LEG res m=192  t=32  force2 r1 rc=0 cpu=9.7     wall=0.35    route=copied passes=1   cold=1   foreign=94/102% ok=True 4f9875c4817f94c2
LEG res m=192  t=32  force  r1 rc=0 cpu=9.71    wall=0.36    route=copied passes=1   cold=1   foreign=102/108% ok=True 4f9875c4817f94c2
LEG res m=192  t=32  fold   r1 rc=0 cpu=12.08   wall=0.42    route=fold   passes=0   cold=0   foreign=129/103% ok=True 4f9875c4817f94c2
LEG res m=192  t=32  fold   r2 rc=0 cpu=12.0    wall=0.42    route=fold   passes=0   cold=0   foreign=105/91% ok=True 4f9875c4817f94c2
LEG res m=192  t=32  force  r2 rc=0 cpu=9.73    wall=0.36    route=copied passes=1   cold=1   foreign=103/91% ok=True 4f9875c4817f94c2
LEG res m=192  t=32  force2 r2 rc=0 cpu=9.7     wall=0.37    route=copied passes=1   cold=1   foreign=91/90% ok=True 4f9875c4817f94c2
LEG res m=192  t=32  fold2  r2 rc=0 cpu=12.1    wall=0.42    route=fold   passes=0   cold=0   foreign=124/90% ok=True 4f9875c4817f94c2
LADDER done -> <rig>/bp/legs.jsonl
fixture ready: 16 x 64 MiB at 65536 B slices -> n = 16384 slices
LADDER label=p2 budget=1024 rungs=[80, 96, 112, 128, 144, 160, 192] threads=[32] reps=3 arms=['fold', 'force', 'force2', 'fold2'] n=16384
LEG p2 m=80   t=32  fold   r0 rc=0 cpu=7.37    wall=0.27    route=fold   passes=0   cold=0   foreign=98/216% ok=True d9305fa0d0e56853
LEG p2 m=80   t=32  force  r0 rc=0 cpu=9.4     wall=0.47    route=band   passes=2   cold=1   foreign=218/233% ok=True d9305fa0d0e56853
LEG p2 m=80   t=32  force2 r0 rc=0 cpu=9.36    wall=0.47    route=band   passes=2   cold=1   foreign=233/163% ok=True d9305fa0d0e56853
LEG p2 m=80   t=32  fold2  r0 rc=0 cpu=7.31    wall=0.26    route=fold   passes=0   cold=0   foreign=164/112% ok=True d9305fa0d0e56853
LEG p2 m=80   t=32  fold2  r1 rc=0 cpu=7.25    wall=0.26    route=fold   passes=0   cold=0   foreign=112/118% ok=True d9305fa0d0e56853
LEG p2 m=80   t=32  force2 r1 rc=0 cpu=9.35    wall=0.47    route=band   passes=2   cold=1   foreign=114/158% ok=True d9305fa0d0e56853
LEG p2 m=80   t=32  force  r1 rc=0 cpu=9.4     wall=0.47    route=band   passes=2   cold=1   foreign=158/255% ok=True d9305fa0d0e56853
LEG p2 m=80   t=32  fold   r1 rc=0 cpu=7.24    wall=0.27    route=fold   passes=0   cold=0   foreign=316/222% ok=True d9305fa0d0e56853
LEG p2 m=80   t=32  fold   r2 rc=0 cpu=7.25    wall=0.26    route=fold   passes=0   cold=0   foreign=222/163% ok=True d9305fa0d0e56853
LEG p2 m=80   t=32  force  r2 rc=0 cpu=9.34    wall=0.46    route=band   passes=2   cold=1   foreign=163/198% ok=True d9305fa0d0e56853
LEG p2 m=80   t=32  force2 r2 rc=0 cpu=9.36    wall=0.47    route=band   passes=2   cold=1   foreign=198/215% ok=True d9305fa0d0e56853
LEG p2 m=80   t=32  fold2  r2 rc=0 cpu=7.32    wall=0.26    route=fold   passes=0   cold=0   foreign=216/127% ok=True d9305fa0d0e56853
LEG p2 m=96   t=32  fold   r0 rc=0 cpu=8.19    wall=0.29    route=fold   passes=0   cold=0   foreign=127/88% ok=True 7f81fdbaf8140d9d
LEG p2 m=96   t=32  force  r0 rc=0 cpu=9.39    wall=0.47    route=band   passes=2   cold=1   foreign=88/212% ok=True 7f81fdbaf8140d9d
LEG p2 m=96   t=32  force2 r0 rc=0 cpu=9.39    wall=0.47    route=band   passes=2   cold=1   foreign=212/176% ok=True 7f81fdbaf8140d9d
LEG p2 m=96   t=32  fold2  r0 rc=0 cpu=8.32    wall=0.29    route=fold   passes=0   cold=0   foreign=190/135% ok=True 7f81fdbaf8140d9d
LEG p2 m=96   t=32  fold2  r1 rc=0 cpu=8.07    wall=0.28    route=fold   passes=0   cold=0   foreign=131/99% ok=True 7f81fdbaf8140d9d
LEG p2 m=96   t=32  force2 r1 rc=0 cpu=9.4     wall=0.47    route=band   passes=2   cold=1   foreign=113/167% ok=True 7f81fdbaf8140d9d
LEG p2 m=96   t=32  force  r1 rc=0 cpu=9.35    wall=0.46    route=band   passes=2   cold=1   foreign=167/167% ok=True 7f81fdbaf8140d9d
LEG p2 m=96   t=32  fold   r1 rc=0 cpu=8.06    wall=0.28    route=fold   passes=0   cold=0   foreign=167/114% ok=True 7f81fdbaf8140d9d
LEG p2 m=96   t=32  fold   r2 rc=0 cpu=8.15    wall=0.28    route=fold   passes=0   cold=0   foreign=114/96% ok=True 7f81fdbaf8140d9d
LEG p2 m=96   t=32  force  r2 rc=0 cpu=9.38    wall=0.47    route=band   passes=2   cold=1   foreign=96/152% ok=True 7f81fdbaf8140d9d
LEG p2 m=96   t=32  force2 r2 rc=0 cpu=9.32    wall=0.46    route=band   passes=2   cold=1   foreign=152/156% ok=True 7f81fdbaf8140d9d
LEG p2 m=96   t=32  fold2  r2 rc=0 cpu=8.02    wall=0.28    route=fold   passes=0   cold=0   foreign=155/107% ok=True 7f81fdbaf8140d9d
LEG p2 m=112  t=32  fold   r0 rc=0 cpu=8.57    wall=0.30    route=fold   passes=0   cold=0   foreign=107/98% ok=True 292ac34b541666aa
LEG p2 m=112  t=32  force  r0 rc=0 cpu=9.38    wall=0.47    route=band   passes=2   cold=1   foreign=98/148% ok=True 292ac34b541666aa
LEG p2 m=112  t=32  force2 r0 rc=0 cpu=9.37    wall=0.46    route=band   passes=2   cold=1   foreign=173/226% ok=True 292ac34b541666aa
LEG p2 m=112  t=32  fold2  r0 rc=0 cpu=8.55    wall=0.31    route=fold   passes=0   cold=0   foreign=251/176% ok=True 292ac34b541666aa
LEG p2 m=112  t=32  fold2  r1 rc=0 cpu=8.59    wall=0.30    route=fold   passes=0   cold=0   foreign=171/131% ok=True 292ac34b541666aa
LEG p2 m=112  t=32  force2 r1 rc=0 cpu=9.4     wall=0.46    route=band   passes=2   cold=1   foreign=139/226% ok=True 292ac34b541666aa
LEG p2 m=112  t=32  force  r1 rc=0 cpu=9.37    wall=0.47    route=band   passes=2   cold=1   foreign=226/227% ok=True 292ac34b541666aa
LEG p2 m=112  t=32  fold   r1 rc=0 cpu=8.57    wall=0.30    route=fold   passes=0   cold=0   foreign=229/132% ok=True 292ac34b541666aa
LEG p2 m=112  t=32  fold   r2 rc=0 cpu=8.56    wall=0.30    route=fold   passes=0   cold=0   foreign=131/97% ok=True 292ac34b541666aa
LEG p2 m=112  t=32  force  r2 rc=0 cpu=9.36    wall=0.47    route=band   passes=2   cold=1   foreign=97/143% ok=True 292ac34b541666aa
LEG p2 m=112  t=32  force2 r2 rc=0 cpu=9.39    wall=0.46    route=band   passes=2   cold=1   foreign=164/167% ok=True 292ac34b541666aa
LEG p2 m=112  t=32  fold2  r2 rc=0 cpu=8.61    wall=0.30    route=fold   passes=0   cold=0   foreign=167/108% ok=True 292ac34b541666aa
LEG p2 m=128  t=32  fold   r0 rc=0 cpu=9.36    wall=0.33    route=fold   passes=0   cold=0   foreign=108/98% ok=True 3134ed90638a9e08
LEG p2 m=128  t=32  force  r0 rc=0 cpu=9.4     wall=0.47    route=band   passes=2   cold=1   foreign=98/140% ok=True 3134ed90638a9e08
LEG p2 m=128  t=32  force2 r0 rc=0 cpu=9.39    wall=0.47    route=band   passes=2   cold=1   foreign=140/164% ok=True 3134ed90638a9e08
LEG p2 m=128  t=32  fold2  r0 rc=0 cpu=9.34    wall=0.33    route=fold   passes=0   cold=0   foreign=183/109% ok=True 3134ed90638a9e08
LEG p2 m=128  t=32  fold2  r1 rc=0 cpu=9.45    wall=0.33    route=fold   passes=0   cold=0   foreign=109/98% ok=True 3134ed90638a9e08
LEG p2 m=128  t=32  force2 r1 rc=0 cpu=9.33    wall=0.47    route=band   passes=2   cold=1   foreign=98/211% ok=True 3134ed90638a9e08
LEG p2 m=128  t=32  force  r1 rc=0 cpu=9.42    wall=0.47    route=band   passes=2   cold=1   foreign=210/186% ok=True 3134ed90638a9e08
LEG p2 m=128  t=32  fold   r1 rc=0 cpu=9.37    wall=0.33    route=fold   passes=0   cold=0   foreign=186/127% ok=True 3134ed90638a9e08
LEG p2 m=128  t=32  fold   r2 rc=0 cpu=9.38    wall=0.33    route=fold   passes=0   cold=0   foreign=127/122% ok=True 3134ed90638a9e08
LEG p2 m=128  t=32  force  r2 rc=0 cpu=9.38    wall=0.48    route=band   passes=2   cold=1   foreign=122/156% ok=True 3134ed90638a9e08
LEG p2 m=128  t=32  force2 r2 rc=0 cpu=9.35    wall=0.47    route=band   passes=2   cold=1   foreign=182/185% ok=True 3134ed90638a9e08
LEG p2 m=128  t=32  fold2  r2 rc=0 cpu=9.38    wall=0.33    route=fold   passes=0   cold=0   foreign=185/121% ok=True 3134ed90638a9e08
LEG p2 m=144  t=32  fold   r0 rc=0 cpu=9.91    wall=0.36    route=fold   passes=0   cold=0   foreign=121/185% ok=True 527bb4c87d12c1c4
LEG p2 m=144  t=32  force  r0 rc=0 cpu=9.38    wall=0.47    route=band   passes=2   cold=1   foreign=186/229% ok=True 527bb4c87d12c1c4
LEG p2 m=144  t=32  force2 r0 rc=0 cpu=9.41    wall=0.47    route=band   passes=2   cold=1   foreign=229/165% ok=True 527bb4c87d12c1c4
LEG p2 m=144  t=32  fold2  r0 rc=0 cpu=9.99    wall=0.35    route=fold   passes=0   cold=0   foreign=181/117% ok=True 527bb4c87d12c1c4
LEG p2 m=144  t=32  fold2  r1 rc=0 cpu=9.94    wall=0.35    route=fold   passes=0   cold=0   foreign=117/95% ok=True 527bb4c87d12c1c4
LEG p2 m=144  t=32  force2 r1 rc=0 cpu=9.41    wall=0.47    route=band   passes=2   cold=1   foreign=95/151% ok=True 527bb4c87d12c1c4
LEG p2 m=144  t=32  force  r1 rc=0 cpu=9.41    wall=0.47    route=band   passes=2   cold=1   foreign=180/173% ok=True 527bb4c87d12c1c4
LEG p2 m=144  t=32  fold   r1 rc=0 cpu=9.98    wall=0.35    route=fold   passes=0   cold=0   foreign=173/102% ok=True 527bb4c87d12c1c4
LEG p2 m=144  t=32  fold   r2 rc=0 cpu=9.86    wall=0.35    route=fold   passes=0   cold=0   foreign=102/113% ok=True 527bb4c87d12c1c4
LEG p2 m=144  t=32  force  r2 rc=0 cpu=9.37    wall=0.48    route=band   passes=2   cold=1   foreign=112/170% ok=True 527bb4c87d12c1c4
LEG p2 m=144  t=32  force2 r2 rc=0 cpu=9.36    wall=0.47    route=band   passes=2   cold=1   foreign=170/192% ok=True 527bb4c87d12c1c4
LEG p2 m=144  t=32  fold2  r2 rc=0 cpu=10.0    wall=0.35    route=fold   passes=0   cold=0   foreign=198/107% ok=True 527bb4c87d12c1c4
LEG p2 m=160  t=32  fold   r0 rc=0 cpu=10.79   wall=0.38    route=fold   passes=0   cold=0   foreign=107/91% ok=True dbe99d0d52774b80
LEG p2 m=160  t=32  force  r0 rc=0 cpu=9.41    wall=0.48    route=band   passes=2   cold=1   foreign=110/168% ok=True dbe99d0d52774b80
LEG p2 m=160  t=32  force2 r0 rc=0 cpu=9.4     wall=0.47    route=band   passes=2   cold=1   foreign=168/162% ok=True dbe99d0d52774b80
LEG p2 m=160  t=32  fold2  r0 rc=0 cpu=10.74   wall=0.38    route=fold   passes=0   cold=0   foreign=159/120% ok=True dbe99d0d52774b80
LEG p2 m=160  t=32  fold2  r1 rc=0 cpu=10.8    wall=0.37    route=fold   passes=0   cold=0   foreign=120/90% ok=True dbe99d0d52774b80
LEG p2 m=160  t=32  force2 r1 rc=0 cpu=9.44    wall=0.48    route=band   passes=2   cold=1   foreign=106/227% ok=True dbe99d0d52774b80
LEG p2 m=160  t=32  force  r1 rc=0 cpu=9.38    wall=0.48    route=band   passes=2   cold=1   foreign=227/185% ok=True dbe99d0d52774b80
LEG p2 m=160  t=32  fold   r1 rc=0 cpu=10.77   wall=0.38    route=fold   passes=0   cold=0   foreign=193/113% ok=True dbe99d0d52774b80
LEG p2 m=160  t=32  fold   r2 rc=0 cpu=10.74   wall=0.37    route=fold   passes=0   cold=0   foreign=113/100% ok=True dbe99d0d52774b80
LEG p2 m=160  t=32  force  r2 rc=0 cpu=9.37    wall=0.47    route=band   passes=2   cold=1   foreign=108/213% ok=True dbe99d0d52774b80
LEG p2 m=160  t=32  force2 r2 rc=0 cpu=9.39    wall=0.48    route=band   passes=2   cold=1   foreign=213/191% ok=True dbe99d0d52774b80
LEG p2 m=160  t=32  fold2  r2 rc=0 cpu=10.72   wall=0.37    route=fold   passes=0   cold=0   foreign=222/124% ok=True dbe99d0d52774b80
LEG p2 m=192  t=32  fold   r0 rc=0 cpu=12.01   wall=0.42    route=fold   passes=0   cold=0   foreign=124/110% ok=True 4f9875c4817f94c2
LEG p2 m=192  t=32  force  r0 rc=0 cpu=9.43    wall=0.47    route=band   passes=2   cold=1   foreign=110/145% ok=True 4f9875c4817f94c2
LEG p2 m=192  t=32  force2 r0 rc=0 cpu=9.44    wall=0.48    route=band   passes=2   cold=1   foreign=167/175% ok=True 4f9875c4817f94c2
LEG p2 m=192  t=32  fold2  r0 rc=0 cpu=12.1    wall=0.42    route=fold   passes=0   cold=0   foreign=175/103% ok=True 4f9875c4817f94c2
LEG p2 m=192  t=32  fold2  r1 rc=0 cpu=12.08   wall=0.42    route=fold   passes=0   cold=0   foreign=103/107% ok=True 4f9875c4817f94c2
LEG p2 m=192  t=32  force2 r1 rc=0 cpu=9.42    wall=0.47    route=band   passes=2   cold=1   foreign=107/156% ok=True 4f9875c4817f94c2
LEG p2 m=192  t=32  force  r1 rc=0 cpu=9.44    wall=0.48    route=band   passes=2   cold=1   foreign=156/157% ok=True 4f9875c4817f94c2
LEG p2 m=192  t=32  fold   r1 rc=0 cpu=12.09   wall=0.42    route=fold   passes=0   cold=0   foreign=174/100% ok=True 4f9875c4817f94c2
LEG p2 m=192  t=32  fold   r2 rc=0 cpu=12.09   wall=0.42    route=fold   passes=0   cold=0   foreign=112/92% ok=True 4f9875c4817f94c2
LEG p2 m=192  t=32  force  r2 rc=0 cpu=9.39    wall=0.47    route=band   passes=2   cold=1   foreign=109/187% ok=True 4f9875c4817f94c2
LEG p2 m=192  t=32  force2 r2 rc=0 cpu=9.44    wall=0.48    route=band   passes=2   cold=1   foreign=187/165% ok=True 4f9875c4817f94c2
LEG p2 m=192  t=32  fold2  r2 rc=0 cpu=12.07   wall=0.42    route=fold   passes=0   cold=0   foreign=165/98% ok=True 4f9875c4817f94c2
LADDER done -> <rig>/bp/legs.jsonl
fixture ready: 16 x 64 MiB at 65536 B slices -> n = 16384 slices
LADDER label=p3 budget=640 rungs=[80, 96, 112, 128, 144, 160, 192] threads=[32] reps=3 arms=['fold', 'force', 'force2', 'fold2'] n=16384
LEG p3 m=80   t=32  fold   r0 rc=0 cpu=7.29    wall=0.25    route=fold   passes=0   cold=0   foreign=124/93% ok=True d9305fa0d0e56853
LEG p3 m=80   t=32  force  r0 rc=0 cpu=9.47    wall=0.48    route=band   passes=3   cold=1   foreign=93/144% ok=True d9305fa0d0e56853
LEG p3 m=80   t=32  force2 r0 rc=0 cpu=9.45    wall=0.49    route=band   passes=3   cold=1   foreign=165/178% ok=True d9305fa0d0e56853
LEG p3 m=80   t=32  fold2  r0 rc=0 cpu=7.28    wall=0.25    route=fold   passes=0   cold=0   foreign=178/121% ok=True d9305fa0d0e56853
LEG p3 m=80   t=32  fold2  r1 rc=0 cpu=7.42    wall=0.26    route=fold   passes=0   cold=0   foreign=117/89% ok=True d9305fa0d0e56853
LEG p3 m=80   t=32  force2 r1 rc=0 cpu=9.45    wall=0.50    route=band   passes=3   cold=1   foreign=89/173% ok=True d9305fa0d0e56853
LEG p3 m=80   t=32  force  r1 rc=0 cpu=9.49    wall=0.52    route=band   passes=3   cold=1   foreign=173/183% ok=True d9305fa0d0e56853
LEG p3 m=80   t=32  fold   r1 rc=0 cpu=7.25    wall=0.26    route=fold   passes=0   cold=0   foreign=203/137% ok=True d9305fa0d0e56853
LEG p3 m=80   t=32  fold   r2 rc=0 cpu=7.31    wall=0.26    route=fold   passes=0   cold=0   foreign=137/110% ok=True d9305fa0d0e56853
LEG p3 m=80   t=32  force  r2 rc=0 cpu=9.54    wall=0.48    route=band   passes=3   cold=1   foreign=110/161% ok=True d9305fa0d0e56853
LEG p3 m=80   t=32  force2 r2 rc=0 cpu=9.42    wall=0.49    route=band   passes=3   cold=1   foreign=161/227% ok=True d9305fa0d0e56853
LEG p3 m=80   t=32  fold2  r2 rc=0 cpu=7.27    wall=0.26    route=fold   passes=0   cold=0   foreign=227/144% ok=True d9305fa0d0e56853
LEG p3 m=96   t=32  fold   r0 rc=0 cpu=8.1     wall=0.29    route=fold   passes=0   cold=0   foreign=144/104% ok=True 7f81fdbaf8140d9d
LEG p3 m=96   t=32  force  r0 rc=0 cpu=9.46    wall=0.53    route=band   passes=3   cold=1   foreign=104/246% ok=True 7f81fdbaf8140d9d
LEG p3 m=96   t=32  force2 r0 rc=0 cpu=9.47    wall=0.49    route=band   passes=3   cold=1   foreign=246/209% ok=True 7f81fdbaf8140d9d
LEG p3 m=96   t=32  fold2  r0 rc=0 cpu=8.15    wall=0.29    route=fold   passes=0   cold=0   foreign=217/133% ok=True 7f81fdbaf8140d9d
LEG p3 m=96   t=32  fold2  r1 rc=0 cpu=8.07    wall=0.28    route=fold   passes=0   cold=0   foreign=151/138% ok=True 7f81fdbaf8140d9d
LEG p3 m=96   t=32  force2 r1 rc=0 cpu=9.45    wall=0.49    route=band   passes=3   cold=1   foreign=164/180% ok=True 7f81fdbaf8140d9d
LEG p3 m=96   t=32  force  r1 rc=0 cpu=9.5     wall=0.49    route=band   passes=3   cold=1   foreign=180/166% ok=True 7f81fdbaf8140d9d
LEG p3 m=96   t=32  fold   r1 rc=0 cpu=8.12    wall=0.29    route=fold   passes=0   cold=0   foreign=183/118% ok=True 7f81fdbaf8140d9d
LEG p3 m=96   t=32  fold   r2 rc=0 cpu=8.03    wall=0.28    route=fold   passes=0   cold=0   foreign=118/110% ok=True 7f81fdbaf8140d9d
LEG p3 m=96   t=32  force  r2 rc=0 cpu=9.43    wall=0.55    route=band   passes=3   cold=1   foreign=110/172% ok=True 7f81fdbaf8140d9d
LEG p3 m=96   t=32  force2 r2 rc=0 cpu=9.4     wall=0.51    route=band   passes=3   cold=1   foreign=172/187% ok=True 7f81fdbaf8140d9d
LEG p3 m=96   t=32  fold2  r2 rc=0 cpu=8.09    wall=0.28    route=fold   passes=0   cold=0   foreign=187/122% ok=True 7f81fdbaf8140d9d
LEG p3 m=112  t=32  fold   r0 rc=0 cpu=8.65    wall=0.31    route=fold   passes=0   cold=0   foreign=116/91% ok=True 292ac34b541666aa
LEG p3 m=112  t=32  force  r0 rc=0 cpu=9.41    wall=0.51    route=band   passes=3   cold=1   foreign=98/165% ok=True 292ac34b541666aa
LEG p3 m=112  t=32  force2 r0 rc=0 cpu=9.41    wall=0.48    route=band   passes=3   cold=1   foreign=165/169% ok=True 292ac34b541666aa
LEG p3 m=112  t=32  fold2  r0 rc=0 cpu=8.56    wall=0.30    route=fold   passes=0   cold=0   foreign=184/116% ok=True 292ac34b541666aa
LEG p3 m=112  t=32  fold2  r1 rc=0 cpu=8.51    wall=0.30    route=fold   passes=0   cold=0   foreign=114/91% ok=True 292ac34b541666aa
LEG p3 m=112  t=32  force2 r1 rc=0 cpu=9.37    wall=0.50    route=band   passes=3   cold=1   foreign=100/174% ok=True 292ac34b541666aa
LEG p3 m=112  t=32  force  r1 rc=0 cpu=9.4     wall=0.49    route=band   passes=3   cold=1   foreign=174/182% ok=True 292ac34b541666aa
LEG p3 m=112  t=32  fold   r1 rc=0 cpu=8.58    wall=0.30    route=fold   passes=0   cold=0   foreign=182/110% ok=True 292ac34b541666aa
LEG p3 m=112  t=32  fold   r2 rc=0 cpu=8.58    wall=0.30    route=fold   passes=0   cold=0   foreign=110/94% ok=True 292ac34b541666aa
LEG p3 m=112  t=32  force  r2 rc=0 cpu=9.42    wall=0.50    route=band   passes=3   cold=1   foreign=94/165% ok=True 292ac34b541666aa
LEG p3 m=112  t=32  force2 r2 rc=0 cpu=9.37    wall=0.48    route=band   passes=3   cold=1   foreign=179/185% ok=True 292ac34b541666aa
LEG p3 m=112  t=32  fold2  r2 rc=0 cpu=8.62    wall=0.30    route=fold   passes=0   cold=0   foreign=185/106% ok=True 292ac34b541666aa
LEG p3 m=128  t=32  fold   r0 rc=0 cpu=9.54    wall=0.33    route=fold   passes=0   cold=0   foreign=106/105% ok=True 3134ed90638a9e08
LEG p3 m=128  t=32  force  r0 rc=0 cpu=9.47    wall=0.49    route=band   passes=3   cold=1   foreign=105/150% ok=True 3134ed90638a9e08
LEG p3 m=128  t=32  force2 r0 rc=0 cpu=9.39    wall=0.50    route=band   passes=3   cold=1   foreign=173/181% ok=True 3134ed90638a9e08
LEG p3 m=128  t=32  fold2  r0 rc=0 cpu=9.36    wall=0.33    route=fold   passes=0   cold=0   foreign=181/116% ok=True 3134ed90638a9e08
LEG p3 m=128  t=32  fold2  r1 rc=0 cpu=9.41    wall=0.33    route=fold   passes=0   cold=0   foreign=135/111% ok=True 3134ed90638a9e08
LEG p3 m=128  t=32  force2 r1 rc=0 cpu=9.43    wall=0.49    route=band   passes=3   cold=1   foreign=132/184% ok=True 3134ed90638a9e08
LEG p3 m=128  t=32  force  r1 rc=0 cpu=9.36    wall=0.50    route=band   passes=3   cold=1   foreign=184/284% ok=True 3134ed90638a9e08
LEG p3 m=128  t=32  fold   r1 rc=0 cpu=9.39    wall=0.33    route=fold   passes=0   cold=0   foreign=284/191% ok=True 3134ed90638a9e08
LEG p3 m=128  t=32  fold   r2 rc=0 cpu=9.41    wall=0.33    route=fold   passes=0   cold=0   foreign=191/131% ok=True 3134ed90638a9e08
LEG p3 m=128  t=32  force  r2 rc=0 cpu=9.44    wall=0.49    route=band   passes=3   cold=1   foreign=131/173% ok=True 3134ed90638a9e08
LEG p3 m=128  t=32  force2 r2 rc=0 cpu=9.47    wall=0.51    route=band   passes=3   cold=1   foreign=173/186% ok=True 3134ed90638a9e08
LEG p3 m=128  t=32  fold2  r2 rc=0 cpu=9.39    wall=0.33    route=fold   passes=0   cold=0   foreign=194/117% ok=True 3134ed90638a9e08
LEG p3 m=144  t=32  fold   r0 rc=0 cpu=9.96    wall=0.35    route=fold   passes=0   cold=0   foreign=114/96% ok=True 527bb4c87d12c1c4
LEG p3 m=144  t=32  force  r0 rc=0 cpu=9.4     wall=0.52    route=band   passes=3   cold=1   foreign=96/166% ok=True 527bb4c87d12c1c4
LEG p3 m=144  t=32  force2 r0 rc=0 cpu=9.46    wall=0.49    route=band   passes=3   cold=1   foreign=197/194% ok=True 527bb4c87d12c1c4
LEG p3 m=144  t=32  fold2  r0 rc=0 cpu=10.0    wall=0.35    route=fold   passes=0   cold=0   foreign=191/122% ok=True 527bb4c87d12c1c4
LEG p3 m=144  t=32  fold2  r1 rc=0 cpu=10.06   wall=0.36    route=fold   passes=0   cold=0   foreign=123/148% ok=True 527bb4c87d12c1c4
LEG p3 m=144  t=32  force2 r1 rc=0 cpu=9.45    wall=0.55    route=band   passes=3   cold=1   foreign=148/311% ok=True 527bb4c87d12c1c4
LEG p3 m=144  t=32  force  r1 rc=0 cpu=9.39    wall=0.54    route=band   passes=3   cold=1   foreign=311/198% ok=True 527bb4c87d12c1c4
LEG p3 m=144  t=32  fold   r1 rc=0 cpu=9.91    wall=0.34    route=fold   passes=0   cold=0   foreign=198/124% ok=True 527bb4c87d12c1c4
LEG p3 m=144  t=32  fold   r2 rc=0 cpu=9.92    wall=0.35    route=fold   passes=0   cold=0   foreign=133/88% ok=True 527bb4c87d12c1c4
LEG p3 m=144  t=32  force  r2 rc=0 cpu=9.5     wall=0.48    route=band   passes=3   cold=1   foreign=88/158% ok=True 527bb4c87d12c1c4
LEG p3 m=144  t=32  force2 r2 rc=0 cpu=9.47    wall=0.52    route=band   passes=3   cold=1   foreign=158/186% ok=True 527bb4c87d12c1c4
LEG p3 m=144  t=32  fold2  r2 rc=0 cpu=9.95    wall=0.34    route=fold   passes=0   cold=0   foreign=186/124% ok=True 527bb4c87d12c1c4
LEG p3 m=160  t=32  fold   r0 rc=0 cpu=10.76   wall=0.38    route=fold   passes=0   cold=0   foreign=132/94% ok=True dbe99d0d52774b80
LEG p3 m=160  t=32  force  r0 rc=0 cpu=9.46    wall=0.49    route=band   passes=3   cold=1   foreign=94/159% ok=True dbe99d0d52774b80
LEG p3 m=160  t=32  force2 r0 rc=0 cpu=9.43    wall=0.51    route=band   passes=3   cold=1   foreign=176/179% ok=True dbe99d0d52774b80
LEG p3 m=160  t=32  fold2  r0 rc=0 cpu=10.82   wall=0.38    route=fold   passes=0   cold=0   foreign=179/109% ok=True dbe99d0d52774b80
LEG p3 m=160  t=32  fold2  r1 rc=0 cpu=10.8    wall=0.38    route=fold   passes=0   cold=0   foreign=109/104% ok=True dbe99d0d52774b80
LEG p3 m=160  t=32  force2 r1 rc=0 cpu=9.44    wall=0.49    route=band   passes=3   cold=1   foreign=115/171% ok=True dbe99d0d52774b80
LEG p3 m=160  t=32  force  r1 rc=0 cpu=9.46    wall=0.50    route=band   passes=3   cold=1   foreign=171/175% ok=True dbe99d0d52774b80
LEG p3 m=160  t=32  fold   r1 rc=0 cpu=10.7    wall=0.37    route=fold   passes=0   cold=0   foreign=209/131% ok=True dbe99d0d52774b80
LEG p3 m=160  t=32  fold   r2 rc=0 cpu=10.72   wall=0.37    route=fold   passes=0   cold=0   foreign=131/100% ok=True dbe99d0d52774b80
LEG p3 m=160  t=32  force  r2 rc=0 cpu=9.44    wall=0.50    route=band   passes=3   cold=1   foreign=101/193% ok=True dbe99d0d52774b80
LEG p3 m=160  t=32  force2 r2 rc=0 cpu=9.39    wall=0.53    route=band   passes=3   cold=1   foreign=193/196% ok=True dbe99d0d52774b80
LEG p3 m=160  t=32  fold2  r2 rc=0 cpu=10.74   wall=0.37    route=fold   passes=0   cold=0   foreign=196/119% ok=True dbe99d0d52774b80
LEG p3 m=192  t=32  fold   r0 rc=0 cpu=12.09   wall=0.42    route=fold   passes=0   cold=0   foreign=119/92% ok=True 4f9875c4817f94c2
LEG p3 m=192  t=32  force  r0 rc=0 cpu=9.39    wall=0.49    route=band   passes=3   cold=1   foreign=92/160% ok=True 4f9875c4817f94c2
LEG p3 m=192  t=32  force2 r0 rc=0 cpu=9.33    wall=0.52    route=band   passes=3   cold=1   foreign=160/190% ok=True 4f9875c4817f94c2
LEG p3 m=192  t=32  fold2  r0 rc=0 cpu=12.04   wall=0.41    route=fold   passes=0   cold=0   foreign=190/104% ok=True 4f9875c4817f94c2
LEG p3 m=192  t=32  fold2  r1 rc=0 cpu=12.22   wall=0.42    route=fold   passes=0   cold=0   foreign=104/79% ok=True 4f9875c4817f94c2
LEG p3 m=192  t=32  force2 r1 rc=0 cpu=9.4     wall=0.49    route=band   passes=3   cold=1   foreign=79/162% ok=True 4f9875c4817f94c2
LEG p3 m=192  t=32  force  r1 rc=0 cpu=9.36    wall=0.50    route=band   passes=3   cold=1   foreign=180/187% ok=True 4f9875c4817f94c2
LEG p3 m=192  t=32  fold   r1 rc=0 cpu=12.05   wall=0.42    route=fold   passes=0   cold=0   foreign=187/102% ok=True 4f9875c4817f94c2
LEG p3 m=192  t=32  fold   r2 rc=0 cpu=12.06   wall=0.42    route=fold   passes=0   cold=0   foreign=102/89% ok=True 4f9875c4817f94c2
LEG p3 m=192  t=32  force  r2 rc=0 cpu=9.4     wall=0.50    route=band   passes=3   cold=1   foreign=89/170% ok=True 4f9875c4817f94c2
LEG p3 m=192  t=32  force2 r2 rc=0 cpu=9.39    wall=0.50    route=band   passes=3   cold=1   foreign=188/190% ok=True 4f9875c4817f94c2
LEG p3 m=192  t=32  fold2  r2 rc=0 cpu=12.12   wall=0.42    route=fold   passes=0   cold=0   foreign=190/105% ok=True 4f9875c4817f94c2
LADDER done -> <rig>/bp/legs.jsonl
fixture ready: 16 x 64 MiB at 65536 B slices -> n = 16384 slices
LADDER label=p4 budget=512 rungs=[80, 96, 112, 128, 144, 160, 192] threads=[32] reps=3 arms=['fold', 'force', 'force2', 'fold2'] n=16384
LEG p4 m=80   t=32  fold   r0 rc=0 cpu=7.4     wall=0.26    route=fold   passes=0   cold=0   foreign=134/114% ok=True d9305fa0d0e56853
LEG p4 m=80   t=32  force  r0 rc=0 cpu=9.09    wall=0.55    route=band   passes=4   cold=1   foreign=114/181% ok=True d9305fa0d0e56853
LEG p4 m=80   t=32  force2 r0 rc=0 cpu=9.1     wall=0.57    route=band   passes=4   cold=1   foreign=181/192% ok=True d9305fa0d0e56853
LEG p4 m=80   t=32  fold2  r0 rc=0 cpu=7.25    wall=0.26    route=fold   passes=0   cold=0   foreign=192/118% ok=True d9305fa0d0e56853
LEG p4 m=80   t=32  fold2  r1 rc=0 cpu=7.28    wall=0.26    route=fold   passes=0   cold=0   foreign=118/106% ok=True d9305fa0d0e56853
LEG p4 m=80   t=32  force2 r1 rc=0 cpu=9.1     wall=0.55    route=band   passes=4   cold=1   foreign=111/176% ok=True d9305fa0d0e56853
LEG p4 m=80   t=32  force  r1 rc=0 cpu=9.14    wall=0.57    route=band   passes=4   cold=1   foreign=176/189% ok=True d9305fa0d0e56853
LEG p4 m=80   t=32  fold   r1 rc=0 cpu=7.33    wall=0.26    route=fold   passes=0   cold=0   foreign=228/150% ok=True d9305fa0d0e56853
LEG p4 m=80   t=32  fold   r2 rc=0 cpu=7.34    wall=0.26    route=fold   passes=0   cold=0   foreign=150/107% ok=True d9305fa0d0e56853
LEG p4 m=80   t=32  force  r2 rc=0 cpu=9.1     wall=0.54    route=band   passes=4   cold=1   foreign=107/198% ok=True d9305fa0d0e56853
LEG p4 m=80   t=32  force2 r2 rc=0 cpu=9.13    wall=0.55    route=band   passes=4   cold=1   foreign=253/197% ok=True d9305fa0d0e56853
LEG p4 m=80   t=32  fold2  r2 rc=0 cpu=7.4     wall=0.26    route=fold   passes=0   cold=0   foreign=201/124% ok=True d9305fa0d0e56853
LEG p4 m=96   t=32  fold   r0 rc=0 cpu=8.21    wall=0.29    route=fold   passes=0   cold=0   foreign=123/90% ok=True 7f81fdbaf8140d9d
LEG p4 m=96   t=32  force  r0 rc=0 cpu=9.15    wall=0.56    route=band   passes=4   cold=1   foreign=90/178% ok=True 7f81fdbaf8140d9d
LEG p4 m=96   t=32  force2 r0 rc=0 cpu=9.09    wall=0.56    route=band   passes=4   cold=1   foreign=182/194% ok=True 7f81fdbaf8140d9d
LEG p4 m=96   t=32  fold2  r0 rc=0 cpu=8.14    wall=0.28    route=fold   passes=0   cold=0   foreign=194/122% ok=True 7f81fdbaf8140d9d
LEG p4 m=96   t=32  fold2  r1 rc=0 cpu=8.13    wall=0.28    route=fold   passes=0   cold=0   foreign=122/89% ok=True 7f81fdbaf8140d9d
LEG p4 m=96   t=32  force2 r1 rc=0 cpu=9.16    wall=0.55    route=band   passes=4   cold=1   foreign=89/183% ok=True 7f81fdbaf8140d9d
LEG p4 m=96   t=32  force  r1 rc=0 cpu=9.23    wall=0.55    route=band   passes=4   cold=1   foreign=183/264% ok=True 7f81fdbaf8140d9d
LEG p4 m=96   t=32  fold   r1 rc=0 cpu=8.05    wall=0.28    route=fold   passes=0   cold=0   foreign=264/135% ok=True 7f81fdbaf8140d9d
LEG p4 m=96   t=32  fold   r2 rc=0 cpu=8.26    wall=0.29    route=fold   passes=0   cold=0   foreign=135/97% ok=True 7f81fdbaf8140d9d
LEG p4 m=96   t=32  force  r2 rc=0 cpu=9.16    wall=0.56    route=band   passes=4   cold=1   foreign=98/180% ok=True 7f81fdbaf8140d9d
LEG p4 m=96   t=32  force2 r2 rc=0 cpu=9.11    wall=0.56    route=band   passes=4   cold=1   foreign=193/199% ok=True 7f81fdbaf8140d9d
LEG p4 m=96   t=32  fold2  r2 rc=0 cpu=8.03    wall=0.28    route=fold   passes=0   cold=0   foreign=199/131% ok=True 7f81fdbaf8140d9d
LEG p4 m=112  t=32  fold   r0 rc=0 cpu=8.52    wall=0.30    route=fold   passes=0   cold=0   foreign=126/126% ok=True 292ac34b541666aa
LEG p4 m=112  t=32  force  r0 rc=0 cpu=9.12    wall=0.55    route=band   passes=4   cold=1   foreign=122/179% ok=True 292ac34b541666aa
LEG p4 m=112  t=32  force2 r0 rc=0 cpu=9.09    wall=0.55    route=band   passes=4   cold=1   foreign=190/190% ok=True 292ac34b541666aa
LEG p4 m=112  t=32  fold2  r0 rc=0 cpu=8.56    wall=0.31    route=fold   passes=0   cold=0   foreign=197/126% ok=True 292ac34b541666aa
LEG p4 m=112  t=32  fold2  r1 rc=0 cpu=8.59    wall=0.30    route=fold   passes=0   cold=0   foreign=151/100% ok=True 292ac34b541666aa
LEG p4 m=112  t=32  force2 r1 rc=0 cpu=9.11    wall=0.56    route=band   passes=4   cold=1   foreign=110/180% ok=True 292ac34b541666aa
LEG p4 m=112  t=32  force  r1 rc=0 cpu=9.07    wall=0.56    route=band   passes=4   cold=1   foreign=188/225% ok=True 292ac34b541666aa
LEG p4 m=112  t=32  fold   r1 rc=0 cpu=8.57    wall=0.30    route=fold   passes=0   cold=0   foreign=218/135% ok=True 292ac34b541666aa
LEG p4 m=112  t=32  fold   r2 rc=0 cpu=8.54    wall=0.30    route=fold   passes=0   cold=0   foreign=126/107% ok=True 292ac34b541666aa
LEG p4 m=112  t=32  force  r2 rc=0 cpu=9.12    wall=0.55    route=band   passes=4   cold=1   foreign=123/189% ok=True 292ac34b541666aa
LEG p4 m=112  t=32  force2 r2 rc=0 cpu=9.11    wall=0.56    route=band   passes=4   cold=1   foreign=198/193% ok=True 292ac34b541666aa
LEG p4 m=112  t=32  fold2  r2 rc=0 cpu=8.52    wall=0.30    route=fold   passes=0   cold=0   foreign=200/129% ok=True 292ac34b541666aa
LEG p4 m=128  t=32  fold   r0 rc=0 cpu=9.34    wall=0.33    route=fold   passes=0   cold=0   foreign=122/96% ok=True 3134ed90638a9e08
LEG p4 m=128  t=32  force  r0 rc=0 cpu=9.11    wall=0.55    route=band   passes=4   cold=1   foreign=96/183% ok=True 3134ed90638a9e08
LEG p4 m=128  t=32  force2 r0 rc=0 cpu=9.09    wall=0.56    route=band   passes=4   cold=1   foreign=183/196% ok=True 3134ed90638a9e08
LEG p4 m=128  t=32  fold2  r0 rc=0 cpu=9.4     wall=0.33    route=fold   passes=0   cold=0   foreign=196/116% ok=True 3134ed90638a9e08
LEG p4 m=128  t=32  fold2  r1 rc=0 cpu=9.39    wall=0.33    route=fold   passes=0   cold=0   foreign=116/90% ok=True 3134ed90638a9e08
LEG p4 m=128  t=32  force2 r1 rc=0 cpu=9.07    wall=0.57    route=band   passes=4   cold=1   foreign=109/185% ok=True 3134ed90638a9e08
LEG p4 m=128  t=32  force  r1 rc=0 cpu=9.13    wall=0.56    route=band   passes=4   cold=1   foreign=192/186% ok=True 3134ed90638a9e08
LEG p4 m=128  t=32  fold   r1 rc=0 cpu=9.34    wall=0.33    route=fold   passes=0   cold=0   foreign=194/122% ok=True 3134ed90638a9e08
LEG p4 m=128  t=32  fold   r2 rc=0 cpu=9.37    wall=0.33    route=fold   passes=0   cold=0   foreign=122/94% ok=True 3134ed90638a9e08
LEG p4 m=128  t=32  force  r2 rc=0 cpu=9.19    wall=0.56    route=band   passes=4   cold=1   foreign=94/183% ok=True 3134ed90638a9e08
LEG p4 m=128  t=32  force2 r2 rc=0 cpu=9.15    wall=0.56    route=band   passes=4   cold=1   foreign=183/188% ok=True 3134ed90638a9e08
LEG p4 m=128  t=32  fold2  r2 rc=0 cpu=9.34    wall=0.33    route=fold   passes=0   cold=0   foreign=189/116% ok=True 3134ed90638a9e08
LEG p4 m=144  t=32  fold   r0 rc=0 cpu=9.86    wall=0.35    route=fold   passes=0   cold=0   foreign=127/96% ok=True 527bb4c87d12c1c4
LEG p4 m=144  t=32  force  r0 rc=0 cpu=9.15    wall=0.55    route=band   passes=4   cold=1   foreign=96/167% ok=True 527bb4c87d12c1c4
LEG p4 m=144  t=32  force2 r0 rc=0 cpu=9.08    wall=0.56    route=band   passes=4   cold=1   foreign=183/200% ok=True 527bb4c87d12c1c4
LEG p4 m=144  t=32  fold2  r0 rc=0 cpu=10.01   wall=0.35    route=fold   passes=0   cold=0   foreign=200/115% ok=True 527bb4c87d12c1c4
LEG p4 m=144  t=32  fold2  r1 rc=0 cpu=9.99    wall=0.35    route=fold   passes=0   cold=0   foreign=115/95% ok=True 527bb4c87d12c1c4
LEG p4 m=144  t=32  force2 r1 rc=0 cpu=9.11    wall=0.56    route=band   passes=4   cold=1   foreign=109/244% ok=True 527bb4c87d12c1c4
LEG p4 m=144  t=32  force  r1 rc=0 cpu=9.08    wall=0.55    route=band   passes=4   cold=1   foreign=230/250% ok=True 527bb4c87d12c1c4
LEG p4 m=144  t=32  fold   r1 rc=0 cpu=10.01   wall=0.35    route=fold   passes=0   cold=0   foreign=250/133% ok=True 527bb4c87d12c1c4
LEG p4 m=144  t=32  fold   r2 rc=0 cpu=9.88    wall=0.36    route=fold   passes=0   cold=0   foreign=133/108% ok=True 527bb4c87d12c1c4
LEG p4 m=144  t=32  force  r2 rc=0 cpu=9.15    wall=0.57    route=band   passes=4   cold=1   foreign=170/242% ok=True 527bb4c87d12c1c4
LEG p4 m=144  t=32  force2 r2 rc=0 cpu=9.09    wall=0.56    route=band   passes=4   cold=1   foreign=274/206% ok=True 527bb4c87d12c1c4
LEG p4 m=144  t=32  fold2  r2 rc=0 cpu=9.88    wall=0.35    route=fold   passes=0   cold=0   foreign=206/121% ok=True 527bb4c87d12c1c4
LEG p4 m=160  t=32  fold   r0 rc=0 cpu=10.81   wall=0.38    route=fold   passes=0   cold=0   foreign=121/97% ok=True dbe99d0d52774b80
LEG p4 m=160  t=32  force  r0 rc=0 cpu=9.25    wall=0.57    route=band   passes=4   cold=1   foreign=97/181% ok=True dbe99d0d52774b80
LEG p4 m=160  t=32  force2 r0 rc=0 cpu=9.18    wall=0.56    route=band   passes=4   cold=1   foreign=181/192% ok=True dbe99d0d52774b80
LEG p4 m=160  t=32  fold2  r0 rc=0 cpu=10.88   wall=0.38    route=fold   passes=0   cold=0   foreign=192/124% ok=True dbe99d0d52774b80
LEG p4 m=160  t=32  fold2  r1 rc=0 cpu=10.78   wall=0.38    route=fold   passes=0   cold=0   foreign=124/91% ok=True dbe99d0d52774b80
LEG p4 m=160  t=32  force2 r1 rc=0 cpu=9.18    wall=0.56    route=band   passes=4   cold=1   foreign=91/179% ok=True dbe99d0d52774b80
LEG p4 m=160  t=32  force  r1 rc=0 cpu=9.14    wall=0.56    route=band   passes=4   cold=1   foreign=179/190% ok=True dbe99d0d52774b80
LEG p4 m=160  t=32  fold   r1 rc=0 cpu=10.71   wall=0.38    route=fold   passes=0   cold=0   foreign=222/122% ok=True dbe99d0d52774b80
LEG p4 m=160  t=32  fold   r2 rc=0 cpu=10.73   wall=0.37    route=fold   passes=0   cold=0   foreign=122/98% ok=True dbe99d0d52774b80
LEG p4 m=160  t=32  force  r2 rc=0 cpu=9.17    wall=0.56    route=band   passes=4   cold=1   foreign=109/180% ok=True dbe99d0d52774b80
LEG p4 m=160  t=32  force2 r2 rc=0 cpu=9.13    wall=0.55    route=band   passes=4   cold=1   foreign=195/191% ok=True dbe99d0d52774b80
LEG p4 m=160  t=32  fold2  r2 rc=0 cpu=10.73   wall=0.37    route=fold   passes=0   cold=0   foreign=191/111% ok=True dbe99d0d52774b80
LEG p4 m=192  t=32  fold   r0 rc=0 cpu=12.07   wall=0.42    route=fold   passes=0   cold=0   foreign=111/86% ok=True 4f9875c4817f94c2
LEG p4 m=192  t=32  force  r0 rc=0 cpu=9.16    wall=0.56    route=band   passes=4   cold=1   foreign=86/180% ok=True 4f9875c4817f94c2
LEG p4 m=192  t=32  force2 r0 rc=0 cpu=9.09    wall=0.56    route=band   passes=4   cold=1   foreign=180/191% ok=True 4f9875c4817f94c2
LEG p4 m=192  t=32  fold2  r0 rc=0 cpu=12.14   wall=0.42    route=fold   passes=0   cold=0   foreign=191/136% ok=True 4f9875c4817f94c2
LEG p4 m=192  t=32  fold2  r1 rc=0 cpu=12.12   wall=0.42    route=fold   passes=0   cold=0   foreign=132/131% ok=True 4f9875c4817f94c2
LEG p4 m=192  t=32  force2 r1 rc=0 cpu=9.14    wall=0.56    route=band   passes=4   cold=1   foreign=128/217% ok=True 4f9875c4817f94c2
LEG p4 m=192  t=32  force  r1 rc=0 cpu=9.12    wall=0.57    route=band   passes=4   cold=1   foreign=233/256% ok=True 4f9875c4817f94c2
LEG p4 m=192  t=32  fold   r1 rc=0 cpu=12.07   wall=0.42    route=fold   passes=0   cold=0   foreign=236/118% ok=True 4f9875c4817f94c2
LEG p4 m=192  t=32  fold   r2 rc=0 cpu=12.07   wall=0.42    route=fold   passes=0   cold=0   foreign=123/96% ok=True 4f9875c4817f94c2
LEG p4 m=192  t=32  force  r2 rc=0 cpu=9.13    wall=0.56    route=band   passes=4   cold=1   foreign=124/179% ok=True 4f9875c4817f94c2
LEG p4 m=192  t=32  force2 r2 rc=0 cpu=9.15    wall=0.56    route=band   passes=4   cold=1   foreign=190/195% ok=True 4f9875c4817f94c2
LEG p4 m=192  t=32  fold2  r2 rc=0 cpu=12.04   wall=0.42    route=fold   passes=0   cold=0   foreign=212/113% ok=True 4f9875c4817f94c2
LADDER done -> <rig>/bp/legs.jsonl
fixture ready: 16 x 64 MiB at 65536 B slices -> n = 16384 slices
LADDER label=res8 budget=big rungs=[80, 96, 112, 128, 144, 160, 192] threads=[8] reps=3 arms=['fold', 'force', 'force2', 'fold2'] n=16384
LEG res8 m=80   t=8   fold   r0 rc=0 cpu=5.78    wall=0.42    route=fold   passes=0   cold=0   foreign=117/191% ok=True d9305fa0d0e56853
LEG res8 m=80   t=8   force  r0 rc=0 cpu=8.51    wall=0.80    route=copied passes=1   cold=1   foreign=191/208% ok=True d9305fa0d0e56853
LEG res8 m=80   t=8   force2 r0 rc=0 cpu=8.52    wall=0.80    route=copied passes=1   cold=1   foreign=208/205% ok=True d9305fa0d0e56853
LEG res8 m=80   t=8   fold2  r0 rc=0 cpu=5.79    wall=0.41    route=fold   passes=0   cold=0   foreign=205/205% ok=True d9305fa0d0e56853
LEG res8 m=80   t=8   fold2  r1 rc=0 cpu=5.78    wall=0.41    route=fold   passes=0   cold=0   foreign=204/205% ok=True d9305fa0d0e56853
LEG res8 m=80   t=8   force2 r1 rc=0 cpu=8.49    wall=0.80    route=copied passes=1   cold=1   foreign=205/208% ok=True d9305fa0d0e56853
LEG res8 m=80   t=8   force  r1 rc=0 cpu=8.49    wall=0.80    route=copied passes=1   cold=1   foreign=208/209% ok=True d9305fa0d0e56853
LEG res8 m=80   t=8   fold   r1 rc=0 cpu=5.79    wall=0.41    route=fold   passes=0   cold=0   foreign=208/203% ok=True d9305fa0d0e56853
LEG res8 m=80   t=8   fold   r2 rc=0 cpu=5.76    wall=0.41    route=fold   passes=0   cold=0   foreign=203/241% ok=True d9305fa0d0e56853
LEG res8 m=80   t=8   force  r2 rc=0 cpu=8.49    wall=0.79    route=copied passes=1   cold=1   foreign=241/230% ok=True d9305fa0d0e56853
LEG res8 m=80   t=8   force2 r2 rc=0 cpu=8.52    wall=0.80    route=copied passes=1   cold=1   foreign=230/207% ok=True d9305fa0d0e56853
LEG res8 m=80   t=8   fold2  r2 rc=0 cpu=5.78    wall=0.42    route=fold   passes=0   cold=0   foreign=207/204% ok=True d9305fa0d0e56853
LEG res8 m=96   t=8   fold   r0 rc=0 cpu=6.34    wall=0.48    route=fold   passes=0   cold=0   foreign=204/206% ok=True 7f81fdbaf8140d9d
LEG res8 m=96   t=8   force  r0 rc=0 cpu=8.51    wall=0.80    route=copied passes=1   cold=1   foreign=206/215% ok=True 7f81fdbaf8140d9d
LEG res8 m=96   t=8   force2 r0 rc=0 cpu=8.5     wall=0.79    route=copied passes=1   cold=1   foreign=215/214% ok=True 7f81fdbaf8140d9d
LEG res8 m=96   t=8   fold2  r0 rc=0 cpu=6.34    wall=0.48    route=fold   passes=0   cold=0   foreign=214/209% ok=True 7f81fdbaf8140d9d
LEG res8 m=96   t=8   fold2  r1 rc=0 cpu=6.34    wall=0.48    route=fold   passes=0   cold=0   foreign=207/204% ok=True 7f81fdbaf8140d9d
LEG res8 m=96   t=8   force2 r1 rc=0 cpu=8.52    wall=0.80    route=copied passes=1   cold=1   foreign=204/256% ok=True 7f81fdbaf8140d9d
LEG res8 m=96   t=8   force  r1 rc=0 cpu=8.53    wall=0.80    route=copied passes=1   cold=1   foreign=256/207% ok=True 7f81fdbaf8140d9d
LEG res8 m=96   t=8   fold   r1 rc=0 cpu=6.33    wall=0.48    route=fold   passes=0   cold=0   foreign=207/206% ok=True 7f81fdbaf8140d9d
LEG res8 m=96   t=8   fold   r2 rc=0 cpu=6.36    wall=0.49    route=fold   passes=0   cold=0   foreign=206/227% ok=True 7f81fdbaf8140d9d
LEG res8 m=96   t=8   force  r2 rc=0 cpu=8.5     wall=0.79    route=copied passes=1   cold=1   foreign=218/239% ok=True 7f81fdbaf8140d9d
LEG res8 m=96   t=8   force2 r2 rc=0 cpu=8.49    wall=0.79    route=copied passes=1   cold=1   foreign=231/215% ok=True 7f81fdbaf8140d9d
LEG res8 m=96   t=8   fold2  r2 rc=0 cpu=6.35    wall=0.48    route=fold   passes=0   cold=0   foreign=218/218% ok=True 7f81fdbaf8140d9d
LEG res8 m=112  t=8   fold   r0 rc=0 cpu=6.9     wall=0.56    route=fold   passes=0   cold=0   foreign=218/206% ok=True 292ac34b541666aa
LEG res8 m=112  t=8   force  r0 rc=0 cpu=8.51    wall=0.80    route=copied passes=1   cold=1   foreign=206/205% ok=True 292ac34b541666aa
LEG res8 m=112  t=8   force2 r0 rc=0 cpu=8.52    wall=0.80    route=copied passes=1   cold=1   foreign=205/206% ok=True 292ac34b541666aa
LEG res8 m=112  t=8   fold2  r0 rc=0 cpu=6.92    wall=0.56    route=fold   passes=0   cold=0   foreign=206/204% ok=True 292ac34b541666aa
LEG res8 m=112  t=8   fold2  r1 rc=0 cpu=6.93    wall=0.56    route=fold   passes=0   cold=0   foreign=204/204% ok=True 292ac34b541666aa
LEG res8 m=112  t=8   force2 r1 rc=0 cpu=8.51    wall=0.79    route=copied passes=1   cold=1   foreign=204/214% ok=True 292ac34b541666aa
LEG res8 m=112  t=8   force  r1 rc=0 cpu=8.51    wall=0.80    route=copied passes=1   cold=1   foreign=214/205% ok=True 292ac34b541666aa
LEG res8 m=112  t=8   fold   r1 rc=0 cpu=6.89    wall=0.56    route=fold   passes=0   cold=0   foreign=206/230% ok=True 292ac34b541666aa
LEG res8 m=112  t=8   fold   r2 rc=0 cpu=6.92    wall=0.56    route=fold   passes=0   cold=0   foreign=220/260% ok=True 292ac34b541666aa
LEG res8 m=112  t=8   force  r2 rc=0 cpu=8.49    wall=0.79    route=copied passes=1   cold=1   foreign=260/212% ok=True 292ac34b541666aa
LEG res8 m=112  t=8   force2 r2 rc=0 cpu=8.51    wall=0.80    route=copied passes=1   cold=1   foreign=212/207% ok=True 292ac34b541666aa
LEG res8 m=112  t=8   fold2  r2 rc=0 cpu=6.95    wall=0.56    route=fold   passes=0   cold=0   foreign=232/270% ok=True 292ac34b541666aa
LEG res8 m=128  t=8   fold   r0 rc=0 cpu=7.49    wall=0.63    route=fold   passes=0   cold=0   foreign=288/214% ok=True 3134ed90638a9e08
LEG res8 m=128  t=8   force  r0 rc=0 cpu=8.52    wall=0.79    route=copied passes=1   cold=1   foreign=214/209% ok=True 3134ed90638a9e08
LEG res8 m=128  t=8   force2 r0 rc=0 cpu=8.55    wall=0.81    route=copied passes=1   cold=1   foreign=209/223% ok=True 3134ed90638a9e08
LEG res8 m=128  t=8   fold2  r0 rc=0 cpu=7.5     wall=0.63    route=fold   passes=0   cold=0   foreign=223/210% ok=True 3134ed90638a9e08
LEG res8 m=128  t=8   fold2  r1 rc=0 cpu=7.49    wall=0.63    route=fold   passes=0   cold=0   foreign=210/209% ok=True 3134ed90638a9e08
LEG res8 m=128  t=8   force2 r1 rc=0 cpu=8.48    wall=0.80    route=copied passes=1   cold=1   foreign=209/316% ok=True 3134ed90638a9e08
LEG res8 m=128  t=8   force  r1 rc=0 cpu=8.53    wall=0.79    route=copied passes=1   cold=1   foreign=319/276% ok=True 3134ed90638a9e08
LEG res8 m=128  t=8   fold   r1 rc=0 cpu=7.49    wall=0.63    route=fold   passes=0   cold=0   foreign=276/237% ok=True 3134ed90638a9e08
LEG res8 m=128  t=8   fold   r2 rc=0 cpu=7.48    wall=0.63    route=fold   passes=0   cold=0   foreign=237/205% ok=True 3134ed90638a9e08
LEG res8 m=128  t=8   force  r2 rc=0 cpu=8.53    wall=0.80    route=copied passes=1   cold=1   foreign=205/207% ok=True 3134ed90638a9e08
LEG res8 m=128  t=8   force2 r2 rc=0 cpu=8.54    wall=0.80    route=copied passes=1   cold=1   foreign=254/214% ok=True 3134ed90638a9e08
LEG res8 m=128  t=8   fold2  r2 rc=0 cpu=7.5     wall=0.63    route=fold   passes=0   cold=0   foreign=211/206% ok=True 3134ed90638a9e08
LEG res8 m=144  t=8   fold   r0 rc=0 cpu=8.07    wall=0.70    route=fold   passes=0   cold=0   foreign=206/204% ok=True 527bb4c87d12c1c4
LEG res8 m=144  t=8   force  r0 rc=0 cpu=8.53    wall=0.80    route=copied passes=1   cold=1   foreign=204/208% ok=True 527bb4c87d12c1c4
LEG res8 m=144  t=8   force2 r0 rc=0 cpu=8.54    wall=0.80    route=copied passes=1   cold=1   foreign=208/207% ok=True 527bb4c87d12c1c4
LEG res8 m=144  t=8   fold2  r0 rc=0 cpu=8.06    wall=0.71    route=fold   passes=0   cold=0   foreign=207/206% ok=True 527bb4c87d12c1c4
LEG res8 m=144  t=8   fold2  r1 rc=0 cpu=8.06    wall=0.70    route=fold   passes=0   cold=0   foreign=206/229% ok=True 527bb4c87d12c1c4
LEG res8 m=144  t=8   force2 r1 rc=0 cpu=8.56    wall=0.80    route=copied passes=1   cold=1   foreign=221/245% ok=True 527bb4c87d12c1c4
LEG res8 m=144  t=8   force  r1 rc=0 cpu=8.54    wall=0.80    route=copied passes=1   cold=1   foreign=231/222% ok=True 527bb4c87d12c1c4
LEG res8 m=144  t=8   fold   r1 rc=0 cpu=8.06    wall=0.70    route=fold   passes=0   cold=0   foreign=215/207% ok=True 527bb4c87d12c1c4
LEG res8 m=144  t=8   fold   r2 rc=0 cpu=8.07    wall=0.71    route=fold   passes=0   cold=0   foreign=212/224% ok=True 527bb4c87d12c1c4
LEG res8 m=144  t=8   force  r2 rc=0 cpu=8.51    wall=0.79    route=copied passes=1   cold=1   foreign=224/218% ok=True 527bb4c87d12c1c4
LEG res8 m=144  t=8   force2 r2 rc=0 cpu=8.57    wall=0.80    route=copied passes=1   cold=1   foreign=218/209% ok=True 527bb4c87d12c1c4
LEG res8 m=144  t=8   fold2  r2 rc=0 cpu=8.06    wall=0.70    route=fold   passes=0   cold=0   foreign=209/208% ok=True 527bb4c87d12c1c4
LEG res8 m=160  t=8   fold   r0 rc=0 cpu=8.64    wall=0.78    route=fold   passes=0   cold=0   foreign=208/212% ok=True dbe99d0d52774b80
LEG res8 m=160  t=8   force  r0 rc=0 cpu=8.59    wall=0.80    route=copied passes=1   cold=1   foreign=212/266% ok=True dbe99d0d52774b80
LEG res8 m=160  t=8   force2 r0 rc=0 cpu=8.56    wall=0.80    route=copied passes=1   cold=1   foreign=266/240% ok=True dbe99d0d52774b80
LEG res8 m=160  t=8   fold2  r0 rc=0 cpu=8.64    wall=0.78    route=fold   passes=0   cold=0   foreign=240/210% ok=True dbe99d0d52774b80
LEG res8 m=160  t=8   fold2  r1 rc=0 cpu=8.64    wall=0.78    route=fold   passes=0   cold=0   foreign=209/206% ok=True dbe99d0d52774b80
LEG res8 m=160  t=8   force2 r1 rc=0 cpu=8.57    wall=0.80    route=copied passes=1   cold=1   foreign=242/210% ok=True dbe99d0d52774b80
LEG res8 m=160  t=8   force  r1 rc=0 cpu=8.54    wall=0.80    route=copied passes=1   cold=1   foreign=208/208% ok=True dbe99d0d52774b80
LEG res8 m=160  t=8   fold   r1 rc=0 cpu=8.64    wall=0.78    route=fold   passes=0   cold=0   foreign=206/224% ok=True dbe99d0d52774b80
LEG res8 m=160  t=8   fold   r2 rc=0 cpu=8.63    wall=0.78    route=fold   passes=0   cold=0   foreign=214/211% ok=True dbe99d0d52774b80
LEG res8 m=160  t=8   force  r2 rc=0 cpu=8.57    wall=0.80    route=copied passes=1   cold=1   foreign=211/209% ok=True dbe99d0d52774b80
LEG res8 m=160  t=8   force2 r2 rc=0 cpu=8.55    wall=0.80    route=copied passes=1   cold=1   foreign=209/244% ok=True dbe99d0d52774b80
LEG res8 m=160  t=8   fold2  r2 rc=0 cpu=8.65    wall=0.78    route=fold   passes=0   cold=0   foreign=244/291% ok=True dbe99d0d52774b80
LEG res8 m=192  t=8   fold   r0 rc=0 cpu=9.85    wall=0.94    route=fold   passes=0   cold=0   foreign=291/210% ok=True 4f9875c4817f94c2
LEG res8 m=192  t=8   force  r0 rc=0 cpu=8.52    wall=0.80    route=copied passes=1   cold=1   foreign=210/207% ok=True 4f9875c4817f94c2
LEG res8 m=192  t=8   force2 r0 rc=0 cpu=8.59    wall=0.81    route=copied passes=1   cold=1   foreign=207/243% ok=True 4f9875c4817f94c2
LEG res8 m=192  t=8   fold2  r0 rc=0 cpu=9.8     wall=0.92    route=fold   passes=0   cold=0   foreign=243/206% ok=True 4f9875c4817f94c2
LEG res8 m=192  t=8   fold2  r1 rc=0 cpu=9.81    wall=0.93    route=fold   passes=0   cold=0   foreign=206/206% ok=True 4f9875c4817f94c2
LEG res8 m=192  t=8   force2 r1 rc=0 cpu=8.59    wall=0.81    route=copied passes=1   cold=1   foreign=206/206% ok=True 4f9875c4817f94c2
LEG res8 m=192  t=8   force  r1 rc=0 cpu=8.52    wall=0.80    route=copied passes=1   cold=1   foreign=206/207% ok=True 4f9875c4817f94c2
LEG res8 m=192  t=8   fold   r1 rc=0 cpu=9.79    wall=0.92    route=fold   passes=0   cold=0   foreign=207/230% ok=True 4f9875c4817f94c2
LEG res8 m=192  t=8   fold   r2 rc=0 cpu=9.79    wall=0.92    route=fold   passes=0   cold=0   foreign=230/232% ok=True 4f9875c4817f94c2
LEG res8 m=192  t=8   force  r2 rc=0 cpu=8.6     wall=0.81    route=copied passes=1   cold=1   foreign=232/207% ok=True 4f9875c4817f94c2
LEG res8 m=192  t=8   force2 r2 rc=0 cpu=8.55    wall=0.80    route=copied passes=1   cold=1   foreign=207/205% ok=True 4f9875c4817f94c2
LEG res8 m=192  t=8   fold2  r2 rc=0 cpu=9.81    wall=0.93    route=fold   passes=0   cold=0   foreign=205/210% ok=True 4f9875c4817f94c2
LADDER done -> <rig>/bp/legs.jsonl
fixture ready: 16 x 64 MiB at 65536 B slices -> n = 16384 slices
LADDER label=p2_8 budget=1024 rungs=[80, 96, 112, 128, 144, 160, 192] threads=[8] reps=3 arms=['fold', 'force', 'force2', 'fold2'] n=16384
LEG p2_8 m=80   t=8   fold   r0 rc=0 cpu=5.78    wall=0.41    route=fold   passes=0   cold=0   foreign=210/205% ok=True d9305fa0d0e56853
LEG p2_8 m=80   t=8   force  r0 rc=0 cpu=8.62    wall=0.94    route=band   passes=2   cold=1   foreign=205/208% ok=True d9305fa0d0e56853
LEG p2_8 m=80   t=8   force2 r0 rc=0 cpu=8.56    wall=0.93    route=band   passes=2   cold=1   foreign=208/207% ok=True d9305fa0d0e56853
LEG p2_8 m=80   t=8   fold2  r0 rc=0 cpu=5.79    wall=0.41    route=fold   passes=0   cold=0   foreign=207/205% ok=True d9305fa0d0e56853
LEG p2_8 m=80   t=8   fold2  r1 rc=0 cpu=5.8     wall=0.41    route=fold   passes=0   cold=0   foreign=205/206% ok=True d9305fa0d0e56853
LEG p2_8 m=80   t=8   force2 r1 rc=0 cpu=8.57    wall=0.93    route=band   passes=2   cold=1   foreign=206/321% ok=True d9305fa0d0e56853
LEG p2_8 m=80   t=8   force  r1 rc=0 cpu=8.63    wall=0.94    route=band   passes=2   cold=1   foreign=321/219% ok=True d9305fa0d0e56853
LEG p2_8 m=80   t=8   fold   r1 rc=0 cpu=5.8     wall=0.41    route=fold   passes=0   cold=0   foreign=219/227% ok=True d9305fa0d0e56853
LEG p2_8 m=80   t=8   fold   r2 rc=0 cpu=5.77    wall=0.41    route=fold   passes=0   cold=0   foreign=227/211% ok=True d9305fa0d0e56853
LEG p2_8 m=80   t=8   force  r2 rc=0 cpu=8.58    wall=0.94    route=band   passes=2   cold=1   foreign=210/206% ok=True d9305fa0d0e56853
LEG p2_8 m=80   t=8   force2 r2 rc=0 cpu=8.6     wall=0.94    route=band   passes=2   cold=1   foreign=205/217% ok=True d9305fa0d0e56853
LEG p2_8 m=80   t=8   fold2  r2 rc=0 cpu=5.79    wall=0.41    route=fold   passes=0   cold=0   foreign=216/212% ok=True d9305fa0d0e56853
LEG p2_8 m=96   t=8   fold   r0 rc=0 cpu=6.36    wall=0.48    route=fold   passes=0   cold=0   foreign=213/227% ok=True 7f81fdbaf8140d9d
LEG p2_8 m=96   t=8   force  r0 rc=0 cpu=8.65    wall=0.94    route=band   passes=2   cold=1   foreign=227/221% ok=True 7f81fdbaf8140d9d
LEG p2_8 m=96   t=8   force2 r0 rc=0 cpu=8.61    wall=0.94    route=band   passes=2   cold=1   foreign=221/216% ok=True 7f81fdbaf8140d9d
LEG p2_8 m=96   t=8   fold2  r0 rc=0 cpu=6.34    wall=0.48    route=fold   passes=0   cold=0   foreign=216/276% ok=True 7f81fdbaf8140d9d
LEG p2_8 m=96   t=8   fold2  r1 rc=0 cpu=6.38    wall=0.49    route=fold   passes=0   cold=0   foreign=263/272% ok=True 7f81fdbaf8140d9d
LEG p2_8 m=96   t=8   force2 r1 rc=0 cpu=8.61    wall=0.93    route=band   passes=2   cold=1   foreign=272/212% ok=True 7f81fdbaf8140d9d
LEG p2_8 m=96   t=8   force  r1 rc=0 cpu=8.58    wall=0.93    route=band   passes=2   cold=1   foreign=212/245% ok=True 7f81fdbaf8140d9d
LEG p2_8 m=96   t=8   fold   r1 rc=0 cpu=6.34    wall=0.48    route=fold   passes=0   cold=0   foreign=245/210% ok=True 7f81fdbaf8140d9d
LEG p2_8 m=96   t=8   fold   r2 rc=0 cpu=6.34    wall=0.48    route=fold   passes=0   cold=0   foreign=217/211% ok=True 7f81fdbaf8140d9d
LEG p2_8 m=96   t=8   force  r2 rc=0 cpu=8.58    wall=0.94    route=band   passes=2   cold=1   foreign=211/207% ok=True 7f81fdbaf8140d9d
LEG p2_8 m=96   t=8   force2 r2 rc=0 cpu=8.59    wall=0.94    route=band   passes=2   cold=1   foreign=207/225% ok=True 7f81fdbaf8140d9d
LEG p2_8 m=96   t=8   fold2  r2 rc=0 cpu=6.34    wall=0.49    route=fold   passes=0   cold=0   foreign=225/221% ok=True 7f81fdbaf8140d9d
LEG p2_8 m=112  t=8   fold   r0 rc=0 cpu=6.95    wall=0.56    route=fold   passes=0   cold=0   foreign=253/290% ok=True 292ac34b541666aa
LEG p2_8 m=112  t=8   force  r0 rc=0 cpu=8.58    wall=0.94    route=band   passes=2   cold=1   foreign=267/284% ok=True 292ac34b541666aa
LEG p2_8 m=112  t=8   force2 r0 rc=0 cpu=8.6     wall=0.94    route=band   passes=2   cold=1   foreign=258/226% ok=True 292ac34b541666aa
LEG p2_8 m=112  t=8   fold2  r0 rc=0 cpu=6.93    wall=0.56    route=fold   passes=0   cold=0   foreign=226/221% ok=True 292ac34b541666aa
LEG p2_8 m=112  t=8   fold2  r1 rc=0 cpu=6.92    wall=0.56    route=fold   passes=0   cold=0   foreign=221/207% ok=True 292ac34b541666aa
LEG p2_8 m=112  t=8   force2 r1 rc=0 cpu=8.58    wall=0.93    route=band   passes=2   cold=1   foreign=207/206% ok=True 292ac34b541666aa
LEG p2_8 m=112  t=8   force  r1 rc=0 cpu=8.57    wall=0.94    route=band   passes=2   cold=1   foreign=206/207% ok=True 292ac34b541666aa
LEG p2_8 m=112  t=8   fold   r1 rc=0 cpu=6.93    wall=0.56    route=fold   passes=0   cold=0   foreign=207/207% ok=True 292ac34b541666aa
LEG p2_8 m=112  t=8   fold   r2 rc=0 cpu=6.91    wall=0.56    route=fold   passes=0   cold=0   foreign=207/205% ok=True 292ac34b541666aa
LEG p2_8 m=112  t=8   force  r2 rc=0 cpu=8.57    wall=0.94    route=band   passes=2   cold=1   foreign=205/208% ok=True 292ac34b541666aa
LEG p2_8 m=112  t=8   force2 r2 rc=0 cpu=8.6     wall=0.94    route=band   passes=2   cold=1   foreign=208/255% ok=True 292ac34b541666aa
LEG p2_8 m=112  t=8   fold2  r2 rc=0 cpu=6.91    wall=0.55    route=fold   passes=0   cold=0   foreign=255/236% ok=True 292ac34b541666aa
LEG p2_8 m=128  t=8   fold   r0 rc=0 cpu=7.49    wall=0.63    route=fold   passes=0   cold=0   foreign=236/226% ok=True 3134ed90638a9e08
LEG p2_8 m=128  t=8   force  r0 rc=0 cpu=8.56    wall=0.93    route=band   passes=2   cold=1   foreign=218/209% ok=True 3134ed90638a9e08
LEG p2_8 m=128  t=8   force2 r0 rc=0 cpu=8.56    wall=0.93    route=band   passes=2   cold=1   foreign=208/207% ok=True 3134ed90638a9e08
LEG p2_8 m=128  t=8   fold2  r0 rc=0 cpu=7.49    wall=0.63    route=fold   passes=0   cold=0   foreign=206/207% ok=True 3134ed90638a9e08
LEG p2_8 m=128  t=8   fold2  r1 rc=0 cpu=7.49    wall=0.63    route=fold   passes=0   cold=0   foreign=207/207% ok=True 3134ed90638a9e08
LEG p2_8 m=128  t=8   force2 r1 rc=0 cpu=8.61    wall=0.94    route=band   passes=2   cold=1   foreign=207/206% ok=True 3134ed90638a9e08
LEG p2_8 m=128  t=8   force  r1 rc=0 cpu=8.59    wall=0.94    route=band   passes=2   cold=1   foreign=206/208% ok=True 3134ed90638a9e08
LEG p2_8 m=128  t=8   fold   r1 rc=0 cpu=7.47    wall=0.63    route=fold   passes=0   cold=0   foreign=208/206% ok=True 3134ed90638a9e08
LEG p2_8 m=128  t=8   fold   r2 rc=0 cpu=7.49    wall=0.63    route=fold   passes=0   cold=0   foreign=207/224% ok=True 3134ed90638a9e08
LEG p2_8 m=128  t=8   force  r2 rc=0 cpu=8.59    wall=0.94    route=band   passes=2   cold=1   foreign=224/223% ok=True 3134ed90638a9e08
LEG p2_8 m=128  t=8   force2 r2 rc=0 cpu=8.56    wall=0.93    route=band   passes=2   cold=1   foreign=223/207% ok=True 3134ed90638a9e08
LEG p2_8 m=128  t=8   fold2  r2 rc=0 cpu=7.49    wall=0.63    route=fold   passes=0   cold=0   foreign=212/208% ok=True 3134ed90638a9e08
LEG p2_8 m=144  t=8   fold   r0 rc=0 cpu=8.07    wall=0.70    route=fold   passes=0   cold=0   foreign=208/206% ok=True 527bb4c87d12c1c4
LEG p2_8 m=144  t=8   force  r0 rc=0 cpu=8.59    wall=0.94    route=band   passes=2   cold=1   foreign=206/213% ok=True 527bb4c87d12c1c4
LEG p2_8 m=144  t=8   force2 r0 rc=0 cpu=8.6     wall=0.94    route=band   passes=2   cold=1   foreign=213/206% ok=True 527bb4c87d12c1c4
LEG p2_8 m=144  t=8   fold2  r0 rc=0 cpu=8.07    wall=0.70    route=fold   passes=0   cold=0   foreign=206/208% ok=True 527bb4c87d12c1c4
LEG p2_8 m=144  t=8   fold2  r1 rc=0 cpu=8.07    wall=0.70    route=fold   passes=0   cold=0   foreign=207/204% ok=True 527bb4c87d12c1c4
LEG p2_8 m=144  t=8   force2 r1 rc=0 cpu=8.6     wall=0.94    route=band   passes=2   cold=1   foreign=206/266% ok=True 527bb4c87d12c1c4
LEG p2_8 m=144  t=8   force  r1 rc=0 cpu=8.57    wall=0.94    route=band   passes=2   cold=1   foreign=266/209% ok=True 527bb4c87d12c1c4
LEG p2_8 m=144  t=8   fold   r1 rc=0 cpu=8.07    wall=0.71    route=fold   passes=0   cold=0   foreign=209/208% ok=True 527bb4c87d12c1c4
LEG p2_8 m=144  t=8   fold   r2 rc=0 cpu=8.06    wall=0.71    route=fold   passes=0   cold=0   foreign=208/206% ok=True 527bb4c87d12c1c4
LEG p2_8 m=144  t=8   force  r2 rc=0 cpu=8.6     wall=0.94    route=band   passes=2   cold=1   foreign=206/206% ok=True 527bb4c87d12c1c4
LEG p2_8 m=144  t=8   force2 r2 rc=0 cpu=8.6     wall=0.94    route=band   passes=2   cold=1   foreign=209/219% ok=True 527bb4c87d12c1c4
LEG p2_8 m=144  t=8   fold2  r2 rc=0 cpu=8.1     wall=0.71    route=fold   passes=0   cold=0   foreign=250/228% ok=True 527bb4c87d12c1c4
LEG p2_8 m=160  t=8   fold   r0 rc=0 cpu=8.64    wall=0.77    route=fold   passes=0   cold=0   foreign=228/209% ok=True dbe99d0d52774b80
LEG p2_8 m=160  t=8   force  r0 rc=0 cpu=8.58    wall=0.94    route=band   passes=2   cold=1   foreign=217/260% ok=True dbe99d0d52774b80
LEG p2_8 m=160  t=8   force2 r0 rc=0 cpu=8.62    wall=0.94    route=band   passes=2   cold=1   foreign=239/233% ok=True dbe99d0d52774b80
LEG p2_8 m=160  t=8   fold2  r0 rc=0 cpu=8.64    wall=0.77    route=fold   passes=0   cold=0   foreign=224/208% ok=True dbe99d0d52774b80
LEG p2_8 m=160  t=8   fold2  r1 rc=0 cpu=8.64    wall=0.78    route=fold   passes=0   cold=0   foreign=207/206% ok=True dbe99d0d52774b80
LEG p2_8 m=160  t=8   force2 r1 rc=0 cpu=8.59    wall=0.94    route=band   passes=2   cold=1   foreign=206/270% ok=True dbe99d0d52774b80
LEG p2_8 m=160  t=8   force  r1 rc=0 cpu=8.61    wall=0.94    route=band   passes=2   cold=1   foreign=292/237% ok=True dbe99d0d52774b80
LEG p2_8 m=160  t=8   fold   r1 rc=0 cpu=8.63    wall=0.78    route=fold   passes=0   cold=0   foreign=227/222% ok=True dbe99d0d52774b80
LEG p2_8 m=160  t=8   fold   r2 rc=0 cpu=8.64    wall=0.77    route=fold   passes=0   cold=0   foreign=230/218% ok=True dbe99d0d52774b80
LEG p2_8 m=160  t=8   force  r2 rc=0 cpu=8.54    wall=0.94    route=band   passes=2   cold=1   foreign=218/206% ok=True dbe99d0d52774b80
LEG p2_8 m=160  t=8   force2 r2 rc=0 cpu=8.64    wall=0.94    route=band   passes=2   cold=1   foreign=206/278% ok=True dbe99d0d52774b80
LEG p2_8 m=160  t=8   fold2  r2 rc=0 cpu=8.65    wall=0.78    route=fold   passes=0   cold=0   foreign=250/209% ok=True dbe99d0d52774b80
LEG p2_8 m=192  t=8   fold   r0 rc=0 cpu=9.8     wall=0.92    route=fold   passes=0   cold=0   foreign=209/222% ok=True 4f9875c4817f94c2
LEG p2_8 m=192  t=8   force  r0 rc=0 cpu=8.62    wall=0.95    route=band   passes=2   cold=1   foreign=222/206% ok=True 4f9875c4817f94c2
LEG p2_8 m=192  t=8   force2 r0 rc=0 cpu=8.6     wall=0.95    route=band   passes=2   cold=1   foreign=206/207% ok=True 4f9875c4817f94c2
LEG p2_8 m=192  t=8   fold2  r0 rc=0 cpu=9.8     wall=0.93    route=fold   passes=0   cold=0   foreign=207/207% ok=True 4f9875c4817f94c2
LEG p2_8 m=192  t=8   fold2  r1 rc=0 cpu=9.78    wall=0.92    route=fold   passes=0   cold=0   foreign=206/206% ok=True 4f9875c4817f94c2
LEG p2_8 m=192  t=8   force2 r1 rc=0 cpu=8.61    wall=0.94    route=band   passes=2   cold=1   foreign=205/216% ok=True 4f9875c4817f94c2
LEG p2_8 m=192  t=8   force  r1 rc=0 cpu=8.6     wall=0.94    route=band   passes=2   cold=1   foreign=240/252% ok=True 4f9875c4817f94c2
LEG p2_8 m=192  t=8   fold   r1 rc=0 cpu=9.78    wall=0.92    route=fold   passes=0   cold=0   foreign=236/217% ok=True 4f9875c4817f94c2
LEG p2_8 m=192  t=8   fold   r2 rc=0 cpu=9.78    wall=0.92    route=fold   passes=0   cold=0   foreign=216/214% ok=True 4f9875c4817f94c2
LEG p2_8 m=192  t=8   force  r2 rc=0 cpu=8.61    wall=0.95    route=band   passes=2   cold=1   foreign=214/206% ok=True 4f9875c4817f94c2
LEG p2_8 m=192  t=8   force2 r2 rc=0 cpu=8.63    wall=0.95    route=band   passes=2   cold=1   foreign=205/205% ok=True 4f9875c4817f94c2
LEG p2_8 m=192  t=8   fold2  r2 rc=0 cpu=9.78    wall=0.92    route=fold   passes=0   cold=0   foreign=205/211% ok=True 4f9875c4817f94c2
LADDER done -> <rig>/bp/legs.jsonl
fixture ready: 16 x 64 MiB at 65536 B slices -> n = 16384 slices
LADDER label=p3_8 budget=512 rungs=[80, 96, 112, 128, 144, 160, 192] threads=[8] reps=3 arms=['fold', 'force', 'force2', 'fold2'] n=16384
LEG p3_8 m=80   t=8   fold   r0 rc=0 cpu=5.79    wall=0.41    route=fold   passes=0   cold=0   foreign=211/207% ok=True d9305fa0d0e56853
LEG p3_8 m=80   t=8   force  r0 rc=0 cpu=8.62    wall=0.94    route=band   passes=3   cold=1   foreign=207/206% ok=True d9305fa0d0e56853
LEG p3_8 m=80   t=8   force2 r0 rc=0 cpu=8.61    wall=0.93    route=band   passes=3   cold=1   foreign=206/233% ok=True d9305fa0d0e56853
LEG p3_8 m=80   t=8   fold2  r0 rc=0 cpu=5.78    wall=0.41    route=fold   passes=0   cold=0   foreign=233/238% ok=True d9305fa0d0e56853
LEG p3_8 m=80   t=8   fold2  r1 rc=0 cpu=5.77    wall=0.41    route=fold   passes=0   cold=0   foreign=238/210% ok=True d9305fa0d0e56853
LEG p3_8 m=80   t=8   force2 r1 rc=0 cpu=8.64    wall=0.94    route=band   passes=3   cold=1   foreign=210/204% ok=True d9305fa0d0e56853
LEG p3_8 m=80   t=8   force  r1 rc=0 cpu=8.58    wall=0.93    route=band   passes=3   cold=1   foreign=204/207% ok=True d9305fa0d0e56853
LEG p3_8 m=80   t=8   fold   r1 rc=0 cpu=5.84    wall=0.42    route=fold   passes=0   cold=0   foreign=207/230% ok=True d9305fa0d0e56853
LEG p3_8 m=80   t=8   fold   r2 rc=0 cpu=5.83    wall=0.42    route=fold   passes=0   cold=0   foreign=230/245% ok=True d9305fa0d0e56853
LEG p3_8 m=80   t=8   force  r2 rc=0 cpu=8.6     wall=0.93    route=band   passes=3   cold=1   foreign=245/219% ok=True d9305fa0d0e56853
LEG p3_8 m=80   t=8   force2 r2 rc=0 cpu=8.62    wall=0.94    route=band   passes=3   cold=1   foreign=219/246% ok=True d9305fa0d0e56853
LEG p3_8 m=80   t=8   fold2  r2 rc=0 cpu=5.8     wall=0.41    route=fold   passes=0   cold=0   foreign=246/242% ok=True d9305fa0d0e56853
LEG p3_8 m=96   t=8   fold   r0 rc=0 cpu=6.33    wall=0.48    route=fold   passes=0   cold=0   foreign=242/237% ok=True 7f81fdbaf8140d9d
LEG p3_8 m=96   t=8   force  r0 rc=0 cpu=8.62    wall=0.94    route=band   passes=3   cold=1   foreign=237/256% ok=True 7f81fdbaf8140d9d
LEG p3_8 m=96   t=8   force2 r0 rc=0 cpu=8.62    wall=0.94    route=band   passes=3   cold=1   foreign=256/214% ok=True 7f81fdbaf8140d9d
LEG p3_8 m=96   t=8   fold2  r0 rc=0 cpu=6.35    wall=0.48    route=fold   passes=0   cold=0   foreign=214/206% ok=True 7f81fdbaf8140d9d
LEG p3_8 m=96   t=8   fold2  r1 rc=0 cpu=6.36    wall=0.49    route=fold   passes=0   cold=0   foreign=206/221% ok=True 7f81fdbaf8140d9d
LEG p3_8 m=96   t=8   force2 r1 rc=0 cpu=8.58    wall=0.93    route=band   passes=3   cold=1   foreign=221/279% ok=True 7f81fdbaf8140d9d
LEG p3_8 m=96   t=8   force  r1 rc=0 cpu=8.59    wall=0.93    route=band   passes=3   cold=1   foreign=279/234% ok=True 7f81fdbaf8140d9d
LEG p3_8 m=96   t=8   fold   r1 rc=0 cpu=6.36    wall=0.48    route=fold   passes=0   cold=0   foreign=234/246% ok=True 7f81fdbaf8140d9d
LEG p3_8 m=96   t=8   fold   r2 rc=0 cpu=6.36    wall=0.49    route=fold   passes=0   cold=0   foreign=235/226% ok=True 7f81fdbaf8140d9d
LEG p3_8 m=96   t=8   force  r2 rc=0 cpu=8.63    wall=0.93    route=band   passes=3   cold=1   foreign=226/208% ok=True 7f81fdbaf8140d9d
LEG p3_8 m=96   t=8   force2 r2 rc=0 cpu=8.6     wall=0.94    route=band   passes=3   cold=1   foreign=208/214% ok=True 7f81fdbaf8140d9d
LEG p3_8 m=96   t=8   fold2  r2 rc=0 cpu=6.35    wall=0.48    route=fold   passes=0   cold=0   foreign=214/224% ok=True 7f81fdbaf8140d9d
LEG p3_8 m=112  t=8   fold   r0 rc=0 cpu=6.92    wall=0.56    route=fold   passes=0   cold=0   foreign=243/283% ok=True 292ac34b541666aa
LEG p3_8 m=112  t=8   force  r0 rc=0 cpu=8.59    wall=0.93    route=band   passes=3   cold=1   foreign=287/210% ok=True 292ac34b541666aa
LEG p3_8 m=112  t=8   force2 r0 rc=0 cpu=8.59    wall=0.93    route=band   passes=3   cold=1   foreign=210/230% ok=True 292ac34b541666aa
LEG p3_8 m=112  t=8   fold2  r0 rc=0 cpu=6.94    wall=0.57    route=fold   passes=0   cold=0   foreign=278/302% ok=True 292ac34b541666aa
LEG p3_8 m=112  t=8   fold2  r1 rc=0 cpu=6.92    wall=0.56    route=fold   passes=0   cold=0   foreign=300/224% ok=True 292ac34b541666aa
LEG p3_8 m=112  t=8   force2 r1 rc=0 cpu=8.55    wall=0.93    route=band   passes=3   cold=1   foreign=220/241% ok=True 292ac34b541666aa
LEG p3_8 m=112  t=8   force  r1 rc=0 cpu=8.57    wall=0.94    route=band   passes=3   cold=1   foreign=273/236% ok=True 292ac34b541666aa
LEG p3_8 m=112  t=8   fold   r1 rc=0 cpu=6.9     wall=0.56    route=fold   passes=0   cold=0   foreign=228/274% ok=True 292ac34b541666aa
LEG p3_8 m=112  t=8   fold   r2 rc=0 cpu=6.91    wall=0.56    route=fold   passes=0   cold=0   foreign=280/248% ok=True 292ac34b541666aa
LEG p3_8 m=112  t=8   force  r2 rc=0 cpu=8.63    wall=0.94    route=band   passes=3   cold=1   foreign=234/220% ok=True 292ac34b541666aa
LEG p3_8 m=112  t=8   force2 r2 rc=0 cpu=8.6     wall=0.93    route=band   passes=3   cold=1   foreign=220/223% ok=True 292ac34b541666aa
LEG p3_8 m=112  t=8   fold2  r2 rc=0 cpu=6.92    wall=0.56    route=fold   passes=0   cold=0   foreign=223/206% ok=True 292ac34b541666aa
LEG p3_8 m=128  t=8   fold   r0 rc=0 cpu=7.49    wall=0.62    route=fold   passes=0   cold=0   foreign=206/204% ok=True 3134ed90638a9e08
LEG p3_8 m=128  t=8   force  r0 rc=0 cpu=8.59    wall=0.94    route=band   passes=3   cold=1   foreign=204/206% ok=True 3134ed90638a9e08
LEG p3_8 m=128  t=8   force2 r0 rc=0 cpu=8.61    wall=0.94    route=band   passes=3   cold=1   foreign=206/206% ok=True 3134ed90638a9e08
LEG p3_8 m=128  t=8   fold2  r0 rc=0 cpu=7.48    wall=0.63    route=fold   passes=0   cold=0   foreign=206/224% ok=True 3134ed90638a9e08
LEG p3_8 m=128  t=8   fold2  r1 rc=0 cpu=7.48    wall=0.63    route=fold   passes=0   cold=0   foreign=224/207% ok=True 3134ed90638a9e08
LEG p3_8 m=128  t=8   force2 r1 rc=0 cpu=8.59    wall=0.94    route=band   passes=3   cold=1   foreign=207/206% ok=True 3134ed90638a9e08
LEG p3_8 m=128  t=8   force  r1 rc=0 cpu=8.61    wall=0.94    route=band   passes=3   cold=1   foreign=213/208% ok=True 3134ed90638a9e08
LEG p3_8 m=128  t=8   fold   r1 rc=0 cpu=7.49    wall=0.63    route=fold   passes=0   cold=0   foreign=208/293% ok=True 3134ed90638a9e08
LEG p3_8 m=128  t=8   fold   r2 rc=0 cpu=7.5     wall=0.63    route=fold   passes=0   cold=0   foreign=267/254% ok=True 3134ed90638a9e08
LEG p3_8 m=128  t=8   force  r2 rc=0 cpu=8.58    wall=0.94    route=band   passes=3   cold=1   foreign=254/223% ok=True 3134ed90638a9e08
LEG p3_8 m=128  t=8   force2 r2 rc=0 cpu=8.57    wall=0.93    route=band   passes=3   cold=1   foreign=223/211% ok=True 3134ed90638a9e08
LEG p3_8 m=128  t=8   fold2  r2 rc=0 cpu=7.48    wall=0.63    route=fold   passes=0   cold=0   foreign=211/205% ok=True 3134ed90638a9e08
LEG p3_8 m=144  t=8   fold   r0 rc=0 cpu=8.07    wall=0.70    route=fold   passes=0   cold=0   foreign=204/220% ok=True 527bb4c87d12c1c4
LEG p3_8 m=144  t=8   force  r0 rc=0 cpu=8.61    wall=0.94    route=band   passes=3   cold=1   foreign=220/206% ok=True 527bb4c87d12c1c4
LEG p3_8 m=144  t=8   force2 r0 rc=0 cpu=8.62    wall=0.94    route=band   passes=3   cold=1   foreign=206/204% ok=True 527bb4c87d12c1c4
LEG p3_8 m=144  t=8   fold2  r0 rc=0 cpu=8.06    wall=0.70    route=fold   passes=0   cold=0   foreign=204/205% ok=True 527bb4c87d12c1c4
LEG p3_8 m=144  t=8   fold2  r1 rc=0 cpu=8.06    wall=0.71    route=fold   passes=0   cold=0   foreign=205/248% ok=True 527bb4c87d12c1c4
LEG p3_8 m=144  t=8   force2 r1 rc=0 cpu=8.59    wall=0.94    route=band   passes=3   cold=1   foreign=267/217% ok=True 527bb4c87d12c1c4
LEG p3_8 m=144  t=8   force  r1 rc=0 cpu=8.59    wall=0.94    route=band   passes=3   cold=1   foreign=212/205% ok=True 527bb4c87d12c1c4
LEG p3_8 m=144  t=8   fold   r1 rc=0 cpu=8.07    wall=0.70    route=fold   passes=0   cold=0   foreign=205/205% ok=True 527bb4c87d12c1c4
LEG p3_8 m=144  t=8   fold   r2 rc=0 cpu=8.08    wall=0.70    route=fold   passes=0   cold=0   foreign=205/206% ok=True 527bb4c87d12c1c4
LEG p3_8 m=144  t=8   force  r2 rc=0 cpu=8.62    wall=0.94    route=band   passes=3   cold=1   foreign=206/206% ok=True 527bb4c87d12c1c4
LEG p3_8 m=144  t=8   force2 r2 rc=0 cpu=8.6     wall=0.94    route=band   passes=3   cold=1   foreign=206/204% ok=True 527bb4c87d12c1c4
LEG p3_8 m=144  t=8   fold2  r2 rc=0 cpu=8.08    wall=0.71    route=fold   passes=0   cold=0   foreign=204/226% ok=True 527bb4c87d12c1c4
LEG p3_8 m=160  t=8   fold   r0 rc=0 cpu=8.64    wall=0.78    route=fold   passes=0   cold=0   foreign=217/205% ok=True dbe99d0d52774b80
LEG p3_8 m=160  t=8   force  r0 rc=0 cpu=8.62    wall=0.94    route=band   passes=3   cold=1   foreign=205/205% ok=True dbe99d0d52774b80
LEG p3_8 m=160  t=8   force2 r0 rc=0 cpu=8.62    wall=0.94    route=band   passes=3   cold=1   foreign=204/244% ok=True dbe99d0d52774b80
LEG p3_8 m=160  t=8   fold2  r0 rc=0 cpu=8.64    wall=0.77    route=fold   passes=0   cold=0   foreign=229/222% ok=True dbe99d0d52774b80
LEG p3_8 m=160  t=8   fold2  r1 rc=0 cpu=8.62    wall=0.78    route=fold   passes=0   cold=0   foreign=222/205% ok=True dbe99d0d52774b80
LEG p3_8 m=160  t=8   force2 r1 rc=0 cpu=8.63    wall=0.94    route=band   passes=3   cold=1   foreign=205/206% ok=True dbe99d0d52774b80
LEG p3_8 m=160  t=8   force  r1 rc=0 cpu=8.58    wall=0.94    route=band   passes=3   cold=1   foreign=206/215% ok=True dbe99d0d52774b80
LEG p3_8 m=160  t=8   fold   r1 rc=0 cpu=8.64    wall=0.78    route=fold   passes=0   cold=0   foreign=215/213% ok=True dbe99d0d52774b80
LEG p3_8 m=160  t=8   fold   r2 rc=0 cpu=8.63    wall=0.78    route=fold   passes=0   cold=0   foreign=213/209% ok=True dbe99d0d52774b80
LEG p3_8 m=160  t=8   force  r2 rc=0 cpu=8.6     wall=0.95    route=band   passes=3   cold=1   foreign=209/206% ok=True dbe99d0d52774b80
LEG p3_8 m=160  t=8   force2 r2 rc=0 cpu=8.61    wall=0.94    route=band   passes=3   cold=1   foreign=206/212% ok=True dbe99d0d52774b80
LEG p3_8 m=160  t=8   fold2  r2 rc=0 cpu=8.65    wall=0.78    route=fold   passes=0   cold=0   foreign=212/230% ok=True dbe99d0d52774b80
LEG p3_8 m=192  t=8   fold   r0 rc=0 cpu=9.8     wall=0.92    route=fold   passes=0   cold=0   foreign=230/206% ok=True 4f9875c4817f94c2
LEG p3_8 m=192  t=8   force  r0 rc=0 cpu=8.62    wall=0.94    route=band   passes=3   cold=1   foreign=206/205% ok=True 4f9875c4817f94c2
LEG p3_8 m=192  t=8   force2 r0 rc=0 cpu=8.61    wall=0.95    route=band   passes=3   cold=1   foreign=205/206% ok=True 4f9875c4817f94c2
LEG p3_8 m=192  t=8   fold2  r0 rc=0 cpu=9.79    wall=0.92    route=fold   passes=0   cold=0   foreign=206/206% ok=True 4f9875c4817f94c2
LEG p3_8 m=192  t=8   fold2  r1 rc=0 cpu=9.79    wall=0.93    route=fold   passes=0   cold=0   foreign=206/207% ok=True 4f9875c4817f94c2
LEG p3_8 m=192  t=8   force2 r1 rc=0 cpu=8.66    wall=0.94    route=band   passes=3   cold=1   foreign=207/250% ok=True 4f9875c4817f94c2
LEG p3_8 m=192  t=8   force  r1 rc=0 cpu=8.65    wall=0.94    route=band   passes=3   cold=1   foreign=249/218% ok=True 4f9875c4817f94c2
LEG p3_8 m=192  t=8   fold   r1 rc=0 cpu=9.79    wall=0.92    route=fold   passes=0   cold=0   foreign=218/220% ok=True 4f9875c4817f94c2
LEG p3_8 m=192  t=8   fold   r2 rc=0 cpu=9.78    wall=0.92    route=fold   passes=0   cold=0   foreign=215/209% ok=True 4f9875c4817f94c2
LEG p3_8 m=192  t=8   force  r2 rc=0 cpu=8.66    wall=0.95    route=band   passes=3   cold=1   foreign=210/212% ok=True 4f9875c4817f94c2
LEG p3_8 m=192  t=8   force2 r2 rc=0 cpu=8.63    wall=0.94    route=band   passes=3   cold=1   foreign=210/207% ok=True 4f9875c4817f94c2
LEG p3_8 m=192  t=8   fold2  r2 rc=0 cpu=9.78    wall=0.92    route=fold   passes=0   cold=0   foreign=207/208% ok=True 4f9875c4817f94c2
LADDER done -> <rig>/bp/legs.jsonl
fixture ready: 16 x 64 MiB at 65536 B slices -> n = 16384 slices
LADDER label=p8_8 budget=192 rungs=[80, 96, 112, 128, 144, 160, 192] threads=[8] reps=3 arms=['fold', 'force', 'force2', 'fold2'] n=16384
LEG p8_8 m=80   t=8   fold   r0 rc=0 cpu=5.78    wall=0.41    route=fold   passes=0   cold=0   foreign=207/206% ok=True d9305fa0d0e56853
LEG p8_8 m=80   t=8   force  r0 rc=0 cpu=8.85    wall=1.45    route=band   passes=8   cold=1   foreign=206/321% ok=True d9305fa0d0e56853
LEG p8_8 m=80   t=8   force2 r0 rc=0 cpu=8.87    wall=1.44    route=band   passes=8   cold=1   foreign=321/262% ok=True d9305fa0d0e56853
LEG p8_8 m=80   t=8   fold2  r0 rc=0 cpu=5.79    wall=0.41    route=fold   passes=0   cold=0   foreign=262/210% ok=True d9305fa0d0e56853
LEG p8_8 m=80   t=8   fold2  r1 rc=0 cpu=5.78    wall=0.41    route=fold   passes=0   cold=0   foreign=210/212% ok=True d9305fa0d0e56853
LEG p8_8 m=80   t=8   force2 r1 rc=0 cpu=8.87    wall=1.45    route=band   passes=8   cold=1   foreign=212/212% ok=True d9305fa0d0e56853
LEG p8_8 m=80   t=8   force  r1 rc=0 cpu=8.87    wall=1.45    route=band   passes=8   cold=1   foreign=212/212% ok=True d9305fa0d0e56853
LEG p8_8 m=80   t=8   fold   r1 rc=0 cpu=5.78    wall=0.41    route=fold   passes=0   cold=0   foreign=212/205% ok=True d9305fa0d0e56853
LEG p8_8 m=80   t=8   fold   r2 rc=0 cpu=5.79    wall=0.41    route=fold   passes=0   cold=0   foreign=205/209% ok=True d9305fa0d0e56853
LEG p8_8 m=80   t=8   force  r2 rc=0 cpu=8.91    wall=1.46    route=band   passes=8   cold=1   foreign=209/210% ok=True d9305fa0d0e56853
LEG p8_8 m=80   t=8   force2 r2 rc=0 cpu=8.9     wall=1.46    route=band   passes=8   cold=1   foreign=210/291% ok=True d9305fa0d0e56853
LEG p8_8 m=80   t=8   fold2  r2 rc=0 cpu=5.79    wall=0.41    route=fold   passes=0   cold=0   foreign=291/222% ok=True d9305fa0d0e56853
LEG p8_8 m=96   t=8   fold   r0 rc=0 cpu=6.34    wall=0.48    route=fold   passes=0   cold=0   foreign=222/219% ok=True 7f81fdbaf8140d9d
LEG p8_8 m=96   t=8   force  r0 rc=0 cpu=8.88    wall=1.45    route=band   passes=8   cold=1   foreign=213/212% ok=True 7f81fdbaf8140d9d
LEG p8_8 m=96   t=8   force2 r0 rc=0 cpu=8.9     wall=1.45    route=band   passes=8   cold=1   foreign=211/211% ok=True 7f81fdbaf8140d9d
LEG p8_8 m=96   t=8   fold2  r0 rc=0 cpu=6.34    wall=0.48    route=fold   passes=0   cold=0   foreign=211/208% ok=True 7f81fdbaf8140d9d
LEG p8_8 m=96   t=8   fold2  r1 rc=0 cpu=6.35    wall=0.48    route=fold   passes=0   cold=0   foreign=208/207% ok=True 7f81fdbaf8140d9d
LEG p8_8 m=96   t=8   force2 r1 rc=0 cpu=8.91    wall=1.46    route=band   passes=8   cold=1   foreign=208/211% ok=True 7f81fdbaf8140d9d
LEG p8_8 m=96   t=8   force  r1 rc=0 cpu=8.92    wall=1.46    route=band   passes=8   cold=1   foreign=211/242% ok=True 7f81fdbaf8140d9d
LEG p8_8 m=96   t=8   fold   r1 rc=0 cpu=6.35    wall=0.48    route=fold   passes=0   cold=0   foreign=242/212% ok=True 7f81fdbaf8140d9d
LEG p8_8 m=96   t=8   fold   r2 rc=0 cpu=6.34    wall=0.48    route=fold   passes=0   cold=0   foreign=209/208% ok=True 7f81fdbaf8140d9d
LEG p8_8 m=96   t=8   force  r2 rc=0 cpu=8.86    wall=1.45    route=band   passes=8   cold=1   foreign=208/212% ok=True 7f81fdbaf8140d9d
LEG p8_8 m=96   t=8   force2 r2 rc=0 cpu=8.86    wall=1.45    route=band   passes=8   cold=1   foreign=212/236% ok=True 7f81fdbaf8140d9d
LEG p8_8 m=96   t=8   fold2  r2 rc=0 cpu=6.37    wall=0.48    route=fold   passes=0   cold=0   foreign=236/208% ok=True 7f81fdbaf8140d9d
LEG p8_8 m=112  t=8   fold   r0 rc=0 cpu=6.94    wall=0.56    route=fold   passes=0   cold=0   foreign=207/213% ok=True 292ac34b541666aa
LEG p8_8 m=112  t=8   force  r0 rc=0 cpu=9.0     wall=0.91    route=band   passes=8   cold=1   foreign=210/236% ok=True 292ac34b541666aa
LEG p8_8 m=112  t=8   force2 r0 rc=0 cpu=9.06    wall=0.90    route=band   passes=8   cold=1   foreign=248/238% ok=True 292ac34b541666aa
LEG p8_8 m=112  t=8   fold2  r0 rc=0 cpu=6.93    wall=0.56    route=fold   passes=0   cold=0   foreign=238/351% ok=True 292ac34b541666aa
LEG p8_8 m=112  t=8   fold2  r1 rc=0 cpu=6.9     wall=0.55    route=fold   passes=0   cold=0   foreign=351/265% ok=True 292ac34b541666aa
LEG p8_8 m=112  t=8   force2 r1 rc=0 cpu=9.05    wall=0.91    route=band   passes=8   cold=1   foreign=263/211% ok=True 292ac34b541666aa
LEG p8_8 m=112  t=8   force  r1 rc=0 cpu=8.98    wall=0.90    route=band   passes=8   cold=1   foreign=211/206% ok=True 292ac34b541666aa
LEG p8_8 m=112  t=8   fold   r1 rc=0 cpu=6.93    wall=0.55    route=fold   passes=0   cold=0   foreign=206/206% ok=True 292ac34b541666aa
LEG p8_8 m=112  t=8   fold   r2 rc=0 cpu=6.9     wall=0.56    route=fold   passes=0   cold=0   foreign=206/216% ok=True 292ac34b541666aa
LEG p8_8 m=112  t=8   force  r2 rc=0 cpu=9.12    wall=0.92    route=band   passes=8   cold=1   foreign=216/208% ok=True 292ac34b541666aa
LEG p8_8 m=112  t=8   force2 r2 rc=0 cpu=9.13    wall=0.91    route=band   passes=8   cold=1   foreign=208/207% ok=True 292ac34b541666aa
LEG p8_8 m=112  t=8   fold2  r2 rc=0 cpu=6.92    wall=0.55    route=fold   passes=0   cold=0   foreign=207/210% ok=True 292ac34b541666aa
LEG p8_8 m=128  t=8   fold   r0 rc=0 cpu=7.49    wall=0.63    route=fold   passes=0   cold=0   foreign=211/223% ok=True 3134ed90638a9e08
LEG p8_8 m=128  t=8   force  r0 rc=0 cpu=9.12    wall=0.92    route=band   passes=8   cold=1   foreign=221/243% ok=True 3134ed90638a9e08
LEG p8_8 m=128  t=8   force2 r0 rc=0 cpu=9.1     wall=0.92    route=band   passes=8   cold=1   foreign=242/283% ok=True 3134ed90638a9e08
LEG p8_8 m=128  t=8   fold2  r0 rc=0 cpu=7.49    wall=0.63    route=fold   passes=0   cold=0   foreign=283/208% ok=True 3134ed90638a9e08
LEG p8_8 m=128  t=8   fold2  r1 rc=0 cpu=7.48    wall=0.63    route=fold   passes=0   cold=0   foreign=208/207% ok=True 3134ed90638a9e08
LEG p8_8 m=128  t=8   force2 r1 rc=0 cpu=9.02    wall=0.91    route=band   passes=8   cold=1   foreign=207/206% ok=True 3134ed90638a9e08
LEG p8_8 m=128  t=8   force  r1 rc=0 cpu=9.09    wall=0.91    route=band   passes=8   cold=1   foreign=206/204% ok=True 3134ed90638a9e08
LEG p8_8 m=128  t=8   fold   r1 rc=0 cpu=7.5     wall=0.63    route=fold   passes=0   cold=0   foreign=204/235% ok=True 3134ed90638a9e08
LEG p8_8 m=128  t=8   fold   r2 rc=0 cpu=7.5     wall=0.63    route=fold   passes=0   cold=0   foreign=235/204% ok=True 3134ed90638a9e08
LEG p8_8 m=128  t=8   force  r2 rc=0 cpu=9.04    wall=0.92    route=band   passes=8   cold=1   foreign=206/220% ok=True 3134ed90638a9e08
LEG p8_8 m=128  t=8   force2 r2 rc=0 cpu=9.15    wall=0.93    route=band   passes=8   cold=1   foreign=218/214% ok=True 3134ed90638a9e08
LEG p8_8 m=128  t=8   fold2  r2 rc=0 cpu=7.5     wall=0.63    route=fold   passes=0   cold=0   foreign=214/304% ok=True 3134ed90638a9e08
LEG p8_8 m=144  t=8   fold   r0 rc=0 cpu=8.07    wall=0.71    route=fold   passes=0   cold=0   foreign=304/215% ok=True 527bb4c87d12c1c4
LEG p8_8 m=144  t=8   force  r0 rc=0 cpu=9.17    wall=0.94    route=band   passes=8   cold=1   foreign=215/206% ok=True 527bb4c87d12c1c4
LEG p8_8 m=144  t=8   force2 r0 rc=0 cpu=9.12    wall=0.92    route=band   passes=8   cold=1   foreign=206/206% ok=True 527bb4c87d12c1c4
LEG p8_8 m=144  t=8   fold2  r0 rc=0 cpu=8.07    wall=0.70    route=fold   passes=0   cold=0   foreign=206/214% ok=True 527bb4c87d12c1c4
LEG p8_8 m=144  t=8   fold2  r1 rc=0 cpu=8.05    wall=0.71    route=fold   passes=0   cold=0   foreign=212/206% ok=True 527bb4c87d12c1c4
LEG p8_8 m=144  t=8   force2 r1 rc=0 cpu=9.14    wall=0.93    route=band   passes=8   cold=1   foreign=206/206% ok=True 527bb4c87d12c1c4
LEG p8_8 m=144  t=8   force  r1 rc=0 cpu=9.13    wall=0.92    route=band   passes=8   cold=1   foreign=206/206% ok=True 527bb4c87d12c1c4
LEG p8_8 m=144  t=8   fold   r1 rc=0 cpu=8.08    wall=0.71    route=fold   passes=0   cold=0   foreign=205/208% ok=True 527bb4c87d12c1c4
LEG p8_8 m=144  t=8   fold   r2 rc=0 cpu=8.06    wall=0.70    route=fold   passes=0   cold=0   foreign=206/238% ok=True 527bb4c87d12c1c4
LEG p8_8 m=144  t=8   force  r2 rc=0 cpu=9.15    wall=0.92    route=band   passes=8   cold=1   foreign=238/258% ok=True 527bb4c87d12c1c4
LEG p8_8 m=144  t=8   force2 r2 rc=0 cpu=9.18    wall=0.93    route=band   passes=8   cold=1   foreign=258/212% ok=True 527bb4c87d12c1c4
LEG p8_8 m=144  t=8   fold2  r2 rc=0 cpu=8.07    wall=0.70    route=fold   passes=0   cold=0   foreign=212/210% ok=True 527bb4c87d12c1c4
LEG p8_8 m=160  t=8   fold   r0 rc=0 cpu=8.62    wall=0.78    route=fold   passes=0   cold=0   foreign=210/208% ok=True dbe99d0d52774b80
LEG p8_8 m=160  t=8   force  r0 rc=0 cpu=9.07    wall=0.91    route=band   passes=8   cold=1   foreign=208/207% ok=True dbe99d0d52774b80
LEG p8_8 m=160  t=8   force2 r0 rc=0 cpu=9.06    wall=0.92    route=band   passes=8   cold=1   foreign=208/206% ok=True dbe99d0d52774b80
LEG p8_8 m=160  t=8   fold2  r0 rc=0 cpu=8.65    wall=0.77    route=fold   passes=0   cold=0   foreign=206/207% ok=True dbe99d0d52774b80
LEG p8_8 m=160  t=8   fold2  r1 rc=0 cpu=8.62    wall=0.78    route=fold   passes=0   cold=0   foreign=207/212% ok=True dbe99d0d52774b80
LEG p8_8 m=160  t=8   force2 r1 rc=0 cpu=9.11    wall=0.92    route=band   passes=8   cold=1   foreign=212/242% ok=True dbe99d0d52774b80
LEG p8_8 m=160  t=8   force  r1 rc=0 cpu=9.09    wall=0.92    route=band   passes=8   cold=1   foreign=242/223% ok=True dbe99d0d52774b80
LEG p8_8 m=160  t=8   fold   r1 rc=0 cpu=8.63    wall=0.78    route=fold   passes=0   cold=0   foreign=223/208% ok=True dbe99d0d52774b80
LEG p8_8 m=160  t=8   fold   r2 rc=0 cpu=8.63    wall=0.77    route=fold   passes=0   cold=0   foreign=208/206% ok=True dbe99d0d52774b80
LEG p8_8 m=160  t=8   force  r2 rc=0 cpu=9.06    wall=0.91    route=band   passes=8   cold=1   foreign=206/206% ok=True dbe99d0d52774b80
LEG p8_8 m=160  t=8   force2 r2 rc=0 cpu=9.07    wall=0.92    route=band   passes=8   cold=1   foreign=206/210% ok=True dbe99d0d52774b80
LEG p8_8 m=160  t=8   fold2  r2 rc=0 cpu=8.65    wall=0.78    route=fold   passes=0   cold=0   foreign=209/220% ok=True dbe99d0d52774b80
LEG p8_8 m=192  t=8   fold   r0 rc=0 cpu=9.81    wall=0.92    route=fold   passes=0   cold=0   foreign=220/209% ok=True 4f9875c4817f94c2
LEG p8_8 m=192  t=8   force  r0 rc=0 cpu=9.14    wall=0.92    route=band   passes=8   cold=1   foreign=209/212% ok=True 4f9875c4817f94c2
LEG p8_8 m=192  t=8   force2 r0 rc=0 cpu=9.12    wall=0.92    route=band   passes=8   cold=1   foreign=212/329% ok=True 4f9875c4817f94c2
LEG p8_8 m=192  t=8   fold2  r0 rc=0 cpu=9.79    wall=0.92    route=fold   passes=0   cold=0   foreign=329/208% ok=True 4f9875c4817f94c2
LEG p8_8 m=192  t=8   fold2  r1 rc=0 cpu=9.79    wall=0.92    route=fold   passes=0   cold=0   foreign=208/204% ok=True 4f9875c4817f94c2
LEG p8_8 m=192  t=8   force2 r1 rc=0 cpu=9.08    wall=0.92    route=band   passes=8   cold=1   foreign=204/206% ok=True 4f9875c4817f94c2
LEG p8_8 m=192  t=8   force  r1 rc=0 cpu=9.1     wall=0.92    route=band   passes=8   cold=1   foreign=206/218% ok=True 4f9875c4817f94c2
LEG p8_8 m=192  t=8   fold   r1 rc=0 cpu=9.77    wall=0.92    route=fold   passes=0   cold=0   foreign=213/206% ok=True 4f9875c4817f94c2
LEG p8_8 m=192  t=8   fold   r2 rc=0 cpu=9.79    wall=0.92    route=fold   passes=0   cold=0   foreign=206/210% ok=True 4f9875c4817f94c2
LEG p8_8 m=192  t=8   force  r2 rc=0 cpu=9.08    wall=0.92    route=band   passes=8   cold=1   foreign=206/206% ok=True 4f9875c4817f94c2
LEG p8_8 m=192  t=8   force2 r2 rc=0 cpu=9.12    wall=0.92    route=band   passes=8   cold=1   foreign=206/215% ok=True 4f9875c4817f94c2
LEG p8_8 m=192  t=8   fold2  r2 rc=0 cpu=9.77    wall=0.93    route=fold   passes=0   cold=0   foreign=246/217% ok=True 4f9875c4817f94c2
LADDER done -> <rig>/bp/legs.jsonl
ROUND-DONE
