RIG-LOCK-TAKEN <rig>/.parfast-rig.lock pid=55175
WARN-FOREIGN-CPU at=round-start foreign_cpu=99% ceiling=200% top=[/System/Library/PrivateFrameworks/SkyLight.framework/Resources/WindowServer(188)=48% /System/Library/ExtensionKit/Extensions/Monterey.appex/Contents/MacOS/Monterey(77762)=18% /Library/Application Support/DriveGenius/drivegeniusd(1082)=10% /usr/libexec/opendirectoryd(156)=6%]
JCROSS-START 2026-09-11T13:21:22Z tag=jcross1
BOX host=apple-m1-ultra-64gb cpu=Apple M1 Ultra cores=20 ram_gb=64.0 os=macOS 26.6 free_gb=208.6
BIN parfast-jx sha256=f7c2b5230df7e3e579df5fb6cd4a97a8d6e12e78eac13fe96809eb6e7ef5e51b bytes=2806720 version=parfast version 1.5.0-beta.1 built from 8c3da7d70d2d
PROTOCOL slice=262144 recovery_blocks=16384 source_blocks=16384 redundancy_pct=100.0 damage=scattered-seeded-slice-overwrite reps=5 arms=off/fast/aa gate=sha256-all-members prewarm=full-read-of-work-dir arm_order=alternating-by-rep
ARGV off repair='r -q -t20 -T20 f.par2'
ARGV fast repair='r -q -t20 -T20 --fast f.par2'
ARGV aa repair='r -q -t20 -T20 f.par2'
FIXTURE members=32 distinct_member_sha=32/32 bytes=4294967296 source_blocks=16384
SLICE-PROBE index=5 unique=32/32
GOLD p00.bin 22394416152818e8a40e0ca9fb635503365953b5461d03543566f38703311958
GOLD p01.bin c7a7e5b401a06461f43a52765551046e63486c8c5b576460babb8129e51823d0
GOLD p02.bin 78d9c84e48fc71ca1245e5550b21eb3af4bf837a205b8592c209fdeb9a3dc86e
GOLD p03.bin ed36fe2074dbad169ec5bcc8a0a5c9110887e4aa4b09fc6908e27b9907c88690
GOLD p04.bin de25856fc8f4e36f160eb51382441fc4c87a3a3cf576e79526b21e01f9e437cc
GOLD p05.bin 91f9bc1c2640e5d7257e3e4c988eef17198d38e44606a45cc8718c2ef517bc41
GOLD p06.bin 4718aaf3289e7dee3ae7d032612913f5040829ab0e2b4645e4c455f30030cf2a
GOLD p07.bin 7f0c584e8704af15e8f9be57a81fc3fefa49d8520f473273362037cf448941ae
GOLD p08.bin be9ff49afc3ebfd93a9f08b8997b4efdbd35e9077e50826483ebdb51885d5871
GOLD p09.bin 6835d59009e8297ca57d12e9e7ab172e6c99fa57ba32496b2422844e5388dc30
GOLD p10.bin 3089f5a525c82201f8a8038f7e16e129a2e20055a96f1e3d7de8b9099ed031c6
GOLD p11.bin e98473f13b0d938bb20d8a91e9142e13d1ef9a08d026f0959b89fe9f0657f418
GOLD p12.bin 9a0f02ca7e7e238ac9254bd441e971e805ad74ba44429e9fdb37ca30ccba9e25
GOLD p13.bin fa238d854b80593802b0476e861127ed5d1823c599cfd4552cf69b2fd48339f8
GOLD p14.bin bb3076c7812223bace1f92a72c856b28c6bba09d7f86e1a3eb20e4fc325080fc
GOLD p15.bin 2fa116e4745ed38029bacda15228ebf6f356f991d665c2185655cc6887f4915c
GOLD p16.bin 6936ecd79ec978b1dcea64929b781406c84d4d6185c940c3a6f7bfabcef5b643
GOLD p17.bin 807100222bdd64441c1e37e232c9258c15480800d652595a61e35d015146c594
GOLD p18.bin e1087e9ea236a40bcb92b8736c6c2e65bf72c16393908d21f859529fa6d36c00
GOLD p19.bin b78d3affc00f3caa594d3d03b84a6e3ce8568ddd4156022f5ed0d6d4094f8bb4
GOLD p20.bin dd10b7a463ada1a28138489e007f7cd47bea113164bb8266d6c13417a1519f84
GOLD p21.bin 7a79fa9bd3ce4d4bbaa6931dcccd477325364e077f8b152d45e7328710bc5290
GOLD p22.bin 354b54765d5630cba0544af70e7979ea1394a0b0f14a68e0d5866e17936863a3
GOLD p23.bin 887aea742b684bd69a4624534742ddbc8ed9de7a0656dee7c9c51175365f8bfc
GOLD p24.bin 02ab24a31eb66d5b41bcce51f77d1302e6b3f2c257c0f251a6d3dc18905e89c5
GOLD p25.bin 8d718e57634c47cf7c9b75774555661a98d210742b1267bf5430f36b83714ecf
GOLD p26.bin e48591cd835b9987dba708d6737c3e82b8ea5c8e52dfa329e49a0c4eadd8277b
GOLD p27.bin 261af5b8ad6e9082f7dbb3076cd9fd6213f2ef2f8c36e5f3dcd5f2d5fffcff4c
GOLD p28.bin 26b4ba0fb0f8c38ea91364c3b9e0993c13cb2fdf3286b5c76fb584da8857b13f
GOLD p29.bin 57acc47e9ce6f81f5a83fdcd64c0cb1e530db064904601de80505a1af8c66309
GOLD p30.bin 737040875ad6ad13c35e8495df00fc3feb34388e6ebd1b162283b278e47b2387
GOLD p31.bin 888ab24f6f094806cc5a290f09afc3dbfed000b08b058248cc6054e2d4f575b7
WARN-FOREIGN-CPU at=create foreign_cpu=68% ceiling=200% top=[/System/Library/PrivateFrameworks/SkyLight.framework/Resources/WindowServer(188)=39% /System/Library/ExtensionKit/Extensions/Monterey.appex/Contents/MacOS/Monterey(77762)=11% /Applications/TG Pro.app/Contents/MacOS/TG Pro(798)=7% /Library/Application Support/DriveGenius/drivegeniusd(1082)=3%]
CREATE tool=parfast rc=0 wall=4.239 cpu=64.294 peak_mb=9668.3 par2files=16 par2bytes=4331919556 errlen=0
WARMUP-START 2026-09-11T13:21:47Z
WARN-FOREIGN-CPU at=warm-off foreign_cpu=67% ceiling=200% top=[/System/Library/PrivateFrameworks/SkyLight.framework/Resources/WindowServer(188)=42% /System/Library/ExtensionKit/Extensions/Monterey.appex/Contents/MacOS/Monterey(77762)=11% /Applications/TG Pro.app/Contents/MacOS/TG Pro(798)=11% /Library/Application Support/DriveGenius/drivegeniusd(1082)=2%]
LEG round=jcross1 rep=0 m=64 arm=off wall=1.931 cpu=31.046 cpu_over_wall=16.08 peak_mb=4223.1 rc=0 restored=32/32 damaged_members=25 blocks_written=64 strays=25 seed=20260911 stage1=no-label stage2=no-label foreign_cpu=67.4 errlen=935 ts=2026-09-11T13:21:51Z
WARN-FOREIGN-CPU at=warm-fast foreign_cpu=98% ceiling=200% top=[/System/Library/PrivateFrameworks/SkyLight.framework/Resources/WindowServer(188)=41% /usr/libexec/ApplicationFirewall/socketfilterfw(226)=29% /System/Library/ExtensionKit/Extensions/Monterey.appex/Contents/MacOS/Monterey(77762)=12% /Applications/TG Pro.app/Contents/MacOS/TG Pro(798)=10%]
LEG round=jcross1 rep=0 m=64 arm=fast wall=1.97 cpu=31.089 cpu_over_wall=15.78 peak_mb=4222.0 rc=0 restored=32/32 damaged_members=25 blocks_written=64 strays=25 seed=20260911 stage1=no-label stage2=no-label foreign_cpu=87.1 errlen=1074 ts=2026-09-11T13:21:57Z
WARN-FOREIGN-CPU at=warm-aa foreign_cpu=71% ceiling=200% top=[/System/Library/PrivateFrameworks/SkyLight.framework/Resources/WindowServer(188)=43% /System/Library/CoreServices/loginwindow.app/Contents/MacOS/loginwindow(191)=15% /System/Library/ExtensionKit/Extensions/Monterey.appex/Contents/MacOS/Monterey(77762)=10% /Applications/TG Pro.app/Contents/MacOS/TG Pro(798)=3%]
LEG round=jcross1 rep=0 m=64 arm=aa wall=1.958 cpu=31.07 cpu_over_wall=15.87 peak_mb=4206.7 rc=0 restored=32/32 damaged_members=25 blocks_written=64 strays=25 seed=20260911 stage1=no-label stage2=no-label foreign_cpu=70.8 errlen=936 ts=2026-09-11T13:22:03Z
WARMUP-END 2026-09-11T13:22:06Z
LEG round=jcross1 rep=1 m=256 arm=off wall=2.913 cpu=47.658 cpu_over_wall=16.36 peak_mb=5400.8 rc=0 restored=32/32 damaged_members=32 blocks_written=256 strays=32 seed=20262704 stage1=no-label stage2=no-label foreign_cpu=58.0 errlen=1027 ts=2026-09-11T13:22:10Z
LEG round=jcross1 rep=1 m=256 arm=fast wall=2.899 cpu=47.675 cpu_over_wall=16.45 peak_mb=5401.9 rc=0 restored=32/32 damaged_members=32 blocks_written=256 strays=32 seed=20262704 stage1=no-label stage2=no-label foreign_cpu=52.6 errlen=1165 ts=2026-09-11T13:22:17Z
WARN-FOREIGN-CPU at=r1-m256-aa foreign_cpu=73% ceiling=200% top=[/System/Library/PrivateFrameworks/SkyLight.framework/Resources/WindowServer(188)=38% /System/Library/ExtensionKit/Extensions/Monterey.appex/Contents/MacOS/Monterey(77762)=12% /Library/Application Support/DriveGenius/drivegeniusd(1082)=8% /usr/libexec/ApplicationFirewall/socketfilterfw(226)=5%]
LEG round=jcross1 rep=1 m=256 arm=aa wall=2.903 cpu=47.4 cpu_over_wall=16.33 peak_mb=5403.7 rc=0 restored=32/32 damaged_members=32 blocks_written=256 strays=32 seed=20262704 stage1=no-label stage2=no-label foreign_cpu=73.0 errlen=1027 ts=2026-09-11T13:22:25Z
LEG round=jcross1 rep=1 m=704 arm=off wall=3.245 cpu=51.887 cpu_over_wall=15.99 peak_mb=5586.9 rc=0 restored=32/32 damaged_members=32 blocks_written=704 strays=32 seed=20265840 stage1=no-label stage2=evaluate, 127 group(s) in tiles of 31, stripe 512w foreign_cpu=59.0 errlen=1151 ts=2026-09-11T13:22:33Z
WARN-FOREIGN-CPU at=r1-m704-fast foreign_cpu=72% ceiling=200% top=[/System/Library/PrivateFrameworks/SkyLight.framework/Resources/WindowServer(188)=44% /Applications/TG Pro.app/Contents/MacOS/TG Pro(798)=15% /System/Library/ExtensionKit/Extensions/Monterey.appex/Contents/MacOS/Monterey(77762)=12% /Library/Application Support/DriveGenius/drivegeniusd(1082)=2%]
LEG round=jcross1 rep=1 m=704 arm=fast wall=3.218 cpu=52.225 cpu_over_wall=16.23 peak_mb=5589.5 rc=0 restored=32/32 damaged_members=32 blocks_written=704 strays=32 seed=20265840 stage1=whole/demand, stripe 512w stage2=FALLBACK foreign_cpu=71.4 errlen=1382 ts=2026-09-11T13:22:40Z
LEG round=jcross1 rep=1 m=704 arm=aa wall=3.261 cpu=52.085 cpu_over_wall=15.97 peak_mb=5585.8 rc=0 restored=32/32 damaged_members=32 blocks_written=704 strays=32 seed=20265840 stage1=no-label stage2=evaluate, 127 group(s) in tiles of 31, stripe 512w foreign_cpu=56.8 errlen=1152 ts=2026-09-11T13:22:48Z
WARN-FOREIGN-CPU at=r1-m1024-off foreign_cpu=110% ceiling=200% top=[/System/Library/PrivateFrameworks/SkyLight.framework/Resources/WindowServer(188)=44% /usr/libexec/searchpartyd(345)=20% /usr/libexec/searchpartyuseragent(611)=14% /System/Library/ExtensionKit/Extensions/Monterey.appex/Contents/MacOS/Monterey(77762)=13%]
LEG round=jcross1 rep=1 m=1024 arm=off wall=3.421 cpu=53.968 cpu_over_wall=15.78 peak_mb=5703.8 rc=0 restored=32/32 damaged_members=32 blocks_written=1024 strays=32 seed=20268080 stage1=no-label stage2=evaluate, 128 group(s) in tiles of 31, stripe 512w foreign_cpu=107.6 errlen=1158 ts=2026-09-11T13:22:56Z
WARN-FOREIGN-CPU at=r1-m1024-fast foreign_cpu=85% ceiling=200% top=[/System/Library/PrivateFrameworks/SkyLight.framework/Resources/WindowServer(188)=46% /System/Library/CoreServices/loginwindow.app/Contents/MacOS/loginwindow(191)=20% /Applications/TG Pro.app/Contents/MacOS/TG Pro(798)=10% /System/Library/ExtensionKit/Extensions/Monterey.appex/Contents/MacOS/Monterey(77762)=10%]
LEG round=jcross1 rep=1 m=1024 arm=fast wall=3.383 cpu=54.031 cpu_over_wall=15.97 peak_mb=5703.1 rc=0 restored=32/32 damaged_members=32 blocks_written=1024 strays=32 seed=20268080 stage1=whole/demand, stripe 512w stage2=FALLBACK foreign_cpu=84.8 errlen=1390 ts=2026-09-11T13:23:04Z
WARN-FOREIGN-CPU at=r1-m1024-aa foreign_cpu=73% ceiling=200% top=[/System/Library/PrivateFrameworks/SkyLight.framework/Resources/WindowServer(188)=39% /System/Library/ExtensionKit/Extensions/Monterey.appex/Contents/MacOS/Monterey(77762)=12% /Applications/TG Pro.app/Contents/MacOS/TG Pro(798)=5% /System/Library/Frameworks/Contacts.framework/Support/contactsd(55521)=2%]
LEG round=jcross1 rep=1 m=1024 arm=aa wall=3.437 cpu=54.1 cpu_over_wall=15.74 peak_mb=5700.9 rc=0 restored=32/32 damaged_members=32 blocks_written=1024 strays=32 seed=20268080 stage1=no-label stage2=evaluate, 128 group(s) in tiles of 31, stripe 512w foreign_cpu=73.0 errlen=1158 ts=2026-09-11T13:23:13Z
LEG round=jcross1 rep=1 m=1536 arm=off wall=3.652 cpu=57.428 cpu_over_wall=15.73 peak_mb=5896.2 rc=0 restored=32/32 damaged_members=32 blocks_written=1536 strays=32 seed=20271664 stage1=no-label stage2=evaluate, 128 group(s) in tiles of 31, stripe 512w foreign_cpu=55.6 errlen=1161 ts=2026-09-11T13:23:22Z
LEG round=jcross1 rep=1 m=1536 arm=fast wall=3.683 cpu=58.425 cpu_over_wall=15.86 peak_mb=5897.0 rc=0 restored=32/32 damaged_members=32 blocks_written=1536 strays=32 seed=20271664 stage1=whole/demand, stripe 256w stage2=FALLBACK foreign_cpu=59.1 errlen=1393 ts=2026-09-11T13:23:30Z
WARN-FOREIGN-CPU at=r1-m1536-aa foreign_cpu=139% ceiling=200% top=[/Library/Application Support/DriveGenius/DrivePulse.app/Contents/MacOS/DrivePulse(768)=81% /System/Library/PrivateFrameworks/SkyLight.framework/Resources/WindowServer(188)=38% /System/Library/ExtensionKit/Extensions/Monterey.appex/Contents/MacOS/Monterey(77762)=12% /Applications/Utilities/Adobe Creative Cloud Experience/CCXProcess/CCXProcess.app/Contents/MacOS/../libs/Creative Cloud Content Manager.node(823)=3%]
LEG round=jcross1 rep=1 m=1536 arm=aa wall=3.73 cpu=57.747 cpu_over_wall=15.48 peak_mb=5895.1 rc=0 restored=32/32 damaged_members=32 blocks_written=1536 strays=32 seed=20271664 stage1=no-label stage2=evaluate, 128 group(s) in tiles of 31, stripe 512w foreign_cpu=140.5 errlen=1161 ts=2026-09-11T13:23:39Z
LEG round=jcross1 rep=1 m=2048 arm=off wall=3.978 cpu=61.435 cpu_over_wall=15.44 peak_mb=6124.2 rc=0 restored=32/32 damaged_members=32 blocks_written=2048 strays=32 seed=20275248 stage1=no-label stage2=evaluate, 128 group(s) in tiles of 31, stripe 512w foreign_cpu=54.3 errlen=1161 ts=2026-09-11T13:23:49Z
LEG round=jcross1 rep=1 m=2048 arm=fast wall=3.919 cpu=61.28 cpu_over_wall=15.64 peak_mb=6128.2 rc=0 restored=32/32 damaged_members=32 blocks_written=2048 strays=32 seed=20275248 stage1=whole/demand, stripe 512w stage2=FALLBACK foreign_cpu=54.0 errlen=1393 ts=2026-09-11T13:23:58Z
LEG round=jcross1 rep=1 m=2048 arm=aa wall=4.014 cpu=61.559 cpu_over_wall=15.34 peak_mb=6049.4 rc=0 restored=32/32 damaged_members=32 blocks_written=2048 strays=32 seed=20275248 stage1=no-label stage2=evaluate, 128 group(s) in tiles of 31, stripe 512w foreign_cpu=54.3 errlen=1161 ts=2026-09-11T13:24:07Z
WARN-FOREIGN-CPU at=r1-m3072-off foreign_cpu=170% ceiling=200% top=[/Library/Application Support/DriveGenius/DrivePulse.app/Contents/MacOS/DrivePulse(768)=99% /System/Library/PrivateFrameworks/SkyLight.framework/Resources/WindowServer(188)=39% /System/Library/ExtensionKit/Extensions/Monterey.appex/Contents/MacOS/Monterey(77762)=12% com.macpaw.CleanMyMac4.HealthMonitor(769)=9%]
LEG round=jcross1 rep=1 m=3072 arm=off wall=4.699 cpu=70.178 cpu_over_wall=14.93 peak_mb=5483.5 rc=0 restored=32/32 damaged_members=32 blocks_written=3072 strays=32 seed=20282416 stage1=no-label stage2=evaluate, 128 group(s) in tiles of 31, stripe 512w foreign_cpu=169.8 errlen=1155 ts=2026-09-11T13:24:18Z
WARN-FOREIGN-CPU at=r1-m3072-fast foreign_cpu=156% ceiling=200% top=[/Library/Application Support/DriveGenius/DrivePulse.app/Contents/MacOS/DrivePulse(768)=100% /System/Library/PrivateFrameworks/SkyLight.framework/Resources/WindowServer(188)=37% /System/Library/ExtensionKit/Extensions/Monterey.appex/Contents/MacOS/Monterey(77762)=12% /Library/Application Support/DriveGenius/drivegeniusd(1082)=4%]
LEG round=jcross1 rep=1 m=3072 arm=fast wall=4.618 cpu=70.626 cpu_over_wall=15.29 peak_mb=5482.2 rc=0 restored=32/32 damaged_members=32 blocks_written=3072 strays=32 seed=20282416 stage1=whole/demand, stripe 256w stage2=FALLBACK foreign_cpu=155.7 errlen=1383 ts=2026-09-11T13:24:29Z
WARN-FOREIGN-CPU at=r1-m3072-aa foreign_cpu=152% ceiling=200% top=[/Library/Application Support/DriveGenius/DrivePulse.app/Contents/MacOS/DrivePulse(768)=99% /System/Library/PrivateFrameworks/SkyLight.framework/Resources/WindowServer(188)=37% /System/Library/ExtensionKit/Extensions/Monterey.appex/Contents/MacOS/Monterey(77762)=12% /Library/Application Support/DriveGenius/drivegeniusd(1082)=4%]
LEG round=jcross1 rep=1 m=3072 arm=aa wall=4.699 cpu=70.666 cpu_over_wall=15.04 peak_mb=5486.0 rc=0 restored=32/32 damaged_members=32 blocks_written=3072 strays=32 seed=20282416 stage1=no-label stage2=evaluate, 128 group(s) in tiles of 31, stripe 512w foreign_cpu=151.9 errlen=1155 ts=2026-09-11T13:24:39Z
WARN-FOREIGN-CPU at=r1-m4096-off foreign_cpu=157% ceiling=200% top=[/Library/Application Support/DriveGenius/DrivePulse.app/Contents/MacOS/DrivePulse(768)=99% /System/Library/PrivateFrameworks/SkyLight.framework/Resources/WindowServer(188)=37% /System/Library/ExtensionKit/Extensions/Monterey.appex/Contents/MacOS/Monterey(77762)=11% /System/Library/PrivateFrameworks/EmailDaemon.framework/Versions/A/maild(973)=4%]
LEG round=jcross1 rep=1 m=4096 arm=off wall=5.37 cpu=78.525 cpu_over_wall=14.62 peak_mb=5884.3 rc=0 restored=32/32 damaged_members=32 blocks_written=4096 strays=32 seed=20289584 stage1=no-label stage2=evaluate, 128 group(s) in tiles of 31, stripe 512w foreign_cpu=152.8 errlen=1151 ts=2026-09-11T13:24:51Z
LEG round=jcross1 rep=1 m=4096 arm=fast wall=5.108 cpu=75.817 cpu_over_wall=14.84 peak_mb=5882.0 rc=0 restored=32/32 damaged_members=32 blocks_written=4096 strays=32 seed=20289584 stage1=whole/demand, stripe 512w stage2=FALLBACK foreign_cpu=48.7 errlen=1377 ts=2026-09-11T13:25:04Z
LEG round=jcross1 rep=1 m=4096 arm=aa wall=5.323 cpu=79.182 cpu_over_wall=14.88 peak_mb=5881.3 rc=0 restored=32/32 damaged_members=32 blocks_written=4096 strays=32 seed=20289584 stage1=no-label stage2=evaluate, 128 group(s) in tiles of 31, stripe 512w foreign_cpu=51.4 errlen=1151 ts=2026-09-11T13:25:16Z
LEG round=jcross1 rep=1 m=5120 arm=off wall=5.991 cpu=86.533 cpu_over_wall=14.44 peak_mb=6276.3 rc=0 restored=32/32 damaged_members=32 blocks_written=5120 strays=32 seed=20296752 stage1=no-label stage2=evaluate, 128 group(s) in tiles of 31, stripe 512w foreign_cpu=72.8 errlen=1151 ts=2026-09-11T13:25:29Z
LEG round=jcross1 rep=1 m=5120 arm=fast wall=5.782 cpu=87.845 cpu_over_wall=15.19 peak_mb=6221.3 rc=0 restored=32/32 damaged_members=32 blocks_written=5120 strays=32 seed=20296752 stage1=whole/demand, stripe 256w stage2=FALLBACK foreign_cpu=63.3 errlen=1377 ts=2026-09-11T13:25:43Z
LEG round=jcross1 rep=1 m=5120 arm=aa wall=5.881 cpu=86.624 cpu_over_wall=14.73 peak_mb=6311.2 rc=0 restored=32/32 damaged_members=32 blocks_written=5120 strays=32 seed=20296752 stage1=no-label stage2=evaluate, 128 group(s) in tiles of 31, stripe 512w foreign_cpu=60.2 errlen=1151 ts=2026-09-11T13:25:56Z
WARN-FOREIGN-CPU at=r1-m6144-off foreign_cpu=70% ceiling=200% top=[/System/Library/PrivateFrameworks/SkyLight.framework/Resources/WindowServer(188)=36% /System/Library/PrivateFrameworks/MediaAnalysis.framework/Versions/A/mediaanalysisd(46915)=13% /System/Library/ExtensionKit/Extensions/Monterey.appex/Contents/MacOS/Monterey(77762)=12% /Library/Application Support/DriveGenius/drivegeniusd(1082)=8%]
LEG round=jcross1 rep=1 m=6144 arm=off wall=6.416 cpu=93.065 cpu_over_wall=14.51 peak_mb=6539.5 rc=0 restored=32/32 damaged_members=32 blocks_written=6144 strays=32 seed=20303920 stage1=no-label stage2=evaluate, 128 group(s) in tiles of 31, stripe 512w foreign_cpu=98.2 errlen=1151 ts=2026-09-11T13:26:11Z
WARN-FOREIGN-CPU at=r1-m6144-fast foreign_cpu=157% ceiling=200% top=[/Library/Application Support/DriveGenius/DrivePulse.app/Contents/MacOS/DrivePulse(768)=100% /System/Library/PrivateFrameworks/SkyLight.framework/Resources/WindowServer(188)=39% /System/Library/ExtensionKit/Extensions/Monterey.appex/Contents/MacOS/Monterey(77762)=12% /Applications/TG Pro.app/Contents/MacOS/TG Pro(798)=3%]
LEG round=jcross1 rep=1 m=6144 arm=fast wall=6.076 cpu=91.781 cpu_over_wall=15.11 peak_mb=6539.8 rc=0 restored=32/32 damaged_members=32 blocks_written=6144 strays=32 seed=20303920 stage1=whole/demand, stripe 256w stage2=FALLBACK foreign_cpu=154.5 errlen=1377 ts=2026-09-11T13:26:26Z
WARN-FOREIGN-CPU at=r1-m6144-aa foreign_cpu=154% ceiling=200% top=[/Library/Application Support/DriveGenius/DrivePulse.app/Contents/MacOS/DrivePulse(768)=100% /System/Library/PrivateFrameworks/SkyLight.framework/Resources/WindowServer(188)=38% /System/Library/ExtensionKit/Extensions/Monterey.appex/Contents/MacOS/Monterey(77762)=11% /Library/Application Support/DriveGenius/drivegeniusd(1082)=2%]
LEG round=jcross1 rep=1 m=6144 arm=aa wall=6.385 cpu=93.259 cpu_over_wall=14.61 peak_mb=6539.8 rc=0 restored=32/32 damaged_members=32 blocks_written=6144 strays=32 seed=20303920 stage1=no-label stage2=evaluate, 128 group(s) in tiles of 31, stripe 512w foreign_cpu=150.5 errlen=1151 ts=2026-09-11T13:26:40Z
WARN-FOREIGN-CPU at=r1-m7168-off foreign_cpu=151% ceiling=200% top=[/Library/Application Support/DriveGenius/DrivePulse.app/Contents/MacOS/DrivePulse(768)=100% /System/Library/PrivateFrameworks/SkyLight.framework/Resources/WindowServer(188)=36% /System/Library/ExtensionKit/Extensions/Monterey.appex/Contents/MacOS/Monterey(77762)=11% /Library/Application Support/DriveGenius/drivegeniusd(1082)=4%]
LEG round=jcross1 rep=1 m=7168 arm=off wall=7.021 cpu=101.566 cpu_over_wall=14.47 peak_mb=6859.3 rc=0 restored=32/32 damaged_members=32 blocks_written=7168 strays=32 seed=20311088 stage1=no-label stage2=evaluate, 128 group(s) in tiles of 31, stripe 512w foreign_cpu=159.2 errlen=1148 ts=2026-09-11T13:26:56Z
LEG round=jcross1 rep=1 m=7168 arm=fast wall=6.599 cpu=96.972 cpu_over_wall=14.69 peak_mb=6860.8 rc=0 restored=32/32 damaged_members=32 blocks_written=7168 strays=32 seed=20311088 stage1=whole/demand, stripe 256w stage2=FALLBACK foreign_cpu=56.1 errlen=1374 ts=2026-09-11T13:27:11Z
WARN-FOREIGN-CPU at=r1-m7168-aa foreign_cpu=161% ceiling=200% top=[/System/Library/PrivateFrameworks/MediaAnalysis.framework/Versions/A/mediaanalysisd(46915)=98% /System/Library/PrivateFrameworks/SkyLight.framework/Resources/WindowServer(188)=37% /System/Library/ExtensionKit/Extensions/Monterey.appex/Contents/MacOS/Monterey(77762)=12% /usr/libexec/logd(115)=7%]
LEG round=jcross1 rep=1 m=7168 arm=aa wall=7.039 cpu=101.369 cpu_over_wall=14.4 peak_mb=7004.3 rc=0 restored=32/32 damaged_members=32 blocks_written=7168 strays=32 seed=20311088 stage1=no-label stage2=evaluate, 128 group(s) in tiles of 31, stripe 512w foreign_cpu=160.6 errlen=1142 ts=2026-09-11T13:27:27Z
LEG round=jcross1 rep=1 m=8192 arm=off wall=7.603 cpu=110.191 cpu_over_wall=14.49 peak_mb=7250.4 rc=0 restored=32/32 damaged_members=32 blocks_written=8192 strays=32 seed=20318256 stage1=no-label stage2=evaluate, 128 group(s) in tiles of 31, stripe 512w foreign_cpu=52.5 errlen=1142 ts=2026-09-11T13:27:44Z
LEG round=jcross1 rep=1 m=8192 arm=fast wall=6.766 cpu=98.053 cpu_over_wall=14.49 peak_mb=7180.7 rc=0 restored=32/32 damaged_members=32 blocks_written=8192 strays=32 seed=20318256 stage1=whole/demand, stripe 512w stage2=factor foreign_cpu=53.8 errlen=1345 ts=2026-09-11T13:28:01Z
WARN-FOREIGN-CPU at=r1-m8192-aa foreign_cpu=154% ceiling=200% top=[/Library/Application Support/DriveGenius/DrivePulse.app/Contents/MacOS/DrivePulse(768)=100% /System/Library/PrivateFrameworks/SkyLight.framework/Resources/WindowServer(188)=37% /System/Library/ExtensionKit/Extensions/Monterey.appex/Contents/MacOS/Monterey(77762)=12% /Library/Application Support/DriveGenius/drivegeniusd(1082)=2%]
LEG round=jcross1 rep=1 m=8192 arm=aa wall=7.665 cpu=109.428 cpu_over_wall=14.28 peak_mb=7179.8 rc=0 restored=32/32 damaged_members=32 blocks_written=8192 strays=32 seed=20318256 stage1=no-label stage2=evaluate, 128 group(s) in tiles of 31, stripe 512w foreign_cpu=148.8 errlen=1142 ts=2026-09-11T13:28:18Z
WARN-FOREIGN-CPU at=r1-m10240-off foreign_cpu=155% ceiling=200% top=[/Library/Application Support/DriveGenius/DrivePulse.app/Contents/MacOS/DrivePulse(768)=99% /System/Library/PrivateFrameworks/SkyLight.framework/Resources/WindowServer(188)=41% /System/Library/ExtensionKit/Extensions/Monterey.appex/Contents/MacOS/Monterey(77762)=12% /Applications/TG Pro.app/Contents/MacOS/TG Pro(798)=3%]
LEG round=jcross1 rep=1 m=10240 arm=off wall=8.659 cpu=127.406 cpu_over_wall=14.71 peak_mb=7814.5 rc=0 restored=32/32 damaged_members=32 blocks_written=10240 strays=32 seed=20332592 stage1=no-label stage2=evaluate, 128 group(s) in tiles of 31, stripe 512w foreign_cpu=173.0 errlen=1147 ts=2026-09-11T13:28:38Z
LEG round=jcross1 rep=1 m=10240 arm=fast wall=8.585 cpu=116.75 cpu_over_wall=13.6 peak_mb=7815.8 rc=0 restored=32/32 damaged_members=32 blocks_written=10240 strays=32 seed=20332592 stage1=whole/demand, stripe 256w stage2=factor foreign_cpu=57.5 errlen=1344 ts=2026-09-11T13:28:57Z
WARN-FOREIGN-CPU at=r1-m10240-aa foreign_cpu=70% ceiling=200% top=[/System/Library/PrivateFrameworks/SkyLight.framework/Resources/WindowServer(188)=37% /sbin/launchd(1)=21% /System/Library/ExtensionKit/Extensions/Monterey.appex/Contents/MacOS/Monterey(77762)=12%]
LEG round=jcross1 rep=1 m=10240 arm=aa wall=8.75 cpu=127.498 cpu_over_wall=14.57 peak_mb=7988.5 rc=0 restored=32/32 damaged_members=32 blocks_written=10240 strays=32 seed=20332592 stage1=no-label stage2=evaluate, 128 group(s) in tiles of 31, stripe 512w foreign_cpu=69.1 errlen=1147 ts=2026-09-11T13:29:17Z
LEG round=jcross1 rep=1 m=12288 arm=off wall=10.279 cpu=147.897 cpu_over_wall=14.39 peak_mb=8452.7 rc=0 restored=32/32 damaged_members=32 blocks_written=12288 strays=32 seed=20346928 stage1=no-label stage2=evaluate, 128 group(s) in tiles of 31, stripe 512w foreign_cpu=63.0 errlen=1150 ts=2026-09-11T13:29:40Z
LEG round=jcross1 rep=1 m=12288 arm=fast wall=8.196 cpu=122.423 cpu_over_wall=14.94 peak_mb=8453.4 rc=0 restored=32/32 damaged_members=32 blocks_written=12288 strays=32 seed=20346928 stage1=whole/demand, stripe 256w stage2=factor foreign_cpu=55.6 errlen=1344 ts=2026-09-11T13:30:00Z
WARN-FOREIGN-CPU at=r1-m12288-aa foreign_cpu=178% ceiling=200% top=[/Library/Application Support/DriveGenius/DrivePulse.app/Contents/MacOS/DrivePulse(768)=100% /System/Library/PrivateFrameworks/SkyLight.framework/Resources/WindowServer(188)=40% /System/Library/ExtensionKit/Extensions/Monterey.appex/Contents/MacOS/Monterey(77762)=12% /Library/SystemExtensions/7961A37B-E268-40BB-8187-36BB3D0934FB/io.tailscale.ipn.macsys.network-extension.systemextension/Contents/MacOS/io.tailscale.ipn.macsys.network-extension(98594)=6%]
LEG round=jcross1 rep=1 m=12288 arm=aa wall=10.026 cpu=146.728 cpu_over_wall=14.63 peak_mb=8570.2 rc=0 restored=32/32 damaged_members=32 blocks_written=12288 strays=32 seed=20346928 stage1=no-label stage2=evaluate, 128 group(s) in tiles of 31, stripe 512w foreign_cpu=183.1 errlen=1147 ts=2026-09-11T13:30:23Z
WARN-FOREIGN-CPU at=r1-m16384-off foreign_cpu=163% ceiling=200% top=[/Library/Application Support/DriveGenius/DrivePulse.app/Contents/MacOS/DrivePulse(768)=99% /System/Library/PrivateFrameworks/SkyLight.framework/Resources/WindowServer(188)=37% /System/Library/ExtensionKit/Extensions/Monterey.appex/Contents/MacOS/Monterey(77762)=11% /Applications/TG Pro.app/Contents/MacOS/TG Pro(798)=8%]
LEG round=jcross1 rep=1 m=16384 arm=off wall=16.182 cpu=213.631 cpu_over_wall=13.2 peak_mb=9527.3 rc=0 restored=32/32 damaged_members=32 blocks_written=16384 strays=32 seed=20375600 stage1=no-label stage2=evaluate, 128 group(s) in tiles of 31, stripe 512w foreign_cpu=162.3 errlen=1058 ts=2026-09-11T13:30:54Z
LEG round=jcross1 rep=1 m=16384 arm=fast wall=12.747 cpu=156.831 cpu_over_wall=12.3 peak_mb=9385.9 rc=0 restored=32/32 damaged_members=32 blocks_written=16384 strays=32 seed=20375600 stage1=whole/demand, stripe 512w stage2=factor foreign_cpu=65.9 errlen=1253 ts=2026-09-11T13:31:20Z
LEG round=jcross1 rep=1 m=16384 arm=aa wall=16.215 cpu=213.32 cpu_over_wall=13.16 peak_mb=9732.9 rc=0 restored=32/32 damaged_members=32 blocks_written=16384 strays=32 seed=20375600 stage1=no-label stage2=evaluate, 128 group(s) in tiles of 31, stripe 512w foreign_cpu=93.5 errlen=1058 ts=2026-09-11T13:31:51Z
JCROSS-REP-END rep=1 2026-09-11T13:31:54Z
LEG round=jcross1 rep=2 m=256 arm=aa wall=2.93 cpu=47.726 cpu_over_wall=16.29 peak_mb=5410.9 rc=0 restored=32/32 damaged_members=32 blocks_written=256 strays=32 seed=20262705 stage1=no-label stage2=no-label foreign_cpu=52.9 errlen=1027 ts=2026-09-11T13:31:59Z
LEG round=jcross1 rep=2 m=256 arm=fast wall=2.911 cpu=47.623 cpu_over_wall=16.36 peak_mb=5404.5 rc=0 restored=32/32 damaged_members=32 blocks_written=256 strays=32 seed=20262705 stage1=no-label stage2=no-label foreign_cpu=65.2 errlen=1165 ts=2026-09-11T13:32:06Z
LEG round=jcross1 rep=2 m=256 arm=off wall=2.96 cpu=47.626 cpu_over_wall=16.09 peak_mb=5395.2 rc=0 restored=32/32 damaged_members=32 blocks_written=256 strays=32 seed=20262705 stage1=no-label stage2=no-label foreign_cpu=55.2 errlen=1027 ts=2026-09-11T13:32:13Z
LEG round=jcross1 rep=2 m=704 arm=aa wall=3.235 cpu=52.049 cpu_over_wall=16.09 peak_mb=5584.7 rc=0 restored=32/32 damaged_members=32 blocks_written=704 strays=32 seed=20265841 stage1=no-label stage2=evaluate, 128 group(s) in tiles of 31, stripe 512w foreign_cpu=52.6 errlen=1152 ts=2026-09-11T13:32:21Z
WARN-FOREIGN-CPU at=r2-m704-fast foreign_cpu=94% ceiling=200% top=[/System/Library/PrivateFrameworks/SkyLight.framework/Resources/WindowServer(188)=38% /usr/libexec/ApplicationFirewall/socketfilterfw(226)=28% /System/Library/ExtensionKit/Extensions/Monterey.appex/Contents/MacOS/Monterey(77762)=12% /Library/SystemExtensions/7961A37B-E268-40BB-8187-36BB3D0934FB/io.tailscale.ipn.macsys.network-extension.systemextension/Contents/MacOS/io.tailscale.ipn.macsys.network-extension(98594)=6%]
LEG round=jcross1 rep=2 m=704 arm=fast wall=3.212 cpu=52.269 cpu_over_wall=16.27 peak_mb=5585.9 rc=0 restored=32/32 damaged_members=32 blocks_written=704 strays=32 seed=20265841 stage1=whole/demand, stripe 512w stage2=FALLBACK foreign_cpu=103.3 errlen=1381 ts=2026-09-11T13:32:29Z
WARN-FOREIGN-CPU at=r2-m704-off foreign_cpu=80% ceiling=200% top=[/System/Library/PrivateFrameworks/SkyLight.framework/Resources/WindowServer(188)=40% /System/Library/ExtensionKit/Extensions/Monterey.appex/Contents/MacOS/Monterey(77762)=12% sshd-session: [accepted](65303)=9% /Applications/TG Pro.app/Contents/MacOS/TG Pro(798)=9%]
LEG round=jcross1 rep=2 m=704 arm=off wall=3.253 cpu=52.206 cpu_over_wall=16.05 peak_mb=5583.1 rc=0 restored=32/32 damaged_members=32 blocks_written=704 strays=32 seed=20265841 stage1=no-label stage2=evaluate, 128 group(s) in tiles of 31, stripe 512w foreign_cpu=77.7 errlen=1151 ts=2026-09-11T13:32:36Z
LEG round=jcross1 rep=2 m=1024 arm=aa wall=3.439 cpu=53.739 cpu_over_wall=15.63 peak_mb=5702.6 rc=0 restored=32/32 damaged_members=32 blocks_written=1024 strays=32 seed=20268081 stage1=no-label stage2=evaluate, 128 group(s) in tiles of 31, stripe 512w foreign_cpu=59.2 errlen=1158 ts=2026-09-11T13:32:45Z
WARN-FOREIGN-CPU at=r2-m1024-fast foreign_cpu=83% ceiling=200% top=[/System/Library/PrivateFrameworks/SkyLight.framework/Resources/WindowServer(188)=39% /System/Library/ExtensionKit/Extensions/Monterey.appex/Contents/MacOS/Monterey(77762)=11% /System/Cryptexes/App/usr/libexec/SafariBookmarksSyncAgent(731)=9% /Applications/TG Pro.app/Contents/MacOS/TG Pro(798)=8%]
LEG round=jcross1 rep=2 m=1024 arm=fast wall=3.374 cpu=53.926 cpu_over_wall=15.98 peak_mb=5699.0 rc=0 restored=32/32 damaged_members=32 blocks_written=1024 strays=32 seed=20268081 stage1=whole/demand, stripe 512w stage2=FALLBACK foreign_cpu=88.4 errlen=1390 ts=2026-09-11T13:32:53Z
LEG round=jcross1 rep=2 m=1024 arm=off wall=3.375 cpu=54.216 cpu_over_wall=16.06 peak_mb=5702.4 rc=0 restored=32/32 damaged_members=32 blocks_written=1024 strays=32 seed=20268081 stage1=no-label stage2=evaluate, 128 group(s) in tiles of 31, stripe 512w foreign_cpu=59.8 errlen=1158 ts=2026-09-11T13:33:01Z
WARN-FOREIGN-CPU at=r2-m1536-aa foreign_cpu=113% ceiling=200% top=[/System/Library/PrivateFrameworks/SkyLight.framework/Resources/WindowServer(188)=35% /Library/Application Support/DriveGenius/DrivePulse.app/Contents/MacOS/DrivePulse(768)=32% /Applications/Utilities/Adobe Creative Cloud Experience/CCXProcess/CCXProcess.app/Contents/MacOS/../libs/Creative Cloud Content Manager.node(823)=14% /System/Library/ExtensionKit/Extensions/Monterey.appex/Contents/MacOS/Monterey(77762)=11%]
LEG round=jcross1 rep=2 m=1536 arm=aa wall=3.793 cpu=57.178 cpu_over_wall=15.07 peak_mb=5902.0 rc=0 restored=32/32 damaged_members=32 blocks_written=1536 strays=32 seed=20271665 stage1=no-label stage2=evaluate, 128 group(s) in tiles of 31, stripe 512w foreign_cpu=142.9 errlen=1161 ts=2026-09-11T13:33:09Z
WARN-FOREIGN-CPU at=r2-m1536-fast foreign_cpu=153% ceiling=200% top=[/Library/Application Support/DriveGenius/DrivePulse.app/Contents/MacOS/DrivePulse(768)=100% /System/Library/PrivateFrameworks/SkyLight.framework/Resources/WindowServer(188)=38% /System/Library/ExtensionKit/Extensions/Monterey.appex/Contents/MacOS/Monterey(77762)=12% /Library/Application Support/DriveGenius/drivegeniusd(1082)=2%]
LEG round=jcross1 rep=2 m=1536 arm=fast wall=3.715 cpu=58.253 cpu_over_wall=15.68 peak_mb=5895.5 rc=0 restored=32/32 damaged_members=32 blocks_written=1536 strays=32 seed=20271665 stage1=whole/demand, stripe 256w stage2=FALLBACK foreign_cpu=153.1 errlen=1393 ts=2026-09-11T13:33:18Z
WARN-FOREIGN-CPU at=r2-m1536-off foreign_cpu=170% ceiling=200% top=[/Library/Application Support/DriveGenius/DrivePulse.app/Contents/MacOS/DrivePulse(768)=100% /System/Library/PrivateFrameworks/SkyLight.framework/Resources/WindowServer(188)=48% /System/Library/ExtensionKit/Extensions/Monterey.appex/Contents/MacOS/Monterey(77762)=12% /Applications/TG Pro.app/Contents/MacOS/TG Pro(798)=8%]
LEG round=jcross1 rep=2 m=1536 arm=off wall=3.763 cpu=57.715 cpu_over_wall=15.34 peak_mb=5921.9 rc=0 restored=32/32 damaged_members=32 blocks_written=1536 strays=32 seed=20271665 stage1=no-label stage2=evaluate, 128 group(s) in tiles of 31, stripe 512w foreign_cpu=170.2 errlen=1161 ts=2026-09-11T13:33:27Z
WARN-FOREIGN-CPU at=r2-m2048-aa foreign_cpu=166% ceiling=200% top=[/Library/Application Support/DriveGenius/DrivePulse.app/Contents/MacOS/DrivePulse(768)=100% /System/Library/PrivateFrameworks/SkyLight.framework/Resources/WindowServer(188)=37% /System/Library/ExtensionKit/Extensions/Monterey.appex/Contents/MacOS/Monterey(77762)=12% /Library/Application Support/DriveGenius/drivegeniusd(1082)=4%]
LEG round=jcross1 rep=2 m=2048 arm=aa wall=4.001 cpu=61.292 cpu_over_wall=15.32 peak_mb=6046.3 rc=0 restored=32/32 damaged_members=32 blocks_written=2048 strays=32 seed=20275249 stage1=no-label stage2=evaluate, 128 group(s) in tiles of 31, stripe 512w foreign_cpu=161.3 errlen=1161 ts=2026-09-11T13:33:36Z
WARN-FOREIGN-CPU at=r2-m2048-fast foreign_cpu=169% ceiling=200% top=[/Library/Application Support/DriveGenius/DrivePulse.app/Contents/MacOS/DrivePulse(768)=100% /System/Library/PrivateFrameworks/SkyLight.framework/Resources/WindowServer(188)=42% /Applications/TG Pro.app/Contents/MacOS/TG Pro(798)=16% /System/Library/ExtensionKit/Extensions/Monterey.appex/Contents/MacOS/Monterey(77762)=11%]
LEG round=jcross1 rep=2 m=2048 arm=fast wall=3.935 cpu=61.027 cpu_over_wall=15.51 peak_mb=6132.6 rc=0 restored=32/32 damaged_members=32 blocks_written=2048 strays=32 seed=20275249 stage1=whole/demand, stripe 512w stage2=FALLBACK foreign_cpu=168.2 errlen=1395 ts=2026-09-11T13:33:45Z
WARN-FOREIGN-CPU at=r2-m2048-off foreign_cpu=100% ceiling=200% top=[/Library/Application Support/DriveGenius/DrivePulse.app/Contents/MacOS/DrivePulse(768)=47% /System/Library/PrivateFrameworks/SkyLight.framework/Resources/WindowServer(188)=37% /System/Library/ExtensionKit/Extensions/Monterey.appex/Contents/MacOS/Monterey(77762)=12% /Library/Application Support/DriveGenius/drivegeniusd(1082)=2%]
LEG round=jcross1 rep=2 m=2048 arm=off wall=4.079 cpu=61.899 cpu_over_wall=15.18 peak_mb=6125.3 rc=0 restored=32/32 damaged_members=32 blocks_written=2048 strays=32 seed=20275249 stage1=no-label stage2=evaluate, 128 group(s) in tiles of 31, stripe 512w foreign_cpu=100.3 errlen=1161 ts=2026-09-11T13:33:54Z
WARN-FOREIGN-CPU at=r2-m3072-aa foreign_cpu=76% ceiling=200% top=[/System/Library/PrivateFrameworks/SkyLight.framework/Resources/WindowServer(188)=44% /System/Library/CoreServices/loginwindow.app/Contents/MacOS/loginwindow(191)=20% /System/Library/ExtensionKit/Extensions/Monterey.appex/Contents/MacOS/Monterey(77762)=10% /Applications/Opal.app/Contents/XPCServices/OpalCameraDeviceService.xpc/Contents/MacOS/OpalCameraDeviceService(856)=1%]
LEG round=jcross1 rep=2 m=3072 arm=aa wall=4.667 cpu=70.294 cpu_over_wall=15.06 peak_mb=5482.0 rc=0 restored=32/32 damaged_members=32 blocks_written=3072 strays=32 seed=20282417 stage1=no-label stage2=evaluate, 128 group(s) in tiles of 31, stripe 512w foreign_cpu=75.9 errlen=1155 ts=2026-09-11T13:34:05Z
WARN-FOREIGN-CPU at=r2-m3072-fast foreign_cpu=75% ceiling=200% top=[/System/Library/PrivateFrameworks/SkyLight.framework/Resources/WindowServer(188)=48% /Applications/TG Pro.app/Contents/MacOS/TG Pro(798)=15% /System/Library/ExtensionKit/Extensions/Monterey.appex/Contents/MacOS/Monterey(77762)=11% /Applications/Opal.app/Contents/XPCServices/OpalCameraDeviceService.xpc/Contents/MacOS/OpalCameraDeviceService(856)=1%]
LEG round=jcross1 rep=2 m=3072 arm=fast wall=4.588 cpu=70.744 cpu_over_wall=15.42 peak_mb=6450.7 rc=0 restored=32/32 damaged_members=32 blocks_written=3072 strays=32 seed=20282417 stage1=whole/demand, stripe 256w stage2=FALLBACK foreign_cpu=75.1 errlen=1383 ts=2026-09-11T13:34:16Z
WARN-FOREIGN-CPU at=r2-m3072-off foreign_cpu=82% ceiling=200% top=[/System/Library/PrivateFrameworks/SkyLight.framework/Resources/WindowServer(188)=37% /System/Library/DriverExtensions/com.apple.DriverKit-AppleBCMWLAN.dext/com.apple.DriverKit-AppleBCMWLAN(374)=24% /System/Library/ExtensionKit/Extensions/Monterey.appex/Contents/MacOS/Monterey(77762)=12% /Applications/TG Pro.app/Contents/MacOS/TG Pro(798)=3%]
LEG round=jcross1 rep=2 m=3072 arm=off wall=4.683 cpu=70.648 cpu_over_wall=15.09 peak_mb=5501.1 rc=0 restored=32/32 damaged_members=32 blocks_written=3072 strays=32 seed=20282417 stage1=no-label stage2=evaluate, 128 group(s) in tiles of 31, stripe 512w foreign_cpu=93.4 errlen=1155 ts=2026-09-11T13:34:26Z
WARN-FOREIGN-CPU at=r2-m4096-aa foreign_cpu=83% ceiling=200% top=[/System/Library/PrivateFrameworks/SkyLight.framework/Resources/WindowServer(188)=46% /System/Library/ExtensionKit/Extensions/Monterey.appex/Contents/MacOS/Monterey(77762)=11% /Library/Application Support/DriveGenius/drivegeniusd(1082)=8% /Applications/TG Pro.app/Contents/MacOS/TG Pro(798)=7%]
LEG round=jcross1 rep=2 m=4096 arm=aa wall=5.203 cpu=78.519 cpu_over_wall=15.09 peak_mb=5880.9 rc=0 restored=32/32 damaged_members=32 blocks_written=4096 strays=32 seed=20289585 stage1=no-label stage2=evaluate, 128 group(s) in tiles of 31, stripe 512w foreign_cpu=83.1 errlen=1151 ts=2026-09-11T13:34:38Z
WARN-FOREIGN-CPU at=r2-m4096-fast foreign_cpu=78% ceiling=200% top=[/System/Library/PrivateFrameworks/SkyLight.framework/Resources/WindowServer(188)=45% /System/Cryptexes/App/usr/libexec/SafariBookmarksSyncAgent(731)=11% /System/Library/ExtensionKit/Extensions/Monterey.appex/Contents/MacOS/Monterey(77762)=11% /Applications/TG Pro.app/Contents/MacOS/TG Pro(798)=7%]
LEG round=jcross1 rep=2 m=4096 arm=fast wall=5.012 cpu=76.367 cpu_over_wall=15.24 peak_mb=5884.7 rc=0 restored=32/32 damaged_members=32 blocks_written=4096 strays=32 seed=20289585 stage1=whole/demand, stripe 512w stage2=FALLBACK foreign_cpu=77.7 errlen=1377 ts=2026-09-11T13:34:50Z
LEG round=jcross1 rep=2 m=4096 arm=off wall=5.324 cpu=79.328 cpu_over_wall=14.9 peak_mb=5880.9 rc=0 restored=32/32 damaged_members=32 blocks_written=4096 strays=32 seed=20289585 stage1=no-label stage2=evaluate, 128 group(s) in tiles of 31, stripe 512w foreign_cpu=56.4 errlen=1151 ts=2026-09-11T13:35:02Z
LEG round=jcross1 rep=2 m=5120 arm=aa wall=5.875 cpu=85.954 cpu_over_wall=14.63 peak_mb=6220.0 rc=0 restored=32/32 damaged_members=32 blocks_written=5120 strays=32 seed=20296753 stage1=no-label stage2=evaluate, 128 group(s) in tiles of 31, stripe 512w foreign_cpu=56.2 errlen=1151 ts=2026-09-11T13:35:15Z
LEG round=jcross1 rep=2 m=5120 arm=fast wall=5.7 cpu=87.485 cpu_over_wall=15.35 peak_mb=6221.4 rc=0 restored=32/32 damaged_members=32 blocks_written=5120 strays=32 seed=20296753 stage1=whole/demand, stripe 256w stage2=FALLBACK foreign_cpu=68.8 errlen=1377 ts=2026-09-11T13:35:28Z
LEG round=jcross1 rep=2 m=5120 arm=off wall=5.786 cpu=86.343 cpu_over_wall=14.92 peak_mb=6222.5 rc=0 restored=32/32 damaged_members=32 blocks_written=5120 strays=32 seed=20296753 stage1=no-label stage2=evaluate, 128 group(s) in tiles of 31, stripe 512w foreign_cpu=65.8 errlen=1151 ts=2026-09-11T13:35:42Z
LEG round=jcross1 rep=2 m=6144 arm=aa wall=6.291 cpu=93.097 cpu_over_wall=14.8 peak_mb=6548.5 rc=0 restored=32/32 damaged_members=32 blocks_written=6144 strays=32 seed=20303921 stage1=no-label stage2=evaluate, 128 group(s) in tiles of 31, stripe 512w foreign_cpu=51.3 errlen=1151 ts=2026-09-11T13:35:56Z
LEG round=jcross1 rep=2 m=6144 arm=fast wall=6.02 cpu=91.603 cpu_over_wall=15.22 peak_mb=6540.3 rc=0 restored=32/32 damaged_members=32 blocks_written=6144 strays=32 seed=20303921 stage1=whole/demand, stripe 256w stage2=FALLBACK foreign_cpu=63.5 errlen=1377 ts=2026-09-11T13:36:10Z
LEG round=jcross1 rep=2 m=6144 arm=off wall=6.299 cpu=93.494 cpu_over_wall=14.84 peak_mb=6540.1 rc=0 restored=32/32 damaged_members=32 blocks_written=6144 strays=32 seed=20303921 stage1=no-label stage2=evaluate, 128 group(s) in tiles of 31, stripe 512w foreign_cpu=49.4 errlen=1151 ts=2026-09-11T13:36:24Z
WARN-FOREIGN-CPU at=r2-m7168-aa foreign_cpu=76% ceiling=200% top=[/System/Library/PrivateFrameworks/SkyLight.framework/Resources/WindowServer(188)=42% /Applications/TG Pro.app/Contents/MacOS/TG Pro(798)=18% /System/Library/ExtensionKit/Extensions/Monterey.appex/Contents/MacOS/Monterey(77762)=11% /Library/Application Support/DriveGenius/drivegeniusd(1082)=3%]
LEG round=jcross1 rep=2 m=7168 arm=aa wall=6.755 cpu=101.135 cpu_over_wall=14.97 peak_mb=6861.1 rc=0 restored=32/32 damaged_members=32 blocks_written=7168 strays=32 seed=20311089 stage1=no-label stage2=evaluate, 128 group(s) in tiles of 31, stripe 512w foreign_cpu=66.5 errlen=1145 ts=2026-09-11T13:36:40Z
LEG round=jcross1 rep=2 m=7168 arm=fast wall=6.446 cpu=96.457 cpu_over_wall=14.96 peak_mb=6862.4 rc=0 restored=32/32 damaged_members=32 blocks_written=7168 strays=32 seed=20311089 stage1=whole/demand, stripe 256w stage2=FALLBACK foreign_cpu=52.9 errlen=1377 ts=2026-09-11T13:36:55Z
LEG round=jcross1 rep=2 m=7168 arm=off wall=6.851 cpu=101.788 cpu_over_wall=14.86 peak_mb=6996.9 rc=0 restored=32/32 damaged_members=32 blocks_written=7168 strays=32 seed=20311089 stage1=no-label stage2=evaluate, 128 group(s) in tiles of 31, stripe 512w foreign_cpu=51.4 errlen=1151 ts=2026-09-11T13:37:11Z
LEG round=jcross1 rep=2 m=8192 arm=aa wall=7.429 cpu=109.424 cpu_over_wall=14.73 peak_mb=7178.6 rc=0 restored=32/32 damaged_members=32 blocks_written=8192 strays=32 seed=20318257 stage1=no-label stage2=evaluate, 128 group(s) in tiles of 31, stripe 512w foreign_cpu=51.0 errlen=1145 ts=2026-09-11T13:37:27Z
LEG round=jcross1 rep=2 m=8192 arm=fast wall=6.752 cpu=98.217 cpu_over_wall=14.55 peak_mb=7178.2 rc=0 restored=32/32 damaged_members=32 blocks_written=8192 strays=32 seed=20318257 stage1=whole/demand, stripe 512w stage2=factor foreign_cpu=61.4 errlen=1345 ts=2026-09-11T13:37:44Z
LEG round=jcross1 rep=2 m=8192 arm=off wall=7.397 cpu=109.88 cpu_over_wall=14.85 peak_mb=7175.7 rc=0 restored=32/32 damaged_members=32 blocks_written=8192 strays=32 seed=20318257 stage1=no-label stage2=evaluate, 128 group(s) in tiles of 31, stripe 512w foreign_cpu=48.7 errlen=1145 ts=2026-09-11T13:38:01Z
WARN-FOREIGN-CPU at=r2-m10240-aa foreign_cpu=122% ceiling=200% top=[/System/Library/PrivateFrameworks/SkyLight.framework/Resources/WindowServer(188)=38% /usr/libexec/searchpartyd(345)=27% /usr/libexec/searchpartyuseragent(611)=16% /System/Library/ExtensionKit/Extensions/Monterey.appex/Contents/MacOS/Monterey(77762)=12%]
LEG round=jcross1 rep=2 m=10240 arm=aa wall=8.672 cpu=127.636 cpu_over_wall=14.72 peak_mb=8044.8 rc=0 restored=32/32 damaged_members=32 blocks_written=10240 strays=32 seed=20332593 stage1=no-label stage2=evaluate, 128 group(s) in tiles of 31, stripe 512w foreign_cpu=122.5 errlen=1147 ts=2026-09-11T13:38:21Z
LEG round=jcross1 rep=2 m=10240 arm=fast wall=7.649 cpu=115.587 cpu_over_wall=15.11 peak_mb=7813.7 rc=0 restored=32/32 damaged_members=32 blocks_written=10240 strays=32 seed=20332593 stage1=whole/demand, stripe 256w stage2=factor foreign_cpu=48.2 errlen=1347 ts=2026-09-11T13:38:40Z
LEG round=jcross1 rep=2 m=10240 arm=off wall=8.534 cpu=127.589 cpu_over_wall=14.95 peak_mb=7812.2 rc=0 restored=32/32 damaged_members=32 blocks_written=10240 strays=32 seed=20332593 stage1=no-label stage2=evaluate, 128 group(s) in tiles of 31, stripe 512w foreign_cpu=61.8 errlen=1150 ts=2026-09-11T13:38:59Z
LEG round=jcross1 rep=2 m=12288 arm=aa wall=9.881 cpu=147.286 cpu_over_wall=14.91 peak_mb=8452.0 rc=0 restored=32/32 damaged_members=32 blocks_written=12288 strays=32 seed=20346929 stage1=no-label stage2=evaluate, 128 group(s) in tiles of 31, stripe 512w foreign_cpu=54.3 errlen=1147 ts=2026-09-11T13:39:21Z
LEG round=jcross1 rep=2 m=12288 arm=fast wall=9.542 cpu=122.414 cpu_over_wall=12.83 peak_mb=8453.8 rc=0 restored=32/32 damaged_members=32 blocks_written=12288 strays=32 seed=20346929 stage1=whole/demand, stripe 256w stage2=factor foreign_cpu=60.5 errlen=1344 ts=2026-09-11T13:39:43Z
LEG round=jcross1 rep=2 m=12288 arm=off wall=10.543 cpu=148.142 cpu_over_wall=14.05 peak_mb=8460.9 rc=0 restored=32/32 damaged_members=32 blocks_written=12288 strays=32 seed=20346929 stage1=no-label stage2=evaluate, 128 group(s) in tiles of 31, stripe 512w foreign_cpu=55.1 errlen=1151 ts=2026-09-11T13:40:06Z
WARN-FOREIGN-CPU at=r2-m16384-aa foreign_cpu=90% ceiling=200% top=[/System/Library/PrivateFrameworks/SkyLight.framework/Resources/WindowServer(188)=48% /Applications/TG Pro.app/Contents/MacOS/TG Pro(798)=13% /System/Library/ExtensionKit/Extensions/Monterey.appex/Contents/MacOS/Monterey(77762)=12% sshd-session: <user> [priv](66288)=7%]
LEG round=jcross1 rep=2 m=16384 arm=aa wall=16.154 cpu=214.269 cpu_over_wall=13.26 peak_mb=9462.5 rc=0 restored=32/32 damaged_members=32 blocks_written=16384 strays=32 seed=20375601 stage1=no-label stage2=evaluate, 128 group(s) in tiles of 31, stripe 512w foreign_cpu=90.4 errlen=1058 ts=2026-09-11T13:40:37Z
WARN-FOREIGN-CPU at=r2-m16384-fast foreign_cpu=153% ceiling=200% top=[/usr/sbin/spindump(687)=94% /System/Library/PrivateFrameworks/SkyLight.framework/Resources/WindowServer(188)=40% /System/Library/ExtensionKit/Extensions/Monterey.appex/Contents/MacOS/Monterey(77762)=14% /Applications/TG Pro.app/Contents/MacOS/TG Pro(798)=3%]
LEG round=jcross1 rep=2 m=16384 arm=fast wall=12.845 cpu=155.692 cpu_over_wall=12.12 peak_mb=9393.8 rc=0 restored=32/32 damaged_members=32 blocks_written=16384 strays=32 seed=20375601 stage1=whole/demand, stripe 512w stage2=factor foreign_cpu=152.7 errlen=1253 ts=2026-09-11T13:41:04Z
LEG round=jcross1 rep=2 m=16384 arm=off wall=16.098 cpu=214.246 cpu_over_wall=13.31 peak_mb=9540.9 rc=0 restored=32/32 damaged_members=32 blocks_written=16384 strays=32 seed=20375601 stage1=no-label stage2=evaluate, 128 group(s) in tiles of 31, stripe 512w foreign_cpu=55.5 errlen=1058 ts=2026-09-11T13:41:35Z
JCROSS-REP-END rep=2 2026-09-11T13:41:38Z
LEG round=jcross1 rep=3 m=256 arm=off wall=2.922 cpu=47.938 cpu_over_wall=16.41 peak_mb=5397.3 rc=0 restored=32/32 damaged_members=32 blocks_written=256 strays=32 seed=20262706 stage1=no-label stage2=no-label foreign_cpu=53.6 errlen=1027 ts=2026-09-11T13:41:43Z
WARN-FOREIGN-CPU at=r3-m256-fast foreign_cpu=75% ceiling=200% top=[/System/Library/PrivateFrameworks/SkyLight.framework/Resources/WindowServer(188)=36% /System/Library/ExtensionKit/Extensions/Monterey.appex/Contents/MacOS/Monterey(77762)=10% sshd-session: <user> [priv](66407)=10% /usr/libexec/opendirectoryd(156)=6%]
LEG round=jcross1 rep=3 m=256 arm=fast wall=2.94 cpu=47.805 cpu_over_wall=16.26 peak_mb=5381.5 rc=0 restored=32/32 damaged_members=32 blocks_written=256 strays=32 seed=20262706 stage1=no-label stage2=no-label foreign_cpu=74.7 errlen=1165 ts=2026-09-11T13:41:50Z
LEG round=jcross1 rep=3 m=256 arm=aa wall=2.938 cpu=47.815 cpu_over_wall=16.27 peak_mb=5407.8 rc=0 restored=32/32 damaged_members=32 blocks_written=256 strays=32 seed=20262706 stage1=no-label stage2=no-label foreign_cpu=57.7 errlen=1027 ts=2026-09-11T13:41:57Z
WARN-FOREIGN-CPU at=r3-m704-off foreign_cpu=86% ceiling=200% top=[/System/Library/PrivateFrameworks/SkyLight.framework/Resources/WindowServer(188)=44% /System/Library/CoreServices/loginwindow.app/Contents/MacOS/loginwindow(191)=18% /Applications/TG Pro.app/Contents/MacOS/TG Pro(798)=9% /System/Library/ExtensionKit/Extensions/Monterey.appex/Contents/MacOS/Monterey(77762)=9%]
LEG round=jcross1 rep=3 m=704 arm=off wall=3.233 cpu=52.045 cpu_over_wall=16.1 peak_mb=5587.0 rc=0 restored=32/32 damaged_members=32 blocks_written=704 strays=32 seed=20265842 stage1=no-label stage2=evaluate, 127 group(s) in tiles of 31, stripe 512w foreign_cpu=85.9 errlen=1152 ts=2026-09-11T13:42:04Z
WARN-FOREIGN-CPU at=r3-m704-fast foreign_cpu=156% ceiling=200% top=[/Library/Application Support/DriveGenius/DrivePulse.app/Contents/MacOS/DrivePulse(768)=100% /System/Library/PrivateFrameworks/SkyLight.framework/Resources/WindowServer(188)=38% /System/Library/ExtensionKit/Extensions/Monterey.appex/Contents/MacOS/Monterey(77762)=12% /sbin/launchd(1)=7%]
LEG round=jcross1 rep=3 m=704 arm=fast wall=3.249 cpu=52.271 cpu_over_wall=16.09 peak_mb=5585.8 rc=0 restored=32/32 damaged_members=32 blocks_written=704 strays=32 seed=20265842 stage1=whole/demand, stripe 512w stage2=FALLBACK foreign_cpu=152.7 errlen=1382 ts=2026-09-11T13:42:12Z
WARN-FOREIGN-CPU at=r3-m704-aa foreign_cpu=169% ceiling=200% top=[/Library/Application Support/DriveGenius/DrivePulse.app/Contents/MacOS/DrivePulse(768)=100% /System/Library/PrivateFrameworks/SkyLight.framework/Resources/WindowServer(188)=37% /System/Cryptexes/App/usr/libexec/SafariBookmarksSyncAgent(731)=18% /System/Library/ExtensionKit/Extensions/Monterey.appex/Contents/MacOS/Monterey(77762)=12%]
LEG round=jcross1 rep=3 m=704 arm=aa wall=3.328 cpu=52.228 cpu_over_wall=15.69 peak_mb=5586.1 rc=0 restored=32/32 damaged_members=32 blocks_written=704 strays=32 seed=20265842 stage1=no-label stage2=evaluate, 127 group(s) in tiles of 31, stripe 512w foreign_cpu=169.2 errlen=1152 ts=2026-09-11T13:42:19Z
WARN-FOREIGN-CPU at=r3-m1024-off foreign_cpu=162% ceiling=200% top=[/Library/Application Support/DriveGenius/DrivePulse.app/Contents/MacOS/DrivePulse(768)=100% /System/Library/PrivateFrameworks/SkyLight.framework/Resources/WindowServer(188)=36% /System/Library/ExtensionKit/Extensions/Monterey.appex/Contents/MacOS/Monterey(77762)=12% sshd-session: <user> [priv](66539)=7%]
LEG round=jcross1 rep=3 m=1024 arm=off wall=3.424 cpu=53.861 cpu_over_wall=15.73 peak_mb=5712.6 rc=0 restored=32/32 damaged_members=32 blocks_written=1024 strays=32 seed=20268082 stage1=no-label stage2=evaluate, 128 group(s) in tiles of 31, stripe 512w foreign_cpu=162.3 errlen=1158 ts=2026-09-11T13:42:27Z
WARN-FOREIGN-CPU at=r3-m1024-fast foreign_cpu=164% ceiling=200% top=[/Library/Application Support/DriveGenius/DrivePulse.app/Contents/MacOS/DrivePulse(768)=100% /System/Library/PrivateFrameworks/SkyLight.framework/Resources/WindowServer(188)=36% /System/Library/ExtensionKit/Extensions/Monterey.appex/Contents/MacOS/Monterey(77762)=12% sshd-session: [accepted](66566)=4%]
LEG round=jcross1 rep=3 m=1024 arm=fast wall=3.417 cpu=54.085 cpu_over_wall=15.83 peak_mb=5703.3 rc=0 restored=32/32 damaged_members=32 blocks_written=1024 strays=32 seed=20268082 stage1=whole/demand, stripe 512w stage2=FALLBACK foreign_cpu=159.1 errlen=1390 ts=2026-09-11T13:42:35Z
WARN-FOREIGN-CPU at=r3-m1024-aa foreign_cpu=150% ceiling=200% top=[/Library/Application Support/DriveGenius/DrivePulse.app/Contents/MacOS/DrivePulse(768)=100% /System/Library/PrivateFrameworks/SkyLight.framework/Resources/WindowServer(188)=37% /System/Library/ExtensionKit/Extensions/Monterey.appex/Contents/MacOS/Monterey(77762)=12% /usr/libexec/searchpartyd(345)=3%]
LEG round=jcross1 rep=3 m=1024 arm=aa wall=3.465 cpu=54.23 cpu_over_wall=15.65 peak_mb=5705.8 rc=0 restored=32/32 damaged_members=32 blocks_written=1024 strays=32 seed=20268082 stage1=no-label stage2=evaluate, 128 group(s) in tiles of 31, stripe 512w foreign_cpu=150.4 errlen=1158 ts=2026-09-11T13:42:43Z
LEG round=jcross1 rep=3 m=1536 arm=off wall=3.751 cpu=57.527 cpu_over_wall=15.34 peak_mb=5881.0 rc=0 restored=32/32 damaged_members=32 blocks_written=1536 strays=32 seed=20271666 stage1=no-label stage2=evaluate, 128 group(s) in tiles of 31, stripe 512w foreign_cpu=58.0 errlen=1161 ts=2026-09-11T13:42:52Z
WARN-FOREIGN-CPU at=r3-m1536-fast foreign_cpu=74% ceiling=200% top=[/System/Library/PrivateFrameworks/SkyLight.framework/Resources/WindowServer(188)=45% /Applications/TG Pro.app/Contents/MacOS/TG Pro(798)=18% /System/Library/ExtensionKit/Extensions/Monterey.appex/Contents/MacOS/Monterey(77762)=11%]
LEG round=jcross1 rep=3 m=1536 arm=fast wall=3.82 cpu=58.704 cpu_over_wall=15.37 peak_mb=5896.9 rc=0 restored=32/32 damaged_members=32 blocks_written=1536 strays=32 seed=20271666 stage1=whole/demand, stripe 256w stage2=FALLBACK foreign_cpu=74.5 errlen=1393 ts=2026-09-11T13:43:01Z
WARN-FOREIGN-CPU at=r3-m1536-aa foreign_cpu=92% ceiling=200% top=[/System/Library/PrivateFrameworks/SkyLight.framework/Resources/WindowServer(188)=35% /System/Cryptexes/App/usr/libexec/SafariBookmarksSyncAgent(731)=18% /Applications/Utilities/Adobe Creative Cloud Experience/CCXProcess/CCXProcess.app/Contents/MacOS/../libs/Creative Cloud Content Manager.node(823)=17% /System/Library/ExtensionKit/Extensions/Monterey.appex/Contents/MacOS/Monterey(77762)=11%]
LEG round=jcross1 rep=3 m=1536 arm=aa wall=3.733 cpu=58.118 cpu_over_wall=15.57 peak_mb=5898.5 rc=0 restored=32/32 damaged_members=32 blocks_written=1536 strays=32 seed=20271666 stage1=no-label stage2=evaluate, 128 group(s) in tiles of 31, stripe 512w foreign_cpu=92.5 errlen=1161 ts=2026-09-11T13:43:09Z
LEG round=jcross1 rep=3 m=2048 arm=off wall=4.03 cpu=61.707 cpu_over_wall=15.31 peak_mb=6042.9 rc=0 restored=32/32 damaged_members=32 blocks_written=2048 strays=32 seed=20275250 stage1=no-label stage2=evaluate, 128 group(s) in tiles of 31, stripe 512w foreign_cpu=64.3 errlen=1161 ts=2026-09-11T13:43:19Z
WARN-FOREIGN-CPU at=r3-m2048-fast foreign_cpu=71% ceiling=200% top=[/System/Library/PrivateFrameworks/SkyLight.framework/Resources/WindowServer(188)=35% /System/Library/ExtensionKit/Extensions/Monterey.appex/Contents/MacOS/Monterey(77762)=11% sshd-session: <user> [priv](66709)=10% /Library/Application Support/DriveGenius/drivegeniusd(1082)=6%]
LEG round=jcross1 rep=3 m=2048 arm=fast wall=4.009 cpu=61.623 cpu_over_wall=15.37 peak_mb=6049.1 rc=0 restored=32/32 damaged_members=32 blocks_written=2048 strays=32 seed=20275250 stage1=whole/demand, stripe 512w stage2=FALLBACK foreign_cpu=69.4 errlen=1393 ts=2026-09-11T13:43:28Z
WARN-FOREIGN-CPU at=r3-m2048-aa foreign_cpu=73% ceiling=200% top=[/System/Library/PrivateFrameworks/SkyLight.framework/Resources/WindowServer(188)=38% /System/Library/ExtensionKit/Extensions/Monterey.appex/Contents/MacOS/Monterey(77762)=11% /Library/Application Support/DriveGenius/drivegeniusd(1082)=10% /System/Cryptexes/App/usr/libexec/SafariBookmarksSyncAgent(731)=8%]
LEG round=jcross1 rep=3 m=2048 arm=aa wall=4.107 cpu=61.86 cpu_over_wall=15.06 peak_mb=6055.4 rc=0 restored=32/32 damaged_members=32 blocks_written=2048 strays=32 seed=20275250 stage1=no-label stage2=evaluate, 128 group(s) in tiles of 31, stripe 512w foreign_cpu=73.4 errlen=1161 ts=2026-09-11T13:43:37Z
WARN-FOREIGN-CPU at=r3-m3072-off foreign_cpu=70% ceiling=200% top=[/System/Library/PrivateFrameworks/SkyLight.framework/Resources/WindowServer(188)=39% /System/Library/ExtensionKit/Extensions/Monterey.appex/Contents/MacOS/Monterey(77762)=12% com.macpaw.CleanMyMac4.HealthMonitor(769)=9% com.macpaw.CleanMyMac4.Menu(779)=4%]
LEG round=jcross1 rep=3 m=3072 arm=off wall=4.675 cpu=70.827 cpu_over_wall=15.15 peak_mb=5485.3 rc=0 restored=32/32 damaged_members=32 blocks_written=3072 strays=32 seed=20282418 stage1=no-label stage2=evaluate, 128 group(s) in tiles of 31, stripe 512w foreign_cpu=59.6 errlen=1155 ts=2026-09-11T13:43:48Z
LEG round=jcross1 rep=3 m=3072 arm=fast wall=4.67 cpu=70.912 cpu_over_wall=15.18 peak_mb=5485.0 rc=0 restored=32/32 damaged_members=32 blocks_written=3072 strays=32 seed=20282418 stage1=whole/demand, stripe 256w stage2=FALLBACK foreign_cpu=52.5 errlen=1383 ts=2026-09-11T13:43:59Z
WARN-FOREIGN-CPU at=r3-m3072-aa foreign_cpu=77% ceiling=200% top=[/System/Library/PrivateFrameworks/SkyLight.framework/Resources/WindowServer(188)=48% /System/Library/ExtensionKit/Extensions/Monterey.appex/Contents/MacOS/Monterey(77762)=11% /Library/Application Support/DriveGenius/drivegeniusd(1082)=10% /Applications/TG Pro.app/Contents/MacOS/TG Pro(798)=7%]
LEG round=jcross1 rep=3 m=3072 arm=aa wall=4.731 cpu=71.226 cpu_over_wall=15.06 peak_mb=5519.2 rc=0 restored=32/32 damaged_members=32 blocks_written=3072 strays=32 seed=20282418 stage1=no-label stage2=evaluate, 128 group(s) in tiles of 31, stripe 512w foreign_cpu=84.8 errlen=1155 ts=2026-09-11T13:44:10Z
LEG round=jcross1 rep=3 m=4096 arm=off wall=5.345 cpu=79.224 cpu_over_wall=14.82 peak_mb=5880.3 rc=0 restored=32/32 damaged_members=32 blocks_written=4096 strays=32 seed=20289586 stage1=no-label stage2=evaluate, 128 group(s) in tiles of 31, stripe 512w foreign_cpu=50.8 errlen=1151 ts=2026-09-11T13:44:22Z
WARN-FOREIGN-CPU at=r3-m4096-fast foreign_cpu=69% ceiling=200% top=[/System/Library/PrivateFrameworks/SkyLight.framework/Resources/WindowServer(188)=37% /System/Library/ExtensionKit/Extensions/Monterey.appex/Contents/MacOS/Monterey(77762)=12% /System/Cryptexes/App/usr/libexec/SafariBookmarksSyncAgent(731)=12% /usr/libexec/ApplicationFirewall/socketfilterfw(226)=5%]
LEG round=jcross1 rep=3 m=4096 arm=fast wall=5.135 cpu=76.613 cpu_over_wall=14.92 peak_mb=5884.5 rc=0 restored=32/32 damaged_members=32 blocks_written=4096 strays=32 seed=20289586 stage1=whole/demand, stripe 512w stage2=FALLBACK foreign_cpu=68.7 errlen=1377 ts=2026-09-11T13:44:33Z
LEG round=jcross1 rep=3 m=4096 arm=aa wall=5.435 cpu=79.702 cpu_over_wall=14.66 peak_mb=5884.4 rc=0 restored=32/32 damaged_members=32 blocks_written=4096 strays=32 seed=20289586 stage1=no-label stage2=evaluate, 128 group(s) in tiles of 31, stripe 512w foreign_cpu=51.5 errlen=1151 ts=2026-09-11T13:44:46Z
WARN-FOREIGN-CPU at=r3-m5120-off foreign_cpu=77% ceiling=200% top=[/System/Library/PrivateFrameworks/SkyLight.framework/Resources/WindowServer(188)=50% /System/Library/ExtensionKit/Extensions/Monterey.appex/Contents/MacOS/Monterey(77762)=12% /Applications/TG Pro.app/Contents/MacOS/TG Pro(798)=9% /Library/Application Support/DriveGenius/drivegeniusd(1082)=4%]
LEG round=jcross1 rep=3 m=5120 arm=off wall=5.875 cpu=86.623 cpu_over_wall=14.74 peak_mb=6219.9 rc=0 restored=32/32 damaged_members=32 blocks_written=5120 strays=32 seed=20296754 stage1=no-label stage2=evaluate, 128 group(s) in tiles of 31, stripe 512w foreign_cpu=77.3 errlen=1151 ts=2026-09-11T13:44:59Z
LEG round=jcross1 rep=3 m=5120 arm=fast wall=5.908 cpu=88.115 cpu_over_wall=14.91 peak_mb=6221.2 rc=0 restored=32/32 damaged_members=32 blocks_written=5120 strays=32 seed=20296754 stage1=whole/demand, stripe 256w stage2=FALLBACK foreign_cpu=58.5 errlen=1377 ts=2026-09-11T13:45:13Z
LEG round=jcross1 rep=3 m=5120 arm=aa wall=5.852 cpu=86.581 cpu_over_wall=14.8 peak_mb=6223.5 rc=0 restored=32/32 damaged_members=32 blocks_written=5120 strays=32 seed=20296754 stage1=no-label stage2=evaluate, 128 group(s) in tiles of 31, stripe 512w foreign_cpu=49.2 errlen=1151 ts=2026-09-11T13:45:26Z
LEG round=jcross1 rep=3 m=6144 arm=off wall=6.391 cpu=93.145 cpu_over_wall=14.57 peak_mb=6538.0 rc=0 restored=32/32 damaged_members=32 blocks_written=6144 strays=32 seed=20303922 stage1=no-label stage2=evaluate, 128 group(s) in tiles of 31, stripe 512w foreign_cpu=61.7 errlen=1151 ts=2026-09-11T13:45:41Z
WARN-FOREIGN-CPU at=r3-m6144-fast foreign_cpu=78% ceiling=200% top=[/System/Library/PrivateFrameworks/SkyLight.framework/Resources/WindowServer(188)=46% /Applications/TG Pro.app/Contents/MacOS/TG Pro(798)=20% /System/Library/ExtensionKit/Extensions/Monterey.appex/Contents/MacOS/Monterey(77762)=11%]
LEG round=jcross1 rep=3 m=6144 arm=fast wall=6.16 cpu=92.168 cpu_over_wall=14.96 peak_mb=6537.9 rc=0 restored=32/32 damaged_members=32 blocks_written=6144 strays=32 seed=20303922 stage1=whole/demand, stripe 256w stage2=FALLBACK foreign_cpu=67.2 errlen=1377 ts=2026-09-11T13:45:55Z
LEG round=jcross1 rep=3 m=6144 arm=aa wall=6.348 cpu=93.416 cpu_over_wall=14.72 peak_mb=6540.9 rc=0 restored=32/32 damaged_members=32 blocks_written=6144 strays=32 seed=20303922 stage1=no-label stage2=evaluate, 128 group(s) in tiles of 31, stripe 512w foreign_cpu=54.5 errlen=1151 ts=2026-09-11T13:46:10Z
WARN-FOREIGN-CPU at=r3-m7168-off foreign_cpu=77% ceiling=200% top=[/System/Library/PrivateFrameworks/SkyLight.framework/Resources/WindowServer(188)=36% /System/Cryptexes/App/usr/libexec/SafariBookmarksSyncAgent(731)=21% /System/Library/ExtensionKit/Extensions/Monterey.appex/Contents/MacOS/Monterey(77762)=12% /Library/Application Support/DriveGenius/drivegeniusd(1082)=7%]
LEG round=jcross1 rep=3 m=7168 arm=off wall=6.989 cpu=101.828 cpu_over_wall=14.57 peak_mb=6858.4 rc=0 restored=32/32 damaged_members=32 blocks_written=7168 strays=32 seed=20311090 stage1=no-label stage2=evaluate, 128 group(s) in tiles of 31, stripe 512w foreign_cpu=76.0 errlen=1148 ts=2026-09-11T13:46:25Z
LEG round=jcross1 rep=3 m=7168 arm=fast wall=6.897 cpu=96.232 cpu_over_wall=13.95 peak_mb=6860.4 rc=0 restored=32/32 damaged_members=32 blocks_written=7168 strays=32 seed=20311090 stage1=whole/demand, stripe 256w stage2=FALLBACK foreign_cpu=53.7 errlen=1374 ts=2026-09-11T13:46:41Z
LEG round=jcross1 rep=3 m=7168 arm=aa wall=6.908 cpu=101.585 cpu_over_wall=14.71 peak_mb=6951.8 rc=0 restored=32/32 damaged_members=32 blocks_written=7168 strays=32 seed=20311090 stage1=no-label stage2=evaluate, 128 group(s) in tiles of 31, stripe 512w foreign_cpu=47.2 errlen=1151 ts=2026-09-11T13:46:57Z
LEG round=jcross1 rep=3 m=8192 arm=off wall=7.564 cpu=109.402 cpu_over_wall=14.46 peak_mb=7179.5 rc=0 restored=32/32 damaged_members=32 blocks_written=8192 strays=32 seed=20318258 stage1=no-label stage2=evaluate, 128 group(s) in tiles of 31, stripe 512w foreign_cpu=62.0 errlen=1142 ts=2026-09-11T13:47:14Z
LEG round=jcross1 rep=3 m=8192 arm=fast wall=6.943 cpu=98.243 cpu_over_wall=14.15 peak_mb=7289.6 rc=0 restored=32/32 damaged_members=32 blocks_written=8192 strays=32 seed=20318258 stage1=whole/demand, stripe 512w stage2=factor foreign_cpu=59.7 errlen=1345 ts=2026-09-11T13:47:30Z
LEG round=jcross1 rep=3 m=8192 arm=aa wall=7.496 cpu=109.631 cpu_over_wall=14.63 peak_mb=7293.7 rc=0 restored=32/32 damaged_members=32 blocks_written=8192 strays=32 seed=20318258 stage1=no-label stage2=evaluate, 128 group(s) in tiles of 31, stripe 512w foreign_cpu=58.4 errlen=1142 ts=2026-09-11T13:47:47Z
LEG round=jcross1 rep=3 m=10240 arm=off wall=8.617 cpu=127.532 cpu_over_wall=14.8 peak_mb=7812.3 rc=0 restored=32/32 damaged_members=32 blocks_written=10240 strays=32 seed=20332594 stage1=no-label stage2=evaluate, 128 group(s) in tiles of 31, stripe 512w foreign_cpu=56.6 errlen=1150 ts=2026-09-11T13:48:07Z
WARN-FOREIGN-CPU at=r3-m10240-fast foreign_cpu=152% ceiling=200% top=[/Library/Application Support/DriveGenius/DrivePulse.app/Contents/MacOS/DrivePulse(768)=100% /System/Library/PrivateFrameworks/SkyLight.framework/Resources/WindowServer(188)=38% /System/Library/ExtensionKit/Extensions/Monterey.appex/Contents/MacOS/Monterey(77762)=12% /Applications/TG Pro.app/Contents/MacOS/TG Pro(798)=1%]
LEG round=jcross1 rep=3 m=10240 arm=fast wall=7.798 cpu=115.778 cpu_over_wall=14.85 peak_mb=7817.5 rc=0 restored=32/32 damaged_members=32 blocks_written=10240 strays=32 seed=20332594 stage1=whole/demand, stripe 256w stage2=factor foreign_cpu=151.7 errlen=1344 ts=2026-09-11T13:48:26Z
WARN-FOREIGN-CPU at=r3-m10240-aa foreign_cpu=150% ceiling=200% top=[/Library/Application Support/DriveGenius/DrivePulse.app/Contents/MacOS/DrivePulse(768)=100% /System/Library/PrivateFrameworks/SkyLight.framework/Resources/WindowServer(188)=37% /System/Library/ExtensionKit/Extensions/Monterey.appex/Contents/MacOS/Monterey(77762)=12% /Applications/Utilities/Adobe Creative Cloud Experience/CCXProcess/CCXProcess.app/Contents/MacOS/../libs/Creative Cloud Content Manager.node(823)=1%]
LEG round=jcross1 rep=3 m=10240 arm=aa wall=8.72 cpu=127.542 cpu_over_wall=14.63 peak_mb=7812.4 rc=0 restored=32/32 damaged_members=32 blocks_written=10240 strays=32 seed=20332594 stage1=no-label stage2=evaluate, 128 group(s) in tiles of 31, stripe 512w foreign_cpu=150.5 errlen=1147 ts=2026-09-11T13:48:45Z
LEG round=jcross1 rep=3 m=12288 arm=off wall=9.813 cpu=147.125 cpu_over_wall=14.99 peak_mb=8452.4 rc=0 restored=32/32 damaged_members=32 blocks_written=12288 strays=32 seed=20346930 stage1=no-label stage2=evaluate, 128 group(s) in tiles of 31, stripe 512w foreign_cpu=61.7 errlen=1147 ts=2026-09-11T13:49:08Z
