RIG-LOCK-TAKEN <rig>/.parfast-rig.lock pid=43029
JCROSS-START 2026-09-11T13:21:23Z tag=jcross1
BOX host=apple-m3-ultra cpu=Apple M3 Ultra cores=32 ram_gb=256.0 os=macOS 27.0 free_gb=458.4
BIN parfast-jx sha256=f7c2b5230df7e3e579df5fb6cd4a97a8d6e12e78eac13fe96809eb6e7ef5e51b bytes=2806720 version=parfast version 1.5.0-beta.1 built from 8c3da7d70d2d
PROTOCOL slice=262144 recovery_blocks=16384 source_blocks=16384 redundancy_pct=100.0 damage=scattered-seeded-slice-overwrite reps=5 arms=off/fast/aa gate=sha256-all-members prewarm=full-read-of-work-dir arm_order=alternating-by-rep
ARGV off repair='r -q -t32 -T32 f.par2'
ARGV fast repair='r -q -t32 -T32 --fast f.par2'
ARGV aa repair='r -q -t32 -T32 f.par2'
FIXTURE members=32 distinct_member_sha=32/32 bytes=4294967296 source_blocks=16384
SLICE-PROBE index=5 unique=32/32
GOLD p00.bin b8d6829c8c284b43ffcc884d00ceaace11153eb2c67b6cc0c9ce5edc40aca7ef
GOLD p01.bin 704dedd40b4b6e538844d1060ca73bd679f7b87f901a47a462f9c9212d565234
GOLD p02.bin 7e6f28e50742fc40ded9ddc0dc18fc1b67b9168b59c78e7c88c6e1bf263a8755
GOLD p03.bin e6bf46d69e18bec0c6d85d70952bd98aeb1bf96d38f1b3b1a6189c88aecfc2bf
GOLD p04.bin 49723fb566b6d13a93400fa7fdc480043ab506c7bfc6a1f6fc31400ff0380344
GOLD p05.bin 3f810175ae4dd7c7fffceb6b513edf02c446131929da2e86f7c988d31559e5b6
GOLD p06.bin d91745bcc7555cb2bdcc0448f8f8cd43b81311e827f63daacc9ec33f5943ba8a
GOLD p07.bin 8e71af2dbcde75cbf50d7ed13f9ce36c7659ac1b6247140c60da7b1b1f5f683a
GOLD p08.bin fb800f1a9db56b24302c8d9cdeb4e58d865916e01f3b71afd0c7dd53b4712b25
GOLD p09.bin b9fdfb83957cc20ab307a012509226a052bce7f1e8f553c4fa8bcf94365b881c
GOLD p10.bin a51884b6d0a26241f816f87e6d0a6ac8540e8935f409b5b78c38901b684488d4
GOLD p11.bin 8e5397e8164c69473f05d7773243253abeffbe40316a1277a3e66d675d38784b
GOLD p12.bin 62937f132b3b54a6239caa55709352bf1bc2b6a5c5a3a42bd34a9dd898325f9f
GOLD p13.bin 04a37021395f623983c90a46e320b9380d27ef8c081b8b53b57343a2b25f7652
GOLD p14.bin 5db726be72c4523ef34a831135dc0c5bac1cdf43a708fc6e6a175837bac4419f
GOLD p15.bin 0e5f19e1aed776a25416c1a5d0a4c18b5ed112590d3c03af2b2499300a17e108
GOLD p16.bin 51749c46ec57b6b1456b7de0a091f9bd4d7cd70fda0753fcc861be5c3e7b2e11
GOLD p17.bin 69bc8c4d676c5b4e13d56b7f18642f0fd9dfc5e96e42da9627b21fbd7f10acf3
GOLD p18.bin 66137d0c7fdf79eb19c37728345be37a8f1d791ccc10b8886c49863f8b6c3882
GOLD p19.bin f6703d92c58c95920be6e354208046f7e769f76565356645640a89b2e2a7f686
GOLD p20.bin 8a32127acaa1e1219f7a35afd7b012dc9cfaa3f3847940984f662cb357d7cbe1
GOLD p21.bin b8c105b84662a51d405d97c482e7844f00734f721b85a162d12e787aae6f4781
GOLD p22.bin 66e0c06ccde5ff4432eed24877326f66de429b869017d586ecd91687f47b7522
GOLD p23.bin e5e945cf0736e165c277b25dc742bd1b199dd3dfd00e42d0786bb696bb9c8757
GOLD p24.bin 309dd3d0d9a58a46d77b4179390d498b9c51753bf53f888bd00624a5f27bc224
GOLD p25.bin 93ebd82cb0f5f7bafd14b75e08833982f04c5df6385e455880177cc106ccfc1b
GOLD p26.bin 0073d1b0080127bc26e23add3dfd678ef98ba03748010043a66067dd272e8409
GOLD p27.bin 9e3a557f361b0d11b78f07bce79978bdb1113986232e3e49b3635feb75f32719
GOLD p28.bin 2615ffa83b449981d7a0c48761226b84440386e3073a11073913e318f236d270
GOLD p29.bin 4995c5a3e8a614b6af9aa9d1512a4ebb400b9a699a7e89de2abec812b1b24b50
GOLD p30.bin ba21e64f683f4ad4c35e5d3a3db14ad4e9f1045e0062d488246b62e0f2a1cd31
GOLD p31.bin 12b90db822ede96a16571b435fc42f72e86c310e2eedc872a26d0a4757df4030
CREATE tool=parfast rc=0 wall=2.655 cpu=55.558 peak_mb=10499.1 par2files=16 par2bytes=4331919556 errlen=0
WARMUP-START 2026-09-11T13:21:46Z
LEG round=jcross1 rep=0 m=64 arm=off wall=1.078 cpu=26.823 cpu_over_wall=24.88 peak_mb=4224.9 rc=0 restored=32/32 damaged_members=25 blocks_written=64 strays=25 seed=20260911 stage1=no-label stage2=no-label foreign_cpu=92.5 errlen=942 ts=2026-09-11T13:21:49Z
LEG round=jcross1 rep=0 m=64 arm=fast wall=1.081 cpu=26.774 cpu_over_wall=24.77 peak_mb=4225.6 rc=0 restored=32/32 damaged_members=25 blocks_written=64 strays=25 seed=20260911 stage1=no-label stage2=no-label foreign_cpu=9.6 errlen=1080 ts=2026-09-11T13:21:53Z
WARN-FOREIGN-CPU at=warm-aa foreign_cpu=130% ceiling=320% top=[/Library/Developer/CoreSimulator<rig>/Library/Developer/CoreSimulator/Profiles/Runtimes/iOS 26.5.simruntime/Contents/Resources/RuntimeRoot<app>)=100% xpcproxy_sim(43201)=18% /usr/libexec/diagnosticd(2303)=3% /System<app> Monitor.app/Contents/MacOS/Activity Monitor(1475)=2%]
LEG round=jcross1 rep=0 m=64 arm=aa wall=1.108 cpu=27.069 cpu_over_wall=24.43 peak_mb=4225.7 rc=0 restored=32/32 damaged_members=25 blocks_written=64 strays=25 seed=20260911 stage1=no-label stage2=no-label foreign_cpu=157.6 errlen=942 ts=2026-09-11T13:21:57Z
WARMUP-END 2026-09-11T13:21:59Z
WARN-FOREIGN-CPU at=r1-m256-off foreign_cpu=121% ceiling=320% top=[/Library/Developer/CoreSimulator<rig>/Library/Developer/CoreSimulator/Profiles/Runtimes/iOS 26.5.simruntime/Contents/Resources/RuntimeRoot<app>)=100% /System/Library/CoreServices/loginwindow.app/Contents/MacOS/loginwindow(656)=12% /System/Library/Frameworks/CoreServices.framework/Versions/A/Frameworks/Metadata.framework/Versions/A/Support/mdworker_shared(43151)=2% /System/Library/PrivateFrameworks/SkyLight.framework/Resources/WindowServer(651)=2%]
LEG round=jcross1 rep=1 m=256 arm=off wall=1.654 cpu=42.226 cpu_over_wall=25.53 peak_mb=5467.0 rc=0 restored=32/32 damaged_members=32 blocks_written=256 strays=32 seed=20262704 stage1=no-label stage2=no-label foreign_cpu=168.8 errlen=1030 ts=2026-09-11T13:22:02Z
LEG round=jcross1 rep=1 m=256 arm=fast wall=1.648 cpu=42.263 cpu_over_wall=25.65 peak_mb=5467.5 rc=0 restored=32/32 damaged_members=32 blocks_written=256 strays=32 seed=20262704 stage1=no-label stage2=no-label foreign_cpu=7.1 errlen=1168 ts=2026-09-11T13:22:07Z
LEG round=jcross1 rep=1 m=256 arm=aa wall=1.646 cpu=42.116 cpu_over_wall=25.59 peak_mb=5481.5 rc=0 restored=32/32 damaged_members=32 blocks_written=256 strays=32 seed=20262704 stage1=no-label stage2=no-label foreign_cpu=41.5 errlen=1030 ts=2026-09-11T13:22:12Z
LEG round=jcross1 rep=1 m=704 arm=off wall=1.836 cpu=45.729 cpu_over_wall=24.91 peak_mb=5694.8 rc=0 restored=32/32 damaged_members=32 blocks_written=704 strays=32 seed=20265840 stage1=no-label stage2=evaluate, 128 group(s) in tiles of 31, stripe 512w foreign_cpu=97.5 errlen=1153 ts=2026-09-11T13:22:17Z
LEG round=jcross1 rep=1 m=704 arm=fast wall=1.826 cpu=45.989 cpu_over_wall=25.19 peak_mb=5691.2 rc=0 restored=32/32 damaged_members=32 blocks_written=704 strays=32 seed=20265840 stage1=whole/demand, stripe 512w stage2=FALLBACK foreign_cpu=6.6 errlen=1384 ts=2026-09-11T13:22:22Z
LEG round=jcross1 rep=1 m=704 arm=aa wall=1.811 cpu=45.622 cpu_over_wall=25.19 peak_mb=5692.5 rc=0 restored=32/32 damaged_members=32 blocks_written=704 strays=32 seed=20265840 stage1=no-label stage2=evaluate, 128 group(s) in tiles of 31, stripe 512w foreign_cpu=97.6 errlen=1153 ts=2026-09-11T13:22:27Z
LEG round=jcross1 rep=1 m=1024 arm=off wall=1.917 cpu=46.872 cpu_over_wall=24.45 peak_mb=5844.0 rc=0 restored=32/32 damaged_members=32 blocks_written=1024 strays=32 seed=20268080 stage1=no-label stage2=evaluate, 128 group(s) in tiles of 31, stripe 512w foreign_cpu=0.0 errlen=1161 ts=2026-09-11T13:22:33Z
LEG round=jcross1 rep=1 m=1024 arm=fast wall=1.901 cpu=47.176 cpu_over_wall=24.82 peak_mb=5836.6 rc=0 restored=32/32 damaged_members=32 blocks_written=1024 strays=32 seed=20268080 stage1=whole/demand, stripe 512w stage2=FALLBACK foreign_cpu=2.2 errlen=1393 ts=2026-09-11T13:22:38Z
LEG round=jcross1 rep=1 m=1024 arm=aa wall=1.939 cpu=47.17 cpu_over_wall=24.33 peak_mb=5839.5 rc=0 restored=32/32 damaged_members=32 blocks_written=1024 strays=32 seed=20268080 stage1=no-label stage2=evaluate, 128 group(s) in tiles of 31, stripe 512w foreign_cpu=11.6 errlen=1161 ts=2026-09-11T13:22:43Z
WARN-FOREIGN-CPU at=r1-m1536-off foreign_cpu=136% ceiling=320% top=[/usr/bin/top(43445)=86% <app>)=47% /usr/sbin/mDNSResponder(702)=2% /Library/Developer/CoreSimulator<rig>/Library/Developer/CoreSimulator/Profiles/Runtimes/iOS 26.5.simruntime/Contents/Resources/RuntimeRoot/usr/libexec/diagnosticd(2294)=1%]
LEG round=jcross1 rep=1 m=1536 arm=off wall=2.106 cpu=50.015 cpu_over_wall=23.75 peak_mb=6070.1 rc=0 restored=32/32 damaged_members=32 blocks_written=1536 strays=32 seed=20271664 stage1=no-label stage2=evaluate, 128 group(s) in tiles of 31, stripe 512w foreign_cpu=136.1 errlen=1162 ts=2026-09-11T13:22:49Z
LEG round=jcross1 rep=1 m=1536 arm=fast wall=2.082 cpu=50.564 cpu_over_wall=24.29 peak_mb=6075.0 rc=0 restored=32/32 damaged_members=32 blocks_written=1536 strays=32 seed=20271664 stage1=whole/demand, stripe 256w stage2=FALLBACK foreign_cpu=27.8 errlen=1394 ts=2026-09-11T13:22:55Z
LEG round=jcross1 rep=1 m=1536 arm=aa wall=2.163 cpu=50.247 cpu_over_wall=23.23 peak_mb=6069.0 rc=0 restored=32/32 damaged_members=32 blocks_written=1536 strays=32 seed=20271664 stage1=no-label stage2=evaluate, 128 group(s) in tiles of 31, stripe 512w foreign_cpu=31.5 errlen=1162 ts=2026-09-11T13:23:01Z
LEG round=jcross1 rep=1 m=2048 arm=off wall=2.302 cpu=53.362 cpu_over_wall=23.18 peak_mb=6261.0 rc=0 restored=32/32 damaged_members=32 blocks_written=2048 strays=32 seed=20275248 stage1=no-label stage2=evaluate, 128 group(s) in tiles of 31, stripe 512w foreign_cpu=67.6 errlen=1164 ts=2026-09-11T13:23:07Z
LEG round=jcross1 rep=1 m=2048 arm=fast wall=2.252 cpu=53.651 cpu_over_wall=23.82 peak_mb=6260.5 rc=0 restored=32/32 damaged_members=32 blocks_written=2048 strays=32 seed=20275248 stage1=whole/demand, stripe 512w stage2=FALLBACK foreign_cpu=2.1 errlen=1394 ts=2026-09-11T13:23:14Z
WARN-FOREIGN-CPU at=r1-m2048-aa foreign_cpu=141% ceiling=320% top=[(pairedsyncd)(43562)=98% /usr/bin/top(43565)=24% xpcproxy_sim(43566)=18% /usr/libexec/knowledge-agent(1018)=1%]
LEG round=jcross1 rep=1 m=2048 arm=aa wall=2.289 cpu=53.369 cpu_over_wall=23.32 peak_mb=6244.4 rc=0 restored=32/32 damaged_members=32 blocks_written=2048 strays=32 seed=20275248 stage1=no-label stage2=evaluate, 128 group(s) in tiles of 31, stripe 512w foreign_cpu=44.4 errlen=1164 ts=2026-09-11T13:23:20Z
LEG round=jcross1 rep=1 m=3072 arm=off wall=2.623 cpu=60.173 cpu_over_wall=22.94 peak_mb=5791.1 rc=0 restored=32/32 damaged_members=32 blocks_written=3072 strays=32 seed=20282416 stage1=no-label stage2=evaluate, 128 group(s) in tiles of 31, stripe 512w foreign_cpu=4.8 errlen=1164 ts=2026-09-11T13:23:27Z
LEG round=jcross1 rep=1 m=3072 arm=fast wall=2.603 cpu=61.351 cpu_over_wall=23.57 peak_mb=5788.5 rc=0 restored=32/32 damaged_members=32 blocks_written=3072 strays=32 seed=20282416 stage1=whole/demand, stripe 256w stage2=FALLBACK foreign_cpu=5.7 errlen=1396 ts=2026-09-11T13:23:34Z
LEG round=jcross1 rep=1 m=3072 arm=aa wall=2.767 cpu=61.912 cpu_over_wall=22.38 peak_mb=6757.2 rc=0 restored=32/32 damaged_members=32 blocks_written=3072 strays=32 seed=20282416 stage1=no-label stage2=evaluate, 128 group(s) in tiles of 31, stripe 512w foreign_cpu=100.7 errlen=1164 ts=2026-09-11T13:23:41Z
LEG round=jcross1 rep=1 m=4096 arm=off wall=3.157 cpu=68.801 cpu_over_wall=21.79 peak_mb=6269.5 rc=0 restored=32/32 damaged_members=32 blocks_written=4096 strays=32 seed=20289584 stage1=no-label stage2=evaluate, 128 group(s) in tiles of 31, stripe 512w foreign_cpu=26.4 errlen=1166 ts=2026-09-11T13:23:49Z
LEG round=jcross1 rep=1 m=4096 arm=fast wall=3.031 cpu=66.877 cpu_over_wall=22.06 peak_mb=6272.9 rc=0 restored=32/32 damaged_members=32 blocks_written=4096 strays=32 seed=20289584 stage1=whole/demand, stripe 512w stage2=FALLBACK foreign_cpu=10.3 errlen=1396 ts=2026-09-11T13:23:57Z
LEG round=jcross1 rep=1 m=4096 arm=aa wall=3.209 cpu=69.902 cpu_over_wall=21.78 peak_mb=6274.3 rc=0 restored=32/32 damaged_members=32 blocks_written=4096 strays=32 seed=20289584 stage1=no-label stage2=evaluate, 128 group(s) in tiles of 31, stripe 512w foreign_cpu=7.4 errlen=1164 ts=2026-09-11T13:24:05Z
LEG round=jcross1 rep=1 m=5120 arm=off wall=3.581 cpu=77.125 cpu_over_wall=21.54 peak_mb=6658.5 rc=0 restored=32/32 damaged_members=32 blocks_written=5120 strays=32 seed=20296752 stage1=no-label stage2=evaluate, 128 group(s) in tiles of 31, stripe 512w foreign_cpu=8.8 errlen=1160 ts=2026-09-11T13:24:14Z
LEG round=jcross1 rep=1 m=5120 arm=fast wall=3.369 cpu=76.247 cpu_over_wall=22.63 peak_mb=6661.1 rc=0 restored=32/32 damaged_members=32 blocks_written=5120 strays=32 seed=20296752 stage1=whole/demand, stripe 256w stage2=FALLBACK foreign_cpu=140.0 errlen=1386 ts=2026-09-11T13:24:23Z
LEG round=jcross1 rep=1 m=5120 arm=aa wall=3.571 cpu=77.297 cpu_over_wall=21.65 peak_mb=6658.5 rc=0 restored=32/32 damaged_members=32 blocks_written=5120 strays=32 seed=20296752 stage1=no-label stage2=evaluate, 128 group(s) in tiles of 31, stripe 512w foreign_cpu=89.4 errlen=1160 ts=2026-09-11T13:24:32Z
LEG round=jcross1 rep=1 m=6144 arm=off wall=3.813 cpu=83.992 cpu_over_wall=22.03 peak_mb=7013.0 rc=0 restored=32/32 damaged_members=32 blocks_written=6144 strays=32 seed=20303920 stage1=no-label stage2=evaluate, 128 group(s) in tiles of 31, stripe 512w foreign_cpu=128.3 errlen=1160 ts=2026-09-11T13:24:42Z
LEG round=jcross1 rep=1 m=6144 arm=fast wall=3.564 cpu=79.679 cpu_over_wall=22.36 peak_mb=7014.7 rc=0 restored=32/32 damaged_members=32 blocks_written=6144 strays=32 seed=20303920 stage1=whole/demand, stripe 256w stage2=FALLBACK foreign_cpu=35.4 errlen=1386 ts=2026-09-11T13:24:52Z
WARN-FOREIGN-CPU at=r1-m6144-aa foreign_cpu=114% ceiling=320% top=[/System/Library/PrivateFrameworks/MediaAnalysis.framework/Versions/A/mediaanalysisd(1260)=112% /usr/libexec/opendirectoryd(620)=1% /Library/Developer/CoreSimulator<rig>/Library/Developer/CoreSimulator/Profiles/Runtimes/iOS 26.5.simruntime/Contents/Resources/RuntimeRoot/usr/libexec/diagnosticd(2294)=1%]
LEG round=jcross1 rep=1 m=6144 arm=aa wall=3.878 cpu=83.805 cpu_over_wall=21.61 peak_mb=7014.0 rc=0 restored=32/32 damaged_members=32 blocks_written=6144 strays=32 seed=20303920 stage1=no-label stage2=evaluate, 128 group(s) in tiles of 31, stripe 512w foreign_cpu=114.3 errlen=1160 ts=2026-09-11T13:25:01Z
WARN-FOREIGN-CPU at=r1-m7168-off foreign_cpu=134% ceiling=320% top=[/System/Library/PrivateFrameworks/MediaAnalysis.framework/Versions/A/mediaanalysisd(1260)=113% /usr/libexec/PerfPowerServices(32105)=9% /System<app> Monitor.app/Contents/MacOS/Activity Monitor(1475)=6% /usr/sbin/cfprefsd(654)=3%]
LEG round=jcross1 rep=1 m=7168 arm=off wall=4.33 cpu=92.464 cpu_over_wall=21.35 peak_mb=8053.0 rc=0 restored=32/32 damaged_members=32 blocks_written=7168 strays=32 seed=20311088 stage1=no-label stage2=evaluate, 128 group(s) in tiles of 31, stripe 512w foreign_cpu=134.3 errlen=1153 ts=2026-09-11T13:25:12Z
LEG round=jcross1 rep=1 m=7168 arm=fast wall=3.809 cpu=84.182 cpu_over_wall=22.1 peak_mb=7370.6 rc=0 restored=32/32 damaged_members=32 blocks_written=7168 strays=32 seed=20311088 stage1=whole/demand, stripe 256w stage2=FALLBACK foreign_cpu=10.2 errlen=1379 ts=2026-09-11T13:25:22Z
LEG round=jcross1 rep=1 m=7168 arm=aa wall=4.307 cpu=93.375 cpu_over_wall=21.68 peak_mb=7369.5 rc=0 restored=32/32 damaged_members=32 blocks_written=7168 strays=32 seed=20311088 stage1=no-label stage2=evaluate, 128 group(s) in tiles of 31, stripe 512w foreign_cpu=2.9 errlen=1153 ts=2026-09-11T13:25:33Z
LEG round=jcross1 rep=1 m=8192 arm=off wall=4.71 cpu=100.527 cpu_over_wall=21.34 peak_mb=9143.8 rc=0 restored=32/32 damaged_members=32 blocks_written=8192 strays=32 seed=20318256 stage1=no-label stage2=evaluate, 128 group(s) in tiles of 31, stripe 512w foreign_cpu=87.9 errlen=1154 ts=2026-09-11T13:25:45Z
LEG round=jcross1 rep=1 m=8192 arm=fast wall=4.101 cpu=90.159 cpu_over_wall=21.98 peak_mb=7724.5 rc=0 restored=32/32 damaged_members=32 blocks_written=8192 strays=32 seed=20318256 stage1=whole/demand, stripe 512w stage2=factor foreign_cpu=8.3 errlen=1351 ts=2026-09-11T13:25:56Z
WARN-FOREIGN-CPU at=r1-m8192-aa foreign_cpu=194% ceiling=320% top=[/Library/Developer/CoreSimulator<rig>/Library/Developer/CoreSimulator/Profiles/Runtimes/iOS 26.5.simruntime/Contents/Resources/RuntimeRoot/System/Library/PrivateFrameworks/PairedSync.framework/Support/pairedsyncd(44066)=91% /System/Library/PrivateFrameworks/MediaAnalysis.framework/Versions/A/mediaanalysisd(1260)=78% /usr/libexec/dasd(631)=8% /System<app> Monitor.app/Contents/MacOS/Activity Monitor(1475)=7%]
LEG round=jcross1 rep=1 m=8192 arm=aa wall=4.782 cpu=102.119 cpu_over_wall=21.35 peak_mb=7924.9 rc=0 restored=32/32 damaged_members=32 blocks_written=8192 strays=32 seed=20318256 stage1=no-label stage2=evaluate, 128 group(s) in tiles of 31, stripe 512w foreign_cpu=71.4 errlen=1154 ts=2026-09-11T13:26:08Z
LEG round=jcross1 rep=1 m=10240 arm=off wall=5.574 cpu=119.578 cpu_over_wall=21.45 peak_mb=10438.4 rc=0 restored=32/32 damaged_members=32 blocks_written=10240 strays=32 seed=20332592 stage1=no-label stage2=evaluate, 128 group(s) in tiles of 31, stripe 512w foreign_cpu=22.9 errlen=1153 ts=2026-09-11T13:26:21Z
LEG round=jcross1 rep=1 m=10240 arm=fast wall=4.866 cpu=105.795 cpu_over_wall=21.74 peak_mb=8431.5 rc=0 restored=32/32 damaged_members=32 blocks_written=10240 strays=32 seed=20332592 stage1=whole/demand, stripe 256w stage2=factor foreign_cpu=4.5 errlen=1353 ts=2026-09-11T13:26:34Z
LEG round=jcross1 rep=1 m=10240 arm=aa wall=5.731 cpu=121.191 cpu_over_wall=21.15 peak_mb=11119.4 rc=0 restored=32/32 damaged_members=32 blocks_written=10240 strays=32 seed=20332592 stage1=no-label stage2=evaluate, 128 group(s) in tiles of 31, stripe 512w foreign_cpu=80.5 errlen=1150 ts=2026-09-11T13:26:48Z
LEG round=jcross1 rep=1 m=12288 arm=off wall=6.521 cpu=141.97 cpu_over_wall=21.77 peak_mb=13333.2 rc=0 restored=32/32 damaged_members=32 blocks_written=12288 strays=32 seed=20346928 stage1=no-label stage2=evaluate, 128 group(s) in tiles of 31, stripe 512w foreign_cpu=25.0 errlen=1150 ts=2026-09-11T13:27:03Z
LEG round=jcross1 rep=1 m=12288 arm=fast wall=5.18 cpu=111.224 cpu_over_wall=21.47 peak_mb=9142.0 rc=0 restored=32/32 damaged_members=32 blocks_written=12288 strays=32 seed=20346928 stage1=whole/demand, stripe 256w stage2=factor foreign_cpu=28.3 errlen=1353 ts=2026-09-11T13:27:17Z
WARN-FOREIGN-CPU at=r1-m12288-aa foreign_cpu=123% ceiling=320% top=[/Library/Developer/CoreSimulator<rig>/Library/Developer/CoreSimulator/Profiles/Runtimes/iOS 26.5.simruntime/Contents/Resources/RuntimeRoot/System/Library/PrivateFrameworks/PairedSync.framework/Support/pairedsyncd(44245)=97% /System/Library/Frameworks/SafariServices.framework/Versions/A/XPCServices/com.apple.SafariServices.ExtensionHelper.xpc/Contents/MacOS/com.apple.SafariServices.ExtensionHelper(1719)=22% /System<app> Monitor.app/Contents/MacOS/Activity Monitor(1475)=2% /Library/Developer/CoreSimulator<rig>/Library/Developer/CoreSimulator/Profiles/Runtimes/iOS 26.5.simruntime/Contents/Resources/RuntimeRoot/usr/libexec/diagnosticd(2294)=2%]
LEG round=jcross1 rep=1 m=12288 arm=aa wall=6.373 cpu=141.968 cpu_over_wall=22.28 peak_mb=10651.6 rc=0 restored=32/32 damaged_members=32 blocks_written=12288 strays=32 seed=20346928 stage1=no-label stage2=evaluate, 128 group(s) in tiles of 31, stripe 512w foreign_cpu=25.8 errlen=1150 ts=2026-09-11T13:27:32Z
LEG round=jcross1 rep=1 m=16384 arm=off wall=11.063 cpu=204.719 cpu_over_wall=18.5 peak_mb=9909.4 rc=0 restored=32/32 damaged_members=32 blocks_written=16384 strays=32 seed=20375600 stage1=no-label stage2=evaluate, 128 group(s) in tiles of 31, stripe 512w foreign_cpu=18.9 errlen=1058 ts=2026-09-11T13:27:53Z
LEG round=jcross1 rep=1 m=16384 arm=fast wall=8.918 cpu=144.303 cpu_over_wall=16.18 peak_mb=10024.5 rc=0 restored=32/32 damaged_members=32 blocks_written=16384 strays=32 seed=20375600 stage1=whole/demand, stripe 512w stage2=factor foreign_cpu=8.1 errlen=1248 ts=2026-09-11T13:28:13Z
LEG round=jcross1 rep=1 m=16384 arm=aa wall=11.271 cpu=205.724 cpu_over_wall=18.25 peak_mb=13991.9 rc=0 restored=32/32 damaged_members=32 blocks_written=16384 strays=32 seed=20375600 stage1=no-label stage2=evaluate, 128 group(s) in tiles of 31, stripe 512w foreign_cpu=42.8 errlen=1058 ts=2026-09-11T13:28:34Z
JCROSS-REP-END rep=1 2026-09-11T13:28:36Z
LEG round=jcross1 rep=2 m=256 arm=aa wall=1.646 cpu=41.938 cpu_over_wall=25.48 peak_mb=5470.8 rc=0 restored=32/32 damaged_members=32 blocks_written=256 strays=32 seed=20262705 stage1=no-label stage2=no-label foreign_cpu=62.9 errlen=1030 ts=2026-09-11T13:28:39Z
LEG round=jcross1 rep=2 m=256 arm=fast wall=1.646 cpu=41.75 cpu_over_wall=25.36 peak_mb=5466.4 rc=0 restored=32/32 damaged_members=32 blocks_written=256 strays=32 seed=20262705 stage1=no-label stage2=no-label foreign_cpu=13.2 errlen=1168 ts=2026-09-11T13:28:44Z
LEG round=jcross1 rep=2 m=256 arm=off wall=1.689 cpu=41.865 cpu_over_wall=24.79 peak_mb=5475.6 rc=0 restored=32/32 damaged_members=32 blocks_written=256 strays=32 seed=20262705 stage1=no-label stage2=no-label foreign_cpu=45.5 errlen=1030 ts=2026-09-11T13:28:49Z
LEG round=jcross1 rep=2 m=704 arm=aa wall=1.848 cpu=45.932 cpu_over_wall=24.85 peak_mb=5694.9 rc=0 restored=32/32 damaged_members=32 blocks_written=704 strays=32 seed=20265841 stage1=no-label stage2=evaluate, 128 group(s) in tiles of 31, stripe 512w foreign_cpu=15.4 errlen=1153 ts=2026-09-11T13:28:54Z
LEG round=jcross1 rep=2 m=704 arm=fast wall=1.868 cpu=46.187 cpu_over_wall=24.73 peak_mb=5691.6 rc=0 restored=32/32 damaged_members=32 blocks_written=704 strays=32 seed=20265841 stage1=whole/demand, stripe 512w stage2=FALLBACK foreign_cpu=70.7 errlen=1383 ts=2026-09-11T13:29:00Z
LEG round=jcross1 rep=2 m=704 arm=off wall=1.844 cpu=46.28 cpu_over_wall=25.1 peak_mb=5689.0 rc=0 restored=32/32 damaged_members=32 blocks_written=704 strays=32 seed=20265841 stage1=no-label stage2=evaluate, 128 group(s) in tiles of 31, stripe 512w foreign_cpu=4.7 errlen=1153 ts=2026-09-11T13:29:05Z
LEG round=jcross1 rep=2 m=1024 arm=aa wall=1.982 cpu=47.164 cpu_over_wall=23.8 peak_mb=5834.2 rc=0 restored=32/32 damaged_members=32 blocks_written=1024 strays=32 seed=20268081 stage1=no-label stage2=evaluate, 128 group(s) in tiles of 31, stripe 512w foreign_cpu=56.6 errlen=1161 ts=2026-09-11T13:29:10Z
LEG round=jcross1 rep=2 m=1024 arm=fast wall=1.916 cpu=47.095 cpu_over_wall=24.58 peak_mb=5835.4 rc=0 restored=32/32 damaged_members=32 blocks_written=1024 strays=32 seed=20268081 stage1=whole/demand, stripe 512w stage2=FALLBACK foreign_cpu=0.0 errlen=1393 ts=2026-09-11T13:29:16Z
LEG round=jcross1 rep=2 m=1024 arm=off wall=1.977 cpu=47.039 cpu_over_wall=23.79 peak_mb=5836.1 rc=0 restored=32/32 damaged_members=32 blocks_written=1024 strays=32 seed=20268081 stage1=no-label stage2=evaluate, 128 group(s) in tiles of 31, stripe 512w foreign_cpu=28.5 errlen=1161 ts=2026-09-11T13:29:22Z
LEG round=jcross1 rep=2 m=1536 arm=aa wall=2.116 cpu=50.071 cpu_over_wall=23.66 peak_mb=6067.3 rc=0 restored=32/32 damaged_members=32 blocks_written=1536 strays=32 seed=20271665 stage1=no-label stage2=evaluate, 128 group(s) in tiles of 31, stripe 512w foreign_cpu=63.5 errlen=1162 ts=2026-09-11T13:29:27Z
WARN-FOREIGN-CPU at=r2-m1536-fast foreign_cpu=142% ceiling=320% top=[xpcproxy_sim(44654)=88% /Library/Developer/CoreSimulator<rig>/Library/Developer/CoreSimulator/Profiles/Runtimes/iOS 26.5.simruntime/Contents/Resources/RuntimeRoot/System/Library/PrivateFrameworks/FaceTimeMessageStore.framework/facetimemessagestored(44655)=52% /System<app> Monitor.app/Contents/MacOS/Activity Monitor(1475)=2%]
LEG round=jcross1 rep=2 m=1536 arm=fast wall=2.126 cpu=50.382 cpu_over_wall=23.7 peak_mb=6072.0 rc=0 restored=32/32 damaged_members=32 blocks_written=1536 strays=32 seed=20271665 stage1=whole/demand, stripe 256w stage2=FALLBACK foreign_cpu=141.9 errlen=1394 ts=2026-09-11T13:29:33Z
LEG round=jcross1 rep=2 m=1536 arm=off wall=2.133 cpu=50.588 cpu_over_wall=23.72 peak_mb=6075.1 rc=0 restored=32/32 damaged_members=32 blocks_written=1536 strays=32 seed=20271665 stage1=no-label stage2=evaluate, 128 group(s) in tiles of 31, stripe 512w foreign_cpu=46.1 errlen=1162 ts=2026-09-11T13:29:39Z
LEG round=jcross1 rep=2 m=2048 arm=aa wall=2.305 cpu=53.795 cpu_over_wall=23.34 peak_mb=6259.6 rc=0 restored=32/32 damaged_members=32 blocks_written=2048 strays=32 seed=20275249 stage1=no-label stage2=evaluate, 128 group(s) in tiles of 31, stripe 512w foreign_cpu=106.2 errlen=1164 ts=2026-09-11T13:29:46Z
LEG round=jcross1 rep=2 m=2048 arm=fast wall=2.273 cpu=53.167 cpu_over_wall=23.39 peak_mb=6259.3 rc=0 restored=32/32 damaged_members=32 blocks_written=2048 strays=32 seed=20275249 stage1=whole/demand, stripe 512w stage2=FALLBACK foreign_cpu=60.7 errlen=1394 ts=2026-09-11T13:29:52Z
LEG round=jcross1 rep=2 m=2048 arm=off wall=2.379 cpu=54.232 cpu_over_wall=22.8 peak_mb=6267.9 rc=0 restored=32/32 damaged_members=32 blocks_written=2048 strays=32 seed=20275249 stage1=no-label stage2=evaluate, 128 group(s) in tiles of 31, stripe 512w foreign_cpu=4.4 errlen=1164 ts=2026-09-11T13:29:58Z
LEG round=jcross1 rep=2 m=3072 arm=aa wall=2.659 cpu=60.7 cpu_over_wall=22.83 peak_mb=5789.4 rc=0 restored=32/32 damaged_members=32 blocks_written=3072 strays=32 seed=20282417 stage1=no-label stage2=evaluate, 128 group(s) in tiles of 31, stripe 512w foreign_cpu=42.7 errlen=1164 ts=2026-09-11T13:30:06Z
LEG round=jcross1 rep=2 m=3072 arm=fast wall=2.64 cpu=61.18 cpu_over_wall=23.17 peak_mb=5789.1 rc=0 restored=32/32 damaged_members=32 blocks_written=3072 strays=32 seed=20282417 stage1=whole/demand, stripe 256w stage2=FALLBACK foreign_cpu=6.8 errlen=1396 ts=2026-09-11T13:30:13Z
LEG round=jcross1 rep=2 m=3072 arm=off wall=2.763 cpu=61.433 cpu_over_wall=22.23 peak_mb=5792.4 rc=0 restored=32/32 damaged_members=32 blocks_written=3072 strays=32 seed=20282417 stage1=no-label stage2=evaluate, 128 group(s) in tiles of 31, stripe 512w foreign_cpu=58.6 errlen=1164 ts=2026-09-11T13:30:20Z
LEG round=jcross1 rep=2 m=4096 arm=aa wall=3.124 cpu=68.84 cpu_over_wall=22.04 peak_mb=6272.2 rc=0 restored=32/32 damaged_members=32 blocks_written=4096 strays=32 seed=20289585 stage1=no-label stage2=evaluate, 128 group(s) in tiles of 31, stripe 512w foreign_cpu=16.4 errlen=1164 ts=2026-09-11T13:30:28Z
LEG round=jcross1 rep=2 m=4096 arm=fast wall=3.015 cpu=66.321 cpu_over_wall=22.0 peak_mb=7242.1 rc=0 restored=32/32 damaged_members=32 blocks_written=4096 strays=32 seed=20289585 stage1=whole/demand, stripe 512w stage2=FALLBACK foreign_cpu=68.9 errlen=1398 ts=2026-09-11T13:30:36Z
LEG round=jcross1 rep=2 m=4096 arm=off wall=3.142 cpu=69.66 cpu_over_wall=22.17 peak_mb=6273.6 rc=0 restored=32/32 damaged_members=32 blocks_written=4096 strays=32 seed=20289585 stage1=no-label stage2=evaluate, 128 group(s) in tiles of 31, stripe 512w foreign_cpu=6.0 errlen=1166 ts=2026-09-11T13:30:44Z
LEG round=jcross1 rep=2 m=5120 arm=aa wall=3.494 cpu=77.354 cpu_over_wall=22.14 peak_mb=6659.7 rc=0 restored=32/32 damaged_members=32 blocks_written=5120 strays=32 seed=20296753 stage1=no-label stage2=evaluate, 128 group(s) in tiles of 31, stripe 512w foreign_cpu=41.2 errlen=1160 ts=2026-09-11T13:30:53Z
LEG round=jcross1 rep=2 m=5120 arm=fast wall=3.376 cpu=76.384 cpu_over_wall=22.63 peak_mb=6659.0 rc=0 restored=32/32 damaged_members=32 blocks_written=5120 strays=32 seed=20296753 stage1=whole/demand, stripe 256w stage2=FALLBACK foreign_cpu=2.1 errlen=1386 ts=2026-09-11T13:31:02Z
LEG round=jcross1 rep=2 m=5120 arm=off wall=3.586 cpu=77.605 cpu_over_wall=21.64 peak_mb=6657.7 rc=0 restored=32/32 damaged_members=32 blocks_written=5120 strays=32 seed=20296753 stage1=no-label stage2=evaluate, 128 group(s) in tiles of 31, stripe 512w foreign_cpu=40.9 errlen=1160 ts=2026-09-11T13:31:11Z
LEG round=jcross1 rep=2 m=6144 arm=aa wall=3.941 cpu=84.567 cpu_over_wall=21.46 peak_mb=7014.0 rc=0 restored=32/32 damaged_members=32 blocks_written=6144 strays=32 seed=20303921 stage1=no-label stage2=evaluate, 128 group(s) in tiles of 31, stripe 512w foreign_cpu=99.6 errlen=1160 ts=2026-09-11T13:31:21Z
LEG round=jcross1 rep=2 m=6144 arm=fast wall=3.585 cpu=79.678 cpu_over_wall=22.23 peak_mb=7012.8 rc=0 restored=32/32 damaged_members=32 blocks_written=6144 strays=32 seed=20303921 stage1=whole/demand, stripe 256w stage2=FALLBACK foreign_cpu=48.5 errlen=1386 ts=2026-09-11T13:31:31Z
LEG round=jcross1 rep=2 m=6144 arm=off wall=4.01 cpu=84.724 cpu_over_wall=21.13 peak_mb=7010.2 rc=0 restored=32/32 damaged_members=32 blocks_written=6144 strays=32 seed=20303921 stage1=no-label stage2=evaluate, 128 group(s) in tiles of 31, stripe 512w foreign_cpu=98.8 errlen=1160 ts=2026-09-11T13:31:41Z
WARN-FOREIGN-CPU at=r2-m7168-aa foreign_cpu=196% ceiling=320% top=[/usr/bin/top(45108)=99% /Library/Developer/CoreSimulator<rig>/Library/Developer/CoreSimulator/Profiles/Runtimes/iOS 26.5.simruntime/Contents/Resources/RuntimeRoot/System/Library/PrivateFrameworks/PairedSync.framework/Support/pairedsyncd(45107)=91% /usr/libexec/sysmond(827)=2% /Library/Developer/CoreSimulator<rig>/Library/Developer/CoreSimulator/Profiles/Runtimes/iOS 26.5.simruntime/Contents/Resources/RuntimeRoot/usr/libexec/diagnosticd(2294)=2%]
LEG round=jcross1 rep=2 m=7168 arm=aa wall=4.405 cpu=92.53 cpu_over_wall=21.01 peak_mb=8076.7 rc=0 restored=32/32 damaged_members=32 blocks_written=7168 strays=32 seed=20311089 stage1=no-label stage2=evaluate, 128 group(s) in tiles of 31, stripe 512w foreign_cpu=196.3 errlen=1153 ts=2026-09-11T13:31:52Z
LEG round=jcross1 rep=2 m=7168 arm=fast wall=3.879 cpu=83.775 cpu_over_wall=21.6 peak_mb=7367.6 rc=0 restored=32/32 damaged_members=32 blocks_written=7168 strays=32 seed=20311089 stage1=whole/demand, stripe 256w stage2=FALLBACK foreign_cpu=9.2 errlen=1379 ts=2026-09-11T13:32:02Z
WARN-FOREIGN-CPU at=r2-m7168-off foreign_cpu=111% ceiling=320% top=[/Library/Developer/CoreSimulator<rig>/Library/Developer/CoreSimulator/Profiles/Runtimes/iOS 26.5.simruntime/Contents/Resources/RuntimeRoot/System/Library/PrivateFrameworks/PairedSync.framework/Support/pairedsyncd(45180)=98% /System<app> Monitor.app/Contents/MacOS/Activity Monitor(1475)=6% <app> Sync/CoreSync/Core Sync.app/Contents/MacOS/Core Sync(1964)=3% /System/Library/PrivateFrameworks/CoreAnalytics.framework/Support/analyticsd(655)=3%]
LEG round=jcross1 rep=2 m=7168 arm=off wall=4.399 cpu=93.537 cpu_over_wall=21.26 peak_mb=7919.6 rc=0 restored=32/32 damaged_members=32 blocks_written=7168 strays=32 seed=20311089 stage1=no-label stage2=evaluate, 128 group(s) in tiles of 31, stripe 512w foreign_cpu=6.8 errlen=1154 ts=2026-09-11T13:32:13Z
LEG round=jcross1 rep=2 m=8192 arm=aa wall=4.81 cpu=101.619 cpu_over_wall=21.13 peak_mb=8701.1 rc=0 restored=32/32 damaged_members=32 blocks_written=8192 strays=32 seed=20318257 stage1=no-label stage2=evaluate, 128 group(s) in tiles of 31, stripe 512w foreign_cpu=0.0 errlen=1154 ts=2026-09-11T13:32:24Z
LEG round=jcross1 rep=2 m=8192 arm=fast wall=4.165 cpu=89.412 cpu_over_wall=21.47 peak_mb=7722.9 rc=0 restored=32/32 damaged_members=32 blocks_written=8192 strays=32 seed=20318257 stage1=whole/demand, stripe 512w stage2=factor foreign_cpu=0.0 errlen=1351 ts=2026-09-11T13:32:36Z
LEG round=jcross1 rep=2 m=8192 arm=off wall=4.789 cpu=101.661 cpu_over_wall=21.23 peak_mb=8846.3 rc=0 restored=32/32 damaged_members=32 blocks_written=8192 strays=32 seed=20318257 stage1=no-label stage2=evaluate, 128 group(s) in tiles of 31, stripe 512w foreign_cpu=0.0 errlen=1154 ts=2026-09-11T13:32:47Z
LEG round=jcross1 rep=2 m=10240 arm=aa wall=5.564 cpu=120.041 cpu_over_wall=21.57 peak_mb=11298.6 rc=0 restored=32/32 damaged_members=32 blocks_written=10240 strays=32 seed=20332593 stage1=no-label stage2=evaluate, 128 group(s) in tiles of 31, stripe 512w foreign_cpu=1.3 errlen=1153 ts=2026-09-11T13:33:01Z
LEG round=jcross1 rep=2 m=10240 arm=fast wall=4.73 cpu=104.729 cpu_over_wall=22.14 peak_mb=8432.8 rc=0 restored=32/32 damaged_members=32 blocks_written=10240 strays=32 seed=20332593 stage1=whole/demand, stripe 256w stage2=factor foreign_cpu=11.7 errlen=1356 ts=2026-09-11T13:33:13Z
LEG round=jcross1 rep=2 m=10240 arm=off wall=5.747 cpu=120.637 cpu_over_wall=20.99 peak_mb=11148.2 rc=0 restored=32/32 damaged_members=32 blocks_written=10240 strays=32 seed=20332593 stage1=no-label stage2=evaluate, 128 group(s) in tiles of 31, stripe 512w foreign_cpu=4.1 errlen=1150 ts=2026-09-11T13:33:27Z
LEG round=jcross1 rep=2 m=12288 arm=aa wall=6.443 cpu=142.628 cpu_over_wall=22.14 peak_mb=10551.3 rc=0 restored=32/32 damaged_members=32 blocks_written=12288 strays=32 seed=20346929 stage1=no-label stage2=evaluate, 128 group(s) in tiles of 31, stripe 512w foreign_cpu=32.7 errlen=1150 ts=2026-09-11T13:33:42Z
WARN-FOREIGN-CPU at=r2-m12288-fast foreign_cpu=112% ceiling=320% top=[/Library/Developer/CoreSimulator<rig>/Library/Developer/CoreSimulator/Profiles/Runtimes/iOS 26.5.simruntime/Contents/Resources/RuntimeRoot/System/Library/PrivateFrameworks/PairedSync.framework/Support/pairedsyncd(45483)=93% /System/Library/Frameworks/SafariServices.framework/Versions/A/XPCServices/com.apple.SafariServices.ExtensionHelper.xpc/Contents/MacOS/com.apple.SafariServices.ExtensionHelper(1719)=16% /usr/libexec/sysmond(827)=3%]
LEG round=jcross1 rep=2 m=12288 arm=fast wall=5.116 cpu=111.086 cpu_over_wall=21.71 peak_mb=9142.7 rc=0 restored=32/32 damaged_members=32 blocks_written=12288 strays=32 seed=20346929 stage1=whole/demand, stripe 256w stage2=factor foreign_cpu=148.1 errlen=1353 ts=2026-09-11T13:33:56Z
LEG round=jcross1 rep=2 m=12288 arm=off wall=6.387 cpu=141.678 cpu_over_wall=22.18 peak_mb=10662.4 rc=0 restored=32/32 damaged_members=32 blocks_written=12288 strays=32 seed=20346929 stage1=no-label stage2=evaluate, 128 group(s) in tiles of 31, stripe 512w foreign_cpu=24.8 errlen=1150 ts=2026-09-11T13:34:12Z
WARN-FOREIGN-CPU at=r2-m16384-aa foreign_cpu=132% ceiling=320% top=[/Library/Developer/CoreSimulator<rig>/Library/Developer/CoreSimulator/Profiles/Runtimes/iOS 26.5.simruntime/Contents/Resources/RuntimeRoot/System/Library/PrivateFrameworks/PairedSync.framework/Support/pairedsyncd(45556)=92% /usr/libexec/mlhostd(45558)=38% /usr/libexec/diagnosticd(2303)=2%]
LEG round=jcross1 rep=2 m=16384 arm=aa wall=11.14 cpu=204.858 cpu_over_wall=18.39 peak_mb=9907.3 rc=0 restored=32/32 damaged_members=32 blocks_written=16384 strays=32 seed=20375601 stage1=no-label stage2=evaluate, 128 group(s) in tiles of 31, stripe 512w foreign_cpu=97.0 errlen=1058 ts=2026-09-11T13:34:33Z
WARN-FOREIGN-CPU at=r2-m16384-fast foreign_cpu=167% ceiling=320% top=[/Library/Developer/CoreSimulator<rig>/Library/Developer/CoreSimulator/Profiles/Runtimes/iOS 26.5.simruntime/Contents/Resources/RuntimeRoot/System/Library/PrivateFrameworks/PairedSync.framework/Support/pairedsyncd(45601)=98% /usr/libexec/mlhostd(45602)=42% /usr/libexec/diagnosticd(2303)=11% /Library/Developer/CoreSimulator<rig>/Library/Developer/CoreSimulator/Profiles/Runtimes/iOS 26.5.simruntime/Contents/Resources/RuntimeRoot/usr/libexec/diagnosticd(2294)=7%]
LEG round=jcross1 rep=2 m=16384 arm=fast wall=9.02 cpu=145.292 cpu_over_wall=16.11 peak_mb=10029.5 rc=0 restored=32/32 damaged_members=32 blocks_written=16384 strays=32 seed=20375601 stage1=whole/demand, stripe 512w stage2=factor foreign_cpu=167.4 errlen=1248 ts=2026-09-11T13:34:52Z
WARN-FOREIGN-CPU at=r2-m16384-off foreign_cpu=135% ceiling=320% top=[xpcproxy_sim(45640)=90% /Library/Developer/CoreSimulator<rig>/Library/Developer/CoreSimulator/Profiles/Runtimes/iOS 26.5.simruntime/Contents/Resources/RuntimeRoot/System/Library/PrivateFrameworks/FaceTimeMessageStore.framework/facetimemessagestored(45641)=38% /usr/libexec/airportd(712)=3% /System/Library/DriverExtensions/com.apple.DriverKit-AppleBCMWLAN.dext/com.apple.DriverKit-AppleBCMWLAN(965)=2%]
LEG round=jcross1 rep=2 m=16384 arm=off wall=11.186 cpu=205.175 cpu_over_wall=18.34 peak_mb=12292.7 rc=0 restored=32/32 damaged_members=32 blocks_written=16384 strays=32 seed=20375601 stage1=no-label stage2=evaluate, 128 group(s) in tiles of 31, stripe 512w foreign_cpu=167.2 errlen=1058 ts=2026-09-11T13:35:14Z
JCROSS-REP-END rep=2 2026-09-11T13:35:16Z
LEG round=jcross1 rep=3 m=256 arm=off wall=1.641 cpu=41.802 cpu_over_wall=25.47 peak_mb=5478.4 rc=0 restored=32/32 damaged_members=32 blocks_written=256 strays=32 seed=20262706 stage1=no-label stage2=no-label foreign_cpu=21.7 errlen=1030 ts=2026-09-11T13:35:19Z
LEG round=jcross1 rep=3 m=256 arm=fast wall=1.694 cpu=41.934 cpu_over_wall=24.75 peak_mb=5474.3 rc=0 restored=32/32 damaged_members=32 blocks_written=256 strays=32 seed=20262706 stage1=no-label stage2=no-label foreign_cpu=4.8 errlen=1168 ts=2026-09-11T13:35:24Z
LEG round=jcross1 rep=3 m=256 arm=aa wall=1.669 cpu=42.113 cpu_over_wall=25.23 peak_mb=5473.2 rc=0 restored=32/32 damaged_members=32 blocks_written=256 strays=32 seed=20262706 stage1=no-label stage2=no-label foreign_cpu=4.7 errlen=1030 ts=2026-09-11T13:35:29Z
LEG round=jcross1 rep=3 m=704 arm=off wall=1.86 cpu=46.089 cpu_over_wall=24.78 peak_mb=5698.4 rc=0 restored=32/32 damaged_members=32 blocks_written=704 strays=32 seed=20265842 stage1=no-label stage2=evaluate, 128 group(s) in tiles of 31, stripe 512w foreign_cpu=11.1 errlen=1154 ts=2026-09-11T13:35:34Z
LEG round=jcross1 rep=3 m=704 arm=fast wall=1.879 cpu=46.335 cpu_over_wall=24.66 peak_mb=5703.6 rc=0 restored=32/32 damaged_members=32 blocks_written=704 strays=32 seed=20265842 stage1=whole/demand, stripe 512w stage2=FALLBACK foreign_cpu=19.3 errlen=1384 ts=2026-09-11T13:35:40Z
LEG round=jcross1 rep=3 m=704 arm=aa wall=1.911 cpu=46.258 cpu_over_wall=24.21 peak_mb=5699.3 rc=0 restored=32/32 damaged_members=32 blocks_written=704 strays=32 seed=20265842 stage1=no-label stage2=evaluate, 128 group(s) in tiles of 31, stripe 512w foreign_cpu=31.5 errlen=1154 ts=2026-09-11T13:35:45Z
LEG round=jcross1 rep=3 m=1024 arm=off wall=1.949 cpu=47.357 cpu_over_wall=24.3 peak_mb=5842.2 rc=0 restored=32/32 damaged_members=32 blocks_written=1024 strays=32 seed=20268082 stage1=no-label stage2=evaluate, 128 group(s) in tiles of 31, stripe 512w foreign_cpu=31.0 errlen=1161 ts=2026-09-11T13:35:50Z
LEG round=jcross1 rep=3 m=1024 arm=fast wall=2.037 cpu=47.642 cpu_over_wall=23.39 peak_mb=5835.4 rc=0 restored=32/32 damaged_members=32 blocks_written=1024 strays=32 seed=20268082 stage1=whole/demand, stripe 512w stage2=FALLBACK foreign_cpu=6.0 errlen=1393 ts=2026-09-11T13:35:56Z
LEG round=jcross1 rep=3 m=1024 arm=aa wall=2.006 cpu=47.558 cpu_over_wall=23.71 peak_mb=5837.7 rc=0 restored=32/32 damaged_members=32 blocks_written=1024 strays=32 seed=20268082 stage1=no-label stage2=evaluate, 128 group(s) in tiles of 31, stripe 512w foreign_cpu=20.5 errlen=1161 ts=2026-09-11T13:36:02Z
LEG round=jcross1 rep=3 m=1536 arm=off wall=2.164 cpu=50.126 cpu_over_wall=23.16 peak_mb=6072.6 rc=0 restored=32/32 damaged_members=32 blocks_written=1536 strays=32 seed=20271666 stage1=no-label stage2=evaluate, 128 group(s) in tiles of 31, stripe 512w foreign_cpu=4.9 errlen=1162 ts=2026-09-11T13:36:08Z
LEG round=jcross1 rep=3 m=1536 arm=fast wall=2.165 cpu=50.845 cpu_over_wall=23.48 peak_mb=6072.7 rc=0 restored=32/32 damaged_members=32 blocks_written=1536 strays=32 seed=20271666 stage1=whole/demand, stripe 256w stage2=FALLBACK foreign_cpu=5.8 errlen=1394 ts=2026-09-11T13:36:13Z
WARN-FOREIGN-CPU at=r3-m1536-aa foreign_cpu=217% ceiling=320% top=[/Library/Developer/CoreSimulator<rig>/Library/Developer/CoreSimulator/Profiles/Runtimes/iOS 26.5.simruntime/Contents/Resources/RuntimeRoot/System/Library/PrivateFrameworks/PairedSync.framework/Support/pairedsyncd(45955)=90% /usr/bin/top(45957)=54% /Library/Developer/CoreSimulator<rig>/Library/Developer/CoreSimulator/Profiles/Runtimes/iOS 26.5.simruntime/Contents/Resources/RuntimeRoot/System/Library/Frameworks/ManagedAppDistribution.framework/Support/managedappdistributiond(45959)=36% /Library/Developer/CoreSimulator<rig>/Library/Developer/CoreSimulator/Profiles/Runtimes/iOS 26.5.simruntime/Contents/Resources/RuntimeRoot/System/Library/PrivateFrameworks/FaceTimeMessageStore.framework/facetimemessagestored(45958)=35%]
LEG round=jcross1 rep=3 m=1536 arm=aa wall=2.254 cpu=50.803 cpu_over_wall=22.54 peak_mb=6064.3 rc=0 restored=32/32 damaged_members=32 blocks_written=1536 strays=32 seed=20271666 stage1=no-label stage2=evaluate, 128 group(s) in tiles of 31, stripe 512w foreign_cpu=216.8 errlen=1162 ts=2026-09-11T13:36:20Z
LEG round=jcross1 rep=3 m=2048 arm=off wall=2.404 cpu=54.028 cpu_over_wall=22.47 peak_mb=6267.5 rc=0 restored=32/32 damaged_members=32 blocks_written=2048 strays=32 seed=20275250 stage1=no-label stage2=evaluate, 128 group(s) in tiles of 31, stripe 512w foreign_cpu=16.2 errlen=1164 ts=2026-09-11T13:36:26Z
LEG round=jcross1 rep=3 m=2048 arm=fast wall=2.359 cpu=54.277 cpu_over_wall=23.01 peak_mb=6264.9 rc=0 restored=32/32 damaged_members=32 blocks_written=2048 strays=32 seed=20275250 stage1=whole/demand, stripe 512w stage2=FALLBACK foreign_cpu=27.2 errlen=1394 ts=2026-09-11T13:36:32Z
LEG round=jcross1 rep=3 m=2048 arm=aa wall=2.495 cpu=54.327 cpu_over_wall=21.77 peak_mb=6266.5 rc=0 restored=32/32 damaged_members=32 blocks_written=2048 strays=32 seed=20275250 stage1=no-label stage2=evaluate, 128 group(s) in tiles of 31, stripe 512w foreign_cpu=80.7 errlen=1164 ts=2026-09-11T13:36:39Z
LEG round=jcross1 rep=3 m=3072 arm=off wall=2.858 cpu=61.98 cpu_over_wall=21.69 peak_mb=5787.9 rc=0 restored=32/32 damaged_members=32 blocks_written=3072 strays=32 seed=20282418 stage1=no-label stage2=evaluate, 128 group(s) in tiles of 31, stripe 512w foreign_cpu=7.3 errlen=1164 ts=2026-09-11T13:36:46Z
LEG round=jcross1 rep=3 m=3072 arm=fast wall=2.95 cpu=60.315 cpu_over_wall=20.45 peak_mb=5788.7 rc=0 restored=32/32 damaged_members=32 blocks_written=3072 strays=32 seed=20282418 stage1=whole/demand, stripe 256w stage2=FALLBACK foreign_cpu=125.4 errlen=1396 ts=2026-09-11T13:36:54Z
WARN-FOREIGN-CPU at=r3-m3072-aa foreign_cpu=157% ceiling=320% top=[/System/Library/Frameworks/Contacts.framework/Support/contactsd(2599)=83% /System<app>)=54% /usr/libexec/mobileassetd(729)=4% /System/Library/PrivateFrameworks/DataAccess.framework/Support/dataaccessd(1547)=4%]
LEG round=jcross1 rep=3 m=3072 arm=aa wall=2.925 cpu=61.711 cpu_over_wall=21.1 peak_mb=5787.8 rc=0 restored=32/32 damaged_members=32 blocks_written=3072 strays=32 seed=20282418 stage1=no-label stage2=evaluate, 128 group(s) in tiles of 31, stripe 512w foreign_cpu=164.2 errlen=1164 ts=2026-09-11T13:37:01Z
LEG round=jcross1 rep=3 m=4096 arm=off wall=3.303 cpu=70.305 cpu_over_wall=21.29 peak_mb=6270.3 rc=0 restored=32/32 damaged_members=32 blocks_written=4096 strays=32 seed=20289586 stage1=no-label stage2=evaluate, 128 group(s) in tiles of 31, stripe 512w foreign_cpu=7.5 errlen=1165 ts=2026-09-11T13:37:10Z
LEG round=jcross1 rep=3 m=4096 arm=fast wall=3.234 cpu=67.779 cpu_over_wall=20.96 peak_mb=6275.0 rc=0 restored=32/32 damaged_members=32 blocks_written=4096 strays=32 seed=20289586 stage1=whole/demand, stripe 512w stage2=FALLBACK foreign_cpu=0.0 errlen=1398 ts=2026-09-11T13:37:18Z
LEG round=jcross1 rep=3 m=4096 arm=aa wall=3.297 cpu=70.744 cpu_over_wall=21.46 peak_mb=6273.4 rc=0 restored=32/32 damaged_members=32 blocks_written=4096 strays=32 seed=20289586 stage1=no-label stage2=evaluate, 128 group(s) in tiles of 31, stripe 512w foreign_cpu=14.2 errlen=1164 ts=2026-09-11T13:37:26Z
LEG round=jcross1 rep=3 m=5120 arm=off wall=3.782 cpu=78.468 cpu_over_wall=20.75 peak_mb=6657.5 rc=0 restored=32/32 damaged_members=32 blocks_written=5120 strays=32 seed=20296754 stage1=no-label stage2=evaluate, 128 group(s) in tiles of 31, stripe 512w foreign_cpu=6.7 errlen=1160 ts=2026-09-11T13:37:35Z
LEG round=jcross1 rep=3 m=5120 arm=fast wall=3.664 cpu=76.969 cpu_over_wall=21.01 peak_mb=6660.3 rc=0 restored=32/32 damaged_members=32 blocks_written=5120 strays=32 seed=20296754 stage1=whole/demand, stripe 256w stage2=FALLBACK foreign_cpu=89.9 errlen=1386 ts=2026-09-11T13:37:45Z
WARN-FOREIGN-CPU at=r3-m5120-aa foreign_cpu=140% ceiling=320% top=[xpcproxy_sim(46276)=73% /usr/libexec/airportd(712)=32% /System<app> Monitor.app/Contents/MacOS/Activity Monitor(1475)=15% /usr/libexec/sysmond(827)=11%]
LEG round=jcross1 rep=3 m=5120 arm=aa wall=3.861 cpu=78.222 cpu_over_wall=20.26 peak_mb=6662.2 rc=0 restored=32/32 damaged_members=32 blocks_written=5120 strays=32 seed=20296754 stage1=no-label stage2=evaluate, 128 group(s) in tiles of 31, stripe 512w foreign_cpu=139.8 errlen=1160 ts=2026-09-11T13:37:54Z
LEG round=jcross1 rep=3 m=6144 arm=off wall=4.148 cpu=84.977 cpu_over_wall=20.49 peak_mb=7015.2 rc=0 restored=32/32 damaged_members=32 blocks_written=6144 strays=32 seed=20303922 stage1=no-label stage2=evaluate, 128 group(s) in tiles of 31, stripe 512w foreign_cpu=17.7 errlen=1160 ts=2026-09-11T13:38:04Z
LEG round=jcross1 rep=3 m=6144 arm=fast wall=3.842 cpu=81.119 cpu_over_wall=21.11 peak_mb=7011.0 rc=0 restored=32/32 damaged_members=32 blocks_written=6144 strays=32 seed=20303922 stage1=whole/demand, stripe 256w stage2=FALLBACK foreign_cpu=0.0 errlen=1386 ts=2026-09-11T13:38:14Z
LEG round=jcross1 rep=3 m=6144 arm=aa wall=3.988 cpu=85.138 cpu_over_wall=21.35 peak_mb=7011.7 rc=0 restored=32/32 damaged_members=32 blocks_written=6144 strays=32 seed=20303922 stage1=no-label stage2=evaluate, 128 group(s) in tiles of 31, stripe 512w foreign_cpu=14.7 errlen=1160 ts=2026-09-11T13:38:24Z
LEG round=jcross1 rep=3 m=7168 arm=off wall=4.515 cpu=94.117 cpu_over_wall=20.85 peak_mb=7963.6 rc=0 restored=32/32 damaged_members=32 blocks_written=7168 strays=32 seed=20311090 stage1=no-label stage2=evaluate, 128 group(s) in tiles of 31, stripe 512w foreign_cpu=16.2 errlen=1153 ts=2026-09-11T13:38:35Z
LEG round=jcross1 rep=3 m=7168 arm=fast wall=3.878 cpu=84.563 cpu_over_wall=21.81 peak_mb=7371.4 rc=0 restored=32/32 damaged_members=32 blocks_written=7168 strays=32 seed=20311090 stage1=whole/demand, stripe 256w stage2=FALLBACK foreign_cpu=62.0 errlen=1379 ts=2026-09-11T13:38:45Z
LEG round=jcross1 rep=3 m=7168 arm=aa wall=4.531 cpu=94.329 cpu_over_wall=20.82 peak_mb=8051.9 rc=0 restored=32/32 damaged_members=32 blocks_written=7168 strays=32 seed=20311090 stage1=no-label stage2=evaluate, 128 group(s) in tiles of 31, stripe 512w foreign_cpu=29.2 errlen=1153 ts=2026-09-11T13:38:56Z
LEG round=jcross1 rep=3 m=8192 arm=off wall=4.8 cpu=101.325 cpu_over_wall=21.11 peak_mb=8953.6 rc=0 restored=32/32 damaged_members=32 blocks_written=8192 strays=32 seed=20318258 stage1=no-label stage2=evaluate, 128 group(s) in tiles of 31, stripe 512w foreign_cpu=3.7 errlen=1154 ts=2026-09-11T13:39:08Z
LEG round=jcross1 rep=3 m=8192 arm=fast wall=4.212 cpu=88.964 cpu_over_wall=21.12 peak_mb=7723.2 rc=0 restored=32/32 damaged_members=32 blocks_written=8192 strays=32 seed=20318258 stage1=whole/demand, stripe 512w stage2=factor foreign_cpu=49.6 errlen=1351 ts=2026-09-11T13:39:19Z
LEG round=jcross1 rep=3 m=8192 arm=aa wall=4.733 cpu=101.372 cpu_over_wall=21.42 peak_mb=7727.7 rc=0 restored=32/32 damaged_members=32 blocks_written=8192 strays=32 seed=20318258 stage1=no-label stage2=evaluate, 128 group(s) in tiles of 31, stripe 512w foreign_cpu=88.8 errlen=1154 ts=2026-09-11T13:39:31Z
LEG round=jcross1 rep=3 m=10240 arm=off wall=5.648 cpu=119.306 cpu_over_wall=21.12 peak_mb=11254.7 rc=0 restored=32/32 damaged_members=32 blocks_written=10240 strays=32 seed=20332594 stage1=no-label stage2=evaluate, 128 group(s) in tiles of 31, stripe 512w foreign_cpu=0.0 errlen=1150 ts=2026-09-11T13:39:44Z
LEG round=jcross1 rep=3 m=10240 arm=fast wall=4.785 cpu=104.669 cpu_over_wall=21.87 peak_mb=8430.9 rc=0 restored=32/32 damaged_members=32 blocks_written=10240 strays=32 seed=20332594 stage1=whole/demand, stripe 256w stage2=factor foreign_cpu=18.7 errlen=1353 ts=2026-09-11T13:39:57Z
LEG round=jcross1 rep=3 m=10240 arm=aa wall=5.667 cpu=120.491 cpu_over_wall=21.26 peak_mb=11207.2 rc=0 restored=32/32 damaged_members=32 blocks_written=10240 strays=32 seed=20332594 stage1=no-label stage2=evaluate, 128 group(s) in tiles of 31, stripe 512w foreign_cpu=5.8 errlen=1150 ts=2026-09-11T13:40:11Z
LEG round=jcross1 rep=3 m=12288 arm=off wall=6.482 cpu=142.173 cpu_over_wall=21.93 peak_mb=11541.9 rc=0 restored=32/32 damaged_members=32 blocks_written=12288 strays=32 seed=20346930 stage1=no-label stage2=evaluate, 128 group(s) in tiles of 31, stripe 512w foreign_cpu=5.0 errlen=1150 ts=2026-09-11T13:40:26Z
LEG round=jcross1 rep=3 m=12288 arm=fast wall=5.288 cpu=111.949 cpu_over_wall=21.17 peak_mb=9146.0 rc=0 restored=32/32 damaged_members=32 blocks_written=12288 strays=32 seed=20346930 stage1=whole/demand, stripe 256w stage2=factor foreign_cpu=23.7 errlen=1353 ts=2026-09-11T13:40:40Z
WARN-FOREIGN-CPU at=r3-m12288-aa foreign_cpu=134% ceiling=320% top=[xpcproxy_sim(46761)=88% /usr/libexec/proactiveeventtrackerd(46762)=37% /System<app> Monitor.app/Contents/MacOS/Activity Monitor(1475)=3% /sbin/launchd(1)=3%]
LEG round=jcross1 rep=3 m=12288 arm=aa wall=6.536 cpu=142.68 cpu_over_wall=21.83 peak_mb=13472.6 rc=0 restored=32/32 damaged_members=32 blocks_written=12288 strays=32 seed=20346930 stage1=no-label stage2=evaluate, 128 group(s) in tiles of 31, stripe 512w foreign_cpu=133.5 errlen=1150 ts=2026-09-11T13:40:55Z
LEG round=jcross1 rep=3 m=16384 arm=off wall=11.743 cpu=205.559 cpu_over_wall=17.5 peak_mb=9941.0 rc=0 restored=32/32 damaged_members=32 blocks_written=16384 strays=32 seed=20375602 stage1=no-label stage2=evaluate, 128 group(s) in tiles of 31, stripe 512w foreign_cpu=56.0 errlen=1055 ts=2026-09-11T13:41:18Z
LEG round=jcross1 rep=3 m=16384 arm=fast wall=8.953 cpu=145.558 cpu_over_wall=16.26 peak_mb=10024.4 rc=0 restored=32/32 damaged_members=32 blocks_written=16384 strays=32 seed=20375602 stage1=whole/demand, stripe 512w stage2=factor foreign_cpu=17.8 errlen=1248 ts=2026-09-11T13:41:37Z
WARN-FOREIGN-CPU at=r3-m16384-aa foreign_cpu=107% ceiling=320% top=[/usr/bin/top(46891)=92% /Library/Developer/CoreSimulator<rig>/Library/Developer/CoreSimulator/Profiles/Runtimes/iOS 26.5.simruntime/Contents/Resources/RuntimeRoot/usr/libexec/diagnosticd(2294)=7% /usr/libexec/diagnosticd(2303)=4% /Library/Developer/CoreSimulator<rig>/Library/Developer/CoreSimulator/Profiles/Runtimes/iOS 26.5.simruntime/Contents/Resources/RuntimeRoot/usr/libexec/dasd(2260)=2%]
LEG round=jcross1 rep=3 m=16384 arm=aa wall=11.275 cpu=205.334 cpu_over_wall=18.21 peak_mb=13884.0 rc=0 restored=32/32 damaged_members=32 blocks_written=16384 strays=32 seed=20375602 stage1=no-label stage2=evaluate, 128 group(s) in tiles of 31, stripe 512w foreign_cpu=103.4 errlen=1058 ts=2026-09-11T13:41:58Z
JCROSS-REP-END rep=3 2026-09-11T13:42:00Z
LEG round=jcross1 rep=4 m=256 arm=aa wall=1.661 cpu=41.805 cpu_over_wall=25.17 peak_mb=5478.1 rc=0 restored=32/32 damaged_members=32 blocks_written=256 strays=32 seed=20262707 stage1=no-label stage2=no-label foreign_cpu=103.4 errlen=1030 ts=2026-09-11T13:42:04Z
LEG round=jcross1 rep=4 m=256 arm=fast wall=1.658 cpu=42.315 cpu_over_wall=25.52 peak_mb=5481.4 rc=0 restored=32/32 damaged_members=32 blocks_written=256 strays=32 seed=20262707 stage1=no-label stage2=no-label foreign_cpu=2.3 errlen=1168 ts=2026-09-11T13:42:08Z
LEG round=jcross1 rep=4 m=256 arm=off wall=1.68 cpu=42.256 cpu_over_wall=25.15 peak_mb=5467.2 rc=0 restored=32/32 damaged_members=32 blocks_written=256 strays=32 seed=20262707 stage1=no-label stage2=no-label foreign_cpu=65.7 errlen=1030 ts=2026-09-11T13:42:13Z
LEG round=jcross1 rep=4 m=704 arm=aa wall=1.836 cpu=45.716 cpu_over_wall=24.9 peak_mb=5694.8 rc=0 restored=32/32 damaged_members=32 blocks_written=704 strays=32 seed=20265843 stage1=no-label stage2=evaluate, 128 group(s) in tiles of 31, stripe 512w foreign_cpu=93.1 errlen=1153 ts=2026-09-11T13:42:19Z
LEG round=jcross1 rep=4 m=704 arm=fast wall=1.84 cpu=45.738 cpu_over_wall=24.86 peak_mb=5698.6 rc=0 restored=32/32 damaged_members=32 blocks_written=704 strays=32 seed=20265843 stage1=whole/demand, stripe 512w stage2=FALLBACK foreign_cpu=7.3 errlen=1383 ts=2026-09-11T13:42:24Z
LEG round=jcross1 rep=4 m=704 arm=off wall=1.817 cpu=45.767 cpu_over_wall=25.19 peak_mb=5698.5 rc=0 restored=32/32 damaged_members=32 blocks_written=704 strays=32 seed=20265843 stage1=no-label stage2=evaluate, 128 group(s) in tiles of 31, stripe 512w foreign_cpu=1.5 errlen=1153 ts=2026-09-11T13:42:29Z
