RIG-LOCK-TAKEN <rig>/.parfast-rig.lock pid=68107
WARN-FOREIGN-CPU at=round-start foreign_cpu=94% ceiling=200% top=[/System/Library/PrivateFrameworks/SkyLight.framework/Resources/WindowServer(188)=48% /System/Library/ExtensionKit/Extensions/Monterey.appex/Contents/MacOS/Monterey(77762)=18% /usr/libexec/opendirectoryd(156)=6% sshd-session: <user> [priv](68101)=5%]
JCROSS-START 2026-09-11T13:54:07Z tag=jstage2b
BOX host=apple-m1-ultra-64gb cpu=Apple M1 Ultra cores=20 ram_gb=64.0 os=macOS 26.6 free_gb=186.4
BIN parfast-jx sha256=f7c2b5230df7e3e579df5fb6cd4a97a8d6e12e78eac13fe96809eb6e7ef5e51b bytes=2806720 version=parfast version 1.5.0-beta.1 built from 8c3da7d70d2d
PROTOCOL slice=262144 recovery_blocks=16384 source_blocks=16384 redundancy_pct=100.0 damage=scattered-seeded-slice-overwrite reps=3 arms=s2off/s2on/s2aa gate=sha256-all-members prewarm=full-read-of-work-dir arm_order=alternating-by-rep
ARGV s2off repair='r -q -t20 -T20 f.par2' env=NZBFAST_FORNEY_FACTOR=off,NZBFAST_FORNEY_JOINT=1
ARGV s2on repair='r -q -t20 -T20 f.par2' env=NZBFAST_FORNEY_FACTOR=on,NZBFAST_FORNEY_JOINT=1
ARGV s2aa repair='r -q -t20 -T20 f.par2' env=NZBFAST_FORNEY_FACTOR=off,NZBFAST_FORNEY_JOINT=1
FIXTURE members=32 distinct_member_sha=32/32 bytes=4294967296 source_blocks=16384
SLICE-PROBE index=5 unique=32/32
GOLD p00.bin 22394416152818e8a40e0ca9fb635503365953b5461d03543566f38703311958
GOLD p01.bin c7a7e5b401a06461f43a52765551046e63486c8c5b576460babb8129e51823d0
GOLD p02.bin 78d9c84e48fc71ca1245e5550b21eb3af4bf837a205b8592c209fdeb9a3dc86e
GOLD p03.bin ed36fe2074dbad169ec5bcc8a0a5c9110887e4aa4b09fc6908e27b9907c88690
GOLD p04.bin de25856fc8f4e36f160eb51382441fc4c87a3a3cf576e79526b21e01f9e437cc
GOLD p05.bin 91f9bc1c2640e5d7257e3e4c988eef17198d38e44606a45cc8718c2ef517bc41
GOLD p06.bin 4718aaf3289e7dee3ae7d032612913f5040829ab0e2b4645e4c455f30030cf2a
GOLD p07.bin 7f0c584e8704af15e8f9be57a81fc3fefa49d8520f473273362037cf448941ae
GOLD p08.bin be9ff49afc3ebfd93a9f08b8997b4efdbd35e9077e50826483ebdb51885d5871
GOLD p09.bin 6835d59009e8297ca57d12e9e7ab172e6c99fa57ba32496b2422844e5388dc30
GOLD p10.bin 3089f5a525c82201f8a8038f7e16e129a2e20055a96f1e3d7de8b9099ed031c6
GOLD p11.bin e98473f13b0d938bb20d8a91e9142e13d1ef9a08d026f0959b89fe9f0657f418
GOLD p12.bin 9a0f02ca7e7e238ac9254bd441e971e805ad74ba44429e9fdb37ca30ccba9e25
GOLD p13.bin fa238d854b80593802b0476e861127ed5d1823c599cfd4552cf69b2fd48339f8
GOLD p14.bin bb3076c7812223bace1f92a72c856b28c6bba09d7f86e1a3eb20e4fc325080fc
GOLD p15.bin 2fa116e4745ed38029bacda15228ebf6f356f991d665c2185655cc6887f4915c
GOLD p16.bin 6936ecd79ec978b1dcea64929b781406c84d4d6185c940c3a6f7bfabcef5b643
GOLD p17.bin 807100222bdd64441c1e37e232c9258c15480800d652595a61e35d015146c594
GOLD p18.bin e1087e9ea236a40bcb92b8736c6c2e65bf72c16393908d21f859529fa6d36c00
GOLD p19.bin b78d3affc00f3caa594d3d03b84a6e3ce8568ddd4156022f5ed0d6d4094f8bb4
GOLD p20.bin dd10b7a463ada1a28138489e007f7cd47bea113164bb8266d6c13417a1519f84
GOLD p21.bin 7a79fa9bd3ce4d4bbaa6931dcccd477325364e077f8b152d45e7328710bc5290
GOLD p22.bin 354b54765d5630cba0544af70e7979ea1394a0b0f14a68e0d5866e17936863a3
GOLD p23.bin 887aea742b684bd69a4624534742ddbc8ed9de7a0656dee7c9c51175365f8bfc
GOLD p24.bin 02ab24a31eb66d5b41bcce51f77d1302e6b3f2c257c0f251a6d3dc18905e89c5
GOLD p25.bin 8d718e57634c47cf7c9b75774555661a98d210742b1267bf5430f36b83714ecf
GOLD p26.bin e48591cd835b9987dba708d6737c3e82b8ea5c8e52dfa329e49a0c4eadd8277b
GOLD p27.bin 261af5b8ad6e9082f7dbb3076cd9fd6213f2ef2f8c36e5f3dcd5f2d5fffcff4c
GOLD p28.bin 26b4ba0fb0f8c38ea91364c3b9e0993c13cb2fdf3286b5c76fb584da8857b13f
GOLD p29.bin 57acc47e9ce6f81f5a83fdcd64c0cb1e530db064904601de80505a1af8c66309
GOLD p30.bin 737040875ad6ad13c35e8495df00fc3feb34388e6ebd1b162283b278e47b2387
GOLD p31.bin 888ab24f6f094806cc5a290f09afc3dbfed000b08b058248cc6054e2d4f575b7
CREATE reused par2files=16
WARMUP-START 2026-09-11T13:54:10Z
WARN-FOREIGN-CPU at=warm-s2off foreign_cpu=78% ceiling=200% top=[/System/Library/PrivateFrameworks/SkyLight.framework/Resources/WindowServer(188)=37% /usr/bin/top(68116)=23% /System/Library/ExtensionKit/Extensions/Monterey.appex/Contents/MacOS/Monterey(77762)=12% com.macpaw.CleanMyMac4.HealthMonitor(769)=4%]
LEG round=jstage2b rep=0 m=64 arm=s2off wall=1.996 cpu=31.173 cpu_over_wall=15.62 peak_mb=4222.0 rc=0 restored=32/32 damaged_members=25 blocks_written=64 strays=25 seed=20260911 stage1=no-label stage2=no-label foreign_cpu=74.0 errlen=936 ts=2026-09-11T13:54:14Z
LEG round=jstage2b rep=0 m=64 arm=s2on wall=1.995 cpu=31.419 cpu_over_wall=15.75 peak_mb=4221.6 rc=0 restored=32/32 damaged_members=25 blocks_written=64 strays=25 seed=20260911 stage1=no-label stage2=no-label foreign_cpu=50.4 errlen=936 ts=2026-09-11T13:54:20Z
LEG round=jstage2b rep=0 m=64 arm=s2aa wall=1.993 cpu=31.247 cpu_over_wall=15.68 peak_mb=4222.4 rc=0 restored=32/32 damaged_members=25 blocks_written=64 strays=25 seed=20260911 stage1=no-label stage2=no-label foreign_cpu=48.5 errlen=936 ts=2026-09-11T13:54:27Z
WARMUP-END 2026-09-11T13:54:29Z
LEG round=jstage2b rep=1 m=2048 arm=s2off wall=3.77 cpu=59.946 cpu_over_wall=15.9 peak_mb=6048.3 rc=0 restored=32/32 damaged_members=32 blocks_written=2048 strays=32 seed=20275248 stage1=whole/demand, stripe 512w stage2=FALLBACK foreign_cpu=50.0 errlen=1393 ts=2026-09-11T13:54:36Z
WARN-FOREIGN-CPU at=r1-m2048-s2on foreign_cpu=76% ceiling=200% top=[/System/Library/PrivateFrameworks/SkyLight.framework/Resources/WindowServer(188)=44% /Applications/TG Pro.app/Contents/MacOS/TG Pro(798)=14% /System/Library/ExtensionKit/Extensions/Monterey.appex/Contents/MacOS/Monterey(77762)=12% /Library/Application Support/DriveGenius/drivegeniusd(1082)=7%]
LEG round=jstage2b rep=1 m=2048 arm=s2on wall=4.074 cpu=65.741 cpu_over_wall=16.14 peak_mb=6046.4 rc=0 restored=32/32 damaged_members=32 blocks_written=2048 strays=32 seed=20275248 stage1=whole/demand, stripe 512w stage2=factor foreign_cpu=75.8 errlen=1353 ts=2026-09-11T13:54:45Z
WARN-FOREIGN-CPU at=r1-m2048-s2aa foreign_cpu=96% ceiling=200% top=[/System/Library/PrivateFrameworks/SkyLight.framework/Resources/WindowServer(188)=35% /usr/libexec/ApplicationFirewall/socketfilterfw(226)=19% /System/Cryptexes/App/usr/libexec/SafariBookmarksSyncAgent(731)=16% /System/Library/ExtensionKit/Extensions/Monterey.appex/Contents/MacOS/Monterey(77762)=12%]
LEG round=jstage2b rep=1 m=2048 arm=s2aa wall=3.727 cpu=60.258 cpu_over_wall=16.17 peak_mb=6135.4 rc=0 restored=32/32 damaged_members=32 blocks_written=2048 strays=32 seed=20275248 stage1=whole/demand, stripe 512w stage2=FALLBACK foreign_cpu=98.5 errlen=1393 ts=2026-09-11T13:54:54Z
WARN-FOREIGN-CPU at=r1-m4096-s2off foreign_cpu=87% ceiling=200% top=[/System/Library/PrivateFrameworks/SkyLight.framework/Resources/WindowServer(188)=49% /System/Library/CoreServices/loginwindow.app/Contents/MacOS/loginwindow(191)=22% /System/Library/ExtensionKit/Extensions/Monterey.appex/Contents/MacOS/Monterey(77762)=9% /Applications/TG Pro.app/Contents/MacOS/TG Pro(798)=6%]
LEG round=jstage2b rep=1 m=4096 arm=s2off wall=4.706 cpu=74.314 cpu_over_wall=15.79 peak_mb=5889.3 rc=0 restored=32/32 damaged_members=32 blocks_written=4096 strays=32 seed=20289584 stage1=whole/demand, stripe 512w stage2=FALLBACK foreign_cpu=87.1 errlen=1377 ts=2026-09-11T13:55:06Z
WARN-FOREIGN-CPU at=r1-m4096-s2on foreign_cpu=76% ceiling=200% top=[/System/Library/PrivateFrameworks/SkyLight.framework/Resources/WindowServer(188)=36% /System/Cryptexes/App/usr/libexec/SafariBookmarksSyncAgent(731)=18% /System/Library/ExtensionKit/Extensions/Monterey.appex/Contents/MacOS/Monterey(77762)=12% /usr/bin/top(68291)=6%]
LEG round=jstage2b rep=1 m=4096 arm=s2on wall=4.925 cpu=78.005 cpu_over_wall=15.84 peak_mb=5883.2 rc=0 restored=32/32 damaged_members=32 blocks_written=4096 strays=32 seed=20289584 stage1=whole/demand, stripe 512w stage2=factor foreign_cpu=75.6 errlen=1347 ts=2026-09-11T13:55:17Z
LEG round=jstage2b rep=1 m=4096 arm=s2aa wall=4.697 cpu=74.755 cpu_over_wall=15.92 peak_mb=5882.8 rc=0 restored=32/32 damaged_members=32 blocks_written=4096 strays=32 seed=20289584 stage1=whole/demand, stripe 512w stage2=FALLBACK foreign_cpu=52.6 errlen=1377 ts=2026-09-11T13:55:29Z
WARN-FOREIGN-CPU at=r1-m5120-s2off foreign_cpu=70% ceiling=200% top=[/System/Library/PrivateFrameworks/SkyLight.framework/Resources/WindowServer(188)=37% /Applications/Utilities/Adobe Creative Cloud Experience/CCXProcess/CCXProcess.app/Contents/MacOS/../libs/Creative Cloud Content Manager.node(823)=13% /System/Library/ExtensionKit/Extensions/Monterey.appex/Contents/MacOS/Monterey(77762)=11% /Library/Application Support/DriveGenius/drivegeniusd(1082)=4%]
LEG round=jstage2b rep=1 m=5120 arm=s2off wall=5.412 cpu=85.572 cpu_over_wall=15.81 peak_mb=6221.5 rc=0 restored=32/32 damaged_members=32 blocks_written=5120 strays=32 seed=20296752 stage1=whole/demand, stripe 256w stage2=FALLBACK foreign_cpu=62.9 errlen=1377 ts=2026-09-11T13:55:42Z
LEG round=jstage2b rep=1 m=5120 arm=s2on wall=5.697 cpu=88.493 cpu_over_wall=15.53 peak_mb=6223.8 rc=0 restored=32/32 damaged_members=32 blocks_written=5120 strays=32 seed=20296752 stage1=whole/demand, stripe 256w stage2=factor foreign_cpu=60.9 errlen=1347 ts=2026-09-11T13:55:55Z
WARN-FOREIGN-CPU at=r1-m5120-s2aa foreign_cpu=101% ceiling=200% top=[/System/Library/PrivateFrameworks/SkyLight.framework/Resources/WindowServer(188)=50% /Applications/TG Pro.app/Contents/MacOS/TG Pro(798)=14% /System/Library/ExtensionKit/Extensions/Monterey.appex/Contents/MacOS/Monterey(77762)=12% /Library/Application Support/DriveGenius/drivegeniusd(1082)=10%]
LEG round=jstage2b rep=1 m=5120 arm=s2aa wall=6.225 cpu=87.413 cpu_over_wall=14.04 peak_mb=6224.0 rc=0 restored=32/32 damaged_members=32 blocks_written=5120 strays=32 seed=20296752 stage1=whole/demand, stripe 256w stage2=FALLBACK foreign_cpu=100.8 errlen=1374 ts=2026-09-11T13:56:09Z
WARN-FOREIGN-CPU at=r1-m6144-s2off foreign_cpu=169% ceiling=200% top=[/Library/Application Support/DriveGenius/DrivePulse.app/Contents/MacOS/DrivePulse(768)=100% /System/Library/PrivateFrameworks/SkyLight.framework/Resources/WindowServer(188)=44% /Applications/TG Pro.app/Contents/MacOS/TG Pro(798)=14% /System/Library/ExtensionKit/Extensions/Monterey.appex/Contents/MacOS/Monterey(77762)=11%]
LEG round=jstage2b rep=1 m=6144 arm=s2off wall=5.953 cpu=91.309 cpu_over_wall=15.34 peak_mb=6538.9 rc=0 restored=32/32 damaged_members=32 blocks_written=6144 strays=32 seed=20303920 stage1=whole/demand, stripe 256w stage2=FALLBACK foreign_cpu=169.1 errlen=1377 ts=2026-09-11T13:56:23Z
WARN-FOREIGN-CPU at=r1-m6144-s2on foreign_cpu=166% ceiling=200% top=[/Library/Application Support/DriveGenius/DrivePulse.app/Contents/MacOS/DrivePulse(768)=100% /System/Library/PrivateFrameworks/SkyLight.framework/Resources/WindowServer(188)=42% /System/Library/ExtensionKit/Extensions/Monterey.appex/Contents/MacOS/Monterey(77762)=11% /Applications/TG Pro.app/Contents/MacOS/TG Pro(798)=11%]
LEG round=jstage2b rep=1 m=6144 arm=s2on wall=5.993 cpu=91.377 cpu_over_wall=15.25 peak_mb=6539.5 rc=0 restored=32/32 damaged_members=32 blocks_written=6144 strays=32 seed=20303920 stage1=whole/demand, stripe 256w stage2=factor foreign_cpu=166.1 errlen=1347 ts=2026-09-11T13:56:37Z
WARN-FOREIGN-CPU at=r1-m6144-s2aa foreign_cpu=158% ceiling=200% top=[/Library/Application Support/DriveGenius/DrivePulse.app/Contents/MacOS/DrivePulse(768)=100% /System/Library/PrivateFrameworks/SkyLight.framework/Resources/WindowServer(188)=40% /System/Library/ExtensionKit/Extensions/Monterey.appex/Contents/MacOS/Monterey(77762)=12% /Applications/TG Pro.app/Contents/MacOS/TG Pro(798)=4%]
LEG round=jstage2b rep=1 m=6144 arm=s2aa wall=5.917 cpu=90.877 cpu_over_wall=15.36 peak_mb=6538.9 rc=0 restored=32/32 damaged_members=32 blocks_written=6144 strays=32 seed=20303920 stage1=whole/demand, stripe 256w stage2=FALLBACK foreign_cpu=158.0 errlen=1377 ts=2026-09-11T13:56:51Z
LEG round=jstage2b rep=1 m=6656 arm=s2off wall=6.153 cpu=94.488 cpu_over_wall=15.36 peak_mb=6698.1 rc=0 restored=32/32 damaged_members=32 blocks_written=6656 strays=32 seed=20307504 stage1=whole/demand, stripe 256w stage2=FALLBACK foreign_cpu=49.7 errlen=1377 ts=2026-09-11T13:57:06Z
LEG round=jstage2b rep=1 m=6656 arm=s2on wall=6.092 cpu=92.952 cpu_over_wall=15.26 peak_mb=6702.0 rc=0 restored=32/32 damaged_members=32 blocks_written=6656 strays=32 seed=20307504 stage1=whole/demand, stripe 256w stage2=factor foreign_cpu=47.5 errlen=1347 ts=2026-09-11T13:57:21Z
WARN-FOREIGN-CPU at=r1-m6656-s2aa foreign_cpu=77% ceiling=200% top=[/System/Library/PrivateFrameworks/SkyLight.framework/Resources/WindowServer(188)=41% /Applications/TG Pro.app/Contents/MacOS/TG Pro(798)=15% /System/Library/ExtensionKit/Extensions/Monterey.appex/Contents/MacOS/Monterey(77762)=11% /Library/Application Support/DriveGenius/drivegeniusd(1082)=6%]
LEG round=jstage2b rep=1 m=6656 arm=s2aa wall=6.211 cpu=94.43 cpu_over_wall=15.2 peak_mb=6698.7 rc=0 restored=32/32 damaged_members=32 blocks_written=6656 strays=32 seed=20307504 stage1=whole/demand, stripe 256w stage2=FALLBACK foreign_cpu=66.4 errlen=1377 ts=2026-09-11T13:57:35Z
LEG round=jstage2b rep=1 m=7168 arm=s2off wall=6.352 cpu=96.173 cpu_over_wall=15.14 peak_mb=6860.3 rc=0 restored=32/32 damaged_members=32 blocks_written=7168 strays=32 seed=20311088 stage1=whole/demand, stripe 256w stage2=FALLBACK foreign_cpu=55.6 errlen=1377 ts=2026-09-11T13:57:51Z
LEG round=jstage2b rep=1 m=7168 arm=s2on wall=6.179 cpu=94.213 cpu_over_wall=15.25 peak_mb=6859.6 rc=0 restored=32/32 damaged_members=32 blocks_written=7168 strays=32 seed=20311088 stage1=whole/demand, stripe 256w stage2=factor foreign_cpu=54.5 errlen=1347 ts=2026-09-11T13:58:06Z
WARN-FOREIGN-CPU at=r1-m7168-s2aa foreign_cpu=97% ceiling=200% top=[/System/Library/PrivateFrameworks/SkyLight.framework/Resources/WindowServer(188)=31% /System/Library/CoreServices/SystemUIServer.app/Contents/MacOS/SystemUIServer(495)=20% /System/Library/Frameworks/Security.framework/Versions/A/XPCServices/authd.xpc/Contents/MacOS/authd(238)=14% /System/Library/ExtensionKit/Extensions/Monterey.appex/Contents/MacOS/Monterey(77762)=11%]
LEG round=jstage2b rep=1 m=7168 arm=s2aa wall=6.164 cpu=95.73 cpu_over_wall=15.53 peak_mb=6860.5 rc=0 restored=32/32 damaged_members=32 blocks_written=7168 strays=32 seed=20311088 stage1=whole/demand, stripe 256w stage2=FALLBACK foreign_cpu=97.2 errlen=1377 ts=2026-09-11T13:58:21Z
LEG round=jstage2b rep=1 m=7680 arm=s2off wall=6.452 cpu=98.311 cpu_over_wall=15.24 peak_mb=7017.4 rc=0 restored=32/32 damaged_members=32 blocks_written=7680 strays=32 seed=20314672 stage1=whole/demand, stripe 256w stage2=FALLBACK foreign_cpu=56.6 errlen=1377 ts=2026-09-11T13:58:36Z
LEG round=jstage2b rep=1 m=7680 arm=s2on wall=6.272 cpu=96.164 cpu_over_wall=15.33 peak_mb=7018.5 rc=0 restored=32/32 damaged_members=32 blocks_written=7680 strays=32 seed=20314672 stage1=whole/demand, stripe 256w stage2=factor foreign_cpu=55.5 errlen=1347 ts=2026-09-11T13:58:52Z
WARN-FOREIGN-CPU at=r1-m7680-s2aa foreign_cpu=90% ceiling=200% top=[/System/Library/PrivateFrameworks/SkyLight.framework/Resources/WindowServer(188)=48% /System/Library/CoreServices/loginwindow.app/Contents/MacOS/loginwindow(191)=18% /Library/Application Support/DriveGenius/drivegeniusd(1082)=10% /System/Library/ExtensionKit/Extensions/Monterey.appex/Contents/MacOS/Monterey(77762)=9%]
LEG round=jstage2b rep=1 m=7680 arm=s2aa wall=6.33 cpu=97.946 cpu_over_wall=15.47 peak_mb=7016.7 rc=0 restored=32/32 damaged_members=32 blocks_written=7680 strays=32 seed=20314672 stage1=whole/demand, stripe 256w stage2=FALLBACK foreign_cpu=95.1 errlen=1377 ts=2026-09-11T13:59:07Z
LEG round=jstage2b rep=1 m=8192 arm=s2off wall=6.515 cpu=99.696 cpu_over_wall=15.3 peak_mb=7176.4 rc=0 restored=32/32 damaged_members=32 blocks_written=8192 strays=32 seed=20318256 stage1=whole/demand, stripe 512w stage2=FALLBACK foreign_cpu=53.1 errlen=1378 ts=2026-09-11T13:59:23Z
LEG round=jstage2b rep=1 m=8192 arm=s2on wall=6.542 cpu=97.894 cpu_over_wall=14.96 peak_mb=7178.7 rc=0 restored=32/32 damaged_members=32 blocks_written=8192 strays=32 seed=20318256 stage1=whole/demand, stripe 512w stage2=factor foreign_cpu=62.0 errlen=1348 ts=2026-09-11T13:59:39Z
LEG round=jstage2b rep=1 m=8192 arm=s2aa wall=6.659 cpu=99.939 cpu_over_wall=15.01 peak_mb=7306.2 rc=0 restored=32/32 damaged_members=32 blocks_written=8192 strays=32 seed=20318256 stage1=whole/demand, stripe 512w stage2=FALLBACK foreign_cpu=65.1 errlen=1378 ts=2026-09-11T13:59:56Z
WARN-FOREIGN-CPU at=r1-m16384-s2off foreign_cpu=163% ceiling=200% top=[/Library/Application Support/DriveGenius/DrivePulse.app/Contents/MacOS/DrivePulse(768)=100% /System/Library/PrivateFrameworks/SkyLight.framework/Resources/WindowServer(188)=36% /System/Cryptexes/App/usr/libexec/SafariBookmarksSyncAgent(731)=13% /System/Library/ExtensionKit/Extensions/Monterey.appex/Contents/MacOS/Monterey(77762)=12%]
LEG round=jstage2b rep=1 m=16384 arm=s2off wall=13.612 cpu=170.509 cpu_over_wall=12.53 peak_mb=9461.8 rc=0 restored=32/32 damaged_members=32 blocks_written=16384 strays=32 seed=20375600 stage1=whole/demand, stripe 512w stage2=FALLBACK foreign_cpu=160.6 errlen=1285 ts=2026-09-11T14:00:23Z
WARN-FOREIGN-CPU at=r1-m16384-s2on foreign_cpu=184% ceiling=200% top=[/Library/Application Support/DriveGenius/DrivePulse.app/Contents/MacOS/DrivePulse(768)=100% /System/Library/PrivateFrameworks/SkyLight.framework/Resources/WindowServer(188)=39% /sbin/launchd(1)=26% /System/Library/ExtensionKit/Extensions/Monterey.appex/Contents/MacOS/Monterey(77762)=12%]
LEG round=jstage2b rep=1 m=16384 arm=s2on wall=12.779 cpu=156.319 cpu_over_wall=12.23 peak_mb=9389.1 rc=0 restored=32/32 damaged_members=32 blocks_written=16384 strays=32 seed=20375600 stage1=whole/demand, stripe 512w stage2=factor foreign_cpu=181.5 errlen=1253 ts=2026-09-11T14:00:51Z
WARN-FOREIGN-CPU at=r1-m16384-s2aa foreign_cpu=94% ceiling=200% top=[/System/Library/PrivateFrameworks/SkyLight.framework/Resources/WindowServer(188)=48% /Applications/TG Pro.app/Contents/MacOS/TG Pro(798)=18% /System/Library/ExtensionKit/Extensions/Monterey.appex/Contents/MacOS/Monterey(77762)=12% /System/Cryptexes/App/usr/libexec/SafariBookmarksSyncAgent(731)=9%]
LEG round=jstage2b rep=1 m=16384 arm=s2aa wall=13.572 cpu=170.983 cpu_over_wall=12.6 peak_mb=9460.8 rc=0 restored=32/32 damaged_members=32 blocks_written=16384 strays=32 seed=20375600 stage1=whole/demand, stripe 512w stage2=FALLBACK foreign_cpu=94.0 errlen=1285 ts=2026-09-11T14:01:18Z
JCROSS-REP-END rep=1 2026-09-11T14:01:21Z
LEG round=jstage2b rep=2 m=2048 arm=s2aa wall=3.687 cpu=60.054 cpu_over_wall=16.29 peak_mb=6135.3 rc=0 restored=32/32 damaged_members=32 blocks_written=2048 strays=32 seed=20275249 stage1=whole/demand, stripe 512w stage2=FALLBACK foreign_cpu=59.6 errlen=1393 ts=2026-09-11T14:01:28Z
LEG round=jstage2b rep=2 m=2048 arm=s2on wall=4.072 cpu=65.667 cpu_over_wall=16.13 peak_mb=6141.4 rc=0 restored=32/32 damaged_members=32 blocks_written=2048 strays=32 seed=20275249 stage1=whole/demand, stripe 512w stage2=factor foreign_cpu=53.1 errlen=1353 ts=2026-09-11T14:01:37Z
WARN-FOREIGN-CPU at=r2-m2048-s2off foreign_cpu=92% ceiling=200% top=[/System/Library/PrivateFrameworks/SkyLight.framework/Resources/WindowServer(188)=45% /Applications/TG Pro.app/Contents/MacOS/TG Pro(798)=18% com.macpaw.CleanMyMac4.HealthMonitor(769)=15% /System/Library/ExtensionKit/Extensions/Monterey.appex/Contents/MacOS/Monterey(77762)=11%]
LEG round=jstage2b rep=2 m=2048 arm=s2off wall=3.729 cpu=60.236 cpu_over_wall=16.15 peak_mb=6050.9 rc=0 restored=32/32 damaged_members=32 blocks_written=2048 strays=32 seed=20275249 stage1=whole/demand, stripe 512w stage2=FALLBACK foreign_cpu=92.3 errlen=1394 ts=2026-09-11T14:01:47Z
LEG round=jstage2b rep=2 m=4096 arm=s2aa wall=4.667 cpu=74.333 cpu_over_wall=15.93 peak_mb=5884.4 rc=0 restored=32/32 damaged_members=32 blocks_written=4096 strays=32 seed=20289585 stage1=whole/demand, stripe 512w stage2=FALLBACK foreign_cpu=58.0 errlen=1377 ts=2026-09-11T14:01:58Z
WARN-FOREIGN-CPU at=r2-m4096-s2on foreign_cpu=78% ceiling=200% top=[/System/Library/PrivateFrameworks/SkyLight.framework/Resources/WindowServer(188)=43% /Applications/TG Pro.app/Contents/MacOS/TG Pro(798)=16% /System/Library/ExtensionKit/Extensions/Monterey.appex/Contents/MacOS/Monterey(77762)=12% /Library/Application Support/DriveGenius/drivegeniusd(1082)=6%]
LEG round=jstage2b rep=2 m=4096 arm=s2on wall=4.898 cpu=78.096 cpu_over_wall=15.94 peak_mb=5885.2 rc=0 restored=32/32 damaged_members=32 blocks_written=4096 strays=32 seed=20289585 stage1=whole/demand, stripe 512w stage2=factor foreign_cpu=78.4 errlen=1347 ts=2026-09-11T14:02:10Z
WARN-FOREIGN-CPU at=r2-m4096-s2off foreign_cpu=72% ceiling=200% top=[/System/Library/PrivateFrameworks/SkyLight.framework/Resources/WindowServer(188)=37% /usr/libexec/corecaptured(69116)=13% /System/Library/ExtensionKit/Extensions/Monterey.appex/Contents/MacOS/Monterey(77762)=12% /Library/Application Support/DriveGenius/drivegeniusd(1082)=5%]
LEG round=jstage2b rep=2 m=4096 arm=s2off wall=4.736 cpu=74.626 cpu_over_wall=15.76 peak_mb=5880.6 rc=0 restored=32/32 damaged_members=32 blocks_written=4096 strays=32 seed=20289585 stage1=whole/demand, stripe 512w stage2=FALLBACK foreign_cpu=72.4 errlen=1377 ts=2026-09-11T14:02:21Z
LEG round=jstage2b rep=2 m=5120 arm=s2aa wall=5.34 cpu=85.58 cpu_over_wall=16.03 peak_mb=6219.7 rc=0 restored=32/32 damaged_members=32 blocks_written=5120 strays=32 seed=20296753 stage1=whole/demand, stripe 256w stage2=FALLBACK foreign_cpu=63.6 errlen=1377 ts=2026-09-11T14:02:34Z
WARN-FOREIGN-CPU at=r2-m5120-s2on foreign_cpu=101% ceiling=200% top=[/System/Library/PrivateFrameworks/SkyLight.framework/Resources/WindowServer(188)=37% com.macpaw.CleanMyMac4.HealthMonitor(769)=30% /usr/bin/top(69177)=12% /System/Library/ExtensionKit/Extensions/Monterey.appex/Contents/MacOS/Monterey(77762)=11%]
LEG round=jstage2b rep=2 m=5120 arm=s2on wall=5.533 cpu=87.345 cpu_over_wall=15.79 peak_mb=6224.0 rc=0 restored=32/32 damaged_members=32 blocks_written=5120 strays=32 seed=20296753 stage1=whole/demand, stripe 256w stage2=factor foreign_cpu=132.5 errlen=1347 ts=2026-09-11T14:02:47Z
WARN-FOREIGN-CPU at=r2-m5120-s2off foreign_cpu=87% ceiling=200% top=[/System/Library/PrivateFrameworks/SkyLight.framework/Resources/WindowServer(188)=47% /Applications/TG Pro.app/Contents/MacOS/TG Pro(798)=19% /System/Library/ExtensionKit/Extensions/Monterey.appex/Contents/MacOS/Monterey(77762)=11% /System/Cryptexes/App/usr/libexec/SafariBookmarksSyncAgent(731)=6%]
LEG round=jstage2b rep=2 m=5120 arm=s2off wall=5.423 cpu=85.588 cpu_over_wall=15.78 peak_mb=6223.2 rc=0 restored=32/32 damaged_members=32 blocks_written=5120 strays=32 seed=20296753 stage1=whole/demand, stripe 256w stage2=FALLBACK foreign_cpu=87.4 errlen=1377 ts=2026-09-11T14:03:00Z
WARN-FOREIGN-CPU at=r2-m6144-s2aa foreign_cpu=166% ceiling=200% top=[/Library/Application Support/DriveGenius/DrivePulse.app/Contents/MacOS/DrivePulse(768)=100% /System/Library/PrivateFrameworks/SkyLight.framework/Resources/WindowServer(188)=37% /sbin/launchd(1)=16% /System/Library/ExtensionKit/Extensions/Monterey.appex/Contents/MacOS/Monterey(77762)=12%]
LEG round=jstage2b rep=2 m=6144 arm=s2aa wall=5.914 cpu=89.833 cpu_over_wall=15.19 peak_mb=6538.9 rc=0 restored=32/32 damaged_members=32 blocks_written=6144 strays=32 seed=20303921 stage1=whole/demand, stripe 256w stage2=FALLBACK foreign_cpu=159.4 errlen=1377 ts=2026-09-11T14:03:14Z
WARN-FOREIGN-CPU at=r2-m6144-s2on foreign_cpu=160% ceiling=200% top=[/Library/Application Support/DriveGenius/DrivePulse.app/Contents/MacOS/DrivePulse(768)=100% /System/Library/PrivateFrameworks/SkyLight.framework/Resources/WindowServer(188)=34% /System/Library/ExtensionKit/Extensions/Monterey.appex/Contents/MacOS/Monterey(77762)=11% /System/Cryptexes/App/usr/libexec/SafariBookmarksSyncAgent(731)=9%]
LEG round=jstage2b rep=2 m=6144 arm=s2on wall=6.082 cpu=91.487 cpu_over_wall=15.04 peak_mb=6540.0 rc=0 restored=32/32 damaged_members=32 blocks_written=6144 strays=32 seed=20303921 stage1=whole/demand, stripe 256w stage2=factor foreign_cpu=172.1 errlen=1347 ts=2026-09-11T14:03:28Z
WARN-FOREIGN-CPU at=r2-m6144-s2off foreign_cpu=147% ceiling=200% top=[/Library/Application Support/DriveGenius/DrivePulse.app/Contents/MacOS/DrivePulse(768)=100% /System/Library/PrivateFrameworks/SkyLight.framework/Resources/WindowServer(188)=36% /System/Library/ExtensionKit/Extensions/Monterey.appex/Contents/MacOS/Monterey(77762)=11%]
LEG round=jstage2b rep=2 m=6144 arm=s2off wall=5.97 cpu=91.129 cpu_over_wall=15.26 peak_mb=6538.5 rc=0 restored=32/32 damaged_members=32 blocks_written=6144 strays=32 seed=20303921 stage1=whole/demand, stripe 256w stage2=FALLBACK foreign_cpu=162.6 errlen=1377 ts=2026-09-11T14:03:42Z
LEG round=jstage2b rep=2 m=6656 arm=s2aa wall=6.172 cpu=94.727 cpu_over_wall=15.35 peak_mb=6700.6 rc=0 restored=32/32 damaged_members=32 blocks_written=6656 strays=32 seed=20307505 stage1=whole/demand, stripe 256w stage2=FALLBACK foreign_cpu=77.6 errlen=1377 ts=2026-09-11T14:03:57Z
LEG round=jstage2b rep=2 m=6656 arm=s2on wall=6.053 cpu=93.0 cpu_over_wall=15.36 peak_mb=6699.5 rc=0 restored=32/32 damaged_members=32 blocks_written=6656 strays=32 seed=20307505 stage1=whole/demand, stripe 256w stage2=factor foreign_cpu=54.6 errlen=1347 ts=2026-09-11T14:04:12Z
LEG round=jstage2b rep=2 m=6656 arm=s2off wall=6.043 cpu=94.084 cpu_over_wall=15.57 peak_mb=6700.7 rc=0 restored=32/32 damaged_members=32 blocks_written=6656 strays=32 seed=20307505 stage1=whole/demand, stripe 256w stage2=FALLBACK foreign_cpu=49.8 errlen=1377 ts=2026-09-11T14:04:26Z
LEG round=jstage2b rep=2 m=7168 arm=s2aa wall=6.221 cpu=95.866 cpu_over_wall=15.41 peak_mb=6859.5 rc=0 restored=32/32 damaged_members=32 blocks_written=7168 strays=32 seed=20311089 stage1=whole/demand, stripe 256w stage2=FALLBACK foreign_cpu=76.2 errlen=1377 ts=2026-09-11T14:04:41Z
LEG round=jstage2b rep=2 m=7168 arm=s2on wall=6.084 cpu=94.208 cpu_over_wall=15.48 peak_mb=6863.1 rc=0 restored=32/32 damaged_members=32 blocks_written=7168 strays=32 seed=20311089 stage1=whole/demand, stripe 256w stage2=factor foreign_cpu=55.2 errlen=1347 ts=2026-09-11T14:04:56Z
WARN-FOREIGN-CPU at=r2-m7168-s2off foreign_cpu=78% ceiling=200% top=[/System/Library/PrivateFrameworks/SkyLight.framework/Resources/WindowServer(188)=48% /System/Library/ExtensionKit/Extensions/Monterey.appex/Contents/MacOS/Monterey(77762)=11% /Library/Application Support/DriveGenius/drivegeniusd(1082)=11% /Applications/TG Pro.app/Contents/MacOS/TG Pro(798)=8%]
LEG round=jstage2b rep=2 m=7168 arm=s2off wall=6.319 cpu=95.957 cpu_over_wall=15.19 peak_mb=6858.1 rc=0 restored=32/32 damaged_members=32 blocks_written=7168 strays=32 seed=20311089 stage1=whole/demand, stripe 256w stage2=FALLBACK foreign_cpu=78.3 errlen=1377 ts=2026-09-11T14:05:11Z
WARN-FOREIGN-CPU at=r2-m7680-s2aa foreign_cpu=148% ceiling=200% top=[/Library/Application Support/DriveGenius/DrivePulse.app/Contents/MacOS/DrivePulse(768)=100% /System/Library/PrivateFrameworks/SkyLight.framework/Resources/WindowServer(188)=36% /System/Library/ExtensionKit/Extensions/Monterey.appex/Contents/MacOS/Monterey(77762)=11%]
LEG round=jstage2b rep=2 m=7680 arm=s2aa wall=6.403 cpu=97.807 cpu_over_wall=15.28 peak_mb=7022.6 rc=0 restored=32/32 damaged_members=32 blocks_written=7680 strays=32 seed=20314673 stage1=whole/demand, stripe 256w stage2=FALLBACK foreign_cpu=152.0 errlen=1377 ts=2026-09-11T14:05:27Z
WARN-FOREIGN-CPU at=r2-m7680-s2on foreign_cpu=150% ceiling=200% top=[/Library/Application Support/DriveGenius/DrivePulse.app/Contents/MacOS/DrivePulse(768)=100% /System/Library/PrivateFrameworks/SkyLight.framework/Resources/WindowServer(188)=36% /System/Library/ExtensionKit/Extensions/Monterey.appex/Contents/MacOS/Monterey(77762)=11% /Library/SystemExtensions/7961A37B-E268-40BB-8187-36BB3D0934FB/io.tailscale.ipn.macsys.network-extension.systemextension/Contents/MacOS/io.tailscale.ipn.macsys.network-extension(98594)=2%]
LEG round=jstage2b rep=2 m=7680 arm=s2on wall=6.24 cpu=95.201 cpu_over_wall=15.26 peak_mb=7020.9 rc=0 restored=32/32 damaged_members=32 blocks_written=7680 strays=32 seed=20314673 stage1=whole/demand, stripe 256w stage2=factor foreign_cpu=150.5 errlen=1347 ts=2026-09-11T14:05:42Z
LEG round=jstage2b rep=2 m=7680 arm=s2off wall=6.636 cpu=97.877 cpu_over_wall=14.75 peak_mb=7019.2 rc=0 restored=32/32 damaged_members=32 blocks_written=7680 strays=32 seed=20314673 stage1=whole/demand, stripe 256w stage2=FALLBACK foreign_cpu=63.8 errlen=1377 ts=2026-09-11T14:05:58Z
WARN-FOREIGN-CPU at=r2-m8192-s2aa foreign_cpu=76% ceiling=200% top=[/System/Library/PrivateFrameworks/SkyLight.framework/Resources/WindowServer(188)=38% /System/Cryptexes/App/usr/libexec/SafariBookmarksSyncAgent(731)=20% /System/Library/ExtensionKit/Extensions/Monterey.appex/Contents/MacOS/Monterey(77762)=12% /Applications/TG Pro.app/Contents/MacOS/TG Pro(798)=4%]
LEG round=jstage2b rep=2 m=8192 arm=s2aa wall=6.633 cpu=99.534 cpu_over_wall=15.01 peak_mb=7176.9 rc=0 restored=32/32 damaged_members=32 blocks_written=8192 strays=32 seed=20318257 stage1=whole/demand, stripe 512w stage2=FALLBACK foreign_cpu=67.5 errlen=1378 ts=2026-09-11T14:06:14Z
WARN-FOREIGN-CPU at=r2-m8192-s2on foreign_cpu=151% ceiling=200% top=[/usr/libexec/signpost_reporter(69638)=95% /System/Library/PrivateFrameworks/SkyLight.framework/Resources/WindowServer(188)=37% /System/Library/ExtensionKit/Extensions/Monterey.appex/Contents/MacOS/Monterey(77762)=12% /Library/Application Support/DriveGenius/drivegeniusd(1082)=5%]
LEG round=jstage2b rep=2 m=8192 arm=s2on wall=6.495 cpu=97.408 cpu_over_wall=15.0 peak_mb=7177.2 rc=0 restored=32/32 damaged_members=32 blocks_written=8192 strays=32 seed=20318257 stage1=whole/demand, stripe 512w stage2=factor foreign_cpu=151.1 errlen=1348 ts=2026-09-11T14:06:30Z
WARN-FOREIGN-CPU at=r2-m8192-s2off foreign_cpu=152% ceiling=200% top=[/usr/libexec/signpost_reporter(69638)=94% /System/Library/PrivateFrameworks/SkyLight.framework/Resources/WindowServer(188)=37% /System/Library/ExtensionKit/Extensions/Monterey.appex/Contents/MacOS/Monterey(77762)=12% /Library/Application Support/DriveGenius/drivegeniusd(1082)=3%]
LEG round=jstage2b rep=2 m=8192 arm=s2off wall=6.598 cpu=98.764 cpu_over_wall=14.97 peak_mb=7247.0 rc=0 restored=32/32 damaged_members=32 blocks_written=8192 strays=32 seed=20318257 stage1=whole/demand, stripe 512w stage2=FALLBACK foreign_cpu=154.2 errlen=1378 ts=2026-09-11T14:06:46Z
WARN-FOREIGN-CPU at=r2-m16384-s2aa foreign_cpu=188% ceiling=200% top=[/usr/libexec/signpost_reporter(69638)=92% /System/Library/PrivateFrameworks/SkyLight.framework/Resources/WindowServer(188)=47% /System/Library/CoreServices/loginwindow.app/Contents/MacOS/loginwindow(191)=26% /System/Library/ExtensionKit/Extensions/Monterey.appex/Contents/MacOS/Monterey(77762)=10%]
LEG round=jstage2b rep=2 m=16384 arm=s2aa wall=13.606 cpu=170.974 cpu_over_wall=12.57 peak_mb=9471.3 rc=0 restored=32/32 damaged_members=32 blocks_written=16384 strays=32 seed=20375601 stage1=whole/demand, stripe 512w stage2=FALLBACK foreign_cpu=206.5 errlen=1285 ts=2026-09-11T14:07:15Z
WARN-FOREIGN-CPU at=r2-m16384-s2on foreign_cpu=148% ceiling=200% top=[/usr/libexec/signpost_reporter(69638)=95% /System/Library/PrivateFrameworks/SkyLight.framework/Resources/WindowServer(188)=40% /System/Library/ExtensionKit/Extensions/Monterey.appex/Contents/MacOS/Monterey(77762)=14%]
LEG round=jstage2b rep=2 m=16384 arm=s2on wall=12.89 cpu=155.909 cpu_over_wall=12.1 peak_mb=9393.8 rc=0 restored=32/32 damaged_members=32 blocks_written=16384 strays=32 seed=20375601 stage1=whole/demand, stripe 512w stage2=factor foreign_cpu=157.3 errlen=1253 ts=2026-09-11T14:07:41Z
WARN-FOREIGN-CPU at=r2-m16384-s2off foreign_cpu=162% ceiling=200% top=[/usr/libexec/signpost_reporter(69638)=94% /System/Library/PrivateFrameworks/SkyLight.framework/Resources/WindowServer(188)=42% /System/Library/ExtensionKit/Extensions/Monterey.appex/Contents/MacOS/Monterey(77762)=14% /Library/Application Support/DriveGenius/drivegeniusd(1082)=6%]
LEG round=jstage2b rep=2 m=16384 arm=s2off wall=13.589 cpu=170.209 cpu_over_wall=12.53 peak_mb=9459.2 rc=0 restored=32/32 damaged_members=32 blocks_written=16384 strays=32 seed=20375601 stage1=whole/demand, stripe 512w stage2=FALLBACK foreign_cpu=156.2 errlen=1285 ts=2026-09-11T14:08:09Z
JCROSS-REP-END rep=2 2026-09-11T14:08:12Z
WARN-FOREIGN-CPU at=r3-m2048-s2off foreign_cpu=122% ceiling=200% top=[/usr/libexec/signpost_reporter(69638)=42% /System/Library/PrivateFrameworks/SkyLight.framework/Resources/WindowServer(188)=42% /System/Library/ExtensionKit/Extensions/Monterey.appex/Contents/MacOS/Monterey(77762)=12% /Applications/TG Pro.app/Contents/MacOS/TG Pro(798)=11%]
LEG round=jstage2b rep=3 m=2048 arm=s2off wall=3.696 cpu=59.911 cpu_over_wall=16.21 peak_mb=6133.5 rc=0 restored=32/32 damaged_members=32 blocks_written=2048 strays=32 seed=20275250 stage1=whole/demand, stripe 512w stage2=FALLBACK foreign_cpu=122.1 errlen=1393 ts=2026-09-11T14:08:19Z
WARN-FOREIGN-CPU at=r3-m2048-s2on foreign_cpu=154% ceiling=200% top=[/usr/libexec/signpost_reporter(69638)=95% /System/Library/PrivateFrameworks/SkyLight.framework/Resources/WindowServer(188)=37% /System/Library/ExtensionKit/Extensions/Monterey.appex/Contents/MacOS/Monterey(77762)=12% /Library/Application Support/DriveGenius/drivegeniusd(1082)=9%]
LEG round=jstage2b rep=3 m=2048 arm=s2on wall=4.025 cpu=65.779 cpu_over_wall=16.34 peak_mb=6125.4 rc=0 restored=32/32 damaged_members=32 blocks_written=2048 strays=32 seed=20275250 stage1=whole/demand, stripe 512w stage2=factor foreign_cpu=149.4 errlen=1353 ts=2026-09-11T14:08:28Z
WARN-FOREIGN-CPU at=r3-m2048-s2aa foreign_cpu=146% ceiling=200% top=[/usr/libexec/signpost_reporter(69638)=94% /System/Library/PrivateFrameworks/SkyLight.framework/Resources/WindowServer(188)=38% /System/Library/ExtensionKit/Extensions/Monterey.appex/Contents/MacOS/Monterey(77762)=12% /Applications/Opal.app/Contents/XPCServices/OpalCameraDeviceService.xpc/Contents/MacOS/OpalCameraDeviceService(856)=1%]
LEG round=jstage2b rep=3 m=2048 arm=s2aa wall=3.761 cpu=60.085 cpu_over_wall=15.98 peak_mb=6049.4 rc=0 restored=32/32 damaged_members=32 blocks_written=2048 strays=32 seed=20275250 stage1=whole/demand, stripe 512w stage2=FALLBACK foreign_cpu=145.5 errlen=1393 ts=2026-09-11T14:08:37Z
WARN-FOREIGN-CPU at=r3-m4096-s2off foreign_cpu=148% ceiling=200% top=[/usr/libexec/signpost_reporter(69638)=94% /System/Library/PrivateFrameworks/SkyLight.framework/Resources/WindowServer(188)=37% /System/Library/ExtensionKit/Extensions/Monterey.appex/Contents/MacOS/Monterey(77762)=12% /Library/Application Support/DriveGenius/drivegeniusd(1082)=4%]
LEG round=jstage2b rep=3 m=4096 arm=s2off wall=4.698 cpu=73.906 cpu_over_wall=15.73 peak_mb=5884.8 rc=0 restored=32/32 damaged_members=32 blocks_written=4096 strays=32 seed=20289586 stage1=whole/demand, stripe 512w stage2=FALLBACK foreign_cpu=148.5 errlen=1377 ts=2026-09-11T14:08:49Z
WARN-FOREIGN-CPU at=r3-m4096-s2on foreign_cpu=161% ceiling=200% top=[/usr/libexec/signpost_reporter(69638)=91% /System/Library/PrivateFrameworks/SkyLight.framework/Resources/WindowServer(188)=39% /System/Library/ExtensionKit/Extensions/Monterey.appex/Contents/MacOS/Monterey(77762)=13% /usr/libexec/ApplicationFirewall/socketfilterfw(226)=8%]
LEG round=jstage2b rep=3 m=4096 arm=s2on wall=4.936 cpu=77.831 cpu_over_wall=15.77 peak_mb=6855.1 rc=0 restored=32/32 damaged_members=32 blocks_written=4096 strays=32 seed=20289586 stage1=whole/demand, stripe 512w stage2=factor foreign_cpu=156.0 errlen=1347 ts=2026-09-11T14:09:00Z
BOX-BUSY foreign_cpu=276% ceiling=200% cores=20 top=[/Library/Application Support/DriveGenius/DrivePulse.app/Contents/MacOS/DrivePulse(768)=100% /usr/libexec/signpost_reporter(69638)=92% /System/Library/PrivateFrameworks/SkyLight.framework/Resources/WindowServer(188)=40% /System/Library/ExtensionKit/Extensions/Monterey.appex/Contents/MacOS/Monterey(77762)=12%]
ABORT-LOAD at=r3-m4096-s2aa ts=2026-09-11T14:09:07Z
RIG-LOCK-RELEASED <rig>/.parfast-rig.lock
