RIG-LOCK-TAKEN <rig>/.parfast-rig.lock pid=44890
WARN-FOREIGN-CPU at=round-start foreign_cpu=132% ceiling=200% top=[/System/Library/PrivateFrameworks/SkyLight.framework/Resources/WindowServer(188)=46% /System/Library/CoreServices/loginwindow.app/Contents/MacOS/loginwindow(191)=28% <app> Pro.app/Contents/MacOS/TG Pro(798)=15% /System/Library/ExtensionKit/Extensions/Monterey.appex/Contents/MacOS/Monterey(77762)=14%]
MVFY-START 2026-09-11T07:28:00Z
BOX host=apple-m1-ultra-64gb cpu=Apple M1 Ultra cores=20 ram_gb=64.0 os=macOS 26.6 free_gb=150.6
BIN parfast sha256=6f48b8ad63379fa34945014da6c5a79c32053926425fb7525612bcd1fc6c246b bytes=2806688 version=parfast version 1.5.0-beta.1 built from d457c44c3aa2
BIN par2turbo sha256=f15cc37cd102f9fd64bbe6adb84d9f4009406bea86e8748dbfca2f85d37d3a31 bytes=624712 version=par2cmdline-turbo version 1.5.0 built from ?
PROTOCOL sizes_gib=[10, 40, 56, 72, 96] onefile_gib=20 redundancy_pct=10 threads=20 reps=2 ram_gib=64 prediction=cliff-moves-with-RAM-and-is-muted-by-a-fast-ssd
VSET label=n10 size_gib=10 files=10 slice=768000 blocks=13990 create_wall=7.305 create_rc=0 recovery_mb=1042 par2files=12
VERIFY round=m1vfy64 label=n10 size_gib=10 files=10 slice=768000 rep=1 tool=parfast argv='v -q -t20 -T10 pub.par2' wall=1.77 cpu=17.111 cpu_over_wall=9.67 peak_mb=26.5 rc=0 gb_per_s=6.07 foreign_cpu=48.3 errlen=0 ts=2026-09-11T07:34:06Z
VERIFY round=m1vfy64 label=n10 size_gib=10 files=10 slice=768000 rep=1 tool=par2turbo argv='v -q -t20 -T10 pub.par2' wall=3.373 cpu=19.032 cpu_over_wall=5.64 peak_mb=12.5 rc=0 gb_per_s=3.18 foreign_cpu=60.0 errlen=0 ts=2026-09-11T07:34:10Z
WARN-FOREIGN-CPU at=v-n10-parfast-r2 foreign_cpu=160% ceiling=200% top=[/usr/bin/top(45198)=80% /System/Library/PrivateFrameworks/SkyLight.framework/Resources/WindowServer(188)=37% com.macpaw.CleanMyMac4.HealthMonitor(769)=18% /System/Library/ExtensionKit/Extensions/Monterey.appex/Contents/MacOS/Monterey(77762)=11%]
VERIFY round=m1vfy64 label=n10 size_gib=10 files=10 slice=768000 rep=2 tool=parfast argv='v -q -t20 -T10 pub.par2' wall=1.765 cpu=17.23 cpu_over_wall=9.76 peak_mb=26.6 rc=0 gb_per_s=6.08 foreign_cpu=162.0 errlen=0 ts=2026-09-11T07:34:13Z
VERIFY round=m1vfy64 label=n10 size_gib=10 files=10 slice=768000 rep=2 tool=par2turbo argv='v -q -t20 -T10 pub.par2' wall=3.37 cpu=18.949 cpu_over_wall=5.62 peak_mb=12.5 rc=0 gb_per_s=3.19 foreign_cpu=62.1 errlen=0 ts=2026-09-11T07:34:18Z
SIZE-DONE n10 2026-09-11T07:34:18Z
VSET label=n40 size_gib=40 files=40 slice=1311044 blocks=32760 create_wall=22.168 create_rc=0 recovery_mb=4146 par2files=13
WARN-FOREIGN-CPU at=v-n40-parfast-r1 foreign_cpu=176% ceiling=200% top=[/usr/libexec/ReportMemoryException(45220)=93% /System/Library/PrivateFrameworks/SkyLight.framework/Resources/WindowServer(188)=46% <app> Pro.app/Contents/MacOS/TG Pro(798)=18% /System/Library/ExtensionKit/Extensions/Monterey.appex/Contents/MacOS/Monterey(77762)=11%]
VERIFY round=m1vfy64 label=n40 size_gib=40 files=40 slice=1311044 rep=1 tool=parfast argv='v -q -t20 -T20 pub.par2' wall=3.936 cpu=73.055 cpu_over_wall=18.56 peak_mb=62.6 rc=0 gb_per_s=10.91 foreign_cpu=172.4 errlen=0 ts=2026-09-11T07:34:49Z
WARN-FOREIGN-CPU at=v-n40-par2turbo-r1 foreign_cpu=148% ceiling=200% top=[/usr/libexec/ReportMemoryException(45220)=93% /System/Library/PrivateFrameworks/SkyLight.framework/Resources/WindowServer(188)=39% /System/Library/ExtensionKit/Extensions/Monterey.appex/Contents/MacOS/Monterey(77762)=11% <app> Pro.app/Contents/MacOS/TG Pro(798)=4%]
VERIFY round=m1vfy64 label=n40 size_gib=40 files=40 slice=1311044 rep=1 tool=par2turbo argv='v -q -t20 -T20 pub.par2' wall=10.519 cpu=82.04 cpu_over_wall=7.8 peak_mb=34.8 rc=0 gb_per_s=4.08 foreign_cpu=147.9 errlen=0 ts=2026-09-11T07:35:03Z
WARN-FOREIGN-CPU at=v-n40-parfast-r2 foreign_cpu=168% ceiling=200% top=[/Library/Application Support/DriveGenius/DrivePulse.app/Contents/MacOS/DrivePulse(768)=100% /System/Library/PrivateFrameworks/SkyLight.framework/Resources/WindowServer(188)=36% /System/Cryptexes/App/usr/libexec/SafariBookmarksSyncAgent(731)=15% /System/Library/ExtensionKit/Extensions/Monterey.appex/Contents/MacOS/Monterey(77762)=11%]
VERIFY round=m1vfy64 label=n40 size_gib=40 files=40 slice=1311044 rep=2 tool=parfast argv='v -q -t20 -T20 pub.par2' wall=3.981 cpu=73.097 cpu_over_wall=18.36 peak_mb=62.5 rc=0 gb_per_s=10.79 foreign_cpu=168.5 errlen=0 ts=2026-09-11T07:35:12Z
WARN-FOREIGN-CPU at=v-n40-par2turbo-r2 foreign_cpu=169% ceiling=200% top=[/Library/Application Support/DriveGenius/DrivePulse.app/Contents/MacOS/DrivePulse(768)=100% /System/Library/PrivateFrameworks/SkyLight.framework/Resources/WindowServer(188)=49% /System/Library/ExtensionKit/Extensions/Monterey.appex/Contents/MacOS/Monterey(77762)=10% <app> Pro.app/Contents/MacOS/TG Pro(798)=9%]
VERIFY round=m1vfy64 label=n40 size_gib=40 files=40 slice=1311044 rep=2 tool=par2turbo argv='v -q -t20 -T20 pub.par2' wall=10.72 cpu=82.35 cpu_over_wall=7.68 peak_mb=34.8 rc=0 gb_per_s=4.01 foreign_cpu=169.5 errlen=0 ts=2026-09-11T07:35:27Z
SIZE-DONE n40 2026-09-11T07:35:27Z
WARN-FOREIGN-CPU at=create-n56 foreign_cpu=132% ceiling=200% top=[/Library/Application Support/DriveGenius/DrivePulse.app/Contents/MacOS/DrivePulse(768)=76% /System/Library/PrivateFrameworks/SkyLight.framework/Resources/WindowServer(188)=27% /System/Library/ExtensionKit/Extensions/Monterey.appex/Contents/MacOS/Monterey(77762)=9% /System/Library/Frameworks/CoreServices.framework/Versions/A/Frameworks/Metadata.framework/Versions/A/Support/mds(144)=5%]
VSET label=n56 size_gib=56 files=56 slice=1835460 blocks=32760 create_wall=56.262 create_rc=0 recovery_mb=5784 par2files=13
VERIFY round=m1vfy64 label=n56 size_gib=56 files=56 slice=1835460 rep=1 tool=parfast argv='v -q -t20 -T20 pub.par2' wall=6.377 cpu=104.214 cpu_over_wall=16.34 peak_mb=66.3 rc=0 gb_per_s=9.43 foreign_cpu=57.5 errlen=0 ts=2026-09-11T07:36:40Z
VERIFY round=m1vfy64 label=n56 size_gib=56 files=56 slice=1835460 rep=1 tool=par2turbo argv='v -q -t20 -T20 pub.par2' wall=16.807 cpu=115.553 cpu_over_wall=6.88 peak_mb=44.6 rc=0 gb_per_s=3.58 foreign_cpu=55.8 errlen=0 ts=2026-09-11T07:37:05Z
WARN-FOREIGN-CPU at=v-n56-parfast-r2 foreign_cpu=162% ceiling=200% top=[/Library/Application Support/DriveGenius/DrivePulse.app/Contents/MacOS/DrivePulse(768)=99% /System/Library/PrivateFrameworks/SkyLight.framework/Resources/WindowServer(188)=34% /usr/libexec/PerfPowerServices(3996)=12% /System/Library/ExtensionKit/Extensions/Monterey.appex/Contents/MacOS/Monterey(77762)=10%]
VERIFY round=m1vfy64 label=n56 size_gib=56 files=56 slice=1835460 rep=2 tool=parfast argv='v -q -t20 -T20 pub.par2' wall=6.587 cpu=104.116 cpu_over_wall=15.81 peak_mb=65.6 rc=0 gb_per_s=9.13 foreign_cpu=161.8 errlen=0 ts=2026-09-11T07:37:22Z
WARN-FOREIGN-CPU at=v-n56-par2turbo-r2 foreign_cpu=153% ceiling=200% top=[/Library/Application Support/DriveGenius/DrivePulse.app/Contents/MacOS/DrivePulse(768)=100% /System/Library/PrivateFrameworks/SkyLight.framework/Resources/WindowServer(188)=30% /System/Library/ExtensionKit/Extensions/Monterey.appex/Contents/MacOS/Monterey(77762)=10% /usr/libexec/corecaptured(45167)=7%]
VERIFY round=m1vfy64 label=n56 size_gib=56 files=56 slice=1835460 rep=2 tool=par2turbo argv='v -q -t20 -T20 pub.par2' wall=16.691 cpu=117.59 cpu_over_wall=7.05 peak_mb=44.6 rc=0 gb_per_s=3.60 foreign_cpu=152.8 errlen=0 ts=2026-09-11T07:37:47Z
SIZE-DONE n56 2026-09-11T07:37:47Z
VSET label=n72 size_gib=72 files=72 slice=2359876 blocks=32760 create_wall=123.556 create_rc=0 recovery_mb=7423 par2files=13
VERIFY round=m1vfy64 label=n72 size_gib=72 files=72 slice=2359876 rep=1 tool=parfast argv='v -q -t20 -T20 pub.par2' wall=9.235 cpu=134.256 cpu_over_wall=14.54 peak_mb=65.2 rc=0 gb_per_s=8.37 foreign_cpu=63.3 errlen=0 ts=2026-09-11T07:40:14Z
VERIFY round=m1vfy64 label=n72 size_gib=72 files=72 slice=2359876 rep=1 tool=par2turbo argv='v -q -t20 -T20 pub.par2' wall=23.0 cpu=146.504 cpu_over_wall=6.37 peak_mb=54.7 rc=0 gb_per_s=3.36 foreign_cpu=43.2 errlen=0 ts=2026-09-11T07:40:49Z
VERIFY round=m1vfy64 label=n72 size_gib=72 files=72 slice=2359876 rep=2 tool=parfast argv='v -q -t20 -T20 pub.par2' wall=9.272 cpu=134.189 cpu_over_wall=14.47 peak_mb=64.8 rc=0 gb_per_s=8.34 foreign_cpu=50.4 errlen=0 ts=2026-09-11T07:41:13Z
WARN-FOREIGN-CPU at=v-n72-par2turbo-r2 foreign_cpu=142% ceiling=200% top=[/Library/Application Support/DriveGenius/DrivePulse.app/Contents/MacOS/DrivePulse(768)=100% /System/Library/PrivateFrameworks/SkyLight.framework/Resources/WindowServer(188)=31% /System/Library/ExtensionKit/Extensions/Monterey.appex/Contents/MacOS/Monterey(77762)=10% /Library/SystemExtensions/7961A37B-E268-40BB-8187-36BB3D0934FB/io.tailscale.ipn.macsys.network-extension.systemextension/Contents/MacOS/io.tailscale.ipn.macsys.network-extension(98594)=1%]
VERIFY round=m1vfy64 label=n72 size_gib=72 files=72 slice=2359876 rep=2 tool=par2turbo argv='v -q -t20 -T20 pub.par2' wall=23.34 cpu=146.98 cpu_over_wall=6.3 peak_mb=54.6 rc=0 gb_per_s=3.31 foreign_cpu=139.4 errlen=0 ts=2026-09-11T07:41:49Z
SIZE-DONE n72 2026-09-11T07:41:49Z
WARN-FOREIGN-CPU at=create-n96 foreign_cpu=112% ceiling=200% top=[/System/Library/PrivateFrameworks/SkyLight.framework/Resources/WindowServer(188)=36% /usr/libexec/airportd(223)=26% /System/Cryptexes/App/usr/libexec/SafariBookmarksSyncAgent(731)=14% /System/Library/ExtensionKit/Extensions/Monterey.appex/Contents/MacOS/Monterey(77762)=10%]
VSET label=n96 size_gib=96 files=96 slice=3148804 blocks=32736 create_wall=207.411 create_rc=0 recovery_mb=9882 par2files=13
WARN-FOREIGN-CPU at=v-n96-parfast-r1 foreign_cpu=164% ceiling=200% top=[/Library/Application Support/DriveGenius/DrivePulse.app/Contents/MacOS/DrivePulse(768)=100% /System/Library/PrivateFrameworks/SkyLight.framework/Resources/WindowServer(188)=44% /System/Library/ExtensionKit/Extensions/Monterey.appex/Contents/MacOS/Monterey(77762)=11% <app> Pro.app/Contents/MacOS/TG Pro(798)=8%]
VERIFY round=m1vfy64 label=n96 size_gib=96 files=96 slice=3148804 rep=1 tool=parfast argv='v -q -t20 -T20 pub.par2' wall=13.653 cpu=177.989 cpu_over_wall=13.04 peak_mb=65.4 rc=0 gb_per_s=7.55 foreign_cpu=163.6 errlen=0 ts=2026-09-11T07:45:50Z
VERIFY round=m1vfy64 label=n96 size_gib=96 files=96 slice=3148804 rep=1 tool=par2turbo argv='v -q -t20 -T20 pub.par2' wall=30.707 cpu=197.898 cpu_over_wall=6.44 peak_mb=69.6 rc=0 gb_per_s=3.36 foreign_cpu=51.2 errlen=0 ts=2026-09-11T07:46:40Z
WARN-FOREIGN-CPU at=v-n96-parfast-r2 foreign_cpu=80% ceiling=200% top=[/System/Library/PrivateFrameworks/SkyLight.framework/Resources/WindowServer(188)=45% /System/Library/CoreServices/loginwindow.app/Contents/MacOS/loginwindow(191)=26% /System/Library/ExtensionKit/Extensions/Monterey.appex/Contents/MacOS/Monterey(77762)=10%]
VERIFY round=m1vfy64 label=n96 size_gib=96 files=96 slice=3148804 rep=2 tool=parfast argv='v -q -t20 -T20 pub.par2' wall=13.512 cpu=178.045 cpu_over_wall=13.18 peak_mb=64.6 rc=0 gb_per_s=7.63 foreign_cpu=82.7 errlen=0 ts=2026-09-11T07:47:14Z
WARN-FOREIGN-CPU at=v-n96-par2turbo-r2 foreign_cpu=176% ceiling=200% top=[/Library/Application Support/DriveGenius/DrivePulse.app/Contents/MacOS/DrivePulse(768)=100% /System/Library/PrivateFrameworks/SkyLight.framework/Resources/WindowServer(188)=35% /System/Library/Frameworks/CoreServices.framework/Versions/A/Frameworks/Metadata.framework/Versions/A/Support/corespotlightd(524)=11% /System/Library/ExtensionKit/Extensions/Monterey.appex/Contents/MacOS/Monterey(77762)=11%]
VERIFY round=m1vfy64 label=n96 size_gib=96 files=96 slice=3148804 rep=2 tool=par2turbo argv='v -q -t20 -T20 pub.par2' wall=30.944 cpu=198.203 cpu_over_wall=6.41 peak_mb=69.5 rc=0 gb_per_s=3.33 foreign_cpu=175.5 errlen=0 ts=2026-09-11T07:48:04Z
SIZE-DONE n96 2026-09-11T07:48:04Z
VSET label=one20 size_gib=20 files=1 slice=768000 blocks=27980 create_wall=33.854 create_rc=0 recovery_mb=2089 par2files=13
VERIFY round=m1vfy64 label=one20 size_gib=20 files=1 slice=768000 rep=1 tool=parfast argv='v -q -t20 -T1 pub.par2' wall=33.057 cpu=33.094 cpu_over_wall=1.0 peak_mb=47.4 rc=0 gb_per_s=0.65 foreign_cpu=53.2 errlen=0 ts=2026-09-11T07:49:29Z
VERIFY round=m1vfy64 label=one20 size_gib=20 files=1 slice=768000 rep=1 tool=par2turbo argv='v -q -t20 -T1 pub.par2' wall=36.765 cpu=36.763 cpu_over_wall=1.0 peak_mb=8.4 rc=0 gb_per_s=0.58 foreign_cpu=55.6 errlen=0 ts=2026-09-11T07:50:08Z
WARN-FOREIGN-CPU at=v-one20-parfast-r2 foreign_cpu=156% ceiling=200% top=[/Library/Application Support/DriveGenius/DrivePulse.app/Contents/MacOS/DrivePulse(768)=100% /System/Library/PrivateFrameworks/SkyLight.framework/Resources/WindowServer(188)=39% /System/Library/ExtensionKit/Extensions/Monterey.appex/Contents/MacOS/Monterey(77762)=10% <app> Pro.app/Contents/MacOS/TG Pro(798)=4%]
VERIFY round=m1vfy64 label=one20 size_gib=20 files=1 slice=768000 rep=2 tool=parfast argv='v -q -t20 -T1 pub.par2' wall=33.746 cpu=33.785 cpu_over_wall=1.0 peak_mb=47.4 rc=0 gb_per_s=0.64 foreign_cpu=237.1 errlen=0 ts=2026-09-11T07:50:45Z
VERIFY round=m1vfy64 label=one20 size_gib=20 files=1 slice=768000 rep=2 tool=par2turbo argv='v -q -t20 -T1 pub.par2' wall=36.652 cpu=36.649 cpu_over_wall=1.0 peak_mb=8.4 rc=0 gb_per_s=0.59 foreign_cpu=56.5 errlen=0 ts=2026-09-11T07:51:24Z
SIZE-DONE one20 2026-09-11T07:51:24Z
MVFY-END 2026-09-11T07:51:24Z
RIG-LOCK-RELEASED <rig>/.parfast-rig.lock
