RIG-LOCK-TAKEN <rig>/.parfast-rig.lock pid=38182
WARN-FOREIGN-CPU at=round-start foreign_cpu=77% ceiling=180% top=[/System/Library/PrivateFrameworks/SkyLight.framework/Resources/WindowServer(617)=21% /System<app> Monitor.app/Contents/MacOS/Activity Monitor(6484)=11% /System/Library/ExtensionKit/Extensions/Ventura.appex/Contents/MacOS/Ventura(24891)=10% <app> Creative Cloud Experience/CCXProcess/CCXProcess.app/Contents/MacOS/Creative Cloud Content Manager.node(1743)=7%]
MVFY-START 2026-09-11T07:18:53Z
BOX host=apple-m5-max cpu=Apple M5 Max cores=18 ram_gb=128.0 os=macOS 27.0 free_gb=1584.4
BIN parfast sha256=5d0707ee7581f46ef06f84b27973fb85328ffc226c5a49fbcd93993609b1f571 bytes=2723536 version=parfast version 1.5.0-beta.1 built from 8b0b67ec4d15
BIN par2turbo sha256=f15cc37cd102f9fd64bbe6adb84d9f4009406bea86e8748dbfca2f85d37d3a31 bytes=624712 version=par2cmdline-turbo version 1.5.0 built from ?
PROTOCOL sizes_gib=[10, 40, 80, 120, 160, 200] onefile_gib=20 redundancy_pct=10 threads=18 reps=2 ram_gib=128 prediction=cliff-moves-with-RAM-and-is-muted-by-a-fast-ssd
WARN-FOREIGN-CPU at=create-n10 foreign_cpu=62% ceiling=180% top=[/System/Library/PrivateFrameworks/SkyLight.framework/Resources/WindowServer(617)=19% /System<app> Monitor.app/Contents/MacOS/Activity Monitor(6484)=15% /System/Library/ExtensionKit/Extensions/Ventura.appex/Contents/MacOS/Ventura(24891)=8% /System/Library/PrivateFrameworks/Ecosystem.framework/Support/ecosystemd(998)=7%]
VSET label=n10 size_gib=10 files=10 slice=768000 blocks=13990 create_wall=6.183 create_rc=0 recovery_mb=1042 par2files=12
WARN-FOREIGN-CPU at=v-n10-parfast-r1 foreign_cpu=146% ceiling=180% top=[/usr/libexec/runningboardd(622)=51% /usr/libexec/PerfPowerServices(603)=47% /System/Library/PrivateFrameworks/SkyLight.framework/Resources/WindowServer(617)=19% /System/Library/ExtensionKit/Extensions/Ventura.appex/Contents/MacOS/Ventura(24891)=8%]
VERIFY round=m5vfy label=n10 size_gib=10 files=10 slice=768000 rep=1 tool=parfast argv='v -q -t18 -T10 pub.par2' wall=1.236 cpu=12.093 cpu_over_wall=9.78 peak_mb=26.1 rc=0 gb_per_s=8.69 foreign_cpu=143.3 errlen=0 ts=2026-09-11T07:26:48Z
VERIFY round=m5vfy label=n10 size_gib=10 files=10 slice=768000 rep=1 tool=par2turbo argv='v -q -t18 -T10 pub.par2' wall=2.416 cpu=13.693 cpu_over_wall=5.67 peak_mb=12.8 rc=0 gb_per_s=4.44 foreign_cpu=33.0 errlen=0 ts=2026-09-11T07:26:51Z
VERIFY round=m5vfy label=n10 size_gib=10 files=10 slice=768000 rep=2 tool=parfast argv='v -q -t18 -T10 pub.par2' wall=1.245 cpu=12.1 cpu_over_wall=9.72 peak_mb=26.1 rc=0 gb_per_s=8.62 foreign_cpu=38.2 errlen=0 ts=2026-09-11T07:26:53Z
VERIFY round=m5vfy label=n10 size_gib=10 files=10 slice=768000 rep=2 tool=par2turbo argv='v -q -t18 -T10 pub.par2' wall=2.414 cpu=13.713 cpu_over_wall=5.68 peak_mb=12.8 rc=0 gb_per_s=4.45 foreign_cpu=30.5 errlen=0 ts=2026-09-11T07:26:56Z
SIZE-DONE n10 2026-09-11T07:26:56Z
VSET label=n40 size_gib=40 files=40 slice=1311044 blocks=32760 create_wall=15.246 create_rc=0 recovery_mb=4146 par2files=13
VERIFY round=m5vfy label=n40 size_gib=40 files=40 slice=1311044 rep=1 tool=parfast argv='v -q -t18 -T18 pub.par2' wall=3.721 cpu=48.54 cpu_over_wall=13.04 peak_mb=61.3 rc=0 gb_per_s=11.54 foreign_cpu=40.7 errlen=0 ts=2026-09-11T07:27:16Z
VERIFY round=m5vfy label=n40 size_gib=40 files=40 slice=1311044 rep=1 tool=par2turbo argv='v -q -t18 -T18 pub.par2' wall=8.607 cpu=56.161 cpu_over_wall=6.53 peak_mb=32.4 rc=0 gb_per_s=4.99 foreign_cpu=39.8 errlen=0 ts=2026-09-11T07:27:26Z
VERIFY round=m5vfy label=n40 size_gib=40 files=40 slice=1311044 rep=2 tool=parfast argv='v -q -t18 -T18 pub.par2' wall=3.755 cpu=48.542 cpu_over_wall=12.93 peak_mb=61.2 rc=0 gb_per_s=11.44 foreign_cpu=31.8 errlen=0 ts=2026-09-11T07:27:31Z
VERIFY round=m5vfy label=n40 size_gib=40 files=40 slice=1311044 rep=2 tool=par2turbo argv='v -q -t18 -T18 pub.par2' wall=8.591 cpu=56.11 cpu_over_wall=6.53 peak_mb=32.3 rc=0 gb_per_s=5.00 foreign_cpu=30.2 errlen=0 ts=2026-09-11T07:27:41Z
SIZE-DONE n40 2026-09-11T07:27:41Z
VSET label=n80 size_gib=80 files=80 slice=2625288 blocks=32720 create_wall=34.409 create_rc=0 recovery_mb=8242 par2files=13
VERIFY round=m5vfy label=n80 size_gib=80 files=80 slice=2625288 rep=1 tool=parfast argv='v -q -t18 -T18 pub.par2' wall=6.223 cpu=97.121 cpu_over_wall=15.61 peak_mb=62.6 rc=0 gb_per_s=13.80 foreign_cpu=28.9 errlen=0 ts=2026-09-11T07:28:25Z
VERIFY round=m5vfy label=n80 size_gib=80 files=80 slice=2625288 rep=1 tool=par2turbo argv='v -q -t18 -T18 pub.par2' wall=15.931 cpu=112.68 cpu_over_wall=7.07 peak_mb=54.8 rc=0 gb_per_s=5.39 foreign_cpu=29.9 errlen=0 ts=2026-09-11T07:28:44Z
VERIFY round=m5vfy label=n80 size_gib=80 files=80 slice=2625288 rep=2 tool=parfast argv='v -q -t18 -T18 pub.par2' wall=6.218 cpu=97.091 cpu_over_wall=15.61 peak_mb=61.9 rc=0 gb_per_s=13.81 foreign_cpu=30.1 errlen=0 ts=2026-09-11T07:28:53Z
VERIFY round=m5vfy label=n80 size_gib=80 files=80 slice=2625288 rep=2 tool=par2turbo argv='v -q -t18 -T18 pub.par2' wall=15.691 cpu=112.183 cpu_over_wall=7.15 peak_mb=54.8 rc=0 gb_per_s=5.47 foreign_cpu=29.7 errlen=0 ts=2026-09-11T07:29:12Z
SIZE-DONE n80 2026-09-11T07:29:12Z
VSET label=n120 size_gib=120 files=120 slice=3933124 blocks=32760 create_wall=76.176 create_rc=0 recovery_mb=12339 par2files=13
VERIFY round=m5vfy label=n120 size_gib=120 files=120 slice=3933124 rep=1 tool=parfast argv='v -q -t18 -T18 pub.par2' wall=9.186 cpu=150.086 cpu_over_wall=16.34 peak_mb=65.8 rc=0 gb_per_s=14.03 foreign_cpu=27.3 errlen=0 ts=2026-09-11T07:30:46Z
VERIFY round=m5vfy label=n120 size_gib=120 files=120 slice=3933124 rep=1 tool=par2turbo argv='v -q -t18 -T18 pub.par2' wall=23.524 cpu=175.966 cpu_over_wall=7.48 peak_mb=77.2 rc=0 gb_per_s=5.48 foreign_cpu=56.7 errlen=0 ts=2026-09-11T07:31:17Z
WARN-FOREIGN-CPU at=v-n120-parfast-r2 foreign_cpu=148% ceiling=180% top=[/System/Library/Frameworks/CoreServices.framework/Versions/A/Frameworks/Metadata.framework/Versions/A/Support/corespotlightd(1312)=123% /System/Library/PrivateFrameworks/SkyLight.framework/Resources/WindowServer(617)=13% /System/Library/ExtensionKit/Extensions/Ventura.appex/Contents/MacOS/Ventura(24891)=6% /System/Library/ExtensionKit/Extensions/WallpaperAerialsExtension.appex/Contents/MacOS/WallpaperAerialsExtension(1407)=4%]
VERIFY round=m5vfy label=n120 size_gib=120 files=120 slice=3933124 rep=2 tool=parfast argv='v -q -t18 -T18 pub.par2' wall=9.252 cpu=150.045 cpu_over_wall=16.22 peak_mb=65.8 rc=0 gb_per_s=13.93 foreign_cpu=147.9 errlen=0 ts=2026-09-11T07:31:37Z
VERIFY round=m5vfy label=n120 size_gib=120 files=120 slice=3933124 rep=2 tool=par2turbo argv='v -q -t18 -T18 pub.par2' wall=23.642 cpu=176.411 cpu_over_wall=7.46 peak_mb=77.2 rc=0 gb_per_s=5.45 foreign_cpu=32.1 errlen=0 ts=2026-09-11T07:32:08Z
SIZE-DONE n120 2026-09-11T07:32:08Z
WARN-FOREIGN-CPU at=create-n160 foreign_cpu=136% ceiling=180% top=[/usr/libexec/biomesyncd(39239)=90% /usr/libexec/ReportMemoryException(39243)=15% /System/Library/PrivateFrameworks/SkyLight.framework/Resources/WindowServer(617)=14% /System/Library/ExtensionKit/Extensions/Ventura.appex/Contents/MacOS/Ventura(24891)=7%]
VSET label=n160 size_gib=160 files=160 slice=5263444 blocks=32640 create_wall=156.424 create_rc=0 recovery_mb=16435 par2files=13
WARN-FOREIGN-CPU at=v-n160-parfast-r1 foreign_cpu=66% ceiling=180% top=[/System/Library/PrivateFrameworks/SkyLight.framework/Resources/WindowServer(617)=18% /System<app> Monitor.app/Contents/MacOS/Activity Monitor(6484)=14% /System/Library/CoreServices/loginwindow.app/Contents/MacOS/loginwindow(621)=11% /usr/libexec/sysmond(791)=8%]
VERIFY round=m5vfy label=n160 size_gib=160 files=160 slice=5263444 rep=1 tool=parfast argv='v -q -t18 -T18 pub.par2' wall=12.255 cpu=205.067 cpu_over_wall=16.73 peak_mb=67.3 rc=0 gb_per_s=14.02 foreign_cpu=60.3 errlen=0 ts=2026-09-11T07:35:13Z
WARN-FOREIGN-CPU at=v-n160-par2turbo-r1 foreign_cpu=95% ceiling=180% top=[/System/Library/PrivateFrameworks/AppStoreDaemon.framework/Support/appstoreagent(1378)=16% /System/Library/PrivateFrameworks/SkyLight.framework/Resources/WindowServer(617)=15% /System/Library/CoreServices/SystemUIServer.app/Contents/MacOS/SystemUIServer(1500)=11% /System/Library/Frameworks/Security.framework/Versions/A/XPCServices/authd.xpc/Contents/MacOS/authd(692)=9%]
VERIFY round=m5vfy label=n160 size_gib=160 files=160 slice=5263444 rep=1 tool=par2turbo argv='v -q -t18 -T18 pub.par2' wall=31.601 cpu=239.281 cpu_over_wall=7.57 peak_mb=100.1 rc=0 gb_per_s=5.44 foreign_cpu=65.7 errlen=0 ts=2026-09-11T07:35:58Z
WARN-FOREIGN-CPU at=v-n160-parfast-r2 foreign_cpu=83% ceiling=180% top=[/Library/Apple/System/Library/CoreServices/XProtect.app/Contents/XPCServices/XProtectPluginService.xpc/Contents/MacOS/XProtectPluginService(2288)=18% /Library/Apple/System/Library/CoreServices/XProtect.app/Contents/XPCServices/XProtectPluginService.xpc/Contents/MacOS/XProtectPluginService(744)=15% /System/Library/PrivateFrameworks/SkyLight.framework/Resources/WindowServer(617)=14% /System/Library/ExtensionKit/Extensions/Ventura.appex/Contents/MacOS/Ventura(24891)=7%]
VERIFY round=m5vfy label=n160 size_gib=160 files=160 slice=5263444 rep=2 tool=parfast argv='v -q -t18 -T18 pub.par2' wall=12.291 cpu=205.073 cpu_over_wall=16.68 peak_mb=65.4 rc=0 gb_per_s=13.98 foreign_cpu=83.4 errlen=0 ts=2026-09-11T07:36:27Z
VERIFY round=m5vfy label=n160 size_gib=160 files=160 slice=5263444 rep=2 tool=par2turbo argv='v -q -t18 -T18 pub.par2' wall=31.71 cpu=239.907 cpu_over_wall=7.57 peak_mb=100.1 rc=0 gb_per_s=5.42 foreign_cpu=33.0 errlen=0 ts=2026-09-11T07:37:13Z
SIZE-DONE n160 2026-09-11T07:37:13Z
VSET label=n200 size_gib=200 files=200 slice=6587376 blocks=32600 create_wall=212.804 create_rc=0 recovery_mb=20532 par2files=13
VERIFY round=m5vfy label=n200 size_gib=200 files=200 slice=6587376 rep=1 tool=parfast argv='v -q -t18 -T18 pub.par2' wall=16.45 cpu=258.34 cpu_over_wall=15.7 peak_mb=68.4 rc=0 gb_per_s=13.05 foreign_cpu=47.5 errlen=0 ts=2026-09-11T07:41:23Z
VERIFY round=m5vfy label=n200 size_gib=200 files=200 slice=6587376 rep=1 tool=par2turbo argv='v -q -t18 -T18 pub.par2' wall=40.655 cpu=300.587 cpu_over_wall=7.39 peak_mb=122.9 rc=0 gb_per_s=5.28 foreign_cpu=24.0 errlen=0 ts=2026-09-11T07:42:22Z
WARN-FOREIGN-CPU at=v-n200-parfast-r2 foreign_cpu=139% ceiling=180% top=[/usr/libexec/biomesyncd(39924)=86% /System/Library/PrivateFrameworks/SkyLight.framework/Resources/WindowServer(617)=14% /System/Library/PrivateFrameworks/BiomeStreams.framework/Support/BiomeAgent(1138)=14% /usr/libexec/sysmond(791)=13%]
VERIFY round=m5vfy label=n200 size_gib=200 files=200 slice=6587376 rep=2 tool=parfast argv='v -q -t18 -T18 pub.par2' wall=16.545 cpu=258.407 cpu_over_wall=15.62 peak_mb=67.4 rc=0 gb_per_s=12.98 foreign_cpu=138.0 errlen=0 ts=2026-09-11T07:42:59Z
WARN-FOREIGN-CPU at=v-n200-par2turbo-r2 foreign_cpu=96% ceiling=180% top=[/usr/libexec/biomesyncd(39924)=47% /System/Library/PrivateFrameworks/BiomeStreams.framework/Support/BiomeAgent(1138)=22% /System/Library/PrivateFrameworks/SkyLight.framework/Resources/WindowServer(617)=15% /System/Library/ExtensionKit/Extensions/Ventura.appex/Contents/MacOS/Ventura(24891)=7%]
VERIFY round=m5vfy label=n200 size_gib=200 files=200 slice=6587376 rep=2 tool=par2turbo argv='v -q -t18 -T18 pub.par2' wall=41.475 cpu=303.46 cpu_over_wall=7.32 peak_mb=122.9 rc=0 gb_per_s=5.18 foreign_cpu=88.0 errlen=0 ts=2026-09-11T07:43:59Z
SIZE-DONE n200 2026-09-11T07:43:59Z
VSET label=one20 size_gib=20 files=1 slice=768000 blocks=27980 create_wall=25.82 create_rc=0 recovery_mb=2089 par2files=13
VERIFY round=m5vfy label=one20 size_gib=20 files=1 slice=768000 rep=1 tool=parfast argv='v -q -t18 -T1 pub.par2' wall=23.512 cpu=23.511 cpu_over_wall=1.0 peak_mb=47.7 rc=0 gb_per_s=0.91 foreign_cpu=29.5 errlen=0 ts=2026-09-11T07:44:56Z
VERIFY round=m5vfy label=one20 size_gib=20 files=1 slice=768000 rep=1 tool=par2turbo argv='v -q -t18 -T1 pub.par2' wall=26.346 cpu=26.32 cpu_over_wall=1.0 peak_mb=8.7 rc=0 gb_per_s=0.82 foreign_cpu=32.7 errlen=0 ts=2026-09-11T07:45:24Z
WARN-FOREIGN-CPU at=v-one20-parfast-r2 foreign_cpu=174% ceiling=180% top=[/System/Library/PrivateFrameworks/Ecosystem.framework/Support/ecosystemd(998)=44% /System/Library/PrivateFrameworks/EcosystemAnalytics.framework/Support/ecosystemanalyticsd(996)=35% /usr/libexec/trustd(650)=28% /System/Library/PrivateFrameworks/SkyLight.framework/Resources/WindowServer(617)=21%]
VERIFY round=m5vfy label=one20 size_gib=20 files=1 slice=768000 rep=2 tool=parfast argv='v -q -t18 -T1 pub.par2' wall=23.451 cpu=23.456 cpu_over_wall=1.0 peak_mb=47.8 rc=0 gb_per_s=0.92 foreign_cpu=172.1 errlen=0 ts=2026-09-11T07:45:48Z
VERIFY round=m5vfy label=one20 size_gib=20 files=1 slice=768000 rep=2 tool=par2turbo argv='v -q -t18 -T1 pub.par2' wall=26.05 cpu=26.024 cpu_over_wall=1.0 peak_mb=8.7 rc=0 gb_per_s=0.82 foreign_cpu=35.6 errlen=0 ts=2026-09-11T07:46:16Z
SIZE-DONE one20 2026-09-11T07:46:16Z
MVFY-END 2026-09-11T07:46:16Z
RIG-LOCK-RELEASED <rig>/.parfast-rig.lock
