RIG-LOCK-TAKEN <rig>/.parfast-rig.lock pid=40167
M5FAST-START 2026-09-11T07:46:16Z
BOX host=apple-m5-max cpu=Apple M5 Max cores=18 ram_gb=128.0 os=macOS 27.0 free_gb=1353.6
BIN par2turbo sha256=f15cc37cd102f9fd64bbe6adb84d9f4009406bea86e8748dbfca2f85d37d3a31 bytes=624712 version=par2cmdline-turbo version 1.5.0 built from ?
BIN parfast-joint sha256=6f48b8ad63379fa34945014da6c5a79c32053926425fb7525612bcd1fc6c246b bytes=2806688 version=parfast version 1.5.0-beta.1 built from d457c44c3aa2
PROTOCOL slice=768000 recovery_blocks=32177 source_blocks=32177 redundancy_pct=100.0 damage=scattered-seeded-slice-overwrite reps=2 gate=sha256-all-members prewarm=full-read-of-work-dir
ARGV parfast repair='r -q -t18 -T18 f.par2' verify='v -q -t18 -T18 f.par2'
ARGV fast repair='r -q -t18 -T18 --fast f.par2' verify='v -q -t18 -T18 --fast f.par2'
ARGV par2turbo repair='r -q -t18 -T18 f.par2' verify='v -q -t18 -T18 f.par2'
FIXTURE members=23 distinct_member_sha=23/23 bytes=24696061952
SLICE-PROBE index=5 unique=23/23
GOLD p00.bin a6b9fa30c9a4db1b36a07330e417db898f523830d8d0b958f2c8ef5506539fc5
GOLD p01.bin 53400738788cea9f855fdac29c6695370f149bf85f2aed51259442c9aefa1d48
GOLD p02.bin 679e1f07eff10f2ee3a91873397c8dcfc6134337efdbec0e330549644765c351
GOLD p03.bin ee3b35745797aa571e5a000fbb40109312b2592f637600c5e6fcca81e4ba8c60
GOLD p04.bin d6c55135fa2d191fde93493a5510c617bc420cd3c845b7bcdf08809d591ebc5e
GOLD p05.bin 841ae453ce051495f7f14411f748226d55a0ba3589025be2360db9b16ad77102
GOLD p06.bin 46d6cb4cab5453cd72b1060a29f876623dac9b67404bea5d722d1bb20e234e68
GOLD p07.bin 5d01c01351e1696730f92627a962312a3591bd0c7798f08e4f6ab5ea59e27557
GOLD p08.bin fd5fcd2af94715076b0b7325cc2e8eb29aa18dda67c4bb68b5addc6e2b5d7da4
GOLD p09.bin f796ffa0cbfdee4d9785c220965aacb2536af81e5bdcd3424d16f28b0b7e3ef1
GOLD p10.bin 5e634a3616fb907029f8af472d559328b02978bba3b4f92354084d067388c2b4
GOLD p11.bin 4948fd0612e5d485085779aa27348cb0aa993a3b4f93b5540b95134b976cc7e3
GOLD p12.bin cdb5d27474b272ce294f681a5219e91b21e61d13fd4616ff231b43bda50fd707
GOLD p13.bin 3e3a4106a4f0df91bc4311daa9413c547a1de370b8f369e27729671eaf19d54d
GOLD p14.bin 6a484f327377d6f679d5e64d950b21f78197f9fbc781414d9eeb27d06c2f80ac
GOLD p15.bin 43ac1fceb1383627323dde03b47432b034b41481a68a325f56cf9c4598c8fe60
GOLD p16.bin 2102ff1ebc5ded3ae3c948c6c8b120765a160f34f11ca0f30922ba7423eb6021
GOLD p17.bin 155bdf905453712d65410faa0cb24b5556e03ccebad72c22634a96e50d01d6a3
GOLD p18.bin 84e0c49bdeb4ce693433b827a642f87470e2d0262f812254913f8a671ede4c29
GOLD p19.bin c55b76d94b0158db9e2bdd559e33d6894b0be4056812957404ba2cdde636887b
GOLD p20.bin 1c0e7fab55077e0402050a1189b4a825fae5cdf5b82944f5cb6f3da8e431db92
GOLD p21.bin 863496194dcd8c1fb96a985abbd122d2a89b3e99f2ec2a89469862ce1f831695
GOLD p22.bin b4dcf0a6923c78cdea2b803a8f680991b089cdbc9a88e529cf29add29cd23664
CREATE tool=parfast rc=0 wall=21.028 cpu=245.289 peak_mb=30801.7 par2files=17 par2bytes=24800411540 errlen=0
WARMUP-START 2026-09-11T07:47:49Z
LEG round=m5fast rep=0 m=1 tool=parfast argv='r -q -t18 -T18 f.par2' wall=5.839 cpu=65.371 cpu_over_wall=11.2 peak_mb=20487.1 rc=0 restored=23/23 damaged_members=1 touched_members=1 blocks_written=1 strays=1 seed=20260917 stage1=no-label foreign_cpu=34.9 errlen=926 ts=2026-09-11T07:48:01Z
LEG round=m5fast rep=0 m=1 tool=fast argv='r -q -t18 -T18 --fast f.par2' wall=5.797 cpu=65.133 cpu_over_wall=11.24 peak_mb=22243.4 rc=0 restored=23/23 damaged_members=1 touched_members=1 blocks_written=1 strays=1 seed=20260917 stage1=no-label foreign_cpu=38.0 errlen=926 ts=2026-09-11T07:48:18Z
LEG round=m5fast rep=0 m=1 tool=par2turbo argv='r -q -t18 -T18 f.par2' wall=34.126 cpu=64.561 cpu_over_wall=1.89 peak_mb=54.8 rc=0 restored=23/23 damaged_members=1 touched_members=1 blocks_written=1 strays=1 seed=20260917 stage1=no-label foreign_cpu=29.6 errlen=0 ts=2026-09-11T07:49:03Z
BOX-BUSY-WAIT try=1 foreign_cpu=281% ceiling=180% at=warm-m64-parfast ts=2026-09-11T07:49:12Z
LEG round=m5fast rep=0 m=64 tool=parfast argv='r -q -t18 -T18 f.par2' wall=8.428 cpu=117.329 cpu_over_wall=13.92 peak_mb=22242.4 rc=0 restored=23/23 damaged_members=21 touched_members=21 blocks_written=64 strays=21 seed=20261358 stage1=no-label foreign_cpu=47.1 errlen=918 ts=2026-09-11T07:49:52Z
LEG round=m5fast rep=0 m=64 tool=fast argv='r -q -t18 -T18 --fast f.par2' wall=8.717 cpu=120.192 cpu_over_wall=13.79 peak_mb=22243.7 rc=0 restored=23/23 damaged_members=21 touched_members=21 blocks_written=64 strays=21 seed=20261358 stage1=no-label foreign_cpu=38.0 errlen=918 ts=2026-09-11T07:50:12Z
LEG round=m5fast rep=0 m=64 tool=par2turbo argv='r -q -t18 -T18 f.par2' wall=39.347 cpu=159.997 cpu_over_wall=4.07 peak_mb=127.4 rc=0 restored=23/23 damaged_members=21 touched_members=21 blocks_written=64 strays=21 seed=20261358 stage1=no-label foreign_cpu=29.6 errlen=0 ts=2026-09-11T07:51:02Z
WARMUP-END 2026-09-11T07:51:08Z
VERIFY round=m5fast rep=1 tool=parfast argv='v -q -t18 -T18 f.par2' wall=2.619 cpu=28.854 cpu_over_wall=11.02 peak_mb=97.0 rc=0 intact=23/23 errlen=0 ts=2026-09-11T07:51:15Z
WARN-FOREIGN-CPU at=verify-fast-r1 foreign_cpu=101% ceiling=180% top=[/usr/libexec/searchpartyuseragent(1456)=27% /usr/libexec/searchpartyd(749)=25% /System/Library/PrivateFrameworks/SkyLight.framework/Resources/WindowServer(617)=18% /System/Library/ExtensionKit/Extensions/Ventura.appex/Contents/MacOS/Ventura(24891)=8%]
VERIFY round=m5fast rep=1 tool=fast argv='v -q -t18 -T18 --fast f.par2' wall=2.611 cpu=28.897 cpu_over_wall=11.07 peak_mb=97.8 rc=0 intact=23/23 errlen=0 ts=2026-09-11T07:51:21Z
VERIFY round=m5fast rep=1 tool=par2turbo argv='v -q -t18 -T18 f.par2' wall=29.268 cpu=56.65 cpu_over_wall=1.94 peak_mb=29.5 rc=0 intact=23/23 errlen=0 ts=2026-09-11T07:51:54Z
LEG round=m5fast rep=1 m=1 tool=parfast argv='r -q -t18 -T18 f.par2' wall=4.832 cpu=65.077 cpu_over_wall=13.47 peak_mb=22243.2 rc=0 restored=23/23 damaged_members=1 touched_members=1 blocks_written=1 strays=1 seed=20260918 stage1=no-label foreign_cpu=31.3 errlen=923 ts=2026-09-11T07:52:03Z
LEG round=m5fast rep=1 m=1 tool=fast argv='r -q -t18 -T18 --fast f.par2' wall=4.812 cpu=65.151 cpu_over_wall=13.54 peak_mb=22242.8 rc=0 restored=23/23 damaged_members=1 touched_members=1 blocks_written=1 strays=1 seed=20260918 stage1=no-label foreign_cpu=31.3 errlen=929 ts=2026-09-11T07:52:19Z
WARN-FOREIGN-CPU at=r1-m1-par2turbo foreign_cpu=98% ceiling=180% top=[/usr/bin/top(40750)=62% /System/Library/PrivateFrameworks/SkyLight.framework/Resources/WindowServer(617)=16% /System/Library/ExtensionKit/Extensions/Ventura.appex/Contents/MacOS/Ventura(24891)=8% /System/Library/ExtensionKit/Extensions/WallpaperAerialsExtension.appex/Contents/MacOS/WallpaperAerialsExtension(1407)=5%]
LEG round=m5fast rep=1 m=1 tool=par2turbo argv='r -q -t18 -T18 f.par2' wall=33.062 cpu=63.739 cpu_over_wall=1.93 peak_mb=55.7 rc=0 restored=23/23 damaged_members=1 touched_members=1 blocks_written=1 strays=1 seed=20260918 stage1=no-label foreign_cpu=98.2 errlen=0 ts=2026-09-11T07:53:03Z
LEG round=m5fast rep=1 m=4 tool=parfast argv='r -q -t18 -T18 f.par2' wall=5.798 cpu=66.57 cpu_over_wall=11.48 peak_mb=22243.9 rc=0 restored=23/23 damaged_members=4 touched_members=4 blocks_written=4 strays=4 seed=20260939 stage1=no-label foreign_cpu=37.9 errlen=926 ts=2026-09-11T07:53:20Z
LEG round=m5fast rep=1 m=4 tool=fast argv='r -q -t18 -T18 --fast f.par2' wall=5.803 cpu=66.532 cpu_over_wall=11.47 peak_mb=22243.4 rc=0 restored=23/23 damaged_members=4 touched_members=4 blocks_written=4 strays=4 seed=20260939 stage1=no-label foreign_cpu=36.8 errlen=926 ts=2026-09-11T07:53:36Z
LEG round=m5fast rep=1 m=4 tool=par2turbo argv='r -q -t18 -T18 f.par2' wall=33.319 cpu=73.217 cpu_over_wall=2.2 peak_mb=61.6 rc=0 restored=23/23 damaged_members=4 touched_members=4 blocks_written=4 strays=4 seed=20260939 stage1=no-label foreign_cpu=28.4 errlen=0 ts=2026-09-11T07:54:21Z
WARN-FOREIGN-CPU at=r1-m16-parfast foreign_cpu=121% ceiling=180% top=[/usr/sbin/spindump(1086)=81% /System/Library/PrivateFrameworks/SkyLight.framework/Resources/WindowServer(617)=20% /System/Library/ExtensionKit/Extensions/Ventura.appex/Contents/MacOS/Ventura(24891)=10% /System/Library/ExtensionKit/Extensions/WallpaperAerialsExtension.appex/Contents/MacOS/WallpaperAerialsExtension(1407)=5%]
LEG round=m5fast rep=1 m=16 tool=parfast argv='r -q -t18 -T18 f.par2' wall=5.736 cpu=76.317 cpu_over_wall=13.3 peak_mb=20895.2 rc=0 restored=23/23 damaged_members=12 touched_members=12 blocks_written=16 strays=12 seed=20261023 stage1=no-label foreign_cpu=125.8 errlen=924 ts=2026-09-11T07:54:37Z
LEG round=m5fast rep=1 m=16 tool=fast argv='r -q -t18 -T18 --fast f.par2' wall=5.763 cpu=76.708 cpu_over_wall=13.31 peak_mb=22243.2 rc=0 restored=23/23 damaged_members=12 touched_members=12 blocks_written=16 strays=12 seed=20261023 stage1=no-label foreign_cpu=51.1 errlen=921 ts=2026-09-11T07:54:54Z
LEG round=m5fast rep=1 m=16 tool=par2turbo argv='r -q -t18 -T18 f.par2' wall=35.2 cpu=96.085 cpu_over_wall=2.73 peak_mb=81.7 rc=0 restored=23/23 damaged_members=12 touched_members=12 blocks_written=16 strays=12 seed=20261023 stage1=no-label foreign_cpu=30.1 errlen=0 ts=2026-09-11T07:55:40Z
LEG round=m5fast rep=1 m=64 tool=parfast argv='r -q -t18 -T18 f.par2' wall=8.593 cpu=119.704 cpu_over_wall=13.93 peak_mb=22244.2 rc=0 restored=23/23 damaged_members=23 touched_members=23 blocks_written=64 strays=23 seed=20261359 stage1=no-label foreign_cpu=43.0 errlen=918 ts=2026-09-11T07:55:59Z
LEG round=m5fast rep=1 m=64 tool=fast argv='r -q -t18 -T18 --fast f.par2' wall=8.713 cpu=121.202 cpu_over_wall=13.91 peak_mb=22242.6 rc=0 restored=23/23 damaged_members=23 touched_members=23 blocks_written=64 strays=23 seed=20261359 stage1=no-label foreign_cpu=30.3 errlen=918 ts=2026-09-11T07:56:18Z
LEG round=m5fast rep=1 m=64 tool=par2turbo argv='r -q -t18 -T18 f.par2' wall=38.474 cpu=160.632 cpu_over_wall=4.18 peak_mb=131.1 rc=0 restored=23/23 damaged_members=23 touched_members=23 blocks_written=64 strays=23 seed=20261359 stage1=no-label foreign_cpu=30.0 errlen=0 ts=2026-09-11T07:57:08Z
LEG round=m5fast rep=1 m=256 tool=parfast argv='r -q -t18 -T18 f.par2' wall=9.677 cpu=142.328 cpu_over_wall=14.71 peak_mb=25556.2 rc=0 restored=23/23 damaged_members=23 touched_members=23 blocks_written=256 strays=23 seed=20262703 stage1=no-label foreign_cpu=32.6 errlen=1009 ts=2026-09-11T07:57:28Z
LEG round=m5fast rep=1 m=256 tool=fast argv='r -q -t18 -T18 --fast f.par2' wall=9.705 cpu=143.169 cpu_over_wall=14.75 peak_mb=25549.3 rc=0 restored=23/23 damaged_members=23 touched_members=23 blocks_written=256 strays=23 seed=20262703 stage1=no-label foreign_cpu=27.8 errlen=1015 ts=2026-09-11T07:57:48Z
LEG round=m5fast rep=1 m=256 tool=par2turbo argv='r -q -t18 -T18 f.par2' wall=47.907 cpu=333.594 cpu_over_wall=6.96 peak_mb=278.3 rc=0 restored=23/23 damaged_members=23 touched_members=23 blocks_written=256 strays=23 seed=20262703 stage1=no-label foreign_cpu=35.2 errlen=0 ts=2026-09-11T07:58:47Z
LEG round=m5fast rep=1 m=1024 tool=parfast argv='r -q -t18 -T18 f.par2' wall=10.841 cpu=159.429 cpu_over_wall=14.71 peak_mb=26218.3 rc=0 restored=23/23 damaged_members=23 touched_members=23 blocks_written=1024 strays=23 seed=20268079 stage1=no-label foreign_cpu=28.8 errlen=1145 ts=2026-09-11T07:59:09Z
LEG round=m5fast rep=1 m=1024 tool=fast argv='r -q -t18 -T18 --fast f.par2' wall=11.579 cpu=173.868 cpu_over_wall=15.02 peak_mb=26218.0 rc=0 restored=23/23 damaged_members=23 touched_members=23 blocks_written=1024 strays=23 seed=20268079 stage1=whole/demand, stripe 512w foreign_cpu=33.8 errlen=1333 ts=2026-09-11T07:59:32Z
LEG round=m5fast rep=1 m=1024 tool=par2turbo argv='r -q -t18 -T18 f.par2' wall=87.213 cpu=1032.178 cpu_over_wall=11.84 peak_mb=885.2 rc=0 restored=23/23 damaged_members=23 touched_members=23 blocks_written=1024 strays=23 seed=20268079 stage1=no-label foreign_cpu=47.2 errlen=0 ts=2026-09-11T08:01:11Z
LEG round=m5fast rep=1 m=2048 tool=parfast argv='r -q -t18 -T18 f.par2' wall=12.859 cpu=189.619 cpu_over_wall=14.75 peak_mb=27054.4 rc=0 restored=23/23 damaged_members=23 touched_members=23 blocks_written=2048 strays=23 seed=20275247 stage1=no-label foreign_cpu=40.3 errlen=1140 ts=2026-09-11T08:01:36Z
LEG round=m5fast rep=1 m=2048 tool=fast argv='r -q -t18 -T18 --fast f.par2' wall=13.516 cpu=202.61 cpu_over_wall=14.99 peak_mb=27059.2 rc=0 restored=23/23 damaged_members=23 touched_members=23 blocks_written=2048 strays=23 seed=20275247 stage1=whole/demand, stripe 512w foreign_cpu=32.9 errlen=1335 ts=2026-09-11T08:02:02Z
LEG round=m5fast rep=1 m=2048 tool=par2turbo argv='r -q -t18 -T18 f.par2' wall=143.768 cpu=2011.274 cpu_over_wall=13.99 peak_mb=1701.2 rc=0 restored=23/23 damaged_members=23 touched_members=23 blocks_written=2048 strays=23 seed=20275247 stage1=no-label foreign_cpu=32.5 errlen=0 ts=2026-09-11T08:04:38Z
LEG round=m5fast rep=1 m=4096 tool=parfast argv='r -q -t18 -T18 f.par2' wall=16.043 cpu=236.239 cpu_over_wall=14.73 peak_mb=27418.0 rc=0 restored=23/23 damaged_members=23 touched_members=23 blocks_written=4096 strays=23 seed=20289583 stage1=no-label foreign_cpu=30.1 errlen=1136 ts=2026-09-11T08:05:09Z
LEG round=m5fast rep=1 m=4096 tool=fast argv='r -q -t18 -T18 --fast f.par2' wall=15.864 cpu=237.674 cpu_over_wall=14.98 peak_mb=27421.5 rc=0 restored=23/23 damaged_members=23 touched_members=23 blocks_written=4096 strays=23 seed=20289583 stage1=whole/demand, stripe 512w foreign_cpu=34.5 errlen=1337 ts=2026-09-11T08:05:40Z
LEG round=m5fast rep=1 m=4096 tool=par2turbo argv='r -q -t18 -T18 f.par2' wall=257.363 cpu=3962.696 cpu_over_wall=15.4 peak_mb=3328.8 rc=0 restored=23/23 damaged_members=23 touched_members=23 blocks_written=4096 strays=23 seed=20289583 stage1=no-label foreign_cpu=31.0 errlen=0 ts=2026-09-11T08:10:12Z
LEG round=m5fast rep=1 m=8192 tool=parfast argv='r -q -t18 -T18 f.par2' wall=20.864 cpu=305.635 cpu_over_wall=14.65 peak_mb=30688.0 rc=0 restored=23/23 damaged_members=23 touched_members=23 blocks_written=8192 strays=23 seed=20318255 stage1=no-label foreign_cpu=41.7 errlen=1129 ts=2026-09-11T08:10:52Z
WARN-FOREIGN-CPU at=r1-m8192-fast foreign_cpu=76% ceiling=180% top=[/System/Library/PrivateFrameworks/Ecosystem.framework/Support/ecosystemd(998)=18% /System/Library/PrivateFrameworks/SkyLight.framework/Resources/WindowServer(617)=17% /usr/libexec/trustd(650)=9% /System/Library/ExtensionKit/Extensions/Ventura.appex/Contents/MacOS/Ventura(24891)=8%]
LEG round=m5fast rep=1 m=8192 tool=fast argv='r -q -t18 -T18 --fast f.par2' wall=19.248 cpu=281.038 cpu_over_wall=14.6 peak_mb=30690.9 rc=0 restored=23/23 damaged_members=23 touched_members=23 blocks_written=8192 strays=23 seed=20318255 stage1=whole/demand, stripe 512w foreign_cpu=75.5 errlen=1331 ts=2026-09-11T08:11:31Z
LEG round=m5fast rep=1 m=8192 tool=par2turbo argv='r -q -t18 -T18 f.par2' wall=494.795 cpu=8026.414 cpu_over_wall=16.22 peak_mb=6577.9 rc=0 restored=23/23 damaged_members=23 touched_members=23 blocks_written=8192 strays=23 seed=20318255 stage1=no-label foreign_cpu=38.0 errlen=0 ts=2026-09-11T08:20:06Z
LEG round=m5fast rep=1 m=16384 tool=parfast argv='r -q -t18 -T18 f.par2' wall=37.977 cpu=572.16 cpu_over_wall=15.07 peak_mb=37193.5 rc=0 restored=23/23 damaged_members=23 touched_members=23 blocks_written=16384 strays=23 seed=20375599 stage1=no-label foreign_cpu=29.3 errlen=1141 ts=2026-09-11T08:21:12Z
WARN-FOREIGN-CPU at=r1-m16384-fast foreign_cpu=76% ceiling=180% top=[/System/Library/PrivateFrameworks/SkyLight.framework/Resources/WindowServer(617)=18% /System<app> Monitor.app/Contents/MacOS/Activity Monitor(6484)=14% /usr/libexec/sysmond(791)=11% /System/Library/ExtensionKit/Extensions/Ventura.appex/Contents/MacOS/Ventura(24891)=8%]
LEG round=m5fast rep=1 m=16384 tool=fast argv='r -q -t18 -T18 --fast f.par2' wall=28.191 cpu=414.088 cpu_over_wall=14.69 peak_mb=37196.8 rc=0 restored=23/23 damaged_members=23 touched_members=23 blocks_written=16384 strays=23 seed=20375599 stage1=whole/demand, stripe 512w foreign_cpu=66.7 errlen=1341 ts=2026-09-11T08:22:10Z
LEG round=m5fast rep=1 m=16384 tool=par2turbo argv='r -q -t18 -T18 f.par2' wall=991.384 cpu=16476.953 cpu_over_wall=16.62 peak_mb=13083.8 rc=0 restored=23/23 damaged_members=23 touched_members=23 blocks_written=16384 strays=23 seed=20375599 stage1=no-label foreign_cpu=34.7 errlen=0 ts=2026-09-11T08:39:13Z
WARN-FOREIGN-CPU at=r1-m24576-parfast foreign_cpu=139% ceiling=180% top=[/usr/libexec/biomesyncd(43827)=97% /System/Library/PrivateFrameworks/SkyLight.framework/Resources/WindowServer(617)=21% /System/Library/ExtensionKit/Extensions/Ventura.appex/Contents/MacOS/Ventura(24891)=10% /System/Library/ExtensionKit/Extensions/WallpaperAerialsExtension.appex/Contents/MacOS/WallpaperAerialsExtension(1407)=5%]
LEG round=m5fast rep=1 m=24576 tool=parfast argv='r -q -t18 -T18 f.par2' wall=68.857 cpu=807.219 cpu_over_wall=11.72 peak_mb=31044.3 rc=0 restored=23/23 damaged_members=23 touched_members=23 blocks_written=24576 strays=23 seed=20432943 stage1=no-label foreign_cpu=139.1 errlen=1786 ts=2026-09-11T08:41:01Z
LEG round=m5fast rep=1 m=24576 tool=fast argv='r -q -t18 -T18 --fast f.par2' wall=54.191 cpu=541.555 cpu_over_wall=9.99 peak_mb=30798.9 rc=0 restored=23/23 damaged_members=23 touched_members=23 blocks_written=24576 strays=23 seed=20432943 stage1=whole/demand, stripe 256w foreign_cpu=39.4 errlen=2184 ts=2026-09-11T08:42:38Z
LEG round=m5fast rep=1 m=24576 tool=par2turbo argv='r -q -t18 -T18 f.par2' wall=1505.729 cpu=25101.129 cpu_over_wall=16.67 peak_mb=17950.8 rc=0 restored=23/23 damaged_members=23 touched_members=23 blocks_written=24576 strays=23 seed=20432943 stage1=no-label foreign_cpu=37.5 errlen=0 ts=2026-09-11T09:08:27Z
LEG round=m5fast rep=1 m=32177 tool=parfast argv='r -q -t18 -T18 f.par2' wall=135.839 cpu=1448.114 cpu_over_wall=10.66 peak_mb=34951.2 rc=0 restored=23/23 damaged_members=23 touched_members=23 blocks_written=32177 strays=23 seed=20486150 stage1=no-label foreign_cpu=30.0 errlen=1615 ts=2026-09-11T09:11:31Z
LEG round=m5fast rep=1 m=32177 tool=fast argv='r -q -t18 -T18 --fast f.par2' wall=100.341 cpu=892.159 cpu_over_wall=8.89 peak_mb=34359.1 rc=0 restored=23/23 damaged_members=23 touched_members=23 blocks_written=32177 strays=23 seed=20486150 stage1=whole/demand, stripe 256w foreign_cpu=39.0 errlen=2003 ts=2026-09-11T09:14:07Z
WARN-FOREIGN-CPU at=r1-m32177-par2turbo foreign_cpu=68% ceiling=180% top=[/usr/libexec/searchpartyd(749)=18% /System/Library/PrivateFrameworks/SkyLight.framework/Resources/WindowServer(617)=15% /System/Library/ExtensionKit/Extensions/Ventura.appex/Contents/MacOS/Ventura(24891)=7% /System/Library/PrivateFrameworks/TCC.framework/Support/tccd(1141)=7%]
LEG round=m5fast rep=1 m=32177 tool=par2turbo argv='r -q -t18 -T18 f.par2' wall=1997.115 cpu=33538.306 cpu_over_wall=16.79 peak_mb=18418.8 rc=0 restored=23/23 damaged_members=23 touched_members=23 blocks_written=32177 strays=23 seed=20486150 stage1=no-label foreign_cpu=53.8 errlen=0 ts=2026-09-11T09:48:22Z
M5FAST-REP-END rep=1 2026-09-11T09:48:40Z
BOX-BUSY-WAIT try=1 foreign_cpu=188% ceiling=180% at=verify-parfast-r2 ts=2026-09-11T09:48:43Z
VERIFY round=m5fast rep=2 tool=parfast argv='v -q -t18 -T18 f.par2' wall=2.542 cpu=28.128 cpu_over_wall=11.07 peak_mb=97.2 rc=0 intact=23/23 errlen=0 ts=2026-09-11T09:49:16Z
VERIFY round=m5fast rep=2 tool=fast argv='v -q -t18 -T18 --fast f.par2' wall=2.531 cpu=28.133 cpu_over_wall=11.12 peak_mb=97.2 rc=0 intact=23/23 errlen=0 ts=2026-09-11T09:49:22Z
VERIFY round=m5fast rep=2 tool=par2turbo argv='v -q -t18 -T18 f.par2' wall=28.19 cpu=54.922 cpu_over_wall=1.95 peak_mb=29.4 rc=0 intact=23/23 errlen=0 ts=2026-09-11T09:49:52Z
WARN-FOREIGN-CPU at=r2-m1-parfast foreign_cpu=100% ceiling=180% top=[/System/Library/PrivateFrameworks/Ecosystem.framework/Support/ecosystemd(998)=28% /System/Library/PrivateFrameworks/SkyLight.framework/Resources/WindowServer(617)=19% /usr/libexec/trustd(650)=14% /System/Library/PrivateFrameworks/EcosystemAnalytics.framework/Support/ecosystemanalyticsd(996)=11%]
LEG round=m5fast rep=2 m=1 tool=parfast argv='r -q -t18 -T18 f.par2' wall=4.843 cpu=62.668 cpu_over_wall=12.94 peak_mb=22200.8 rc=0 restored=23/23 damaged_members=1 touched_members=1 blocks_written=1 strays=1 seed=20260919 stage1=no-label foreign_cpu=97.3 errlen=923 ts=2026-09-11T09:50:01Z
WARN-FOREIGN-CPU at=r2-m1-fast foreign_cpu=62% ceiling=180% top=[/sbin/launchd(1)=30% /System/Library/PrivateFrameworks/SkyLight.framework/Resources/WindowServer(617)=16% /System/Library/ExtensionKit/Extensions/Ventura.appex/Contents/MacOS/Ventura(24891)=8% /System/Library/ExtensionKit/Extensions/WallpaperAerialsExtension.appex/Contents/MacOS/WallpaperAerialsExtension(1407)=6%]
LEG round=m5fast rep=2 m=1 tool=fast argv='r -q -t18 -T18 --fast f.par2' wall=4.832 cpu=62.802 cpu_over_wall=13.0 peak_mb=22190.5 rc=0 restored=23/23 damaged_members=1 touched_members=1 blocks_written=1 strays=1 seed=20260919 stage1=no-label foreign_cpu=61.7 errlen=926 ts=2026-09-11T09:50:28Z
LEG round=m5fast rep=2 m=1 tool=par2turbo argv='r -q -t18 -T18 f.par2' wall=32.016 cpu=61.71 cpu_over_wall=1.93 peak_mb=54.7 rc=0 restored=23/23 damaged_members=1 touched_members=1 blocks_written=1 strays=1 seed=20260919 stage1=no-label foreign_cpu=29.8 errlen=0 ts=2026-09-11T09:51:22Z
LEG round=m5fast rep=2 m=4 tool=parfast argv='r -q -t18 -T18 f.par2' wall=5.672 cpu=64.305 cpu_over_wall=11.34 peak_mb=22243.9 rc=0 restored=23/23 damaged_members=4 touched_members=4 blocks_written=4 strays=4 seed=20260940 stage1=no-label foreign_cpu=30.0 errlen=924 ts=2026-09-11T09:51:49Z
WARN-FOREIGN-CPU at=r2-m4-fast foreign_cpu=81% ceiling=180% top=[/System/Library/PrivateFrameworks/Ecosystem.framework/Support/ecosystemd(998)=23% /System/Library/PrivateFrameworks/SkyLight.framework/Resources/WindowServer(617)=18% /usr/libexec/trustd(650)=11% /System/Library/ExtensionKit/Extensions/Ventura.appex/Contents/MacOS/Ventura(24891)=9%]
LEG round=m5fast rep=2 m=4 tool=fast argv='r -q -t18 -T18 --fast f.par2' wall=5.669 cpu=64.382 cpu_over_wall=11.36 peak_mb=22242.4 rc=0 restored=23/23 damaged_members=4 touched_members=4 blocks_written=4 strays=4 seed=20260940 stage1=no-label foreign_cpu=81.2 errlen=924 ts=2026-09-11T09:52:17Z
LEG round=m5fast rep=2 m=4 tool=par2turbo argv='r -q -t18 -T18 f.par2' wall=33.135 cpu=70.34 cpu_over_wall=2.12 peak_mb=61.5 rc=0 restored=23/23 damaged_members=4 touched_members=4 blocks_written=4 strays=4 seed=20260940 stage1=no-label foreign_cpu=32.5 errlen=0 ts=2026-09-11T09:53:12Z
LEG round=m5fast rep=2 m=16 tool=parfast argv='r -q -t18 -T18 f.par2' wall=5.576 cpu=75.183 cpu_over_wall=13.48 peak_mb=22244.0 rc=0 restored=23/23 damaged_members=11 touched_members=11 blocks_written=16 strays=11 seed=20261024 stage1=no-label foreign_cpu=26.3 errlen=929 ts=2026-09-11T09:53:40Z
WARN-FOREIGN-CPU at=r2-m16-fast foreign_cpu=69% ceiling=180% top=[/System/Library/PrivateFrameworks/SkyLight.framework/Resources/WindowServer(617)=23% /usr/libexec/sysmond(791)=18% /System/Library/CoreServices/loginwindow.app/Contents/MacOS/loginwindow(621)=12% /System/Library/ExtensionKit/Extensions/Ventura.appex/Contents/MacOS/Ventura(24891)=8%]
LEG round=m5fast rep=2 m=16 tool=fast argv='r -q -t18 -T18 --fast f.par2' wall=5.642 cpu=75.307 cpu_over_wall=13.35 peak_mb=22232.2 rc=0 restored=23/23 damaged_members=11 touched_members=11 blocks_written=16 strays=11 seed=20261024 stage1=no-label foreign_cpu=85.2 errlen=929 ts=2026-09-11T09:54:08Z
WARN-FOREIGN-CPU at=r2-m16-par2turbo foreign_cpu=121% ceiling=180% top=[/usr/bin/top(48136)=48% /System/Library/PrivateFrameworks/SkyLight.framework/Resources/WindowServer(617)=17% /System/Library/PrivateFrameworks/TCC.framework/Support/tccd(1141)=12% /usr/libexec/trustd(993)=8%]
LEG round=m5fast rep=2 m=16 tool=par2turbo argv='r -q -t18 -T18 f.par2' wall=33.7 cpu=93.365 cpu_over_wall=2.77 peak_mb=79.4 rc=0 restored=23/23 damaged_members=11 touched_members=11 blocks_written=16 strays=11 seed=20261024 stage1=no-label foreign_cpu=121.2 errlen=0 ts=2026-09-11T09:55:04Z
WARN-FOREIGN-CPU at=r2-m64-parfast foreign_cpu=92% ceiling=180% top=[/System/Library/PrivateFrameworks/UsageTracking.framework/Versions/A/UsageTrackingAgent(1397)=31% /System/Library/PrivateFrameworks/SkyLight.framework/Resources/WindowServer(617)=17% /System/Library/Frameworks/AddressBook.framework/Versions/A/Helpers/AddressBookSourceSync.app/Contents/MacOS/AddressBookSourceSync(48208)=12% /System/Library/ExtensionKit/Extensions/Ventura.appex/Contents/MacOS/Ventura(24891)=8%]
LEG round=m5fast rep=2 m=64 tool=parfast argv='r -q -t18 -T18 f.par2' wall=8.265 cpu=116.654 cpu_over_wall=14.11 peak_mb=22243.2 rc=0 restored=23/23 damaged_members=22 touched_members=22 blocks_written=64 strays=22 seed=20261360 stage1=no-label foreign_cpu=76.9 errlen=920 ts=2026-09-11T09:55:34Z
LEG round=m5fast rep=2 m=64 tool=fast argv='r -q -t18 -T18 --fast f.par2' wall=8.397 cpu=117.533 cpu_over_wall=14.0 peak_mb=21509.6 rc=0 restored=23/23 damaged_members=22 touched_members=22 blocks_written=64 strays=22 seed=20261360 stage1=no-label foreign_cpu=53.1 errlen=920 ts=2026-09-11T09:56:04Z
WARN-FOREIGN-CPU at=r2-m64-par2turbo foreign_cpu=60% ceiling=180% top=[/System/Library/PrivateFrameworks/SkyLight.framework/Resources/WindowServer(617)=18% /System/Library/PrivateFrameworks/Ecosystem.framework/Support/ecosystemd(998)=13% /System/Library/ExtensionKit/Extensions/Ventura.appex/Contents/MacOS/Ventura(24891)=8% /usr/libexec/trustd(650)=6%]
LEG round=m5fast rep=2 m=64 tool=par2turbo argv='r -q -t18 -T18 f.par2' wall=38.384 cpu=158.509 cpu_over_wall=4.13 peak_mb=127.4 rc=0 restored=23/23 damaged_members=22 touched_members=22 blocks_written=64 strays=22 seed=20261360 stage1=no-label foreign_cpu=60.8 errlen=0 ts=2026-09-11T09:57:05Z
LEG round=m5fast rep=2 m=256 tool=parfast argv='r -q -t18 -T18 f.par2' wall=9.412 cpu=139.332 cpu_over_wall=14.8 peak_mb=25554.7 rc=0 restored=23/23 damaged_members=23 touched_members=23 blocks_written=256 strays=23 seed=20262704 stage1=no-label foreign_cpu=35.5 errlen=1014 ts=2026-09-11T09:57:37Z
LEG round=m5fast rep=2 m=256 tool=fast argv='r -q -t18 -T18 --fast f.par2' wall=9.492 cpu=140.358 cpu_over_wall=14.79 peak_mb=25555.7 rc=0 restored=23/23 damaged_members=23 touched_members=23 blocks_written=256 strays=23 seed=20262704 stage1=no-label foreign_cpu=31.4 errlen=1014 ts=2026-09-11T09:58:08Z
LEG round=m5fast rep=2 m=256 tool=par2turbo argv='r -q -t18 -T18 f.par2' wall=47.952 cpu=336.998 cpu_over_wall=7.03 peak_mb=280.7 rc=0 restored=23/23 damaged_members=23 touched_members=23 blocks_written=256 strays=23 seed=20262704 stage1=no-label foreign_cpu=57.1 errlen=0 ts=2026-09-11T09:59:19Z
LEG round=m5fast rep=2 m=1024 tool=parfast argv='r -q -t18 -T18 f.par2' wall=10.783 cpu=158.397 cpu_over_wall=14.69 peak_mb=26215.9 rc=0 restored=23/23 damaged_members=23 touched_members=23 blocks_written=1024 strays=23 seed=20268080 stage1=no-label foreign_cpu=28.8 errlen=1142 ts=2026-09-11T09:59:51Z
LEG round=m5fast rep=2 m=1024 tool=fast argv='r -q -t18 -T18 --fast f.par2' wall=11.423 cpu=171.78 cpu_over_wall=15.04 peak_mb=26221.5 rc=0 restored=23/23 damaged_members=23 touched_members=23 blocks_written=1024 strays=23 seed=20268080 stage1=whole/demand, stripe 512w foreign_cpu=45.2 errlen=1333 ts=2026-09-11T10:00:26Z
LEG round=m5fast rep=2 m=1024 tool=par2turbo argv='r -q -t18 -T18 f.par2' wall=88.285 cpu=1050.844 cpu_over_wall=11.9 peak_mb=886.7 rc=0 restored=23/23 damaged_members=23 touched_members=23 blocks_written=1024 strays=23 seed=20268080 stage1=no-label foreign_cpu=30.3 errlen=0 ts=2026-09-11T10:02:17Z
LEG round=m5fast rep=2 m=2048 tool=parfast argv='r -q -t18 -T18 f.par2' wall=12.902 cpu=191.358 cpu_over_wall=14.83 peak_mb=27064.7 rc=0 restored=23/23 damaged_members=23 touched_members=23 blocks_written=2048 strays=23 seed=20275248 stage1=no-label foreign_cpu=28.8 errlen=1140 ts=2026-09-11T10:02:52Z
LEG round=m5fast rep=2 m=2048 tool=fast argv='r -q -t18 -T18 --fast f.par2' wall=13.321 cpu=201.049 cpu_over_wall=15.09 peak_mb=27063.4 rc=0 restored=23/23 damaged_members=23 touched_members=23 blocks_written=2048 strays=23 seed=20275248 stage1=whole/demand, stripe 512w foreign_cpu=27.4 errlen=1335 ts=2026-09-11T10:03:29Z
WARN-FOREIGN-CPU at=r2-m2048-par2turbo foreign_cpu=80% ceiling=180% top=[/usr/libexec/searchpartyd(749)=27% /System/Library/PrivateFrameworks/SkyLight.framework/Resources/WindowServer(617)=18% /sbin/launchd(1)=12% /System/Library/ExtensionKit/Extensions/Ventura.appex/Contents/MacOS/Ventura(24891)=9%]
LEG round=m5fast rep=2 m=2048 tool=par2turbo argv='r -q -t18 -T18 f.par2' wall=143.956 cpu=2014.325 cpu_over_wall=13.99 peak_mb=1702.7 rc=0 restored=23/23 damaged_members=23 touched_members=23 blocks_written=2048 strays=23 seed=20275248 stage1=no-label foreign_cpu=80.3 errlen=0 ts=2026-09-11T10:06:18Z
LEG round=m5fast rep=2 m=4096 tool=parfast argv='r -q -t18 -T18 f.par2' wall=15.854 cpu=237.29 cpu_over_wall=14.97 peak_mb=27416.3 rc=0 restored=23/23 damaged_members=23 touched_members=23 blocks_written=4096 strays=23 seed=20289584 stage1=no-label foreign_cpu=49.0 errlen=1136 ts=2026-09-11T10:06:58Z
LEG round=m5fast rep=2 m=4096 tool=fast argv='r -q -t18 -T18 --fast f.par2' wall=15.453 cpu=233.766 cpu_over_wall=15.13 peak_mb=27423.0 rc=0 restored=23/23 damaged_members=23 touched_members=23 blocks_written=4096 strays=23 seed=20289584 stage1=whole/demand, stripe 512w foreign_cpu=32.4 errlen=1337 ts=2026-09-11T10:07:40Z
LEG round=m5fast rep=2 m=4096 tool=par2turbo argv='r -q -t18 -T18 f.par2' wall=263.529 cpu=4070.344 cpu_over_wall=15.45 peak_mb=3329.5 rc=0 restored=23/23 damaged_members=23 touched_members=23 blocks_written=4096 strays=23 seed=20289584 stage1=no-label foreign_cpu=39.3 errlen=0 ts=2026-09-11T10:12:30Z
LEG round=m5fast rep=2 m=8192 tool=parfast argv='r -q -t18 -T18 f.par2' wall=22.203 cpu=330.071 cpu_over_wall=14.87 peak_mb=30689.1 rc=0 restored=23/23 damaged_members=23 touched_members=23 blocks_written=8192 strays=23 seed=20318256 stage1=no-label foreign_cpu=28.5 errlen=1135 ts=2026-09-11T10:13:20Z
LEG round=m5fast rep=2 m=8192 tool=fast argv='r -q -t18 -T18 --fast f.par2' wall=18.983 cpu=279.757 cpu_over_wall=14.74 peak_mb=30692.6 rc=0 restored=23/23 damaged_members=23 touched_members=23 blocks_written=8192 strays=23 seed=20318256 stage1=whole/demand, stripe 512w foreign_cpu=29.2 errlen=1331 ts=2026-09-11T10:14:08Z
LEG round=m5fast rep=2 m=8192 tool=par2turbo argv='r -q -t18 -T18 f.par2' wall=500.48 cpu=8123.668 cpu_over_wall=16.23 peak_mb=6583.2 rc=0 restored=23/23 damaged_members=23 touched_members=23 blocks_written=8192 strays=23 seed=20318256 stage1=no-label foreign_cpu=29.7 errlen=0 ts=2026-09-11T10:22:58Z
WARN-FOREIGN-CPU at=r2-m16384-parfast foreign_cpu=67% ceiling=180% top=[/System<app> Monitor.app/Contents/MacOS/Activity Monitor(6484)=20% /System/Library/PrivateFrameworks/SkyLight.framework/Resources/WindowServer(617)=18% /usr/libexec/sysmond(791)=16% /System/Library/ExtensionKit/Extensions/Ventura.appex/Contents/MacOS/Ventura(24891)=8%]
LEG round=m5fast rep=2 m=16384 tool=parfast argv='r -q -t18 -T18 f.par2' wall=37.551 cpu=567.013 cpu_over_wall=15.1 peak_mb=37189.4 rc=0 restored=23/23 damaged_members=23 touched_members=23 blocks_written=16384 strays=23 seed=20375600 stage1=no-label foreign_cpu=66.6 errlen=1147 ts=2026-09-11T10:24:12Z
LEG round=m5fast rep=2 m=16384 tool=fast argv='r -q -t18 -T18 --fast f.par2' wall=28.332 cpu=411.811 cpu_over_wall=14.54 peak_mb=37191.4 rc=0 restored=23/23 damaged_members=23 touched_members=23 blocks_written=16384 strays=23 seed=20375600 stage1=whole/demand, stripe 512w foreign_cpu=52.6 errlen=1341 ts=2026-09-11T10:25:17Z
BOX-BUSY-WAIT try=1 foreign_cpu=301% ceiling=180% at=r2-m16384-par2turbo ts=2026-09-11T10:25:55Z
BOX-BUSY-WAIT try=2 foreign_cpu=237% ceiling=180% at=r2-m16384-par2turbo ts=2026-09-11T10:26:25Z
WARN-FOREIGN-CPU at=r2-m16384-par2turbo foreign_cpu=136% ceiling=180% top=[/System/Library/PrivateFrameworks/Ecosystem.framework/Support/ecosystemd(998)=39% /System/Library/PrivateFrameworks/SkyLight.framework/Resources/WindowServer(617)=22% /usr/libexec/syspolicyd(709)=18% /usr/libexec/trustd(650)=12%]
LEG round=m5fast rep=2 m=16384 tool=par2turbo argv='r -q -t18 -T18 f.par2' wall=991.658 cpu=16445.609 cpu_over_wall=16.58 peak_mb=13085.2 rc=0 restored=23/23 damaged_members=23 touched_members=23 blocks_written=16384 strays=23 seed=20375600 stage1=no-label foreign_cpu=134.6 errlen=0 ts=2026-09-11T10:43:28Z
WARN-FOREIGN-CPU at=r2-m24576-parfast foreign_cpu=162% ceiling=180% top=[/Library/Apple/System/Library/CoreServices/XProtect.app/Contents/MacOS/XProtectRemediatorPirrit(51322)=96% /System/Library/PrivateFrameworks/SkyLight.framework/Resources/WindowServer(617)=21% /System/Library/Frameworks/CoreServices.framework/Versions/A/Frameworks/Metadata.framework/Versions/A/Support/mds(574)=17% /System/Library/ExtensionKit/Extensions/Ventura.appex/Contents/MacOS/Ventura(24891)=10%]
LEG round=m5fast rep=2 m=24576 tool=parfast argv='r -q -t18 -T18 f.par2' wall=65.843 cpu=801.677 cpu_over_wall=12.18 peak_mb=31063.4 rc=0 restored=23/23 damaged_members=23 touched_members=23 blocks_written=24576 strays=23 seed=20432944 stage1=no-label foreign_cpu=163.0 errlen=1792 ts=2026-09-11T10:45:21Z
BOX-BUSY-WAIT try=1 foreign_cpu=186% ceiling=180% at=r2-m24576-fast ts=2026-09-11T10:46:08Z
BOX-BUSY-WAIT try=2 foreign_cpu=192% ceiling=180% at=r2-m24576-fast ts=2026-09-11T10:46:38Z
BOX-BUSY-WAIT try=3 foreign_cpu=190% ceiling=180% at=r2-m24576-fast ts=2026-09-11T10:47:08Z
WARN-FOREIGN-CPU at=r2-m24576-fast foreign_cpu=117% ceiling=180% top=[/System/Library/Frameworks/CoreServices.framework/Versions/A/Frameworks/Metadata.framework/Versions/A/Support/mds(574)=28% /usr/libexec/sysmond(791)=23% /System/Library/PrivateFrameworks/SkyLight.framework/Resources/WindowServer(617)=22% /System/Library/CoreServices/coreservicesd(642)=10%]
LEG round=m5fast rep=2 m=24576 tool=fast argv='r -q -t18 -T18 --fast f.par2' wall=51.093 cpu=546.451 cpu_over_wall=10.7 peak_mb=30930.5 rc=0 restored=23/23 damaged_members=23 touched_members=23 blocks_written=24576 strays=23 seed=20432944 stage1=whole/demand, stripe 256w foreign_cpu=117.0 errlen=2184 ts=2026-09-11T10:48:30Z
WARN-FOREIGN-CPU at=r2-m24576-par2turbo foreign_cpu=84% ceiling=180% top=[/System/Library/Frameworks/CoreServices.framework/Versions/A/Frameworks/Metadata.framework/Versions/A/Support/mds(574)=28% /System/Library/PrivateFrameworks/SkyLight.framework/Resources/WindowServer(617)=20% /System/Library/CoreServices/coreservicesd(642)=11% /System/Library/ExtensionKit/Extensions/Ventura.appex/Contents/MacOS/Ventura(24891)=9%]
LEG round=m5fast rep=2 m=24576 tool=par2turbo argv='r -q -t18 -T18 f.par2' wall=1508.563 cpu=25027.022 cpu_over_wall=16.59 peak_mb=17950.1 rc=0 restored=23/23 damaged_members=23 touched_members=23 blocks_written=24576 strays=23 seed=20432944 stage1=no-label foreign_cpu=84.2 errlen=0 ts=2026-09-11T11:14:27Z
WARN-FOREIGN-CPU at=r2-m32177-parfast foreign_cpu=84% ceiling=180% top=[/System/Library/Frameworks/CoreServices.framework/Versions/A/Frameworks/Metadata.framework/Versions/A/Support/mds(574)=32% /System/Library/PrivateFrameworks/SkyLight.framework/Resources/WindowServer(617)=20% /System/Library/ExtensionKit/Extensions/Ventura.appex/Contents/MacOS/Ventura(24891)=9% /System/Library/DriverExtensions/AppleCentauriAlpha.dext/AppleCentauriAlpha(833)=7%]
LEG round=m5fast rep=2 m=32177 tool=parfast argv='r -q -t18 -T18 f.par2' wall=133.929 cpu=1440.722 cpu_over_wall=10.76 peak_mb=35111.4 rc=0 restored=23/23 damaged_members=23 touched_members=23 blocks_written=32177 strays=23 seed=20486151 stage1=no-label foreign_cpu=83.8 errlen=1609 ts=2026-09-11T11:17:33Z
WARN-FOREIGN-CPU at=r2-m32177-fast foreign_cpu=94% ceiling=180% top=[/System/Library/PrivateFrameworks/SkyLight.framework/Resources/WindowServer(617)=20% /System/Library/Frameworks/CoreServices.framework/Versions/A/Frameworks/Metadata.framework/Versions/A/Support/mds(574)=18% /System<app> Monitor.app/Contents/MacOS/Activity Monitor(6484)=13% /usr/libexec/sysmond(791)=12%]
LEG round=m5fast rep=2 m=32177 tool=fast argv='r -q -t18 -T18 --fast f.par2' wall=102.036 cpu=892.232 cpu_over_wall=8.74 peak_mb=34433.7 rc=0 restored=23/23 damaged_members=23 touched_members=23 blocks_written=32177 strays=23 seed=20486151 stage1=whole/demand, stripe 256w foreign_cpu=93.9 errlen=2004 ts=2026-09-11T11:20:11Z
WARN-FOREIGN-CPU at=r2-m32177-par2turbo foreign_cpu=77% ceiling=180% top=[/System/Library/Frameworks/CoreServices.framework/Versions/A/Frameworks/Metadata.framework/Versions/A/Support/mds(574)=29% /System/Library/PrivateFrameworks/SkyLight.framework/Resources/WindowServer(617)=18% /System/Library/ExtensionKit/Extensions/Ventura.appex/Contents/MacOS/Ventura(24891)=8% /System/Library/CoreServices/coreservicesd(642)=8%]
LEG round=m5fast rep=2 m=32177 tool=par2turbo argv='r -q -t18 -T18 f.par2' wall=2007.289 cpu=33402.742 cpu_over_wall=16.64 peak_mb=18418.7 rc=0 restored=23/23 damaged_members=23 touched_members=23 blocks_written=32177 strays=23 seed=20486151 stage1=no-label foreign_cpu=77.2 errlen=0 ts=2026-09-11T11:54:34Z
M5FAST-REP-END rep=2 2026-09-11T11:54:57Z
M5FAST-END 2026-09-11T11:54:57Z
RIG-LOCK-RELEASED <rig>/.parfast-rig.lock
