RIG-LOCK-TAKEN <rig>/.parfast-rig.lock pid=10027
MFAST-START 2026-09-11T07:16:41Z
BOX host=apple-m1-ultra-128gb cpu=Apple M1 Ultra cores=20 ram_gb=128.0 os=macOS 26.6.2 free_gb=2608.5
BIN par2turbo sha256=f15cc37cd102f9fd64bbe6adb84d9f4009406bea86e8748dbfca2f85d37d3a31 bytes=624712 version=par2cmdline-turbo version 1.5.0 built from ?
BIN parfast-joint sha256=6f48b8ad63379fa34945014da6c5a79c32053926425fb7525612bcd1fc6c246b bytes=2806688 version=parfast version 1.5.0-beta.1 built from d457c44c3aa2
PROTOCOL slice=768000 recovery_blocks=32177 source_blocks=32177 redundancy_pct=100.0 damage=scattered-seeded-slice-overwrite reps=2 gate=sha256-all-members prewarm=full-read-of-work-dir
ARGV parfast repair='r -q -t20 -T20 f.par2' verify='v -q -t20 -T20 f.par2'
ARGV fast repair='r -q -t20 -T20 --fast f.par2' verify='v -q -t20 -T20 --fast f.par2'
ARGV par2turbo repair='r -q -t20 -T20 f.par2' verify='v -q -t20 -T20 f.par2'
FIXTURE members=23 distinct_member_sha=23/23 bytes=24696061952
SLICE-PROBE index=5 unique=23/23
GOLD p00.bin 18c668801edd89a479b8ac7bb4dc686b5b0e05793ac36f2057b0018caefef0f5
GOLD p01.bin 93fe36d0050e4807e83802bfb0ef000b12c60d7105c25f6f08392f9c3710544b
GOLD p02.bin a23b78f6f1bf05dee0e5929f150327ae41799a2eced45ff1ccc7f75bacd1e05d
GOLD p03.bin 0f72f01a6490aa90ea656cf5ccf8553c1b9d55929b625a00c46a5b2dc0f849d5
GOLD p04.bin c9c4f640be0a8ccc698164adebab962c1fe3f9d6b6d70666310a0e42061fc843
GOLD p05.bin a7ae73043fa8987dea029befdcf2f098d117f038a0803456f686e244bb1ffe41
GOLD p06.bin 6c3f107eaf75396d42bbe29b1395f8c2a0625635b16b17b97acf480604b7e52a
GOLD p07.bin 0bcc9dcd22ce73a112de59b3f88d5c0b6ca4e4db2d4fe4c1c58b4454ec7b073c
GOLD p08.bin ebc4818979f4a0408cd42a2334d60b51f79634c7c322f4fdb1e3b78493fec807
GOLD p09.bin f9913c7d33d65666ccd4719179a0b8600e3d402fd9f289de2082013e02dcf0f1
GOLD p10.bin 5c9b8eee08577bbf5d94504089f2425163678b273875a8f9a326dd2d7c93cccf
GOLD p11.bin 1b75194cd24aaf35d2a9d087b595da5a7ce3dec483b7f78b3da3892ebd32ed43
GOLD p12.bin d340d68f07c26ef9ff632634b570fe380236edcfd48988817cb0c49d183712b6
GOLD p13.bin 3c8595627c191a664cafa87b33b0c31b1fea12c72cdd3882fcf141f191efa970
GOLD p14.bin af4627cd2b19442af8d9185f77246914532a8b729ee6e442c7bd9bb026e694d3
GOLD p15.bin 24986a5d65cfe6d594751202239d55e0aaa39dd54bc91c08e29c227f89c5bf21
GOLD p16.bin 014ceacf333a59013314893be01ea5beb8eb41cfb67711dcd97086206709a95a
GOLD p17.bin c9c06822cdc8592358ace0f2941b4c8e0c4ec30f01219c49d515e5f9cfa2737a
GOLD p18.bin b26f10b2e61610a797acabde723a07075b6b81f4eac7ad433f4ac94b67603623
GOLD p19.bin 9233b9c9224227b52cf6809db2ecc6f0c2583d1c02b57cb129d60ac9ba69f8e1
GOLD p20.bin 91e3341a13c981041dad386a07c2da92877be6321dd29a6ee82d01234dacfd7f
GOLD p21.bin 0f74c4a4a5d9801342116dc46ddc9ff17b4a7cc462a4554922854edaca99fa06
GOLD p22.bin b3d971a260dbdc17dbc04be88036e4a502c9d9d9151704c6f26f911feb280ab4
CREATE tool=parfast rc=0 wall=36.918 cpu=326.793 peak_mb=30811.3 par2files=17 par2bytes=24800411540 errlen=0
WARMUP-START 2026-09-11T07:17:34Z
WARN-FOREIGN-CPU at=warm-m1-parfast foreign_cpu=110% ceiling=200% top=[/System/Library/Frameworks/CoreServices.framework/Versions/A/Frameworks/Metadata.framework/Versions/A/Support/corespotlightd(517)=100% /System/Library/PrivateFrameworks/SkyLight.framework/Resources/WindowServer(189)=7% /System/Applications/Utilities/Activity Monitor.app/Contents/MacOS/Activity Monitor(42670)=2%]
LEG round=fast3 rep=0 m=1 tool=parfast argv='r -q -t20 -T20 f.par2' wall=7.938 cpu=96.143 cpu_over_wall=12.11 peak_mb=22592.6 rc=0 restored=23/23 damaged_members=1 touched_members=1 blocks_written=1 strays=1 seed=20260917 stage1=no-label foreign_cpu=109.5 errlen=918 ts=2026-09-11T07:17:50Z
WARN-FOREIGN-CPU at=warm-m1-fast foreign_cpu=107% ceiling=200% top=[/System/Library/Frameworks/CoreServices.framework/Versions/A/Frameworks/Metadata.framework/Versions/A/Support/corespotlightd(517)=100% /System/Library/PrivateFrameworks/SkyLight.framework/Resources/WindowServer(189)=6% /usr/libexec/locationd(165)=1%]
LEG round=fast3 rep=0 m=1 tool=fast argv='r -q -t20 -T20 --fast f.par2' wall=7.767 cpu=96.267 cpu_over_wall=12.39 peak_mb=22244.9 rc=0 restored=23/23 damaged_members=1 touched_members=1 blocks_written=1 strays=1 seed=20260917 stage1=no-label foreign_cpu=106.8 errlen=919 ts=2026-09-11T07:18:20Z
LEG round=fast3 rep=0 m=1 tool=par2turbo argv='r -q -t20 -T20 f.par2' wall=46.703 cpu=91.299 cpu_over_wall=1.95 peak_mb=56.2 rc=0 restored=23/23 damaged_members=1 touched_members=1 blocks_written=1 strays=1 seed=20260917 stage1=no-label foreign_cpu=17.2 errlen=0 ts=2026-09-11T07:19:28Z
LEG round=fast3 rep=0 m=64 tool=parfast argv='r -q -t20 -T20 f.par2' wall=12.505 cpu=176.299 cpu_over_wall=14.1 peak_mb=22243.8 rc=0 restored=23/23 damaged_members=21 touched_members=21 blocks_written=64 strays=21 seed=20261358 stage1=no-label foreign_cpu=45.7 errlen=915 ts=2026-09-11T07:20:03Z
LEG round=fast3 rep=0 m=64 tool=fast argv='r -q -t20 -T20 --fast f.par2' wall=12.431 cpu=176.218 cpu_over_wall=14.18 peak_mb=22947.6 rc=0 restored=23/23 damaged_members=21 touched_members=21 blocks_written=64 strays=21 seed=20261358 stage1=no-label foreign_cpu=5.9 errlen=915 ts=2026-09-11T07:20:37Z
LEG round=fast3 rep=0 m=64 tool=par2turbo argv='r -q -t20 -T20 f.par2' wall=55.946 cpu=226.732 cpu_over_wall=4.05 peak_mb=134.1 rc=0 restored=23/23 damaged_members=21 touched_members=21 blocks_written=64 strays=21 seed=20261358 stage1=no-label foreign_cpu=8.2 errlen=0 ts=2026-09-11T07:21:55Z
WARMUP-END 2026-09-11T07:22:21Z
VERIFY round=fast3 rep=1 tool=parfast argv='v -q -t20 -T20 f.par2' wall=3.653 cpu=41.92 cpu_over_wall=11.48 peak_mb=98.8 rc=0 intact=23/23 errlen=0 ts=2026-09-11T07:22:32Z
VERIFY round=fast3 rep=1 tool=fast argv='v -q -t20 -T20 --fast f.par2' wall=3.66 cpu=41.88 cpu_over_wall=11.44 peak_mb=98.5 rc=0 intact=23/23 errlen=0 ts=2026-09-11T07:22:42Z
VERIFY round=fast3 rep=1 tool=par2turbo argv='v -q -t20 -T20 f.par2' wall=40.862 cpu=80.278 cpu_over_wall=1.96 peak_mb=29.3 rc=0 intact=23/23 errlen=0 ts=2026-09-11T07:23:29Z
LEG round=fast3 rep=1 m=1 tool=parfast argv='r -q -t20 -T20 f.par2' wall=6.569 cpu=96.328 cpu_over_wall=14.66 peak_mb=22244.8 rc=0 restored=23/23 damaged_members=1 touched_members=1 blocks_written=1 strays=1 seed=20260918 stage1=no-label foreign_cpu=6.3 errlen=923 ts=2026-09-11T07:23:44Z
LEG round=fast3 rep=1 m=1 tool=fast argv='r -q -t20 -T20 --fast f.par2' wall=6.598 cpu=96.555 cpu_over_wall=14.63 peak_mb=21953.4 rc=0 restored=23/23 damaged_members=1 touched_members=1 blocks_written=1 strays=1 seed=20260918 stage1=no-label foreign_cpu=6.3 errlen=923 ts=2026-09-11T07:24:25Z
LEG round=fast3 rep=1 m=1 tool=par2turbo argv='r -q -t20 -T20 f.par2' wall=45.216 cpu=89.876 cpu_over_wall=1.99 peak_mb=56.0 rc=0 restored=23/23 damaged_members=1 touched_members=1 blocks_written=1 strays=1 seed=20260918 stage1=no-label foreign_cpu=6.5 errlen=0 ts=2026-09-11T07:25:45Z
LEG round=fast3 rep=1 m=4 tool=parfast argv='r -q -t20 -T20 f.par2' wall=6.775 cpu=99.101 cpu_over_wall=14.63 peak_mb=21754.8 rc=0 restored=23/23 damaged_members=4 touched_members=4 blocks_written=4 strays=4 seed=20260939 stage1=no-label foreign_cpu=16.4 errlen=918 ts=2026-09-11T07:26:27Z
LEG round=fast3 rep=1 m=4 tool=fast argv='r -q -t20 -T20 --fast f.par2' wall=7.267 cpu=98.902 cpu_over_wall=13.61 peak_mb=22246.1 rc=0 restored=23/23 damaged_members=4 touched_members=4 blocks_written=4 strays=4 seed=20260939 stage1=no-label foreign_cpu=34.5 errlen=918 ts=2026-09-11T07:27:09Z
WARN-FOREIGN-CPU at=r1-m4-par2turbo foreign_cpu=176% ceiling=200% top=[/System/Applications/Mail.app/Contents/MacOS/Mail(42672)=52% /usr/libexec/ReportMemoryException(10580)=24% /System/Library/PrivateFrameworks/AppStoreDaemon.framework/Support/appstoreagent(974)=16% /usr/libexec/pkd(503)=15%]
LEG round=fast3 rep=1 m=4 tool=par2turbo argv='r -q -t20 -T20 f.par2' wall=46.189 cpu=102.318 cpu_over_wall=2.22 peak_mb=61.5 rc=0 restored=23/23 damaged_members=4 touched_members=4 blocks_written=4 strays=4 seed=20260939 stage1=no-label foreign_cpu=176.2 errlen=0 ts=2026-09-11T07:28:30Z
LEG round=fast3 rep=1 m=16 tool=parfast argv='r -q -t20 -T20 f.par2' wall=7.037 cpu=112.331 cpu_over_wall=15.96 peak_mb=22332.3 rc=0 restored=23/23 damaged_members=12 touched_members=12 blocks_written=16 strays=12 seed=20261023 stage1=no-label foreign_cpu=14.4 errlen=913 ts=2026-09-11T07:29:12Z
LEG round=fast3 rep=1 m=16 tool=fast argv='r -q -t20 -T20 --fast f.par2' wall=7.092 cpu=112.78 cpu_over_wall=15.9 peak_mb=21573.6 rc=0 restored=23/23 damaged_members=12 touched_members=12 blocks_written=16 strays=12 seed=20261023 stage1=no-label foreign_cpu=22.9 errlen=913 ts=2026-09-11T07:29:54Z
LEG round=fast3 rep=1 m=16 tool=par2turbo argv='r -q -t20 -T20 f.par2' wall=48.058 cpu=135.052 cpu_over_wall=2.81 peak_mb=81.5 rc=0 restored=23/23 damaged_members=12 touched_members=12 blocks_written=16 strays=12 seed=20261023 stage1=no-label foreign_cpu=19.5 errlen=0 ts=2026-09-11T07:31:17Z
LEG round=fast3 rep=1 m=64 tool=parfast argv='r -q -t20 -T20 f.par2' wall=10.877 cpu=169.365 cpu_over_wall=15.57 peak_mb=22233.1 rc=0 restored=23/23 damaged_members=23 touched_members=23 blocks_written=64 strays=23 seed=20261359 stage1=no-label foreign_cpu=13.7 errlen=917 ts=2026-09-11T07:32:03Z
LEG round=fast3 rep=1 m=64 tool=fast argv='r -q -t20 -T20 --fast f.par2' wall=10.954 cpu=169.361 cpu_over_wall=15.46 peak_mb=22243.6 rc=0 restored=23/23 damaged_members=23 touched_members=23 blocks_written=64 strays=23 seed=20261359 stage1=no-label foreign_cpu=10.2 errlen=917 ts=2026-09-11T07:32:49Z
LEG round=fast3 rep=1 m=64 tool=par2turbo argv='r -q -t20 -T20 f.par2' wall=53.403 cpu=224.83 cpu_over_wall=4.21 peak_mb=128.0 rc=0 restored=23/23 damaged_members=23 touched_members=23 blocks_written=64 strays=23 seed=20261359 stage1=no-label foreign_cpu=36.8 errlen=0 ts=2026-09-11T07:34:18Z
LEG round=fast3 rep=1 m=256 tool=parfast argv='r -q -t20 -T20 f.par2' wall=12.407 cpu=196.047 cpu_over_wall=15.8 peak_mb=25541.9 rc=0 restored=23/23 damaged_members=23 touched_members=23 blocks_written=256 strays=23 seed=20262703 stage1=no-label foreign_cpu=12.7 errlen=1012 ts=2026-09-11T07:35:06Z
LEG round=fast3 rep=1 m=256 tool=fast argv='r -q -t20 -T20 --fast f.par2' wall=12.329 cpu=195.837 cpu_over_wall=15.88 peak_mb=25562.9 rc=0 restored=23/23 damaged_members=23 touched_members=23 blocks_written=256 strays=23 seed=20262703 stage1=no-label foreign_cpu=37.3 errlen=1012 ts=2026-09-11T07:35:53Z
LEG round=fast3 rep=1 m=256 tool=par2turbo argv='r -q -t20 -T20 f.par2' wall=67.229 cpu=459.428 cpu_over_wall=6.83 peak_mb=287.9 rc=0 restored=23/23 damaged_members=23 touched_members=23 blocks_written=256 strays=23 seed=20262703 stage1=no-label foreign_cpu=7.1 errlen=0 ts=2026-09-11T07:37:36Z
LEG round=fast3 rep=1 m=1024 tool=parfast argv='r -q -t20 -T20 f.par2' wall=13.842 cpu=219.42 cpu_over_wall=15.85 peak_mb=26224.1 rc=0 restored=23/23 damaged_members=23 touched_members=23 blocks_written=1024 strays=23 seed=20268079 stage1=no-label foreign_cpu=11.1 errlen=1139 ts=2026-09-11T07:38:26Z
LEG round=fast3 rep=1 m=1024 tool=fast argv='r -q -t20 -T20 --fast f.par2' wall=14.771 cpu=238.552 cpu_over_wall=16.15 peak_mb=26241.8 rc=0 restored=23/23 damaged_members=23 touched_members=23 blocks_written=1024 strays=23 seed=20268079 stage1=whole/demand, stripe 512w foreign_cpu=38.5 errlen=1330 ts=2026-09-11T07:39:17Z
WARN-FOREIGN-CPU at=r1-m1024-par2turbo foreign_cpu=111% ceiling=200% top=[/System/Library/Frameworks/CoreServices.framework/Versions/A/Frameworks/Metadata.framework/Versions/A/Support/corespotlightd(517)=100% /System/Library/PrivateFrameworks/SkyLight.framework/Resources/WindowServer(189)=6% /System/Library/Frameworks/CoreServices.framework/Versions/A/Frameworks/Metadata.framework/Versions/A/Support/mds_stores(334)=3% /System/Library/Frameworks/CoreServices.framework/Versions/A/Frameworks/Metadata.framework/Versions/A/Support/mds(146)=2%]
LEG round=fast3 rep=1 m=1024 tool=par2turbo argv='r -q -t20 -T20 f.par2' wall=109.532 cpu=1348.46 cpu_over_wall=12.31 peak_mb=896.4 rc=0 restored=23/23 damaged_members=23 touched_members=23 blocks_written=1024 strays=23 seed=20268079 stage1=no-label foreign_cpu=110.7 errlen=0 ts=2026-09-11T07:41:43Z
LEG round=fast3 rep=1 m=2048 tool=parfast argv='r -q -t20 -T20 f.par2' wall=15.464 cpu=245.018 cpu_over_wall=15.84 peak_mb=27130.5 rc=0 restored=23/23 damaged_members=23 touched_members=23 blocks_written=2048 strays=23 seed=20275247 stage1=no-label foreign_cpu=73.8 errlen=1136 ts=2026-09-11T07:42:37Z
LEG round=fast3 rep=1 m=2048 tool=fast argv='r -q -t20 -T20 --fast f.par2' wall=16.223 cpu=261.133 cpu_over_wall=16.1 peak_mb=27097.0 rc=0 restored=23/23 damaged_members=23 touched_members=23 blocks_written=2048 strays=23 seed=20275247 stage1=whole/demand, stripe 512w foreign_cpu=17.4 errlen=1333 ts=2026-09-11T07:43:31Z
WARN-FOREIGN-CPU at=r1-m2048-par2turbo foreign_cpu=147% ceiling=200% top=[/System/Library/Frameworks/CoreServices.framework/Versions/A/Frameworks/Metadata.framework/Versions/A/Support/mdworker_shared(11353)=16% /System/Library/Frameworks/CoreServices.framework/Versions/A/Frameworks/Metadata.framework/Versions/A/Support/mdworker_shared(11350)=15% /System/Library/Frameworks/CoreServices.framework/Versions/A/Frameworks/Metadata.framework/Versions/A/Support/mdworker_shared(11354)=15% /System/Library/Frameworks/CoreServices.framework/Versions/A/Frameworks/Metadata.framework/Versions/A/Support/mdworker_shared(11351)=15%]
LEG round=fast3 rep=1 m=2048 tool=par2turbo argv='r -q -t20 -T20 f.par2' wall=173.725 cpu=2522.619 cpu_over_wall=14.52 peak_mb=1710.9 rc=0 restored=23/23 damaged_members=23 touched_members=23 blocks_written=2048 strays=23 seed=20275247 stage1=no-label foreign_cpu=92.0 errlen=0 ts=2026-09-11T07:47:03Z
LEG round=fast3 rep=1 m=4096 tool=parfast argv='r -q -t20 -T20 f.par2' wall=19.162 cpu=303.268 cpu_over_wall=15.83 peak_mb=27481.6 rc=0 restored=23/23 damaged_members=23 touched_members=23 blocks_written=4096 strays=23 seed=20289583 stage1=no-label foreign_cpu=8.7 errlen=1133 ts=2026-09-11T07:48:04Z
LEG round=fast3 rep=1 m=4096 tool=fast argv='r -q -t20 -T20 --fast f.par2' wall=19.185 cpu=306.557 cpu_over_wall=15.98 peak_mb=27485.2 rc=0 restored=23/23 damaged_members=23 touched_members=23 blocks_written=4096 strays=23 seed=20289583 stage1=whole/demand, stripe 512w foreign_cpu=6.9 errlen=1334 ts=2026-09-11T07:49:06Z
LEG round=fast3 rep=1 m=4096 tool=par2turbo argv='r -q -t20 -T20 f.par2' wall=298.858 cpu=4948.678 cpu_over_wall=16.56 peak_mb=3332.4 rc=0 restored=23/23 damaged_members=23 touched_members=23 blocks_written=4096 strays=23 seed=20289583 stage1=no-label foreign_cpu=10.8 errlen=0 ts=2026-09-11T07:54:47Z
WARN-FOREIGN-CPU at=r1-m8192-parfast foreign_cpu=109% ceiling=200% top=[/System/Library/Frameworks/CoreServices.framework/Versions/A/Frameworks/Metadata.framework/Versions/A/Support/corespotlightd(517)=100% /System/Library/PrivateFrameworks/SkyLight.framework/Resources/WindowServer(189)=6% /System/Applications/Utilities/Activity Monitor.app/Contents/MacOS/Activity Monitor(42670)=2% /System/Cryptexes/App/usr/libexec/SafariBookmarksSyncAgent(1217)=2%]
LEG round=fast3 rep=1 m=8192 tool=parfast argv='r -q -t20 -T20 f.par2' wall=26.414 cpu=409.661 cpu_over_wall=15.51 peak_mb=30779.1 rc=0 restored=23/23 damaged_members=23 touched_members=23 blocks_written=8192 strays=23 seed=20318255 stage1=no-label foreign_cpu=114.7 errlen=1132 ts=2026-09-11T07:56:03Z
LEG round=fast3 rep=1 m=8192 tool=fast argv='r -q -t20 -T20 --fast f.par2' wall=24.249 cpu=380.682 cpu_over_wall=15.7 peak_mb=30938.8 rc=0 restored=23/23 damaged_members=23 touched_members=23 blocks_written=8192 strays=23 seed=20318255 stage1=whole/demand, stripe 512w foreign_cpu=13.0 errlen=1326 ts=2026-09-11T07:57:17Z
LEG round=fast3 rep=1 m=8192 tool=par2turbo argv='r -q -t20 -T20 f.par2' wall=559.103 cpu=9745.14 cpu_over_wall=17.43 peak_mb=6584.0 rc=0 restored=23/23 damaged_members=23 touched_members=23 blocks_written=8192 strays=23 seed=20318255 stage1=no-label foreign_cpu=8.4 errlen=0 ts=2026-09-11T08:07:27Z
LEG round=fast3 rep=1 m=16384 tool=parfast argv='r -q -t20 -T20 f.par2' wall=43.135 cpu=692.896 cpu_over_wall=16.06 peak_mb=37332.0 rc=0 restored=23/23 damaged_members=23 touched_members=23 blocks_written=16384 strays=23 seed=20375599 stage1=no-label foreign_cpu=6.5 errlen=1144 ts=2026-09-11T08:09:14Z
LEG round=fast3 rep=1 m=16384 tool=fast argv='r -q -t20 -T20 --fast f.par2' wall=33.556 cpu=523.08 cpu_over_wall=15.59 peak_mb=37335.9 rc=0 restored=23/23 damaged_members=23 touched_members=23 blocks_written=16384 strays=23 seed=20375599 stage1=whole/demand, stripe 512w foreign_cpu=7.1 errlen=1338 ts=2026-09-11T08:10:53Z
LEG round=fast3 rep=1 m=16384 tool=par2turbo argv='r -q -t20 -T20 f.par2' wall=1099.543 cpu=19736.91 cpu_over_wall=17.95 peak_mb=13091.9 rc=0 restored=23/23 damaged_members=23 touched_members=23 blocks_written=16384 strays=23 seed=20375599 stage1=no-label foreign_cpu=12.0 errlen=0 ts=2026-09-11T08:30:21Z
LEG round=fast3 rep=1 m=24576 tool=parfast argv='r -q -t20 -T20 f.par2' wall=110.575 cpu=1057.587 cpu_over_wall=9.56 peak_mb=33154.6 rc=0 restored=23/23 damaged_members=23 touched_members=23 blocks_written=24576 strays=23 seed=20432943 stage1=no-label foreign_cpu=18.9 errlen=1792 ts=2026-09-11T08:33:31Z
BOX-BUSY-WAIT try=1 foreign_cpu=368% ceiling=200% at=r1-m24576-fast ts=2026-09-11T08:34:53Z
BOX-BUSY-WAIT try=2 foreign_cpu=223% ceiling=200% at=r1-m24576-fast ts=2026-09-11T08:35:23Z
BOX-BUSY-WAIT try=3 foreign_cpu=220% ceiling=200% at=r1-m24576-fast ts=2026-09-11T08:35:53Z
BOX-BUSY-WAIT try=4 foreign_cpu=206% ceiling=200% at=r1-m24576-fast ts=2026-09-11T08:36:23Z
BOX-BUSY-WAIT try=5 foreign_cpu=229% ceiling=200% at=r1-m24576-fast ts=2026-09-11T08:36:53Z
BOX-BUSY-WAIT try=6 foreign_cpu=257% ceiling=200% at=r1-m24576-fast ts=2026-09-11T08:37:23Z
BOX-BUSY-WAIT try=7 foreign_cpu=223% ceiling=200% at=r1-m24576-fast ts=2026-09-11T08:37:53Z
BOX-BUSY-WAIT try=8 foreign_cpu=209% ceiling=200% at=r1-m24576-fast ts=2026-09-11T08:38:23Z
BOX-BUSY-WAIT try=9 foreign_cpu=242% ceiling=200% at=r1-m24576-fast ts=2026-09-11T08:38:53Z
WARN-FOREIGN-CPU at=r1-m24576-fast foreign_cpu=129% ceiling=200% top=[/Library/Apple/System/Library/CoreServices/XProtect.app/Contents/MacOS/XProtectRemediatorBundlore(12978)=64% /usr/libexec/trustd(204)=36% /System/Library/PrivateFrameworks/SkyLight.framework/Resources/WindowServer(189)=11% /System/Library/CoreServices/SystemUIServer.app/Contents/MacOS/SystemUIServer(467)=7%]
LEG round=fast3 rep=1 m=24576 tool=fast argv='r -q -t20 -T20 --fast f.par2' wall=97.335 cpu=715.632 cpu_over_wall=7.35 peak_mb=31152.4 rc=0 restored=23/23 damaged_members=23 touched_members=23 blocks_written=24576 strays=23 seed=20432943 stage1=whole/demand, stripe 256w foreign_cpu=129.2 errlen=2179 ts=2026-09-11T08:41:03Z
WARN-FOREIGN-CPU at=r1-m24576-par2turbo foreign_cpu=107% ceiling=200% top=[/Library/Apple/System/Library/CoreServices/XProtect.app/Contents/MacOS/XProtectRemediatorSheepSwap(13116)=95% /System/Library/PrivateFrameworks/SkyLight.framework/Resources/WindowServer(189)=9% /sbin/launchd(1)=2% /System/Applications/Utilities/Activity Monitor.app/Contents/MacOS/Activity Monitor(42670)=1%]
LEG round=fast3 rep=1 m=24576 tool=par2turbo argv='r -q -t20 -T20 f.par2' wall=1685.086 cpu=29777.773 cpu_over_wall=17.67 peak_mb=17955.9 rc=0 restored=23/23 damaged_members=23 touched_members=23 blocks_written=24576 strays=23 seed=20432943 stage1=no-label foreign_cpu=107.1 errlen=0 ts=2026-09-11T09:10:33Z
LEG round=fast3 rep=1 m=32177 tool=parfast argv='r -q -t20 -T20 f.par2' wall=228.148 cpu=1908.092 cpu_over_wall=8.36 peak_mb=47143.1 rc=0 restored=23/23 damaged_members=23 touched_members=23 blocks_written=32177 strays=23 seed=20486150 stage1=no-label foreign_cpu=25.8 errlen=1608 ts=2026-09-11T09:15:58Z
LEG round=fast3 rep=1 m=32177 tool=fast argv='r -q -t20 -T20 --fast f.par2' wall=190.042 cpu=1218.488 cpu_over_wall=6.41 peak_mb=41434.7 rc=0 restored=23/23 damaged_members=23 touched_members=23 blocks_written=32177 strays=23 seed=20486150 stage1=whole/demand, stripe 256w foreign_cpu=6.3 errlen=2004 ts=2026-09-11T09:20:45Z
LEG round=fast3 rep=1 m=32177 tool=par2turbo argv='r -q -t20 -T20 f.par2' wall=2244.776 cpu=39803.76 cpu_over_wall=17.73 peak_mb=18424.6 rc=0 restored=23/23 damaged_members=23 touched_members=23 blocks_written=32177 strays=23 seed=20486150 stage1=no-label foreign_cpu=16.0 errlen=0 ts=2026-09-11T09:59:46Z
MFAST-REP-END rep=1 2026-09-11T10:00:17Z
WARN-FOREIGN-CPU at=verify-parfast-r2 foreign_cpu=161% ceiling=200% top=[/System/Applications/Mail.app/Contents/MacOS/Mail(42672)=148% /System/Library/PrivateFrameworks/SkyLight.framework/Resources/WindowServer(189)=10% /System/Applications/Utilities/Activity Monitor.app/Contents/MacOS/Activity Monitor(42670)=2% /System/Library/DriverExtensions/com.apple.DriverKit-AppleBCMWLAN.dext/com.apple.DriverKit-AppleBCMWLAN(357)=1%]
VERIFY round=fast3 rep=2 tool=parfast argv='v -q -t20 -T20 f.par2' wall=3.663 cpu=41.926 cpu_over_wall=11.45 peak_mb=98.5 rc=0 intact=23/23 errlen=0 ts=2026-09-11T10:00:28Z
WARN-FOREIGN-CPU at=verify-fast-r2 foreign_cpu=108% ceiling=200% top=[/System/Applications/Mail.app/Contents/MacOS/Mail(42672)=99% /System/Library/PrivateFrameworks/SkyLight.framework/Resources/WindowServer(189)=7% /usr/libexec/locationd(165)=2%]
VERIFY round=fast3 rep=2 tool=fast argv='v -q -t20 -T20 --fast f.par2' wall=3.66 cpu=41.874 cpu_over_wall=11.44 peak_mb=99.2 rc=0 intact=23/23 errlen=0 ts=2026-09-11T10:00:38Z
VERIFY round=fast3 rep=2 tool=par2turbo argv='v -q -t20 -T20 f.par2' wall=39.982 cpu=79.645 cpu_over_wall=1.99 peak_mb=30.0 rc=0 intact=23/23 errlen=0 ts=2026-09-11T10:01:24Z
LEG round=fast3 rep=2 m=1 tool=parfast argv='r -q -t20 -T20 f.par2' wall=6.893 cpu=96.533 cpu_over_wall=14.0 peak_mb=22245.0 rc=0 restored=23/23 damaged_members=1 touched_members=1 blocks_written=1 strays=1 seed=20260919 stage1=no-label foreign_cpu=8.5 errlen=919 ts=2026-09-11T10:01:38Z
WARN-FOREIGN-CPU at=r2-m1-fast foreign_cpu=116% ceiling=200% top=[/System/Library/Frameworks/CoreServices.framework/Versions/A/Frameworks/Metadata.framework/Versions/A/Support/corespotlightd(517)=100% /System/Library/PrivateFrameworks/SkyLight.framework/Resources/WindowServer(189)=7% /System/Applications/Utilities/Activity Monitor.app/Contents/MacOS/Activity Monitor(42670)=6% /usr/libexec/sysmond(390)=3%]
LEG round=fast3 rep=2 m=1 tool=fast argv='r -q -t20 -T20 --fast f.par2' wall=6.96 cpu=96.472 cpu_over_wall=13.86 peak_mb=22224.1 rc=0 restored=23/23 damaged_members=1 touched_members=1 blocks_written=1 strays=1 seed=20260919 stage1=no-label foreign_cpu=113.4 errlen=921 ts=2026-09-11T10:02:19Z
LEG round=fast3 rep=2 m=1 tool=par2turbo argv='r -q -t20 -T20 f.par2' wall=45.224 cpu=90.226 cpu_over_wall=2.0 peak_mb=56.8 rc=0 restored=23/23 damaged_members=1 touched_members=1 blocks_written=1 strays=1 seed=20260919 stage1=no-label foreign_cpu=22.7 errlen=0 ts=2026-09-11T10:03:38Z
LEG round=fast3 rep=2 m=4 tool=parfast argv='r -q -t20 -T20 f.par2' wall=7.785 cpu=99.334 cpu_over_wall=12.76 peak_mb=22244.5 rc=0 restored=23/23 damaged_members=4 touched_members=4 blocks_written=4 strays=4 seed=20260940 stage1=no-label foreign_cpu=25.3 errlen=919 ts=2026-09-11T10:04:19Z
WARN-FOREIGN-CPU at=r2-m4-fast foreign_cpu=121% ceiling=200% top=[/System/Library/PrivateFrameworks/ContactsDonation.framework/Versions/A/Support/contactsdonationagent(54027)=50% /System/Library/Frameworks/Contacts.framework/Support/contactsd(1146)=26% /System/Library/Frameworks/AddressBook.framework/Versions/A/Helpers/AddressBookSourceSync.app/Contents/MacOS/AddressBookSourceSync(15165)=12% /System/Applications/Utilities/Activity Monitor.app/Contents/MacOS/Activity Monitor(42670)=8%]
LEG round=fast3 rep=2 m=4 tool=fast argv='r -q -t20 -T20 --fast f.par2' wall=7.844 cpu=99.136 cpu_over_wall=12.64 peak_mb=22244.3 rc=0 restored=23/23 damaged_members=4 touched_members=4 blocks_written=4 strays=4 seed=20260940 stage1=no-label foreign_cpu=120.7 errlen=919 ts=2026-09-11T10:05:00Z
LEG round=fast3 rep=2 m=4 tool=par2turbo argv='r -q -t20 -T20 f.par2' wall=47.314 cpu=101.026 cpu_over_wall=2.14 peak_mb=61.6 rc=0 restored=23/23 damaged_members=4 touched_members=4 blocks_written=4 strays=4 seed=20260940 stage1=no-label foreign_cpu=9.1 errlen=0 ts=2026-09-11T10:06:21Z
BOX-BUSY-WAIT try=1 foreign_cpu=269% ceiling=200% at=r2-m16-parfast ts=2026-09-11T10:06:52Z
LEG round=fast3 rep=2 m=16 tool=parfast argv='r -q -t20 -T20 f.par2' wall=7.879 cpu=116.011 cpu_over_wall=14.72 peak_mb=21809.6 rc=0 restored=23/23 damaged_members=11 touched_members=11 blocks_written=16 strays=11 seed=20261024 stage1=no-label foreign_cpu=9.7 errlen=914 ts=2026-09-11T10:07:32Z
WARN-FOREIGN-CPU at=r2-m16-fast foreign_cpu=109% ceiling=200% top=[/System/Library/Frameworks/CoreServices.framework/Versions/A/Frameworks/Metadata.framework/Versions/A/Support/corespotlightd(517)=99% /System/Library/PrivateFrameworks/SkyLight.framework/Resources/WindowServer(189)=6% /System/Library/Frameworks/CoreServices.framework/Versions/A/Frameworks/Metadata.framework/Versions/A/Support/mds_stores(334)=2% /System/Library/Frameworks/CoreServices.framework/Versions/A/Frameworks/Metadata.framework/Versions/A/Support/mds(146)=2%]
LEG round=fast3 rep=2 m=16 tool=fast argv='r -q -t20 -T20 --fast f.par2' wall=7.844 cpu=115.775 cpu_over_wall=14.76 peak_mb=22244.9 rc=0 restored=23/23 damaged_members=11 touched_members=11 blocks_written=16 strays=11 seed=20261024 stage1=no-label foreign_cpu=109.3 errlen=914 ts=2026-09-11T10:08:14Z
LEG round=fast3 rep=2 m=16 tool=par2turbo argv='r -q -t20 -T20 f.par2' wall=48.893 cpu=134.804 cpu_over_wall=2.76 peak_mb=80.8 rc=0 restored=23/23 damaged_members=11 touched_members=11 blocks_written=16 strays=11 seed=20261024 stage1=no-label foreign_cpu=9.8 errlen=0 ts=2026-09-11T10:09:37Z
LEG round=fast3 rep=2 m=64 tool=parfast argv='r -q -t20 -T20 f.par2' wall=11.369 cpu=171.048 cpu_over_wall=15.05 peak_mb=22245.5 rc=0 restored=23/23 damaged_members=22 touched_members=22 blocks_written=64 strays=22 seed=20261360 stage1=no-label foreign_cpu=16.2 errlen=918 ts=2026-09-11T10:10:22Z
LEG round=fast3 rep=2 m=64 tool=fast argv='r -q -t20 -T20 --fast f.par2' wall=11.35 cpu=170.078 cpu_over_wall=14.98 peak_mb=22244.3 rc=0 restored=23/23 damaged_members=22 touched_members=22 blocks_written=64 strays=22 seed=20261360 stage1=no-label foreign_cpu=19.0 errlen=918 ts=2026-09-11T10:11:06Z
BOX-BUSY-WAIT try=1 foreign_cpu=367% ceiling=200% at=r2-m64-par2turbo ts=2026-09-11T10:11:38Z
LEG round=fast3 rep=2 m=64 tool=par2turbo argv='r -q -t20 -T20 f.par2' wall=57.019 cpu=231.825 cpu_over_wall=4.07 peak_mb=132.0 rc=0 restored=23/23 damaged_members=22 touched_members=22 blocks_written=64 strays=22 seed=20261360 stage1=no-label foreign_cpu=31.2 errlen=0 ts=2026-09-11T10:13:07Z
WARN-FOREIGN-CPU at=r2-m256-parfast foreign_cpu=115% ceiling=200% top=[/System/Library/Frameworks/CoreServices.framework/Versions/A/Frameworks/Metadata.framework/Versions/A/Support/corespotlightd(517)=100% /System/Library/PrivateFrameworks/SkyLight.framework/Resources/WindowServer(189)=6% /System/Library/Frameworks/CoreServices.framework/Versions/A/Frameworks/Metadata.framework/Versions/A/Support/mds_stores(334)=5% /System/Library/Frameworks/CoreServices.framework/Versions/A/Frameworks/Metadata.framework/Versions/A/Support/mds(146)=3%]
LEG round=fast3 rep=2 m=256 tool=parfast argv='r -q -t20 -T20 f.par2' wall=12.404 cpu=196.086 cpu_over_wall=15.81 peak_mb=25556.1 rc=0 restored=23/23 damaged_members=23 touched_members=23 blocks_written=256 strays=23 seed=20262704 stage1=no-label foreign_cpu=114.6 errlen=1012 ts=2026-09-11T10:13:54Z
LEG round=fast3 rep=2 m=256 tool=fast argv='r -q -t20 -T20 --fast f.par2' wall=12.409 cpu=196.196 cpu_over_wall=15.81 peak_mb=25551.5 rc=0 restored=23/23 damaged_members=23 touched_members=23 blocks_written=256 strays=23 seed=20262704 stage1=no-label foreign_cpu=27.8 errlen=1012 ts=2026-09-11T10:14:40Z
LEG round=fast3 rep=2 m=256 tool=par2turbo argv='r -q -t20 -T20 f.par2' wall=64.785 cpu=455.75 cpu_over_wall=7.03 peak_mb=287.4 rc=0 restored=23/23 damaged_members=23 touched_members=23 blocks_written=256 strays=23 seed=20262704 stage1=no-label foreign_cpu=9.5 errlen=0 ts=2026-09-11T10:16:19Z
LEG round=fast3 rep=2 m=1024 tool=parfast argv='r -q -t20 -T20 f.par2' wall=13.834 cpu=219.416 cpu_over_wall=15.86 peak_mb=26246.3 rc=0 restored=23/23 damaged_members=23 touched_members=23 blocks_written=1024 strays=23 seed=20268080 stage1=no-label foreign_cpu=11.9 errlen=1139 ts=2026-09-11T10:17:08Z
LEG round=fast3 rep=2 m=1024 tool=fast argv='r -q -t20 -T20 --fast f.par2' wall=14.811 cpu=238.369 cpu_over_wall=16.09 peak_mb=26231.6 rc=0 restored=23/23 damaged_members=23 touched_members=23 blocks_written=1024 strays=23 seed=20268080 stage1=whole/demand, stripe 512w foreign_cpu=6.7 errlen=1330 ts=2026-09-11T10:17:58Z
LEG round=fast3 rep=2 m=1024 tool=par2turbo argv='r -q -t20 -T20 f.par2' wall=110.887 cpu=1350.146 cpu_over_wall=12.18 peak_mb=899.5 rc=0 restored=23/23 damaged_members=23 touched_members=23 blocks_written=1024 strays=23 seed=20268080 stage1=no-label foreign_cpu=10.6 errlen=0 ts=2026-09-11T10:20:25Z
LEG round=fast3 rep=2 m=2048 tool=parfast argv='r -q -t20 -T20 f.par2' wall=15.459 cpu=245.06 cpu_over_wall=15.85 peak_mb=27104.9 rc=0 restored=23/23 damaged_members=23 touched_members=23 blocks_written=2048 strays=23 seed=20275248 stage1=no-label foreign_cpu=35.8 errlen=1136 ts=2026-09-11T10:21:17Z
LEG round=fast3 rep=2 m=2048 tool=fast argv='r -q -t20 -T20 --fast f.par2' wall=16.129 cpu=260.36 cpu_over_wall=16.14 peak_mb=27107.2 rc=0 restored=23/23 damaged_members=23 touched_members=23 blocks_written=2048 strays=23 seed=20275248 stage1=whole/demand, stripe 512w foreign_cpu=6.3 errlen=1333 ts=2026-09-11T10:22:10Z
BOX-BUSY-WAIT try=1 foreign_cpu=244% ceiling=200% at=r2-m2048-par2turbo ts=2026-09-11T10:22:46Z
LEG round=fast3 rep=2 m=2048 tool=par2turbo argv='r -q -t20 -T20 f.par2' wall=173.666 cpu=2522.476 cpu_over_wall=14.52 peak_mb=1709.2 rc=0 restored=23/23 damaged_members=23 touched_members=23 blocks_written=2048 strays=23 seed=20275248 stage1=no-label foreign_cpu=10.9 errlen=0 ts=2026-09-11T10:26:12Z
LEG round=fast3 rep=2 m=4096 tool=parfast argv='r -q -t20 -T20 f.par2' wall=19.145 cpu=304.831 cpu_over_wall=15.92 peak_mb=27481.1 rc=0 restored=23/23 damaged_members=23 touched_members=23 blocks_written=4096 strays=23 seed=20289584 stage1=no-label foreign_cpu=7.9 errlen=1132 ts=2026-09-11T10:27:12Z
LEG round=fast3 rep=2 m=4096 tool=fast argv='r -q -t20 -T20 --fast f.par2' wall=19.129 cpu=307.033 cpu_over_wall=16.05 peak_mb=27485.8 rc=0 restored=23/23 damaged_members=23 touched_members=23 blocks_written=4096 strays=23 seed=20289584 stage1=whole/demand, stripe 512w foreign_cpu=21.7 errlen=1334 ts=2026-09-11T10:28:12Z
LEG round=fast3 rep=2 m=4096 tool=par2turbo argv='r -q -t20 -T20 f.par2' wall=299.204 cpu=4936.887 cpu_over_wall=16.5 peak_mb=3333.3 rc=0 restored=23/23 damaged_members=23 touched_members=23 blocks_written=4096 strays=23 seed=20289584 stage1=no-label foreign_cpu=10.3 errlen=0 ts=2026-09-11T10:33:53Z
WARN-FOREIGN-CPU at=r2-m8192-parfast foreign_cpu=123% ceiling=200% top=[/System/Library/Frameworks/CoreServices.framework/Versions/A/Frameworks/Metadata.framework/Versions/A/Support/corespotlightd(517)=100% /sbin/launchd(1)=16% /System/Library/PrivateFrameworks/SkyLight.framework/Resources/WindowServer(189)=7%]
LEG round=fast3 rep=2 m=8192 tool=parfast argv='r -q -t20 -T20 f.par2' wall=26.205 cpu=409.654 cpu_over_wall=15.63 peak_mb=30779.8 rc=0 restored=23/23 damaged_members=23 touched_members=23 blocks_written=8192 strays=23 seed=20318256 stage1=no-label foreign_cpu=120.4 errlen=1132 ts=2026-09-11T10:35:07Z
LEG round=fast3 rep=2 m=8192 tool=fast argv='r -q -t20 -T20 --fast f.par2' wall=24.004 cpu=380.753 cpu_over_wall=15.86 peak_mb=30783.0 rc=0 restored=23/23 damaged_members=23 touched_members=23 blocks_written=8192 strays=23 seed=20318256 stage1=whole/demand, stripe 512w foreign_cpu=8.0 errlen=1326 ts=2026-09-11T10:36:21Z
LEG round=fast3 rep=2 m=8192 tool=par2turbo argv='r -q -t20 -T20 f.par2' wall=557.855 cpu=9776.817 cpu_over_wall=17.53 peak_mb=6588.4 rc=0 restored=23/23 damaged_members=23 touched_members=23 blocks_written=8192 strays=23 seed=20318256 stage1=no-label foreign_cpu=8.1 errlen=0 ts=2026-09-11T10:46:29Z
LEG round=fast3 rep=2 m=16384 tool=parfast argv='r -q -t20 -T20 f.par2' wall=43.065 cpu=690.905 cpu_over_wall=16.04 peak_mb=40534.7 rc=0 restored=23/23 damaged_members=23 touched_members=23 blocks_written=16384 strays=23 seed=20375600 stage1=no-label foreign_cpu=13.9 errlen=1144 ts=2026-09-11T10:48:16Z
LEG round=fast3 rep=2 m=16384 tool=fast argv='r -q -t20 -T20 --fast f.par2' wall=34.043 cpu=523.333 cpu_over_wall=15.37 peak_mb=37332.5 rc=0 restored=23/23 damaged_members=23 touched_members=23 blocks_written=16384 strays=23 seed=20375600 stage1=whole/demand, stripe 512w foreign_cpu=67.2 errlen=1338 ts=2026-09-11T10:49:56Z
WARN-FOREIGN-CPU at=r2-m16384-par2turbo foreign_cpu=127% ceiling=200% top=[/System/Library/Frameworks/CoreServices.framework/Versions/A/Frameworks/Metadata.framework/Versions/A/Support/corespotlightd(517)=100% /System/Library/CoreServices/loginwindow.app/Contents/MacOS/loginwindow(192)=14% /System/Library/PrivateFrameworks/SkyLight.framework/Resources/WindowServer(189)=10% /System/Applications/Utilities/Activity Monitor.app/Contents/MacOS/Activity Monitor(42670)=2%]
LEG round=fast3 rep=2 m=16384 tool=par2turbo argv='r -q -t20 -T20 f.par2' wall=1099.59 cpu=19751.679 cpu_over_wall=17.96 peak_mb=13091.9 rc=0 restored=23/23 damaged_members=23 touched_members=23 blocks_written=16384 strays=23 seed=20375600 stage1=no-label foreign_cpu=134.3 errlen=0 ts=2026-09-11T11:09:22Z
LEG round=fast3 rep=2 m=24576 tool=parfast argv='r -q -t20 -T20 f.par2' wall=110.623 cpu=1064.037 cpu_over_wall=9.62 peak_mb=35038.1 rc=0 restored=23/23 damaged_members=23 touched_members=23 blocks_written=24576 strays=23 seed=20432944 stage1=no-label foreign_cpu=5.9 errlen=1791 ts=2026-09-11T11:12:33Z
LEG round=fast3 rep=2 m=24576 tool=fast argv='r -q -t20 -T20 --fast f.par2' wall=94.769 cpu=723.675 cpu_over_wall=7.64 peak_mb=30669.5 rc=0 restored=23/23 damaged_members=23 touched_members=23 blocks_written=24576 strays=23 seed=20432944 stage1=whole/demand, stripe 256w foreign_cpu=63.8 errlen=2179 ts=2026-09-11T11:15:31Z
LEG round=fast3 rep=2 m=24576 tool=par2turbo argv='r -q -t20 -T20 f.par2' wall=1687.965 cpu=29711.711 cpu_over_wall=17.6 peak_mb=17959.5 rc=0 restored=23/23 damaged_members=23 touched_members=23 blocks_written=24576 strays=23 seed=20432944 stage1=no-label foreign_cpu=6.5 errlen=0 ts=2026-09-11T11:45:03Z
LEG round=fast3 rep=2 m=32177 tool=parfast argv='r -q -t20 -T20 f.par2' wall=254.962 cpu=1947.387 cpu_over_wall=7.64 peak_mb=37969.7 rc=0 restored=23/23 damaged_members=23 touched_members=23 blocks_written=32177 strays=23 seed=20486151 stage1=no-label foreign_cpu=7.6 errlen=1608 ts=2026-09-11T11:50:51Z
LEG round=fast3 rep=2 m=32177 tool=fast argv='r -q -t20 -T20 --fast f.par2' wall=229.264 cpu=1257.902 cpu_over_wall=5.49 peak_mb=36814.0 rc=0 restored=23/23 damaged_members=23 touched_members=23 blocks_written=32177 strays=23 seed=20486151 stage1=whole/demand, stripe 256w foreign_cpu=15.4 errlen=2004 ts=2026-09-11T11:56:16Z
LEG round=fast3 rep=2 m=32177 tool=par2turbo argv='r -q -t20 -T20 f.par2' wall=2239.129 cpu=39823.455 cpu_over_wall=17.79 peak_mb=18421.6 rc=0 restored=23/23 damaged_members=23 touched_members=23 blocks_written=32177 strays=23 seed=20486151 stage1=no-label foreign_cpu=21.8 errlen=0 ts=2026-09-11T12:35:11Z
MFAST-REP-END rep=2 2026-09-11T12:35:48Z
MFAST-END 2026-09-11T12:35:48Z
RIG-LOCK-RELEASED <rig>/.parfast-rig.lock
