RIG-LOCK-TAKEN <rig>/.parfast-rig.lock pid=58048
MRED-START 2026-09-11T16:13:25Z
BOX host=apple-m3-ultra cpu=Apple M3 Ultra cores=32 ram_gb=256.0 os=macOS 27.0 free_gb=264.3
BIN parfast sha256=5d0707ee7581f46ef06f84b27973fb85328ffc226c5a49fbcd93993609b1f571 bytes=2723536 version=parfast version 1.5.0-beta.1 built from 8b0b67ec4d15
BIN par2turbo sha256=f15cc37cd102f9fd64bbe6adb84d9f4009406bea86e8748dbfca2f85d37d3a31 bytes=624712 version=par2cmdline-turbo version 1.5.0 built from ?
PROTOCOL sizes_gib=[10, 23, 30, 50, 80] redundancy_pct=[25, 30] reps=3 threads=32 recovery=in-place slice_cap=32768 rep_order=interleaved gate=recovery-size-and-shape-never-rc
PAYLOAD-READY members=80 bytes=85899345920
SLICE-PROBE index=5 unique=80/80
HIRED size=10 red=25 bs=768000 blocks=13990 rep=1 arm=parfast wall=4.232 cpu=119.147 cpu_over_wall=28.15 peak_mb=13856.2 recovery_mb=2583 files=13 rc=0 foreign_cpu=5.8 errlen=0 ts=2026-09-11T16:13:30Z
HIRED size=10 red=25 bs=768000 blocks=13990 rep=1 arm=turbo wall=47.097 cpu=1320.629 cpu_over_wall=28.04 peak_mb=2593.2 recovery_mb=2583 files=13 rc=0 foreign_cpu=8.2 errlen=0 ts=2026-09-11T16:14:17Z
HIRED size=10 red=30 bs=768000 blocks=13990 rep=1 arm=parfast wall=4.432 cpu=123.297 cpu_over_wall=27.82 peak_mb=14525.1 recovery_mb=3097 files=14 rc=0 foreign_cpu=2.8 errlen=0 ts=2026-09-11T16:14:21Z
HIRED size=10 red=30 bs=768000 blocks=13990 rep=1 arm=turbo wall=56.35 cpu=1581.207 cpu_over_wall=28.06 peak_mb=3105.5 recovery_mb=3097 files=14 rc=0 foreign_cpu=1.2 errlen=0 ts=2026-09-11T16:15:18Z
HIRED-SIZE-DONE size=10 rep=1 2026-09-11T16:15:18Z
WARN-FOREIGN-CPU at=hi-23-25-r1-parfast foreign_cpu=184% ceiling=320% top=[/usr/sbin/spindump(1264)=100% /sbin/launchd(1)=79% /System/Library/Frameworks/CoreServices.framework/Versions/A/Frameworks/Metadata.framework/Versions/A/Support/mdworker_shared(58189)=3% /Applications/Tailscale.app/Contents/PlugIns/IPNExtension.appex/Contents/MacOS/IPNExtension(1654)=1%]
HIRED size=23 red=25 bs=768000 blocks=32177 rep=1 arm=parfast wall=7.158 cpu=192.958 cpu_over_wall=26.96 peak_mb=31068.0 recovery_mb=5948 files=14 rc=0 foreign_cpu=183.6 errlen=0 ts=2026-09-11T16:15:25Z
HIRED size=23 red=25 bs=768000 blocks=32177 rep=1 arm=turbo wall=231.929 cpu=7050.149 cpu_over_wall=30.4 peak_mb=5925.4 recovery_mb=5948 files=14 rc=0 foreign_cpu=25.5 errlen=0 ts=2026-09-11T16:19:17Z
HIRED size=23 red=30 bs=768000 blocks=32177 rep=1 arm=parfast wall=7.448 cpu=196.074 cpu_over_wall=26.33 peak_mb=32405.8 recovery_mb=7134 files=15 rc=0 foreign_cpu=18.6 errlen=0 ts=2026-09-11T16:19:25Z
HIRED size=23 red=30 bs=768000 blocks=32177 rep=1 arm=turbo wall=274.749 cpu=8372.367 cpu_over_wall=30.47 peak_mb=7104.4 recovery_mb=7134 files=15 rc=0 foreign_cpu=22.4 errlen=0 ts=2026-09-11T16:24:00Z
HIRED-SIZE-DONE size=23 rep=1 2026-09-11T16:24:00Z
HIRED size=30 red=25 bs=983284 blocks=32760 rep=1 arm=parfast wall=8.995 cpu=232.708 cpu_over_wall=25.87 peak_mb=40202.8 recovery_mb=7738 files=14 rc=0 foreign_cpu=13.7 errlen=0 ts=2026-09-11T16:24:09Z
HIRED size=30 red=25 bs=983284 blocks=32760 rep=1 arm=turbo wall=304.203 cpu=9275.353 cpu_over_wall=30.49 peak_mb=7721.2 recovery_mb=7738 files=14 rc=0 foreign_cpu=93.5 errlen=0 ts=2026-09-11T16:29:14Z
HIRED size=30 red=30 bs=983284 blocks=32760 rep=1 arm=parfast wall=14.835 cpu=255.732 cpu_over_wall=17.24 peak_mb=33783.3 recovery_mb=9282 files=15 rc=0 foreign_cpu=3.0 errlen=0 ts=2026-09-11T16:29:29Z
HIRED size=30 red=30 bs=983284 blocks=32760 rep=1 arm=turbo wall=372.538 cpu=11334.379 cpu_over_wall=30.42 peak_mb=9257.9 recovery_mb=9282 files=15 rc=0 foreign_cpu=0.0 errlen=0 ts=2026-09-11T16:35:42Z
HIRED-SIZE-DONE size=30 rep=1 2026-09-11T16:35:42Z
WARN-FOREIGN-CPU at=hi-50-25-r1-parfast foreign_cpu=158% ceiling=320% top=[/System/Library/Frameworks/CoreServices.framework/Versions/A/Frameworks/Metadata.framework/Versions/A/Support/mdworker_shared(59391)=18% /System/Library/Frameworks/CoreServices.framework/Versions/A/Frameworks/Metadata.framework/Versions/A/Support/mdworker_shared(59392)=18% /System/Library/Frameworks/CoreServices.framework/Versions/A/Frameworks/Metadata.framework/Versions/A/Support/mdworker_shared(59390)=18% /System/Library/Frameworks/CoreServices.framework/Versions/A/Frameworks/Metadata.framework/Versions/A/Support/mdworker_shared(59388)=17%]
HIRED size=50 red=25 bs=1639304 blocks=32750 rep=1 arm=parfast wall=18.899 cpu=444.122 cpu_over_wall=23.5 peak_mb=53942.4 recovery_mb=12859 files=14 rc=0 foreign_cpu=158.2 errlen=0 ts=2026-09-11T16:36:01Z
HIRED size=50 red=25 bs=1639304 blocks=32750 rep=1 arm=turbo wall=538.81 cpu=16448.276 cpu_over_wall=30.53 peak_mb=12863.4 recovery_mb=12859 files=14 rc=0 foreign_cpu=0.0 errlen=0 ts=2026-09-11T16:45:02Z
BOX-BUSY foreign_cpu=356% ceiling=320% cores=32 top=[/System/Library/PrivateFrameworks/MediaAnalysis.framework/Versions/A/mediaanalysisd(1260)=115% /usr/libexec/searchpartyuseragent(1220)=111% /System/Library/PrivateFrameworks/IDS.framework/identityservicesd.app/Contents/MacOS/identityservicesd(1033)=30% /System/Library/CoreServices/SystemUIServer.app/Contents/MacOS/SystemUIServer(1539)=30%]
ABORT-LOAD at=hi-50-30-r1-parfast ts=2026-09-11T16:45:02Z
RIG-LOCK-RELEASED <rig>/.parfast-rig.lock
