RIG-LOCK-TAKEN <rig>\.parfast-rig.lock round=jcross pid=17848 started=2026-09-11T17:22:23.4387940Z
JCROSS-START 2026-09-11T17:22:23.4585322Z tag=zen5
BOX host=amd-ryzen-9800x3d cpu=AMD Ryzen 7 9800X3D 8-Core Processor            caption=AMD64 Family 26 Model 68 Stepping 0 cores=8 threads=16 ram_gb=61.6 os=Microsoft Windows 11 Pro build=10.0.26200 Cfree_gb=698.3
BIN parfast-jx sha256=f454519a1de1371ef99e87b116104bee5738d15159d6438c30bdab5b7805726f bytes=2469376 version=parfast version 1.5.0-beta.1 built from fa5278f21128
PROTOCOL bin=<rig>\bin slice=262144 recovery_blocks=16384 source_blocks=16384 redundancy_pct=100.0 damage=scattered-seeded-slice-overwrite reps=3 arms=off/fast/aa gate=sha256-all-members prewarm=full-read-of-work-dir arm_order=alternating-by-rep threads=16 tflag=16 port_of=harness/jcross.py
ARGV off repair='r -q -t16 -T16 f.par2' env=NZBFAST_FORNEY_JOINT=0
ARGV fast repair='r -q -t16 -T16 --fast f.par2' env=-
ARGV aa repair='r -q -t16 -T16 f.par2' env=NZBFAST_FORNEY_JOINT=0
FIXTURE members=32 distinct_member_sha=32/32 bytes=4294967296 source_blocks=16384 member_bytes=134217728
SLICE-PROBE index=5 unique=32/32
GOLD p00.bin B64374F33F408C7B4E2FF78968D9BBBAEE4F0EFAB998008906270039D829C83A
GOLD p01.bin 74E3759A44530DF39FCB2AB2DA54F9331340ED2B2EA4E76E4A2B93ECBD31F9DF
GOLD p02.bin 6CCFB947DE34746363C6FEFC302B20D79262F3090D02132E024D81135EE8C2F6
GOLD p03.bin B40D5F159133DF8CDB9BA5604CF6C63C2E4658F27BF41B6B6616B9EA43A3E687
GOLD p04.bin A8515656445D3955820810BA2454056A384E5D04D9B72995A555D577210D97F6
GOLD p05.bin 72648D1FA44F1C22F751E4EC6087609EDA177ACD788AEAD97B6F0DE3133DCE31
GOLD p06.bin 2A2A1F58D670B49A091D374EF967B61C1AA18388FDCF709E7D22FFD5D59CF46F
GOLD p07.bin 8552784A3E0BAAE959A55B2B1C9DF1E8382F62475DB581B5D13BBB59B7D16947
GOLD p08.bin 3FAE98F6CB2D90F811B2EA62038D2F23C573F2C9E5B02B9A3C09709A046AE1D2
GOLD p09.bin 7BDD27184B5925E1E0C50923711F811A0AF8B06B62B955BA411D03020B98082D
GOLD p10.bin DC33872EFB6B2203E4C4A2C36CCBA6E76B5AE4E36302907F181DD5A0ADF9CFF6
GOLD p11.bin 629CC020D77E79F1E677799695D9FF554D15271110781599D0C557CD7D702DE6
GOLD p12.bin 69DB0A6EE502DD02EE5E2CCCB0A6CC89D7A89A8C2C5EF7A80C0A74F44D4C62AE
GOLD p13.bin D6BF5E7544FC1E3A88074A1A039C77F80C34F68218E84588FA1F1E823CD54B39
GOLD p14.bin FFA197814D65750362ED5EE000695E1914882D4977170EFF6CDFE3E31E936CAD
GOLD p15.bin 0CDAF1B76F1F157CA7CF58C600605068EF84AA2A59698F3E7F3E4B38933BD536
GOLD p16.bin 5B8AB4DB83A2EE3FFAF135A4F7B7F5AB14312963104AB0B06A4F45DEA1034D8B
GOLD p17.bin 1BB4F4AB0CF60EE642819567C2689C97D40742E22B93E4E13B2617E985D03661
GOLD p18.bin C1EBED9046D12AD25E0D5DF7CFA574B023068AC5CCC3CD2BFCEBF2ECAC98974B
GOLD p19.bin 6EAB0D63BDB132A8346E71A576D0E710A336F5388CB5771AF5215C3D383D0EE8
GOLD p20.bin 5E130397716FD4F8492F3D05551D2303A5981BC6FA57D12EEE2CCA8DE5AD7D16
GOLD p21.bin B7C8CA961D3DF8C9C6BE530A34ADA6FFD80F79F623D8073AD51C742CB834394B
GOLD p22.bin 9AE15263B07D30E41E6B226D46A7A7762E0649E5D7FD4A6420B42504C9D6118A
GOLD p23.bin 587FA11ACE878CD240F018061119D24DA83F951D04EB0521BEEEF4C1E2724988
GOLD p24.bin 90B814E2B25D3D0D83928C1A99AA5C349AC3EC92F3F149B8492290DE63AF98B2
GOLD p25.bin 67F9A6E08B62FB60D5E52A87C9329A280A9D9D8296953265BEBFFE83BD993E86
GOLD p26.bin 03C2FB73FC897E540FEA0EA42476B6779215EB2EF7F7F455312EB4B55B6BDA9E
GOLD p27.bin 73D9562AC0084910D30655FB7FCCDCF8CCE75AAB71A23F80ACB9138FBF5B7371
GOLD p28.bin C1DA81A485971DBB9FA61F19D3BBDEF03941451E9195D3D42352690608281909
GOLD p29.bin 443812701970C087D05FFB5862639B757CABF26620202AF77B3A0EEC816488E6
GOLD p30.bin 8FF4DC4791A0FA28573323B740DEE41E3DF8520B132CDFC7369B420EA42CFA73
GOLD p31.bin 0F2F3E33F1817E5D3AF488492A63D6C3F3071A80B3C0C184CDD411A51C468FEC
CREATE tool=parfast rc=0 wall=5.499 cpu=51.203 peak_mb=9243.5 par2files=16 par2bytes=4331919556 foreign_cpu=53.1 foreign_after=281.2 errlen=0
WARMUP-START 2026-09-11T17:22:59.5033215Z
LEG round=zen5 rep=0 m=64 arm=off argv='r -q -t16 -T16 f.par2' wall=1.99 cpu=18.531 cpu_over_wall=9.31 peak_mb=2071.1 rc=0 restored=32/32 damaged_members=28 blocks_written=64 strays=28 seed=20260911 stage1=no-label stage2=no-label stage1_raw='' stage2_raw='' foreign_cpu=85.9 foreign_after=87.5 errlen=1009 ts=2026-09-11T17:23:05.8787197Z
LEG round=zen5 rep=0 m=64 arm=fast argv='r -q -t16 -T16 --fast f.par2' wall=1.975 cpu=17.672 cpu_over_wall=8.95 peak_mb=2071.5 rc=0 restored=32/32 damaged_members=28 blocks_written=64 strays=28 seed=20260911 stage1=no-label stage2=no-label stage1_raw='' stage2_raw='' foreign_cpu=62.5 foreign_after=39.1 errlen=1148 ts=2026-09-11T17:23:13.9842410Z
LEG round=zen5 rep=0 m=64 arm=aa argv='r -q -t16 -T16 f.par2' wall=1.982 cpu=18.516 cpu_over_wall=9.34 peak_mb=2071.2 rc=0 restored=32/32 damaged_members=28 blocks_written=64 strays=28 seed=20260911 stage1=no-label stage2=no-label stage1_raw='' stage2_raw='' foreign_cpu=45.3 foreign_after=57.8 errlen=1009 ts=2026-09-11T17:23:22.0891601Z
WARMUP-END 2026-09-11T17:23:23.8509831Z
LEG round=zen5 rep=1 m=2048 arm=off argv='r -q -t16 -T16 f.par2' wall=5.121 cpu=49.016 cpu_over_wall=9.57 peak_mb=4414.3 rc=0 restored=32/32 damaged_members=32 blocks_written=2048 strays=32 seed=20275248 stage1=hankel stage2=evaluate stage1_raw='hankel, nseg=16, stripe 512w, dft=3x5x17' stage2_raw='evaluate, 128 group(s) in tiles of 31, stripe 512w' foreign_cpu=157.8 foreign_after=53.1 errlen=1158 ts=2026-09-11T17:23:35.9752173Z
LEG round=zen5 rep=1 m=2048 arm=fast argv='r -q -t16 -T16 --fast f.par2' wall=4.884 cpu=47.703 cpu_over_wall=9.77 peak_mb=4415.6 rc=0 restored=32/32 damaged_members=32 blocks_written=2048 strays=32 seed=20275248 stage1=joint-whole-demand stage2=joint-FALLBACK stage1_raw='joint whole/demand, stripe 512w' stage2_raw='joint scheduler, m=2048, gate 8192, FALLBACK arithmetic, stripe 512w' foreign_cpu=40.6 foreign_after=65.6 errlen=1392 ts=2026-09-11T17:23:50.1651796Z
LEG round=zen5 rep=1 m=2048 arm=aa argv='r -q -t16 -T16 f.par2' wall=5.085 cpu=50.594 cpu_over_wall=9.95 peak_mb=4415 rc=0 restored=32/32 damaged_members=32 blocks_written=2048 strays=32 seed=20275248 stage1=hankel stage2=evaluate stage1_raw='hankel, nseg=16, stripe 512w, dft=3x5x17' stage2_raw='evaluate, 128 group(s) in tiles of 31, stripe 512w' foreign_cpu=56.2 foreign_after=59.4 errlen=1158 ts=2026-09-11T17:24:04.2109603Z
LEG round=zen5 rep=1 m=4096 arm=off argv='r -q -t16 -T16 f.par2' wall=5.862 cpu=54.859 cpu_over_wall=9.36 peak_mb=4643.2 rc=0 restored=32/32 damaged_members=32 blocks_written=4096 strays=32 seed=20289584 stage1=hankel stage2=evaluate stage1_raw='hankel, nseg=32, stripe 512w, dft=3x5x17' stage2_raw='evaluate, 128 group(s) in tiles of 31, stripe 512w' foreign_cpu=68.8 foreign_after=46.9 errlen=1154 ts=2026-09-11T17:24:21.7955849Z
LEG round=zen5 rep=1 m=4096 arm=fast argv='r -q -t16 -T16 --fast f.par2' wall=5.478 cpu=56.219 cpu_over_wall=10.26 peak_mb=4645.3 rc=0 restored=32/32 damaged_members=32 blocks_written=4096 strays=32 seed=20289584 stage1=joint-whole-demand stage2=joint-FALLBACK stage1_raw='joint whole/demand, stripe 512w' stage2_raw='joint scheduler, m=4096, gate 8192, FALLBACK arithmetic, stripe 512w' foreign_cpu=50 foreign_after=59.4 errlen=1382 ts=2026-09-11T17:24:39.7354881Z
LEG round=zen5 rep=1 m=4096 arm=aa argv='r -q -t16 -T16 f.par2' wall=6.232 cpu=59.438 cpu_over_wall=9.54 peak_mb=4641.9 rc=0 restored=32/32 damaged_members=32 blocks_written=4096 strays=32 seed=20289584 stage1=hankel stage2=evaluate stage1_raw='hankel, nseg=32, stripe 512w, dft=3x5x17' stage2_raw='evaluate, 128 group(s) in tiles of 31, stripe 512w' foreign_cpu=48.4 foreign_after=35.9 errlen=1154 ts=2026-09-11T17:24:57.8401390Z
LEG round=zen5 rep=1 m=8192 arm=off argv='r -q -t16 -T16 f.par2' wall=8.803 cpu=83.297 cpu_over_wall=9.46 peak_mb=4857.8 rc=0 restored=32/32 damaged_members=32 blocks_written=8192 strays=32 seed=20318256 stage1=hankel stage2=evaluate stage1_raw='hankel, nseg=64, stripe 512w, dft=3x5x17' stage2_raw='evaluate, 128 group(s) in tiles of 31, stripe 512w' foreign_cpu=45.3 foreign_after=39.1 errlen=1133 ts=2026-09-11T17:25:24.1602285Z
LEG round=zen5 rep=1 m=8192 arm=fast argv='r -q -t16 -T16 --fast f.par2' wall=7.262 cpu=73.75 cpu_over_wall=10.16 peak_mb=4863.4 rc=0 restored=32/32 damaged_members=32 blocks_written=8192 strays=32 seed=20318256 stage1=joint-whole-demand stage2=joint-factor stage1_raw='joint whole/demand, stripe 512w' stage2_raw='joint factor, 8 tile(s), stripe 512w' foreign_cpu=37.5 foreign_after=62.5 errlen=1336 ts=2026-09-11T17:25:50.0275784Z
LEG round=zen5 rep=1 m=8192 arm=aa argv='r -q -t16 -T16 f.par2' wall=8.808 cpu=81 cpu_over_wall=9.2 peak_mb=4857.8 rc=0 restored=32/32 damaged_members=32 blocks_written=8192 strays=32 seed=20318256 stage1=hankel stage2=evaluate stage1_raw='hankel, nseg=64, stripe 512w, dft=3x5x17' stage2_raw='evaluate, 128 group(s) in tiles of 31, stripe 512w' foreign_cpu=60.9 foreign_after=57.8 errlen=1133 ts=2026-09-11T17:26:16.7305065Z
LEG round=zen5 rep=1 m=12288 arm=off argv='r -q -t16 -T16 f.par2' wall=13.752 cpu=130.828 cpu_over_wall=9.51 peak_mb=6618.5 rc=0 restored=32/32 damaged_members=32 blocks_written=12288 strays=32 seed=20346928 stage1=hankel stage2=evaluate stage1_raw='hankel, nseg=96, stripe 512w, dft=3x5x17' stage2_raw='evaluate, 128 group(s) in tiles of 31, stripe 512w' foreign_cpu=34.4 foreign_after=140.6 errlen=1144 ts=2026-09-11T17:26:53.9773509Z
LEG round=zen5 rep=1 m=12288 arm=fast argv='r -q -t16 -T16 --fast f.par2' wall=9.604 cpu=99.734 cpu_over_wall=10.38 peak_mb=6181.5 rc=0 restored=32/32 damaged_members=32 blocks_written=12288 strays=32 seed=20346928 stage1=joint-whole-demand stage2=joint-factor stage1_raw='joint whole/demand, stripe 256w' stage2_raw='joint factor, 8 tile(s), stripe 256w' foreign_cpu=29.7 foreign_after=46.9 errlen=1336 ts=2026-09-11T17:27:28.0296319Z
LEG round=zen5 rep=1 m=12288 arm=aa argv='r -q -t16 -T16 f.par2' wall=13.537 cpu=131.906 cpu_over_wall=9.74 peak_mb=6618.6 rc=0 restored=32/32 damaged_members=32 blocks_written=12288 strays=32 seed=20346928 stage1=hankel stage2=evaluate stage1_raw='hankel, nseg=96, stripe 512w, dft=3x5x17' stage2_raw='evaluate, 128 group(s) in tiles of 31, stripe 512w' foreign_cpu=42.2 foreign_after=64.1 errlen=1144 ts=2026-09-11T17:28:05.4302989Z
LEG round=zen5 rep=1 m=16384 arm=off argv='r -q -t16 -T16 f.par2' wall=21.49 cpu=205.766 cpu_over_wall=9.57 peak_mb=8815.4 rc=0 restored=32/32 damaged_members=32 blocks_written=16384 strays=32 seed=20375600 stage1=hankel stage2=evaluate stage1_raw='hankel, nseg=128, stripe 512w, dft=3x5x17' stage2_raw='evaluate, 128 group(s) in tiles of 31, stripe 512w' foreign_cpu=73.4 foreign_after=54.7 errlen=1055 ts=2026-09-11T17:28:56.5328299Z
LEG round=zen5 rep=1 m=16384 arm=fast argv='r -q -t16 -T16 --fast f.par2' wall=20.746 cpu=220.172 cpu_over_wall=10.61 peak_mb=8233.7 rc=0 restored=32/32 damaged_members=32 blocks_written=16384 strays=32 seed=20375600 stage1=joint-whole-demand stage2=joint-factor stage1_raw='joint whole/demand, stripe 512w' stage2_raw='joint factor, 8 tile(s), stripe 512w' foreign_cpu=35.9 foreign_after=60.9 errlen=1253 ts=2026-09-11T17:29:47.4597734Z
LEG round=zen5 rep=1 m=16384 arm=aa argv='r -q -t16 -T16 f.par2' wall=21.614 cpu=206.734 cpu_over_wall=9.56 peak_mb=8815.8 rc=0 restored=32/32 damaged_members=32 blocks_written=16384 strays=32 seed=20375600 stage1=hankel stage2=evaluate stage1_raw='hankel, nseg=128, stripe 512w, dft=3x5x17' stage2_raw='evaluate, 128 group(s) in tiles of 31, stripe 512w' foreign_cpu=65.6 foreign_after=98.4 errlen=1053 ts=2026-09-11T17:30:38.7906481Z
JCROSS-REP-END rep=1 2026-09-11T17:30:42.0750005Z
LEG round=zen5 rep=2 m=2048 arm=aa argv='r -q -t16 -T16 f.par2' wall=4.772 cpu=49.172 cpu_over_wall=10.3 peak_mb=4414.7 rc=0 restored=32/32 damaged_members=32 blocks_written=2048 strays=32 seed=20275249 stage1=hankel stage2=evaluate stage1_raw='hankel, nseg=16, stripe 512w, dft=3x5x17' stage2_raw='evaluate, 128 group(s) in tiles of 31, stripe 512w' foreign_cpu=73.4 foreign_after=45.3 errlen=1158 ts=2026-09-11T17:30:54.0259202Z
LEG round=zen5 rep=2 m=2048 arm=fast argv='r -q -t16 -T16 --fast f.par2' wall=4.537 cpu=48.656 cpu_over_wall=10.72 peak_mb=4415.9 rc=0 restored=32/32 damaged_members=32 blocks_written=2048 strays=32 seed=20275249 stage1=joint-whole-demand stage2=joint-FALLBACK stage1_raw='joint whole/demand, stripe 512w' stage2_raw='joint scheduler, m=2048, gate 8192, FALLBACK arithmetic, stripe 512w' foreign_cpu=35.9 foreign_after=56.2 errlen=1392 ts=2026-09-11T17:31:07.5307429Z
LEG round=zen5 rep=2 m=2048 arm=off argv='r -q -t16 -T16 f.par2' wall=4.777 cpu=49.062 cpu_over_wall=10.27 peak_mb=4415.7 rc=0 restored=32/32 damaged_members=32 blocks_written=2048 strays=32 seed=20275249 stage1=hankel stage2=evaluate stage1_raw='hankel, nseg=16, stripe 512w, dft=3x5x17' stage2_raw='evaluate, 128 group(s) in tiles of 31, stripe 512w' foreign_cpu=64.1 foreign_after=48.4 errlen=1158 ts=2026-09-11T17:31:21.2262960Z
LEG round=zen5 rep=2 m=4096 arm=aa argv='r -q -t16 -T16 f.par2' wall=5.821 cpu=56.703 cpu_over_wall=9.74 peak_mb=4641.2 rc=0 restored=32/32 damaged_members=32 blocks_written=4096 strays=32 seed=20289585 stage1=hankel stage2=evaluate stage1_raw='hankel, nseg=32, stripe 512w, dft=3x5x17' stage2_raw='evaluate, 128 group(s) in tiles of 31, stripe 512w' foreign_cpu=87.5 foreign_after=67.2 errlen=1154 ts=2026-09-11T17:31:38.8502837Z
LEG round=zen5 rep=2 m=4096 arm=fast argv='r -q -t16 -T16 --fast f.par2' wall=5.271 cpu=56.438 cpu_over_wall=10.71 peak_mb=4644.6 rc=0 restored=32/32 damaged_members=32 blocks_written=4096 strays=32 seed=20289585 stage1=joint-whole-demand stage2=joint-FALLBACK stage1_raw='joint whole/demand, stripe 512w' stage2_raw='joint scheduler, m=4096, gate 8192, FALLBACK arithmetic, stripe 512w' foreign_cpu=54.7 foreign_after=34.4 errlen=1382 ts=2026-09-11T17:31:56.0699645Z
LEG round=zen5 rep=2 m=4096 arm=off argv='r -q -t16 -T16 f.par2' wall=5.764 cpu=55.969 cpu_over_wall=9.71 peak_mb=4643.8 rc=0 restored=32/32 damaged_members=32 blocks_written=4096 strays=32 seed=20289585 stage1=hankel stage2=evaluate stage1_raw='hankel, nseg=32, stripe 512w, dft=3x5x17' stage2_raw='evaluate, 128 group(s) in tiles of 31, stripe 512w' foreign_cpu=70.3 foreign_after=68.8 errlen=1154 ts=2026-09-11T17:32:13.7818951Z
LEG round=zen5 rep=2 m=8192 arm=aa argv='r -q -t16 -T16 f.par2' wall=9.588 cpu=96.969 cpu_over_wall=10.11 peak_mb=4857.7 rc=0 restored=32/32 damaged_members=32 blocks_written=8192 strays=32 seed=20318257 stage1=hankel stage2=evaluate stage1_raw='hankel, nseg=64, stripe 512w, dft=3x5x17' stage2_raw='evaluate, 128 group(s) in tiles of 31, stripe 512w' foreign_cpu=62.5 foreign_after=62.5 errlen=1133 ts=2026-09-11T17:32:40.8960905Z
LEG round=zen5 rep=2 m=8192 arm=fast argv='r -q -t16 -T16 --fast f.par2' wall=6.942 cpu=71.344 cpu_over_wall=10.28 peak_mb=4864.5 rc=0 restored=32/32 damaged_members=32 blocks_written=8192 strays=32 seed=20318257 stage1=joint-whole-demand stage2=joint-factor stage1_raw='joint whole/demand, stripe 512w' stage2_raw='joint factor, 8 tile(s), stripe 512w' foreign_cpu=42.2 foreign_after=40.6 errlen=1336 ts=2026-09-11T17:33:05.7972237Z
LEG round=zen5 rep=2 m=8192 arm=off argv='r -q -t16 -T16 f.par2' wall=8.616 cpu=83.141 cpu_over_wall=9.65 peak_mb=4858.8 rc=0 restored=32/32 damaged_members=32 blocks_written=8192 strays=32 seed=20318257 stage1=hankel stage2=evaluate stage1_raw='hankel, nseg=64, stripe 512w, dft=3x5x17' stage2_raw='evaluate, 128 group(s) in tiles of 31, stripe 512w' foreign_cpu=43.8 foreign_after=43.8 errlen=1133 ts=2026-09-11T17:33:32.3580810Z
LEG round=zen5 rep=2 m=12288 arm=aa argv='r -q -t16 -T16 f.par2' wall=13.131 cpu=130.922 cpu_over_wall=9.97 peak_mb=6619.7 rc=0 restored=32/32 damaged_members=32 blocks_written=12288 strays=32 seed=20346929 stage1=hankel stage2=evaluate stage1_raw='hankel, nseg=96, stripe 512w, dft=3x5x17' stage2_raw='evaluate, 128 group(s) in tiles of 31, stripe 512w' foreign_cpu=37.5 foreign_after=81.2 errlen=1144 ts=2026-09-11T17:34:09.0862382Z
LEG round=zen5 rep=2 m=12288 arm=fast argv='r -q -t16 -T16 --fast f.par2' wall=9.716 cpu=102.719 cpu_over_wall=10.57 peak_mb=6180.2 rc=0 restored=32/32 damaged_members=32 blocks_written=12288 strays=32 seed=20346929 stage1=joint-whole-demand stage2=joint-factor stage1_raw='joint whole/demand, stripe 256w' stage2_raw='joint factor, 8 tile(s), stripe 256w' foreign_cpu=53.1 foreign_after=60.9 errlen=1336 ts=2026-09-11T17:34:42.7998323Z
LEG round=zen5 rep=2 m=12288 arm=off argv='r -q -t16 -T16 f.par2' wall=13.43 cpu=126.203 cpu_over_wall=9.4 peak_mb=6617.9 rc=0 restored=32/32 damaged_members=32 blocks_written=12288 strays=32 seed=20346929 stage1=hankel stage2=evaluate stage1_raw='hankel, nseg=96, stripe 512w, dft=3x5x17' stage2_raw='evaluate, 128 group(s) in tiles of 31, stripe 512w' foreign_cpu=48.4 foreign_after=117.2 errlen=1144 ts=2026-09-11T17:35:20.2313643Z
LEG round=zen5 rep=2 m=16384 arm=aa argv='r -q -t16 -T16 f.par2' wall=21.679 cpu=209.578 cpu_over_wall=9.67 peak_mb=8814.8 rc=0 restored=32/32 damaged_members=32 blocks_written=16384 strays=32 seed=20375601 stage1=hankel stage2=evaluate stage1_raw='hankel, nseg=128, stripe 512w, dft=3x5x17' stage2_raw='evaluate, 128 group(s) in tiles of 31, stripe 512w' foreign_cpu=100 foreign_after=62.5 errlen=1055 ts=2026-09-11T17:36:11.2588771Z
LEG round=zen5 rep=2 m=16384 arm=fast argv='r -q -t16 -T16 --fast f.par2' wall=20.618 cpu=220.516 cpu_over_wall=10.7 peak_mb=8233.7 rc=0 restored=32/32 damaged_members=32 blocks_written=16384 strays=32 seed=20375601 stage1=joint-whole-demand stage2=joint-factor stage1_raw='joint whole/demand, stripe 512w' stage2_raw='joint factor, 8 tile(s), stripe 512w' foreign_cpu=75 foreign_after=89.1 errlen=1253 ts=2026-09-11T17:37:01.9347801Z
LEG round=zen5 rep=2 m=16384 arm=off argv='r -q -t16 -T16 f.par2' wall=21.934 cpu=208.641 cpu_over_wall=9.51 peak_mb=8815 rc=0 restored=32/32 damaged_members=32 blocks_written=16384 strays=32 seed=20375601 stage1=hankel stage2=evaluate stage1_raw='hankel, nseg=128, stripe 512w, dft=3x5x17' stage2_raw='evaluate, 128 group(s) in tiles of 31, stripe 512w' foreign_cpu=42.2 foreign_after=70.3 errlen=1055 ts=2026-09-11T17:37:53.9977245Z
JCROSS-REP-END rep=2 2026-09-11T17:37:57.2749342Z
LEG round=zen5 rep=3 m=2048 arm=off argv='r -q -t16 -T16 f.par2' wall=4.756 cpu=48.922 cpu_over_wall=10.29 peak_mb=4414.3 rc=0 restored=32/32 damaged_members=32 blocks_written=2048 strays=32 seed=20275250 stage1=hankel stage2=evaluate stage1_raw='hankel, nseg=16, stripe 512w, dft=3x5x17' stage2_raw='evaluate, 128 group(s) in tiles of 31, stripe 512w' foreign_cpu=43.8 foreign_after=78.1 errlen=1158 ts=2026-09-11T17:38:09.2540421Z
LEG round=zen5 rep=3 m=2048 arm=fast argv='r -q -t16 -T16 --fast f.par2' wall=4.526 cpu=47.547 cpu_over_wall=10.51 peak_mb=4416.6 rc=0 restored=32/32 damaged_members=32 blocks_written=2048 strays=32 seed=20275250 stage1=joint-whole-demand stage2=joint-FALLBACK stage1_raw='joint whole/demand, stripe 512w' stage2_raw='joint scheduler, m=2048, gate 8192, FALLBACK arithmetic, stripe 512w' foreign_cpu=43.8 foreign_after=81.2 errlen=1394 ts=2026-09-11T17:38:22.7396248Z
LEG round=zen5 rep=3 m=2048 arm=aa argv='r -q -t16 -T16 f.par2' wall=4.773 cpu=49.812 cpu_over_wall=10.44 peak_mb=4413.5 rc=0 restored=32/32 damaged_members=32 blocks_written=2048 strays=32 seed=20275250 stage1=hankel stage2=evaluate stage1_raw='hankel, nseg=16, stripe 512w, dft=3x5x17' stage2_raw='evaluate, 128 group(s) in tiles of 31, stripe 512w' foreign_cpu=79.7 foreign_after=62.5 errlen=1158 ts=2026-09-11T17:38:36.4092190Z
LEG round=zen5 rep=3 m=4096 arm=off argv='r -q -t16 -T16 f.par2' wall=5.817 cpu=57.625 cpu_over_wall=9.91 peak_mb=4642.8 rc=0 restored=32/32 damaged_members=32 blocks_written=4096 strays=32 seed=20289586 stage1=hankel stage2=evaluate stage1_raw='hankel, nseg=32, stripe 512w, dft=3x5x17' stage2_raw='evaluate, 128 group(s) in tiles of 31, stripe 512w' foreign_cpu=89.1 foreign_after=42.2 errlen=1154 ts=2026-09-11T17:38:53.9586637Z
LEG round=zen5 rep=3 m=4096 arm=fast argv='r -q -t16 -T16 --fast f.par2' wall=5.188 cpu=54.922 cpu_over_wall=10.59 peak_mb=4645.5 rc=0 restored=32/32 damaged_members=32 blocks_written=4096 strays=32 seed=20289586 stage1=joint-whole-demand stage2=joint-FALLBACK stage1_raw='joint whole/demand, stripe 512w' stage2_raw='joint scheduler, m=4096, gate 8192, FALLBACK arithmetic, stripe 512w' foreign_cpu=68.8 foreign_after=32.8 errlen=1382 ts=2026-09-11T17:39:11.0134407Z
LEG round=zen5 rep=3 m=4096 arm=aa argv='r -q -t16 -T16 f.par2' wall=5.619 cpu=57.422 cpu_over_wall=10.22 peak_mb=4642.8 rc=0 restored=32/32 damaged_members=32 blocks_written=4096 strays=32 seed=20289586 stage1=hankel stage2=evaluate stage1_raw='hankel, nseg=32, stripe 512w, dft=3x5x17' stage2_raw='evaluate, 128 group(s) in tiles of 31, stripe 512w' foreign_cpu=39.1 foreign_after=59.4 errlen=1154 ts=2026-09-11T17:39:28.5145470Z
LEG round=zen5 rep=3 m=8192 arm=off argv='r -q -t16 -T16 f.par2' wall=9.214 cpu=92.703 cpu_over_wall=10.06 peak_mb=4858.6 rc=0 restored=32/32 damaged_members=32 blocks_written=8192 strays=32 seed=20318258 stage1=hankel stage2=evaluate stage1_raw='hankel, nseg=64, stripe 512w, dft=3x5x17' stage2_raw='evaluate, 128 group(s) in tiles of 31, stripe 512w' foreign_cpu=56.2 foreign_after=53.1 errlen=1133 ts=2026-09-11T17:39:55.2584091Z
LEG round=zen5 rep=3 m=8192 arm=fast argv='r -q -t16 -T16 --fast f.par2' wall=6.942 cpu=73.016 cpu_over_wall=10.52 peak_mb=4864.4 rc=0 restored=32/32 damaged_members=32 blocks_written=8192 strays=32 seed=20318258 stage1=joint-whole-demand stage2=joint-factor stage1_raw='joint whole/demand, stripe 512w' stage2_raw='joint factor, 8 tile(s), stripe 512w' foreign_cpu=32.8 foreign_after=51.6 errlen=1336 ts=2026-09-11T17:40:20.0354758Z
LEG round=zen5 rep=3 m=8192 arm=aa argv='r -q -t16 -T16 f.par2' wall=9.07 cpu=89.859 cpu_over_wall=9.91 peak_mb=4858.6 rc=0 restored=32/32 damaged_members=32 blocks_written=8192 strays=32 seed=20318258 stage1=hankel stage2=evaluate stage1_raw='hankel, nseg=64, stripe 512w, dft=3x5x17' stage2_raw='evaluate, 128 group(s) in tiles of 31, stripe 512w' foreign_cpu=46.9 foreign_after=98.4 errlen=1133 ts=2026-09-11T17:40:46.9706744Z
LEG round=zen5 rep=3 m=12288 arm=off argv='r -q -t16 -T16 f.par2' wall=13.162 cpu=134.094 cpu_over_wall=10.19 peak_mb=6618.9 rc=0 restored=32/32 damaged_members=32 blocks_written=12288 strays=32 seed=20346930 stage1=hankel stage2=evaluate stage1_raw='hankel, nseg=96, stripe 512w, dft=3x5x17' stage2_raw='evaluate, 128 group(s) in tiles of 31, stripe 512w' foreign_cpu=42.2 foreign_after=39.1 errlen=1144 ts=2026-09-11T17:41:23.6851944Z
LEG round=zen5 rep=3 m=12288 arm=fast argv='r -q -t16 -T16 --fast f.par2' wall=9.481 cpu=100.859 cpu_over_wall=10.64 peak_mb=6182.1 rc=0 restored=32/32 damaged_members=32 blocks_written=12288 strays=32 seed=20346930 stage1=joint-whole-demand stage2=joint-factor stage1_raw='joint whole/demand, stripe 256w' stage2_raw='joint factor, 8 tile(s), stripe 256w' foreign_cpu=79.7 foreign_after=64.1 errlen=1336 ts=2026-09-11T17:41:57.2025719Z
LEG round=zen5 rep=3 m=12288 arm=aa argv='r -q -t16 -T16 f.par2' wall=12.918 cpu=129.406 cpu_over_wall=10.02 peak_mb=6619.3 rc=0 restored=32/32 damaged_members=32 blocks_written=12288 strays=32 seed=20346930 stage1=hankel stage2=evaluate stage1_raw='hankel, nseg=96, stripe 512w, dft=3x5x17' stage2_raw='evaluate, 128 group(s) in tiles of 31, stripe 512w' foreign_cpu=43.8 foreign_after=78.1 errlen=1144 ts=2026-09-11T17:42:34.0738882Z
LEG round=zen5 rep=3 m=16384 arm=off argv='r -q -t16 -T16 f.par2' wall=21.507 cpu=208.734 cpu_over_wall=9.71 peak_mb=8815.4 rc=0 restored=32/32 damaged_members=32 blocks_written=16384 strays=32 seed=20375602 stage1=hankel stage2=evaluate stage1_raw='hankel, nseg=128, stripe 512w, dft=3x5x17' stage2_raw='evaluate, 128 group(s) in tiles of 31, stripe 512w' foreign_cpu=43.8 foreign_after=90.6 errlen=1055 ts=2026-09-11T17:43:25.1023983Z
LEG round=zen5 rep=3 m=16384 arm=fast argv='r -q -t16 -T16 --fast f.par2' wall=20.754 cpu=225.953 cpu_over_wall=10.89 peak_mb=8233.9 rc=0 restored=32/32 damaged_members=32 blocks_written=16384 strays=32 seed=20375602 stage1=joint-whole-demand stage2=joint-factor stage1_raw='joint whole/demand, stripe 512w' stage2_raw='joint factor, 8 tile(s), stripe 512w' foreign_cpu=46.9 foreign_after=68.8 errlen=1253 ts=2026-09-11T17:44:15.7716975Z
LEG round=zen5 rep=3 m=16384 arm=aa argv='r -q -t16 -T16 f.par2' wall=21.431 cpu=210.797 cpu_over_wall=9.84 peak_mb=8814.9 rc=0 restored=32/32 damaged_members=32 blocks_written=16384 strays=32 seed=20375602 stage1=hankel stage2=evaluate stage1_raw='hankel, nseg=128, stripe 512w, dft=3x5x17' stage2_raw='evaluate, 128 group(s) in tiles of 31, stripe 512w' foreign_cpu=48.4 foreign_after=76.6 errlen=1055 ts=2026-09-11T17:45:08.6090168Z
JCROSS-REP-END rep=3 2026-09-11T17:45:11.8989610Z
JCROSS-END 2026-09-11T17:45:11.8999679Z
RIG-LOCK-RELEASED <rig>\.parfast-rig.lock

